There are modules in AutoencoderKLQwenImage21 that should be kept in float32: []. Casting directly with `to()` can lead to inconsistent results; set `torch_dtype` in `from_pretrained()` instead to keep these modules in float32.
{
 "torch_threads": 4,
 "seconds": {
  "encode": 5.914,
  "decode_tiled": 25.451,
  "total": 33.69
 },
 "banded_conv": {
  "banded_calls": 153,
  "plain_calls": 159
 },
 "encoder_equivalence": {
  "max_abs": 0.0,
  "rel_l2": 0.0,
  "bit_identical": true
 },
 "nonfinite": 0,
 "peak_footprint_gb": 8.829
}
