G2_CHAIN_START Wed  7 Oct 2026 12:11:05 PST git=f16e092c1e7bc68856d784704f5339c49cf29f2b
wall_s=81 rc=0 aborted=0 swap_end=1903.69M
EDIT_RUN_END G2-512-R01 rc=0 aborted=0
wall_s=84 rc=0 aborted=0 swap_end=1895.69M
EDIT_RUN_END G2-512-R02 rc=0 aborted=0
wall_s=95 rc=0 aborted=0 swap_end=1887.69M
EDIT_RUN_END G2-512-R03 rc=0 aborted=0
wall_s=100 rc=0 aborted=0 swap_end=1887.69M
EDIT_RUN_END G2-512-R04 rc=0 aborted=0
wall_s=109 rc=0 aborted=0 swap_end=1871.69M
EDIT_RUN_END G2-512-R05 rc=0 aborted=0
wall_s=104 rc=0 aborted=0 swap_end=1871.69M
EDIT_RUN_END G2-512-R06 rc=0 aborted=0
wall_s=105 rc=0 aborted=0 swap_end=1863.69M
EDIT_RUN_END G2-512-R07 rc=0 aborted=0
wall_s=106 rc=0 aborted=0 swap_end=1847.69M
EDIT_RUN_END G2-512-R08 rc=0 aborted=0
wall_s=117 rc=0 aborted=0 swap_end=1503.69M
EDIT_RUN_END G2-512-R09 rc=0 aborted=0
wall_s=109 rc=0 aborted=0 swap_end=1431.69M
EDIT_RUN_END G2-512-R10 rc=0 aborted=0
wall_s=107 rc=0 aborted=0 swap_end=1399.69M
EDIT_RUN_END G2-512-R11 rc=0 aborted=0
wall_s=107 rc=0 aborted=0 swap_end=1399.69M
EDIT_RUN_END G2-512-R12 rc=0 aborted=0
wall_s=113 rc=0 aborted=0 swap_end=1441.38M
EDIT_RUN_END G2-512-R13 rc=0 aborted=0
wall_s=110 rc=0 aborted=0 swap_end=1433.38M
EDIT_RUN_END G2-512-R14 rc=0 aborted=0
wall_s=103 rc=0 aborted=0 swap_end=1433.38M
EDIT_RUN_END G2-512-R15 rc=0 aborted=0
wall_s=112 rc=0 aborted=0 swap_end=1433.38M
EDIT_RUN_END G2-512-R16 rc=0 aborted=0
wall_s=104 rc=0 aborted=0 swap_end=1433.38M
EDIT_RUN_END G2-512-R08-s2 rc=0 aborted=0
wall_s=112 rc=0 aborted=0 swap_end=1433.38M
EDIT_RUN_END G2-512-R09-s2 rc=0 aborted=0
wall_s=102 rc=0 aborted=0 swap_end=1433.38M
EDIT_RUN_END G2-512-R11-s2 rc=0 aborted=0
wall_s=104 rc=0 aborted=0 swap_end=1433.38M
EDIT_RUN_END G2-512-R12-s2 rc=0 aborted=0
wall_s=104 rc=0 aborted=0 swap_end=1433.38M
EDIT_RUN_END G2-512-R08-rep rc=0 aborted=0
wall_s=110 rc=0 aborted=0 swap_end=1433.38M
EDIT_RUN_END G2-512-R09-rep rc=0 aborted=0
wall_s=104 rc=0 aborted=0 swap_end=1433.38M
EDIT_RUN_END G2-512-R12-rep rc=0 aborted=0
COOLDOWN 12:58:50
wall_s=524 rc=0 aborted=0 swap_end=2401.44M
EDIT_RUN_END G2-1024-R01 rc=0 aborted=0
wall_s=591 rc=0 aborted=0 swap_end=2043.62M
EDIT_RUN_END G2-1024-R02 rc=0 aborted=0
wall_s=584 rc=0 aborted=0 swap_end=1785.50M
EDIT_RUN_END G2-1024-R03 rc=0 aborted=0
wall_s=576 rc=0 aborted=0 swap_end=2133.94M
EDIT_RUN_END G2-1024-R04 rc=0 aborted=0
wall_s=558 rc=0 aborted=0 swap_end=2159.62M
EDIT_RUN_END G2-1024-R05 rc=0 aborted=0
wall_s=603 rc=0 aborted=0 swap_end=2209.94M
EDIT_RUN_END G2-1024-R06 rc=0 aborted=0
wall_s=581 rc=0 aborted=0 swap_end=1665.94M
EDIT_RUN_END G2-1024-R07 rc=0 aborted=0
wall_s=593 rc=0 aborted=0 swap_end=1614.50M
EDIT_RUN_END G2-1024-R08 rc=0 aborted=0
wall_s=581 rc=0 aborted=0 swap_end=1897.50M
EDIT_RUN_END G2-1024-R09 rc=0 aborted=0
wall_s=593 rc=0 aborted=0 swap_end=2132.12M
EDIT_RUN_END G2-1024-R10 rc=0 aborted=0
wall_s=600 rc=0 aborted=0 swap_end=1450.38M
EDIT_RUN_END G2-1024-R11 rc=0 aborted=0
wall_s=635 rc=0 aborted=0 swap_end=1706.12M
EDIT_RUN_END G2-1024-R12 rc=0 aborted=0
wall_s=592 rc=0 aborted=0 swap_end=1663.69M
EDIT_RUN_END G2-1024-R13 rc=0 aborted=0
wall_s=592 rc=0 aborted=0 swap_end=1884.06M
EDIT_RUN_END G2-1024-R14 rc=0 aborted=0
wall_s=607 rc=0 aborted=0 swap_end=2134.69M
EDIT_RUN_END G2-1024-R15 rc=0 aborted=0
wall_s=596 rc=0 aborted=0 swap_end=1782.88M
EDIT_RUN_END G2-1024-R16 rc=0 aborted=0
wall_s=609 rc=0 aborted=0 swap_end=2226.75M
EDIT_RUN_END G2-1024-R08-s2 rc=0 aborted=0
wall_s=595 rc=0 aborted=0 swap_end=1928.75M
EDIT_RUN_END G2-1024-R09-s2 rc=0 aborted=0
wall_s=605 rc=0 aborted=0 swap_end=2137.25M
EDIT_RUN_END G2-1024-R11-s2 rc=0 aborted=0
wall_s=605 rc=0 aborted=0 swap_end=2239.94M
EDIT_RUN_END G2-1024-R12-s2 rc=0 aborted=0
wall_s=592 rc=0 aborted=0 swap_end=2373.56M
EDIT_RUN_END G2-1024-R09-rep rc=0 aborted=0
wall_s=603 rc=0 aborted=0 swap_end=2516.19M
EDIT_RUN_END G2-1024-R12-rep rc=0 aborted=0
G2_CHAIN_DONE Wed  7 Oct 2026 16:45:07 PST
