ts,epoch,pressure_level,free_pct,swap_used_mb,compressed_gb,wired_gb,proc_rss_gb,proc_mem_gb,cpu_speed_limit
13:27:55,1790227675,1,83,1431.44,0.80,1.89,0.01,0.11,
13:27:56,1790227676,1,54,1431.44,0.80,6.70,1.12,1.12,
13:27:57,1790227677,1,55,1431.44,0.80,6.45,2.05,2.07,
13:27:59,1790227679,1,55,1431.44,0.80,6.41,2.93,2.97,
13:28:00,1790227680,1,54,1431.44,0.80,6.59,3.84,3.86,
13:28:01,1790227681,1,55,1431.44,0.83,6.45,4.65,4.70,
13:28:02,1790227682,1,36,1431.44,1.04,9.45,4.87,4.99,
13:28:03,1790227683,1,34,1431.44,1.11,9.57,4.92,5.12,
13:28:04,1790227684,1,34,1431.44,1.14,9.70,5.10,5.30,
13:28:05,1790227685,1,33,1431.44,1.17,9.82,5.20,5.42,
13:28:07,1790227687,1,32,1431.44,1.21,9.94,5.31,5.53,
13:28:08,1790227688,1,31,1431.44,1.27,10.07,5.42,5.65,
13:28:09,1790227689,1,30,1431.44,1.28,10.19,5.54,5.76,
13:28:10,1790227690,1,29,1431.44,1.32,10.31,5.65,5.88,
13:28:11,1790227691,1,27,1431.44,1.29,10.55,5.77,6.00,
13:28:12,1790227692,1,27,1431.44,1.29,10.68,5.88,6.20,
13:28:13,1790227693,1,26,1431.44,1.32,10.80,6.06,6.34,
13:28:15,1790227695,1,25,1431.44,1.31,10.93,6.23,6.45,
13:28:16,1790227696,1,24,1431.44,1.32,11.05,6.34,6.57,
13:28:17,1790227697,1,23,1431.44,1.36,11.18,6.46,6.69,
13:28:18,1790227698,1,22,1431.44,1.39,11.30,6.57,6.80,
13:28:19,1790227699,1,21,1431.44,1.43,11.42,6.69,6.92,
13:28:20,1790227700,1,20,1431.44,1.47,11.55,6.80,7.03,
13:28:21,1790227701,1,19,1431.44,1.49,11.67,6.92,7.15,
13:28:23,1790227703,1,19,1431.44,1.49,11.79,7.03,7.26,
13:28:24,1790227704,1,18,1431.44,1.49,11.92,7.15,7.38,
13:28:25,1790227705,1,17,1431.44,1.49,12.04,7.26,7.49,
13:28:26,1790227706,1,16,1431.44,1.51,12.16,7.38,7.61,
13:28:27,1790227707,1,15,1431.44,1.54,12.29,7.49,7.72,
13:28:28,1790227708,1,14,1431.44,1.57,12.41,7.61,7.84,
13:28:30,1790227710,1,14,1431.44,1.60,12.54,7.72,7.95,
13:28:31,1790227711,1,13,1431.44,1.61,12.66,7.83,8.07,
13:28:32,1790227712,1,12,1431.44,1.62,12.78,7.94,8.18,
13:28:33,1790227713,1,11,1431.44,1.62,12.91,8.06,8.30,
13:28:34,1790227714,1,10,1431.44,1.63,13.03,8.17,8.41,
13:28:35,1790227715,2,10,1431.44,1.61,13.15,8.26,8.53,
13:28:37,1790227717,2,8,1076.69,1.68,13.27,8.37,8.64,
13:28:38,1790227718,2,9,1076.69,1.64,13.25,8.37,8.63,
13:28:39,1790227719,2,9,1076.69,1.61,13.25,8.36,8.63,
13:28:40,1790227720,2,9,1076.69,1.61,13.25,8.36,8.63,
13:28:41,1790227721,2,9,1076.69,1.60,13.25,8.35,8.63,
13:28:42,1790227722,2,9,1076.69,1.60,13.24,8.35,8.63,
13:28:43,1790227723,2,9,1076.69,1.60,13.24,8.35,8.63,
13:28:45,1790227725,2,9,1076.69,1.56,13.24,8.35,8.63,
13:28:46,1790227726,2,9,1076.69,1.55,13.24,8.35,8.63,
13:28:47,1790227727,2,10,1076.69,1.55,13.24,8.35,8.63,
13:28:48,1790227728,2,9,1076.69,1.54,13.24,8.35,8.63,
13:28:49,1790227729,2,10,1076.69,1.52,13.24,8.35,8.63,
13:28:50,1790227730,2,10,1076.69,1.52,13.24,8.35,8.63,
13:28:52,1790227732,2,10,1028.62,1.53,13.24,8.35,8.63,
13:28:53,1790227733,2,10,1028.62,1.52,13.24,8.35,8.63,
13:28:54,1790227734,2,10,1028.62,1.52,13.24,8.35,8.63,
13:28:55,1790227735,2,10,1028.62,1.51,13.24,8.35,8.63,
13:28:56,1790227736,2,10,1028.62,1.49,13.24,8.35,8.63,
13:28:57,1790227737,2,10,1028.62,1.49,13.24,8.35,8.63,
13:28:58,1790227738,2,10,1028.62,1.49,13.24,8.35,8.63,
13:29:00,1790227740,2,10,1028.62,1.48,13.24,8.35,8.63,
13:29:01,1790227741,2,10,1028.62,1.47,13.24,8.35,8.63,
13:29:02,1790227742,2,10,1028.62,1.47,13.24,8.35,8.63,
13:29:03,1790227743,2,10,1028.62,1.46,13.24,8.35,8.63,
13:29:04,1790227744,2,10,1028.62,1.45,13.24,8.35,8.63,
13:29:05,1790227745,2,10,1028.62,1.45,13.24,8.35,8.63,
13:29:06,1790227746,2,10,1028.62,1.46,13.24,8.34,8.63,
13:29:08,1790227748,2,10,1028.62,1.46,13.24,8.34,8.63,
13:29:09,1790227749,2,10,1028.62,1.46,13.24,8.37,8.64,
13:29:10,1790227750,2,10,1028.62,1.45,13.24,8.37,8.64,
13:29:11,1790227751,2,10,1028.62,1.45,13.24,8.37,8.64,
13:29:12,1790227752,2,10,1028.62,1.45,13.24,8.37,8.64,
13:29:13,1790227753,2,10,1028.62,1.45,13.24,8.37,8.64,
13:29:15,1790227755,2,10,1028.62,1.44,13.24,8.37,8.64,
13:29:16,1790227756,2,10,1028.62,1.43,13.23,8.37,8.64,
13:29:17,1790227757,2,10,1028.62,1.43,13.23,8.37,8.64,
13:29:18,1790227758,2,10,1028.62,1.43,13.23,8.37,8.64,
13:29:19,1790227759,2,10,1028.62,1.43,13.23,8.37,8.64,
13:29:20,1790227760,2,10,1028.62,1.42,13.23,8.37,8.64,
13:29:21,1790227761,2,10,1028.62,1.42,13.23,8.37,8.64,
13:29:23,1790227763,2,10,1028.62,1.42,13.23,8.37,8.64,
13:29:24,1790227764,2,11,1012.62,1.41,13.23,8.37,8.64,
13:29:25,1790227765,2,11,1012.62,1.40,13.23,8.37,8.64,
13:29:26,1790227766,2,11,1012.62,1.40,13.23,8.37,8.64,
13:29:27,1790227767,2,11,1012.62,1.39,13.23,8.37,8.64,
13:29:28,1790227768,2,11,1012.62,1.39,13.23,8.37,8.64,
13:29:29,1790227769,2,11,1012.62,1.39,13.23,8.37,8.64,
13:29:31,1790227771,2,11,1012.62,1.39,13.23,8.37,8.64,
13:29:32,1790227772,2,11,1012.62,1.39,13.23,8.37,8.64,
13:29:33,1790227773,2,11,1012.62,1.39,13.23,8.37,8.64,
13:29:34,1790227774,2,11,1012.62,1.39,13.23,8.37,8.64,
13:29:35,1790227775,2,11,1012.62,1.38,13.23,8.37,8.64,
13:29:36,1790227776,2,11,1012.62,1.38,13.23,8.37,8.64,
13:29:37,1790227777,2,11,1012.62,1.38,13.23,8.37,8.64,
13:29:39,1790227779,2,11,1012.62,1.38,13.23,8.37,8.64,
13:29:40,1790227780,2,11,1012.62,1.38,13.23,8.37,8.64,
13:29:41,1790227781,2,11,1012.62,1.37,13.23,8.37,8.64,
13:29:42,1790227782,2,11,1012.62,1.37,13.23,8.37,8.64,
13:29:43,1790227783,2,10,1012.62,1.43,13.23,8.32,8.64,
13:29:44,1790227784,2,10,1012.62,1.43,13.23,8.32,8.64,
13:29:45,1790227785,2,10,1012.62,1.43,13.23,8.32,8.64,
13:29:47,1790227787,2,10,1012.62,1.43,13.23,8.32,8.64,
13:29:48,1790227788,2,10,1012.62,1.43,13.23,8.32,8.64,
13:29:49,1790227789,2,10,1012.62,1.43,13.23,8.32,8.64,
13:29:50,1790227790,2,10,1012.62,1.43,13.23,8.32,8.64,
13:29:51,1790227791,2,10,1012.62,1.42,13.23,8.32,8.64,
13:29:52,1790227792,2,10,1012.62,1.41,13.22,8.32,8.64,
13:29:53,1790227793,2,11,1012.62,1.40,13.22,8.32,8.64,
13:29:55,1790227795,2,11,1012.62,1.39,13.22,8.32,8.64,
13:29:56,1790227796,2,10,1012.62,1.47,13.23,8.25,8.64,
13:29:57,1790227797,2,10,1012.62,1.47,13.23,8.25,8.64,
13:29:58,1790227798,2,10,1012.62,1.46,13.22,8.25,8.64,
13:29:59,1790227799,2,10,1004.62,1.48,13.22,8.25,8.64,
13:30:00,1790227800,2,10,1004.62,1.48,13.22,8.25,8.64,
13:30:02,1790227802,2,10,1004.62,1.46,13.22,8.25,8.64,
13:30:03,1790227803,2,10,1004.62,1.46,13.22,8.25,8.64,
13:30:04,1790227804,2,10,1004.62,1.46,13.22,8.25,8.64,
13:30:05,1790227805,2,10,1004.62,1.46,13.22,8.25,8.64,
13:30:06,1790227806,2,10,1004.62,1.46,13.22,8.25,8.64,
13:30:07,1790227807,2,10,1004.62,1.46,13.22,8.25,8.64,
13:30:08,1790227808,2,10,1004.62,1.45,13.22,8.25,8.64,
13:30:10,1790227810,2,10,1004.62,1.45,13.22,8.25,8.64,
13:30:11,1790227811,2,10,1004.62,1.45,13.22,8.25,8.64,
13:30:12,1790227812,2,10,1004.62,1.44,13.22,8.26,8.64,
13:30:13,1790227813,2,10,1004.62,1.44,13.22,8.26,8.64,
13:30:14,1790227814,2,10,1004.62,1.44,13.22,8.26,8.64,
13:30:15,1790227815,2,10,1004.62,1.47,13.26,8.26,8.64,
13:30:16,1790227816,2,10,1004.62,1.48,13.24,8.26,8.64,
13:30:18,1790227818,2,10,1004.62,1.48,13.24,8.26,8.64,
13:30:19,1790227819,2,10,1004.62,1.48,13.24,8.26,8.64,
13:30:20,1790227820,2,10,1004.62,1.47,13.24,8.26,8.64,
13:30:21,1790227821,2,10,1004.62,1.47,13.22,8.26,8.64,
13:30:22,1790227822,2,10,1004.62,1.46,13.22,8.26,8.64,
13:30:23,1790227823,2,10,1004.62,1.46,13.22,8.26,8.64,
13:30:24,1790227824,2,10,1004.62,1.46,13.22,8.26,8.64,
13:30:25,1790227825,2,10,1004.62,1.46,13.22,8.26,8.64,
13:30:27,1790227827,2,10,1004.62,1.46,13.22,8.26,8.64,
13:30:28,1790227828,2,10,1004.62,1.46,13.22,8.26,8.64,
13:30:29,1790227829,2,10,1004.62,1.45,13.22,8.26,8.64,
13:30:30,1790227830,2,10,1004.62,1.45,13.22,8.26,8.64,
13:30:31,1790227831,2,10,1004.62,1.45,13.22,8.26,8.64,
13:30:32,1790227832,2,10,1004.62,1.45,13.22,8.26,8.64,
13:30:34,1790227834,2,10,1004.62,1.45,13.22,8.26,8.64,
13:30:35,1790227835,2,10,1004.62,1.45,13.22,8.26,8.64,
13:30:36,1790227836,2,10,1004.62,1.45,13.22,8.26,8.64,
13:30:37,1790227837,2,10,1004.62,1.45,13.22,8.26,8.64,
13:30:38,1790227838,2,10,1004.62,1.45,13.22,8.26,8.64,
13:30:39,1790227839,2,10,1004.62,1.45,13.22,8.26,8.64,
13:30:40,1790227840,2,10,1004.62,1.45,13.22,8.26,8.64,
13:30:42,1790227842,2,10,1004.62,1.45,13.22,8.26,8.64,
13:30:43,1790227843,2,10,1004.62,1.45,13.22,8.26,8.64,
13:30:44,1790227844,2,10,1004.62,1.45,13.22,8.26,8.64,
13:30:45,1790227845,2,10,1004.62,1.45,13.22,8.26,8.64,
13:30:46,1790227846,2,10,1004.62,1.45,13.22,8.26,8.64,
13:30:47,1790227847,2,10,1004.62,1.47,13.22,8.26,8.64,
13:30:48,1790227848,2,10,1004.62,1.47,13.22,8.26,8.64,
13:30:49,1790227850,2,10,1004.62,1.47,13.22,8.26,8.64,
13:30:51,1790227851,2,10,1004.62,1.47,13.22,8.26,8.64,
13:30:52,1790227852,2,10,1004.62,1.47,13.22,8.26,8.64,
13:30:53,1790227853,2,10,1004.62,1.47,13.22,8.26,8.64,
13:30:54,1790227854,2,10,1004.62,1.47,13.22,8.26,8.64,
13:30:55,1790227855,2,10,1004.62,1.47,13.22,8.26,8.64,
13:30:56,1790227856,2,10,1004.62,1.47,13.22,8.26,8.64,
13:30:58,1790227858,2,10,1004.62,1.48,13.22,8.25,8.64,
13:30:59,1790227859,2,10,1004.62,1.48,13.22,8.25,8.64,
13:31:00,1790227860,2,10,1004.62,1.48,13.22,8.25,8.64,
13:31:01,1790227861,2,10,1004.62,1.48,13.22,8.25,8.64,
13:31:02,1790227862,2,10,1004.62,1.48,13.22,8.25,8.64,
13:31:03,1790227863,2,10,1004.62,1.48,13.22,8.25,8.64,
13:31:04,1790227864,2,10,1004.62,1.48,13.22,8.25,8.64,
13:31:05,1790227865,2,10,1004.62,1.48,13.22,8.25,8.64,
13:31:07,1790227867,2,10,1004.62,1.48,13.22,8.25,8.64,
13:31:08,1790227868,2,10,1004.62,1.48,13.22,8.25,8.64,
13:31:09,1790227869,2,10,1004.62,1.48,13.22,8.25,8.64,
13:31:10,1790227870,2,10,1004.62,1.48,13.22,8.25,8.64,
13:31:11,1790227871,2,10,1004.62,1.48,13.22,8.25,8.64,
13:31:12,1790227872,2,10,1004.62,1.48,13.22,8.26,8.64,
13:31:14,1790227874,2,10,1004.62,1.48,13.22,8.26,8.64,
13:31:15,1790227875,2,10,1004.62,1.49,13.22,8.26,8.64,
13:31:16,1790227876,2,10,1004.62,1.49,13.22,8.26,8.64,
13:31:17,1790227877,2,10,1004.62,1.49,13.22,8.26,8.64,
13:31:18,1790227878,2,10,1004.62,1.49,13.22,8.26,8.64,
13:31:19,1790227879,2,10,1004.62,1.49,13.22,8.26,8.64,
13:31:20,1790227880,2,10,1004.62,1.49,13.22,8.26,8.64,
13:31:22,1790227882,2,10,1004.62,1.49,13.22,8.26,8.64,
13:31:23,1790227883,2,10,1004.62,1.49,13.22,8.26,8.64,
13:31:24,1790227884,2,10,1004.62,1.49,13.22,8.26,8.64,
13:31:25,1790227885,2,10,1004.62,1.49,13.22,8.26,8.64,
13:31:26,1790227886,2,10,1004.62,1.49,13.22,8.26,8.64,
13:31:27,1790227887,2,10,1004.62,1.49,13.22,8.26,8.64,
13:31:28,1790227888,2,10,1004.62,1.48,13.22,8.26,8.64,
13:31:30,1790227890,2,10,1004.62,1.48,13.22,8.26,8.64,
13:31:31,1790227891,2,10,1004.62,1.49,13.22,8.26,8.64,
13:31:32,1790227892,2,10,1004.62,1.49,13.22,8.26,8.64,
13:31:33,1790227893,2,10,1004.62,1.49,13.22,8.26,8.64,
13:31:34,1790227894,2,10,1004.62,1.49,13.22,8.26,8.64,
13:31:35,1790227895,2,10,1004.62,1.49,13.22,8.26,8.64,
13:31:36,1790227896,2,10,1004.62,1.49,13.22,8.26,8.64,
13:31:38,1790227898,2,10,1004.62,1.49,13.22,8.26,8.64,
13:31:39,1790227899,2,10,1004.62,1.49,13.22,8.26,8.64,
13:31:40,1790227900,2,10,1004.62,1.49,13.22,8.26,8.64,
13:31:41,1790227901,2,10,1004.62,1.49,13.22,8.26,8.64,
13:31:42,1790227902,2,10,1004.62,1.49,13.22,8.26,8.64,
13:31:43,1790227903,2,10,1004.62,1.49,13.22,8.26,8.64,
13:31:44,1790227904,2,10,1004.62,1.49,13.22,8.26,8.64,
13:31:46,1790227906,2,10,1004.62,1.49,13.22,8.26,8.64,
13:31:47,1790227907,2,10,1004.62,1.50,13.22,8.26,8.64,
13:31:48,1790227908,2,10,1004.62,1.50,13.22,8.26,8.64,
13:31:49,1790227909,2,10,1004.62,1.50,13.22,8.26,8.64,
13:31:50,1790227910,2,10,1004.62,1.50,13.22,8.26,8.64,
13:31:51,1790227911,2,10,1004.62,1.50,13.22,8.26,8.64,
13:31:52,1790227912,2,10,1004.62,1.50,13.22,8.26,8.64,
13:31:54,1790227914,2,10,1004.62,1.50,13.22,8.26,8.64,
13:31:55,1790227915,2,10,1004.62,1.50,13.22,8.26,8.64,
13:31:56,1790227916,2,10,1004.62,1.50,13.22,8.26,8.64,
13:31:57,1790227917,2,10,1004.62,1.50,13.22,8.26,8.64,
13:31:58,1790227918,2,10,1004.62,1.50,13.22,8.26,8.64,
13:31:59,1790227919,2,10,1004.62,1.50,13.22,8.26,8.64,
13:32:00,1790227920,2,10,1004.62,1.50,13.22,8.26,8.64,
13:32:02,1790227922,2,10,1004.62,1.49,13.22,8.26,8.64,
13:32:03,1790227923,2,10,1004.62,1.49,13.22,8.26,8.64,
13:32:04,1790227924,2,10,1004.62,1.49,13.22,8.26,8.64,
13:32:05,1790227925,2,10,1004.62,1.49,13.22,8.26,8.64,
13:32:06,1790227926,2,10,1004.62,1.49,13.22,8.26,8.64,
13:32:07,1790227927,2,10,1004.62,1.49,13.22,8.26,8.64,
13:32:08,1790227928,2,10,1004.62,1.49,13.22,8.26,8.64,
13:32:10,1790227930,2,10,1004.62,1.49,13.22,8.26,8.64,
13:32:11,1790227931,2,10,1004.62,1.49,13.22,8.26,8.64,
13:32:12,1790227932,2,10,1004.62,1.49,13.22,8.26,8.64,
13:32:13,1790227933,2,10,1004.62,1.49,13.22,8.26,8.64,
13:32:14,1790227934,2,10,1004.62,1.49,13.22,8.26,8.64,
13:32:15,1790227935,2,10,1004.62,1.49,13.22,8.26,8.64,
13:32:16,1790227936,2,10,1004.62,1.49,13.22,8.26,8.64,
13:32:18,1790227938,2,10,1004.62,1.50,13.22,8.26,8.64,
13:32:19,1790227939,2,10,1004.62,1.50,13.22,8.26,8.64,
13:32:20,1790227940,2,10,1004.62,1.50,13.22,8.26,8.64,
13:32:21,1790227941,2,10,1004.62,1.50,13.22,8.26,8.64,
13:32:22,1790227942,2,10,1004.62,1.50,13.22,8.26,8.64,
13:32:23,1790227943,2,10,1004.62,1.50,13.22,8.26,8.64,
13:32:24,1790227944,2,10,1004.62,1.50,13.22,8.26,8.64,
13:32:26,1790227946,2,10,1004.62,1.50,13.22,8.26,8.64,
13:32:27,1790227947,2,10,1004.62,1.50,13.22,8.26,8.64,
13:32:28,1790227948,2,10,1004.62,1.50,13.22,8.26,8.64,
13:32:29,1790227949,2,10,1004.62,1.50,13.22,8.26,8.64,
13:32:30,1790227950,2,10,1004.62,1.50,13.22,8.26,8.64,
13:32:31,1790227951,2,10,1004.62,1.50,13.22,8.26,8.64,
13:32:33,1790227953,2,10,1004.62,1.50,13.22,8.26,8.64,
13:32:34,1790227954,2,10,1004.62,1.50,13.22,8.26,8.64,
13:32:35,1790227955,2,10,1004.62,1.50,13.22,8.26,8.64,
13:32:36,1790227956,2,10,1004.62,1.50,13.22,8.26,8.64,
13:32:37,1790227957,2,10,1004.62,1.50,13.22,8.26,8.64,
13:32:38,1790227958,2,10,1004.62,1.50,13.22,8.26,8.64,
13:32:39,1790227959,2,10,1004.62,1.49,13.22,8.26,8.64,
13:32:41,1790227961,2,10,1004.62,1.49,13.22,8.26,8.64,
13:32:42,1790227962,2,10,1004.62,1.49,13.22,8.26,8.64,
13:32:43,1790227963,2,10,1004.62,1.49,13.22,8.26,8.64,
13:32:44,1790227964,2,10,1004.62,1.49,13.22,8.26,8.64,
13:32:45,1790227965,2,10,1004.62,1.49,13.22,8.26,8.64,
13:32:46,1790227966,2,10,1004.62,1.49,13.22,8.26,8.64,
13:32:47,1790227967,2,10,1004.62,1.49,13.22,8.26,8.64,
13:32:49,1790227969,2,10,1004.62,1.49,13.22,8.26,8.64,
13:32:50,1790227970,2,10,1004.62,1.49,13.22,8.26,8.64,
13:32:51,1790227971,2,10,1004.62,1.49,13.22,8.26,8.64,
13:32:52,1790227972,2,10,1004.62,1.49,13.22,8.26,8.64,
13:32:53,1790227973,2,10,1004.62,1.49,13.22,8.26,8.64,
13:32:54,1790227974,2,10,1004.62,1.49,13.22,8.26,8.64,
13:32:55,1790227975,2,10,1004.62,1.49,13.22,8.26,8.64,
13:32:57,1790227977,2,10,1004.62,1.49,13.22,8.26,8.64,
13:32:58,1790227978,2,10,1004.62,1.49,13.22,8.26,8.64,
13:32:59,1790227979,2,10,1004.62,1.49,13.22,8.26,8.64,
13:33:00,1790227980,2,10,1004.62,1.49,13.22,8.26,8.64,
13:33:01,1790227981,2,10,1004.62,1.49,13.22,8.26,8.64,
13:33:02,1790227982,2,10,1004.62,1.49,13.22,8.26,8.64,
13:33:03,1790227983,2,10,1004.62,1.49,13.22,8.26,8.64,
13:33:05,1790227985,2,10,1004.62,1.49,13.22,8.26,8.64,
13:33:06,1790227986,2,10,1004.62,1.49,13.22,8.26,8.64,
13:33:07,1790227987,2,10,1004.62,1.49,13.22,8.26,8.64,
13:33:08,1790227988,2,10,1004.62,1.49,13.22,8.26,8.64,
13:33:09,1790227989,2,10,1004.62,1.49,13.22,8.26,8.64,
13:33:10,1790227990,2,10,1004.62,1.49,13.22,8.26,8.64,
13:33:11,1790227991,2,10,1004.62,1.49,13.22,8.26,8.64,
13:33:13,1790227993,2,10,1004.62,1.49,13.22,8.26,8.64,
13:33:14,1790227994,2,10,1004.62,1.49,13.22,8.26,8.64,
13:33:15,1790227995,2,10,1004.62,1.49,13.22,8.26,8.64,
13:33:16,1790227996,2,10,1004.62,1.49,13.22,8.26,8.64,
13:33:17,1790227997,2,10,1004.62,1.49,13.22,8.26,8.64,
13:33:18,1790227998,2,10,1004.62,1.49,13.21,8.26,8.64,
13:33:19,1790227999,2,10,1004.62,1.49,13.21,8.26,8.64,
13:33:21,1790228001,2,10,1004.62,1.49,13.21,8.26,8.64,
13:33:22,1790228002,2,10,1004.62,1.49,13.21,8.26,8.64,
13:33:23,1790228003,2,10,1004.62,1.49,13.21,8.26,8.64,
13:33:24,1790228004,2,10,1004.62,1.49,13.21,8.26,8.64,
13:33:25,1790228005,2,10,1004.62,1.49,13.21,8.26,8.64,
13:33:26,1790228006,2,10,1004.62,1.49,13.21,8.26,8.64,
13:33:27,1790228007,2,10,1004.62,1.49,13.21,8.26,8.64,
13:33:29,1790228009,2,10,1004.62,1.49,13.21,8.26,8.64,
13:33:30,1790228010,2,10,1004.62,1.49,13.21,8.26,8.64,
13:33:31,1790228011,2,10,1004.62,1.49,13.21,8.26,8.64,
13:33:32,1790228012,2,10,1004.62,1.49,13.21,8.26,8.64,
13:33:33,1790228013,2,10,1004.62,1.49,13.21,8.26,8.64,
13:33:34,1790228014,2,10,1004.62,1.49,13.21,8.26,8.64,
13:33:35,1790228015,2,10,1004.62,1.49,13.21,8.26,8.64,
13:33:37,1790228017,2,10,1004.62,1.49,13.21,8.26,8.64,
13:33:38,1790228018,2,10,1004.62,1.49,13.21,8.26,8.64,
13:33:39,1790228019,2,10,1004.62,1.49,13.21,8.26,8.64,
13:33:40,1790228020,2,10,1004.62,1.49,13.21,8.26,8.64,
13:33:41,1790228021,2,10,1004.62,1.49,13.21,8.26,8.64,
13:33:42,1790228022,2,10,1004.62,1.49,13.21,8.26,8.64,
13:33:43,1790228023,2,10,1004.62,1.49,13.21,8.26,8.64,
13:33:45,1790228025,2,10,1004.62,1.49,13.21,8.26,8.64,
13:33:46,1790228026,2,10,1004.62,1.49,13.22,8.26,8.64,
13:33:47,1790228027,2,10,1004.62,1.49,13.22,8.26,8.64,
13:33:48,1790228028,2,10,1004.62,1.49,13.22,8.26,8.64,
13:33:49,1790228029,2,10,1004.62,1.49,13.21,8.26,8.64,
13:33:50,1790228030,2,10,1004.62,1.49,13.21,8.26,8.64,
13:33:51,1790228031,2,10,1004.62,1.49,13.21,8.26,8.64,
13:33:53,1790228033,2,10,1004.62,1.49,13.21,8.26,8.64,
13:33:54,1790228034,2,10,1004.62,1.49,13.21,8.26,8.64,
13:33:55,1790228035,2,10,1004.62,1.49,13.21,8.26,8.64,
13:33:56,1790228036,2,10,1004.62,1.49,13.21,8.26,8.64,
13:33:57,1790228037,2,10,1004.62,1.49,13.21,8.26,8.64,
13:33:58,1790228038,2,10,1004.62,1.49,13.21,8.26,8.64,
13:33:59,1790228039,2,10,1004.62,1.49,13.21,8.26,8.64,
13:34:01,1790228041,2,10,1004.62,1.49,13.21,8.26,8.64,
13:34:02,1790228042,2,10,1004.62,1.49,13.21,8.26,8.64,
13:34:03,1790228043,2,10,1004.62,1.49,13.21,8.26,8.64,
13:34:04,1790228044,2,10,1004.62,1.49,13.21,8.26,8.64,
13:34:05,1790228045,2,10,1004.62,1.49,13.21,8.26,8.64,
13:34:06,1790228046,2,10,1004.62,1.49,13.21,8.26,8.64,
13:34:07,1790228047,2,10,1004.62,1.49,13.21,8.26,8.64,
13:34:09,1790228049,2,10,1004.62,1.49,13.21,8.26,8.64,
13:34:10,1790228050,2,10,1004.62,1.49,13.21,8.26,8.64,
13:34:11,1790228051,2,10,1004.62,1.49,13.21,8.26,8.64,
13:34:12,1790228052,2,10,1004.62,1.49,13.21,8.26,8.64,
13:34:13,1790228053,2,10,1004.62,1.48,13.21,8.26,8.64,
13:34:14,1790228054,2,10,1004.62,1.48,13.21,8.26,8.64,
13:34:15,1790228055,2,10,1004.62,1.48,13.22,8.26,8.64,
13:34:17,1790228057,2,10,1004.62,1.48,13.22,8.26,8.64,
13:34:18,1790228058,2,10,1004.62,1.48,13.22,8.26,8.64,
13:34:19,1790228059,2,10,1004.62,1.48,13.22,8.26,8.64,
13:34:20,1790228060,2,10,1004.62,1.48,13.21,8.26,8.64,
13:34:21,1790228061,2,10,1004.62,1.48,13.21,8.26,8.64,
13:34:22,1790228062,2,10,1004.62,1.48,13.21,8.26,8.64,
13:34:24,1790228064,2,10,1004.62,1.48,13.21,8.26,8.64,
13:34:25,1790228065,2,10,1004.62,1.48,13.21,8.26,8.64,
13:34:26,1790228066,2,10,1004.62,1.48,13.21,8.26,8.64,
13:34:27,1790228067,2,10,1004.62,1.48,13.21,8.26,8.64,
13:34:28,1790228068,2,10,1004.62,1.48,13.21,8.26,8.64,
13:34:29,1790228069,2,10,1004.62,1.48,13.21,8.26,8.64,
13:34:30,1790228070,2,10,1004.62,1.48,13.21,8.26,8.64,
13:34:32,1790228072,2,10,1004.62,1.48,13.22,8.26,8.64,
13:34:33,1790228073,2,10,1004.62,1.48,13.22,8.26,8.64,
13:34:34,1790228074,2,10,1004.62,1.48,13.21,8.26,8.64,
13:34:35,1790228075,2,10,1004.62,1.48,13.22,8.26,8.64,
13:34:36,1790228076,2,10,1004.62,1.48,13.22,8.26,8.64,
13:34:37,1790228077,2,10,1004.62,1.48,13.22,8.26,8.64,
13:34:38,1790228078,2,10,1004.62,1.48,13.22,8.26,8.64,
13:34:40,1790228080,2,10,1004.62,1.48,13.22,8.26,8.64,
13:34:41,1790228081,2,10,1004.62,1.48,13.22,8.26,8.64,
13:34:42,1790228082,2,10,1004.62,1.48,13.22,8.26,8.64,
13:34:43,1790228083,2,10,1004.62,1.48,13.22,8.26,8.64,
13:34:44,1790228084,2,10,1004.62,1.48,13.22,8.26,8.64,
13:34:45,1790228085,2,10,1004.62,1.48,13.22,8.26,8.64,
13:34:46,1790228086,2,10,1004.62,1.48,13.22,8.26,8.64,
13:34:48,1790228088,2,10,1004.62,1.48,13.22,8.26,8.64,
13:34:49,1790228089,2,10,1004.62,1.48,13.22,8.26,8.64,
13:34:50,1790228090,2,10,1004.62,1.48,13.22,8.26,8.64,
13:34:51,1790228091,2,10,1004.62,1.48,13.22,8.26,8.64,
13:34:52,1790228092,2,10,1004.62,1.48,13.22,8.26,8.64,
13:34:53,1790228093,2,10,1004.62,1.48,13.22,8.26,8.64,
13:34:54,1790228094,2,10,1004.62,1.49,13.22,8.26,8.64,
13:34:56,1790228096,2,10,1004.62,1.48,13.22,8.26,8.64,
13:34:57,1790228097,2,10,1004.62,1.48,13.22,8.26,8.64,
13:34:58,1790228098,2,10,1004.62,1.49,13.26,8.26,8.64,
13:34:59,1790228099,2,10,1004.62,1.49,13.26,8.26,8.64,
13:35:00,1790228100,2,10,1004.62,1.49,13.22,8.26,8.64,
13:35:01,1790228101,2,10,1004.62,1.49,13.22,8.26,8.64,
13:35:02,1790228102,2,10,1004.62,1.49,13.22,8.26,8.64,
13:35:04,1790228104,2,10,1004.62,1.49,13.22,8.26,8.64,
13:35:05,1790228105,2,10,1004.62,1.49,13.22,8.26,8.64,
13:35:06,1790228106,2,10,1004.62,1.49,13.22,8.26,8.64,
13:35:07,1790228107,2,10,1004.62,1.49,13.22,8.26,8.64,
13:35:08,1790228108,2,10,1004.62,1.49,13.22,8.26,8.64,
13:35:09,1790228109,2,10,1004.62,1.49,13.22,8.26,8.64,
13:35:10,1790228110,2,10,1004.62,1.49,13.22,8.26,8.64,
13:35:12,1790228112,2,10,1004.62,1.49,13.22,8.26,8.64,
13:35:13,1790228113,2,10,1004.62,1.49,13.22,8.26,8.64,
13:35:14,1790228114,2,10,1004.62,1.49,13.21,8.26,8.64,
13:35:15,1790228115,2,10,1004.62,1.49,13.21,8.26,8.64,
13:35:16,1790228116,2,10,1004.62,1.49,13.21,8.26,8.64,
13:35:17,1790228117,2,10,1004.62,1.49,13.22,8.26,8.64,
13:35:18,1790228118,2,10,1004.62,1.49,13.22,8.26,8.64,
13:35:20,1790228120,2,10,1004.62,1.49,13.22,8.26,8.64,
13:35:21,1790228121,2,10,1004.62,1.49,13.21,8.26,8.64,
13:35:22,1790228122,2,10,1004.62,1.49,13.21,8.26,8.64,
13:35:23,1790228123,2,10,1004.62,1.49,13.21,8.26,8.64,
13:35:24,1790228124,2,10,1004.62,1.49,13.21,8.26,8.64,
13:35:25,1790228125,2,10,1004.62,1.49,13.21,8.26,8.64,
13:35:26,1790228126,2,10,1004.62,1.49,13.21,8.26,8.64,
13:35:28,1790228128,2,10,1004.62,1.49,13.21,8.26,8.64,
13:35:29,1790228129,2,10,1004.62,1.49,13.21,8.26,8.64,
13:35:30,1790228130,2,10,1004.62,1.49,13.21,8.26,8.64,
13:35:31,1790228131,2,10,1004.62,1.49,13.21,8.26,8.64,
13:35:32,1790228132,2,10,1004.62,1.49,13.21,8.26,8.64,
13:35:33,1790228133,2,10,1004.62,1.49,13.21,8.26,8.64,
13:35:34,1790228134,2,10,1004.62,1.49,13.21,8.26,8.64,
13:35:36,1790228136,2,10,1004.62,1.49,13.21,8.26,8.64,
13:35:37,1790228137,2,10,1004.62,1.49,13.21,8.26,8.64,
13:35:38,1790228138,2,10,1004.62,1.49,13.21,8.26,8.64,
13:35:39,1790228139,2,10,1004.62,1.49,13.21,8.26,8.64,
13:35:40,1790228140,2,10,1004.62,1.49,13.21,8.26,8.64,
13:35:41,1790228141,2,10,1004.62,1.49,13.21,8.26,8.64,
13:35:42,1790228142,2,10,1004.62,1.49,13.21,8.26,8.64,
13:35:44,1790228144,2,10,1004.62,1.49,13.21,8.26,8.64,
13:35:45,1790228145,2,10,1004.62,1.49,13.21,8.26,8.64,
13:35:46,1790228146,2,10,1004.62,1.49,13.21,8.26,8.64,
13:35:47,1790228147,2,10,1004.62,1.49,13.22,8.26,8.64,
13:35:48,1790228148,2,10,1004.62,1.49,13.22,8.26,8.64,
13:35:49,1790228149,2,10,1004.62,1.49,13.22,8.26,8.64,
13:35:50,1790228150,2,10,1004.62,1.49,13.22,8.26,8.64,
13:35:52,1790228152,2,10,1004.62,1.49,13.21,8.26,8.64,
13:35:53,1790228153,2,10,1004.62,1.49,13.21,8.26,8.64,
13:35:54,1790228154,2,10,1004.62,1.49,13.21,8.26,8.64,
13:35:55,1790228155,2,10,1004.62,1.49,13.21,8.26,8.64,
13:35:56,1790228156,2,10,1004.62,1.49,13.21,8.26,8.64,
13:35:57,1790228157,2,10,1004.62,1.49,13.21,8.26,8.64,
13:35:58,1790228158,2,10,1004.62,1.49,13.21,8.26,8.64,
13:36:00,1790228160,2,10,1004.62,1.49,13.21,8.26,8.64,
13:36:01,1790228161,2,10,1004.62,1.49,13.21,8.26,8.64,
13:36:02,1790228162,2,10,1004.62,1.49,13.21,8.26,8.64,
13:36:03,1790228163,2,10,1004.62,1.49,13.21,8.26,8.64,
13:36:04,1790228164,2,10,1004.62,1.48,13.21,8.26,8.64,
13:36:05,1790228165,2,10,1004.62,1.48,13.21,8.26,8.64,
13:36:06,1790228166,2,10,1004.62,1.48,13.21,8.26,8.64,
13:36:08,1790228168,2,10,1004.62,1.48,13.21,8.26,8.64,
13:36:09,1790228169,2,10,1004.62,1.48,13.21,8.26,8.64,
13:36:10,1790228170,2,10,1004.62,1.46,13.21,8.26,8.64,
13:36:11,1790228171,2,10,1004.62,1.46,13.21,8.26,8.64,
13:36:12,1790228172,2,6,1086.56,1.56,13.77,8.22,8.64,
13:36:14,1790228174,2,6,1227.31,1.42,13.87,8.22,8.64,
13:36:15,1790228175,2,6,1227.31,1.44,13.88,8.22,8.64,
13:36:16,1790228176,2,6,1227.31,1.42,13.83,8.22,8.64,
13:36:17,1790228177,2,6,1227.31,1.43,13.91,8.22,8.64,
13:36:18,1790228178,2,6,1227.31,1.44,13.90,8.22,8.64,
13:36:20,1790228180,2,6,1227.31,1.42,13.90,8.26,8.64,
13:36:21,1790228181,2,6,1227.31,1.40,13.91,8.26,8.64,
13:36:22,1790228182,2,6,1227.31,1.40,13.91,8.24,8.64,
13:36:23,1790228183,2,9,1227.31,1.40,13.45,8.24,8.64,
13:36:24,1790228184,2,9,1227.31,1.41,13.45,8.23,8.64,
13:36:25,1790228185,2,9,1227.31,1.41,13.50,8.23,8.64,
13:36:27,1790228187,2,9,1227.31,1.41,13.45,8.23,8.64,
13:36:28,1790228188,2,9,1227.31,1.37,13.45,8.23,8.64,
13:36:29,1790228189,2,9,1227.31,1.37,13.45,8.23,8.64,
13:36:30,1790228190,2,9,1227.31,1.36,13.45,8.22,8.64,
13:36:31,1790228191,2,9,1227.31,1.36,13.45,8.22,8.64,
13:36:32,1790228192,2,9,1227.31,1.35,13.45,8.22,8.64,
13:36:33,1790228193,2,9,1227.31,1.34,13.45,8.22,8.64,
13:36:35,1790228195,2,9,1227.31,1.34,13.45,8.22,8.64,
13:36:36,1790228196,2,9,1227.31,1.34,13.45,8.22,8.64,
13:36:37,1790228197,2,9,1227.31,1.33,13.45,8.22,8.64,
13:36:38,1790228198,2,10,1227.31,1.33,13.45,8.22,8.64,
13:36:39,1790228199,2,10,1227.31,1.32,13.45,8.22,8.64,
13:36:40,1790228200,2,10,1227.31,1.32,13.45,8.22,8.64,
13:36:41,1790228201,2,10,1227.31,1.32,13.45,8.22,8.64,
13:36:43,1790228203,2,10,1227.31,1.32,13.45,8.22,8.64,
13:36:44,1790228204,2,9,1227.31,1.32,13.45,8.22,8.64,
13:36:45,1790228205,2,10,1227.31,1.32,13.46,8.22,8.64,
13:36:46,1790228206,2,10,1227.31,1.31,13.46,8.22,8.64,
13:36:47,1790228207,2,10,1227.31,1.32,13.46,8.22,8.64,
13:36:48,1790228208,2,10,1227.31,1.30,13.44,8.22,8.64,
13:36:49,1790228209,2,10,1227.31,1.30,13.43,8.22,8.64,
13:36:51,1790228211,2,10,1227.31,1.29,13.43,8.26,8.64,
13:36:52,1790228212,2,10,1227.31,1.29,13.43,8.26,8.64,
13:36:53,1790228213,2,10,1227.31,1.29,13.43,8.26,8.64,
13:36:54,1790228214,2,10,1227.31,1.30,13.43,8.26,8.64,
13:36:55,1790228215,2,10,1227.31,1.29,13.43,8.26,8.64,
13:36:56,1790228216,2,10,1227.31,1.29,13.43,8.26,8.64,
13:36:58,1790228218,2,10,1227.31,1.29,13.43,8.26,8.64,
13:36:59,1790228219,2,10,1227.31,1.29,13.43,8.26,8.64,
13:37:00,1790228220,1,9,1227.31,1.34,13.53,8.26,8.64,
13:37:01,1790228221,1,9,1227.31,1.34,13.47,8.26,8.64,
13:37:02,1790228222,1,9,1227.31,1.34,13.51,8.26,8.64,
13:37:03,1790228223,1,9,1227.31,1.34,13.47,8.26,8.64,
13:37:04,1790228224,1,9,1227.31,1.34,13.47,8.26,8.64,
13:37:06,1790228226,1,9,1227.31,1.33,13.47,8.24,8.64,
13:37:07,1790228227,1,9,1227.31,1.33,13.47,8.24,8.64,
13:37:08,1790228228,1,9,1227.31,1.33,13.47,8.24,8.64,
13:37:09,1790228229,1,9,1227.31,1.33,13.47,8.23,8.64,
13:37:10,1790228230,1,9,1227.31,1.33,13.47,8.23,8.64,
13:37:11,1790228231,1,9,1227.31,1.33,13.47,8.23,8.64,
13:37:12,1790228232,1,9,1227.31,1.33,13.47,8.23,8.64,
13:37:14,1790228234,1,9,1227.31,1.32,13.47,8.23,8.64,
13:37:15,1790228235,1,9,1227.31,1.32,13.47,8.23,8.64,
13:37:16,1790228236,1,9,1227.31,1.32,13.47,8.23,8.64,
13:37:17,1790228237,1,9,1227.31,1.32,13.47,8.23,8.64,
13:37:18,1790228238,1,10,1227.31,1.32,13.47,8.23,8.64,
13:37:19,1790228239,1,9,1227.31,1.32,13.47,8.23,8.64,
13:37:20,1790228240,1,10,1227.31,1.31,13.47,8.26,8.64,
13:37:22,1790228242,1,10,1227.31,1.30,13.47,8.26,8.64,
13:37:23,1790228243,1,10,1227.31,1.30,13.47,8.26,8.64,
13:37:24,1790228244,1,10,1227.31,1.30,13.47,8.26,8.64,
13:37:25,1790228245,1,10,1227.31,1.30,13.47,8.26,8.64,
13:37:26,1790228246,1,10,1227.31,1.30,13.47,8.26,8.64,
13:37:27,1790228247,1,10,1227.31,1.30,13.46,8.26,8.64,
13:37:28,1790228248,1,10,1227.31,1.30,13.46,8.26,8.64,
13:37:30,1790228250,1,10,1227.31,1.30,13.46,8.26,8.64,
13:37:31,1790228251,1,10,1227.31,1.30,13.46,8.26,8.64,
13:37:32,1790228252,1,10,1227.31,1.30,13.46,8.26,8.64,
13:37:33,1790228253,1,10,1227.31,1.30,13.46,8.26,8.64,
13:37:34,1790228254,1,10,1227.31,1.30,13.46,8.26,8.64,
13:37:35,1790228255,1,10,1227.31,1.30,13.46,8.26,8.64,
13:37:37,1790228257,1,10,1227.31,1.30,13.46,8.26,8.64,
13:37:38,1790228258,1,10,1227.31,1.30,13.46,8.26,8.64,
13:37:39,1790228259,1,10,1227.31,1.30,13.46,8.26,8.64,
13:37:40,1790228260,1,10,1227.31,1.30,13.46,8.26,8.64,
13:37:41,1790228261,1,10,1227.31,1.30,13.46,8.26,8.64,
13:37:42,1790228262,1,10,1227.31,1.30,13.46,8.26,8.64,
13:37:43,1790228263,1,10,1227.31,1.30,13.46,8.26,8.64,
13:37:45,1790228265,1,10,1227.31,1.30,13.46,8.26,8.64,
13:37:46,1790228266,1,10,1227.31,1.30,13.46,8.26,8.64,
13:37:47,1790228267,1,10,1227.31,1.30,13.46,8.26,8.64,
13:37:48,1790228268,1,10,1227.31,1.30,13.46,8.26,8.64,
13:37:49,1790228269,1,10,1227.31,1.30,13.46,8.26,8.64,
13:37:50,1790228270,1,10,1227.31,1.30,13.46,8.26,8.64,
13:37:51,1790228271,1,10,1227.31,1.30,13.46,8.26,8.64,
13:37:53,1790228273,1,10,1227.31,1.30,13.46,8.26,8.64,
13:37:54,1790228274,1,10,1227.31,1.30,13.46,8.26,8.64,
13:37:55,1790228275,1,10,1227.31,1.30,13.46,8.26,8.64,
13:37:56,1790228276,1,10,1227.31,1.30,13.46,8.26,8.64,
13:37:57,1790228277,1,10,1227.31,1.30,13.46,8.26,8.64,
13:37:58,1790228278,1,10,1227.31,1.30,13.46,8.26,8.64,
13:37:59,1790228279,1,10,1227.31,1.30,13.46,8.26,8.64,
13:38:01,1790228281,1,9,1227.31,1.31,13.52,8.26,8.64,
13:38:02,1790228282,1,9,1227.31,1.31,13.51,8.26,8.64,
13:38:03,1790228283,1,10,1227.31,1.31,13.46,8.26,8.64,
13:38:04,1790228284,1,10,1227.31,1.31,13.46,8.26,8.64,
13:38:05,1790228285,1,10,1227.31,1.31,13.46,8.26,8.64,
13:38:06,1790228286,1,10,1227.31,1.31,13.46,8.26,8.64,
13:38:07,1790228287,1,10,1227.31,1.31,13.46,8.26,8.64,
13:38:09,1790228289,1,10,1227.31,1.31,13.46,8.26,8.64,
13:38:10,1790228290,1,10,1227.31,1.31,13.46,8.26,8.64,
13:38:11,1790228291,1,10,1227.31,1.31,13.46,8.26,8.64,
13:38:12,1790228292,1,10,1227.31,1.31,13.46,8.26,8.64,
13:38:13,1790228293,1,10,1227.31,1.31,13.46,8.26,8.64,
13:38:14,1790228294,1,10,1227.31,1.31,13.46,8.26,8.64,
13:38:15,1790228295,1,10,1227.31,1.31,13.46,8.26,8.64,
13:38:17,1790228297,1,10,1227.31,1.31,13.46,8.26,8.64,
13:38:18,1790228298,1,10,1227.31,1.31,13.46,8.26,8.64,
13:38:19,1790228299,1,10,1227.31,1.31,13.46,8.26,8.64,
13:38:20,1790228300,1,10,1227.31,1.31,13.46,8.26,8.64,
13:38:21,1790228301,1,10,1227.31,1.31,13.46,8.26,8.64,
13:38:22,1790228302,1,10,1227.31,1.30,13.46,8.26,8.64,
13:38:24,1790228304,1,9,1227.31,1.33,13.46,8.26,8.64,
13:38:25,1790228305,1,9,1227.31,1.34,13.46,8.26,8.64,
13:38:26,1790228306,1,9,1227.31,1.33,13.46,8.26,8.64,
13:38:27,1790228307,1,9,1227.31,1.33,13.46,8.26,8.64,
13:38:28,1790228308,1,10,1227.31,1.33,13.46,8.26,8.64,
13:38:29,1790228309,1,9,1227.31,1.33,13.46,8.26,8.64,
13:38:30,1790228310,1,9,1227.31,1.33,13.46,8.26,8.64,
13:38:32,1790228312,1,9,1227.31,1.33,13.46,8.26,8.64,
13:38:33,1790228313,1,9,1227.31,1.33,13.46,8.26,8.64,
13:38:34,1790228314,1,9,1227.31,1.33,13.46,8.26,8.64,
13:38:35,1790228315,1,9,1227.31,1.33,13.46,8.26,8.64,
13:38:36,1790228316,1,9,1227.31,1.33,13.46,8.26,8.64,
13:38:37,1790228317,1,9,1227.31,1.33,13.46,8.26,8.64,
13:38:38,1790228318,1,9,1219.31,1.33,13.46,8.26,8.64,
13:38:40,1790228320,1,9,1219.31,1.33,13.46,8.26,8.64,
13:38:41,1790228321,1,9,1219.31,1.33,13.46,8.26,8.64,
13:38:42,1790228322,1,9,1219.31,1.33,13.46,8.26,8.64,
13:38:43,1790228323,1,9,1219.31,1.33,13.46,8.26,8.64,
13:38:44,1790228324,1,10,1219.31,1.32,13.46,8.26,8.64,
13:38:45,1790228325,1,10,1219.31,1.32,13.46,8.26,8.64,
13:38:46,1790228326,1,10,1219.31,1.32,13.46,8.26,8.64,
13:38:48,1790228328,1,10,1219.31,1.32,13.46,8.26,8.64,
13:38:49,1790228329,1,10,1219.31,1.32,13.46,8.26,8.64,
13:38:50,1790228330,1,10,1219.31,1.32,13.46,8.26,8.64,
13:38:51,1790228331,1,10,1219.31,1.32,13.46,8.26,8.64,
13:38:52,1790228332,1,10,1219.31,1.32,13.46,8.26,8.64,
13:38:53,1790228333,1,10,1219.31,1.32,13.46,8.26,8.64,
13:38:54,1790228334,1,10,1219.31,1.32,13.46,8.26,8.64,
13:38:56,1790228336,1,10,1219.31,1.32,13.46,8.26,8.64,
13:38:57,1790228337,1,10,1219.31,1.32,13.46,8.26,8.64,
13:38:58,1790228338,1,10,1219.31,1.32,13.46,8.26,8.64,
13:38:59,1790228339,1,10,1219.31,1.32,13.46,8.26,8.64,
13:39:00,1790228340,1,9,1219.31,1.33,13.52,8.26,8.64,
13:39:01,1790228341,1,9,1219.31,1.33,13.46,8.26,8.64,
13:39:03,1790228343,1,9,1219.31,1.33,13.45,8.26,8.64,
13:39:04,1790228344,1,9,1219.31,1.33,13.45,8.26,8.64,
13:39:05,1790228345,1,9,1219.31,1.33,13.45,8.26,8.64,
13:39:06,1790228346,1,9,1219.31,1.33,13.45,8.26,8.64,
13:39:07,1790228347,1,9,1219.31,1.33,13.45,8.26,8.64,
13:39:08,1790228348,1,10,1219.31,1.33,13.45,8.26,8.64,
13:39:09,1790228349,1,9,1219.31,1.33,13.45,8.26,8.64,
13:39:11,1790228351,1,10,1219.31,1.33,13.45,8.26,8.64,
13:39:12,1790228352,1,10,1219.31,1.33,13.45,8.26,8.64,
13:39:13,1790228353,1,10,1219.31,1.33,13.45,8.26,8.64,
13:39:14,1790228354,1,10,1219.31,1.33,13.45,8.26,8.64,
13:39:15,1790228355,1,10,1219.31,1.32,13.45,8.26,8.64,
13:39:16,1790228356,1,9,1219.31,1.32,13.45,8.26,8.64,
13:39:17,1790228357,1,10,1219.31,1.32,13.45,8.26,8.64,
13:39:19,1790228359,1,10,1219.31,1.32,13.46,8.26,8.64,
13:39:20,1790228360,1,10,1219.31,1.32,13.46,8.26,8.64,
13:39:21,1790228361,1,10,1219.31,1.32,13.46,8.26,8.64,
13:39:22,1790228362,1,10,1219.31,1.32,13.46,8.26,8.64,
13:39:23,1790228363,1,10,1219.31,1.32,13.45,8.26,8.64,
13:39:24,1790228364,1,10,1219.31,1.32,13.45,8.26,8.64,
13:39:25,1790228365,1,10,1219.31,1.32,13.45,8.26,8.64,
13:39:27,1790228367,1,10,1219.31,1.32,13.45,8.26,8.64,
13:39:28,1790228368,1,10,1219.31,1.32,13.45,8.26,8.64,
13:39:29,1790228369,1,10,1219.31,1.32,13.45,8.26,8.64,
13:39:30,1790228370,1,10,1219.31,1.32,13.45,8.26,8.64,
13:39:31,1790228371,1,10,1219.31,1.32,13.45,8.26,8.64,
13:39:32,1790228372,1,10,1219.31,1.32,13.45,8.26,8.64,
13:39:33,1790228373,1,10,1219.31,1.32,13.45,8.26,8.64,
13:39:35,1790228375,1,10,1219.31,1.32,13.45,8.26,8.64,
13:39:36,1790228376,1,10,1219.31,1.32,13.45,8.26,8.64,
13:39:37,1790228377,1,10,1219.31,1.32,13.45,8.26,8.64,
13:39:38,1790228378,1,10,1219.31,1.32,13.45,8.26,8.64,
13:39:39,1790228379,1,10,1219.31,1.32,13.45,8.26,8.64,
13:39:40,1790228380,1,10,1219.31,1.32,13.45,8.26,8.64,
13:39:41,1790228381,1,9,1219.31,1.32,13.45,8.26,8.64,
13:39:43,1790228383,1,10,1219.31,1.32,13.45,8.26,8.64,
13:39:44,1790228384,1,10,1219.31,1.32,13.45,8.26,8.64,
13:39:45,1790228385,1,10,1219.31,1.32,13.45,8.26,8.64,
13:39:46,1790228386,1,9,1219.31,1.32,13.45,8.26,8.64,
13:39:47,1790228387,1,10,1219.31,1.32,13.45,8.26,8.64,
13:39:48,1790228388,1,10,1219.31,1.32,13.46,8.26,8.64,
13:39:49,1790228389,1,10,1219.31,1.32,13.46,8.26,8.64,
13:39:51,1790228391,1,10,1219.31,1.32,13.46,8.26,8.64,
13:39:52,1790228392,1,10,1219.31,1.32,13.46,8.26,8.64,
13:39:53,1790228393,1,10,1219.31,1.32,13.45,8.26,8.64,
13:39:54,1790228394,1,10,1219.31,1.32,13.45,8.26,8.64,
13:39:55,1790228395,1,10,1219.31,1.32,13.45,8.26,8.64,
13:39:56,1790228396,1,10,1219.31,1.32,13.45,8.26,8.64,
13:39:57,1790228397,1,10,1219.31,1.32,13.45,8.26,8.64,
13:39:59,1790228399,1,10,1219.31,1.32,13.45,8.26,8.64,
13:40:00,1790228400,1,9,1219.31,1.33,13.52,8.26,8.64,
13:40:01,1790228401,1,9,1219.31,1.33,13.45,8.26,8.64,
13:40:02,1790228402,1,9,1219.31,1.33,13.50,8.26,8.64,
13:40:03,1790228403,1,9,1219.31,1.33,13.45,8.26,8.64,
13:40:04,1790228404,1,9,1219.31,1.33,13.45,8.26,8.64,
13:40:05,1790228405,1,9,1219.31,1.33,13.45,8.26,8.64,
13:40:07,1790228407,1,9,1219.31,1.33,13.45,8.26,8.64,
13:40:08,1790228408,1,9,1219.31,1.33,13.45,8.26,8.64,
13:40:09,1790228409,1,9,1219.31,1.33,13.45,8.26,8.64,
13:40:10,1790228410,1,9,1219.31,1.33,13.45,8.26,8.64,
13:40:11,1790228411,1,9,1219.31,1.33,13.45,8.26,8.64,
13:40:12,1790228412,1,9,1219.31,1.33,13.45,8.26,8.64,
13:40:13,1790228413,1,9,1219.31,1.33,13.45,8.26,8.64,
13:40:15,1790228415,1,9,1219.31,1.33,13.45,8.26,8.64,
13:40:16,1790228416,1,9,1219.31,1.33,13.45,8.26,8.64,
13:40:17,1790228417,1,9,1219.31,1.33,13.45,8.26,8.64,
13:40:18,1790228418,1,9,1219.31,1.33,13.45,8.26,8.64,
13:40:19,1790228419,1,9,1219.31,1.33,13.45,8.26,8.64,
13:40:20,1790228420,1,9,1219.31,1.33,13.45,8.26,8.64,
13:40:22,1790228422,1,10,1219.31,1.33,13.45,8.26,8.64,
13:40:23,1790228423,1,9,1219.31,1.33,13.45,8.26,8.64,
13:40:24,1790228424,1,9,1219.31,1.33,13.45,8.26,8.64,
13:40:25,1790228425,1,9,1219.31,1.33,13.45,8.26,8.64,
13:40:26,1790228426,1,9,1219.31,1.33,13.45,8.26,8.64,
13:40:27,1790228427,1,9,1219.31,1.33,13.45,8.26,8.64,
13:40:28,1790228428,1,9,1219.31,1.33,13.45,8.26,8.64,
13:40:30,1790228430,1,9,1219.31,1.33,13.45,8.26,8.64,
13:40:31,1790228431,1,9,1219.31,1.33,13.45,8.26,8.64,
13:40:32,1790228432,1,9,1219.31,1.33,13.45,8.26,8.64,
13:40:33,1790228433,1,9,1219.31,1.33,13.45,8.26,8.64,
13:40:34,1790228434,1,10,1219.31,1.33,13.45,8.26,8.64,
13:40:35,1790228435,1,9,1219.31,1.33,13.45,8.26,8.64,
13:40:36,1790228436,1,9,1219.31,1.33,13.45,8.26,8.64,
13:40:38,1790228438,1,10,1219.31,1.33,13.45,8.26,8.64,
13:40:39,1790228439,1,9,1219.31,1.33,13.45,8.26,8.64,
13:40:40,1790228440,1,9,1219.31,1.33,13.45,8.26,8.64,
13:40:41,1790228441,1,9,1219.31,1.33,13.45,8.26,8.64,
13:40:42,1790228442,1,10,1219.31,1.33,13.45,8.26,8.64,
13:40:43,1790228443,1,10,1219.31,1.33,13.45,8.26,8.64,
13:40:44,1790228444,1,10,1219.31,1.33,13.45,8.26,8.64,
13:40:46,1790228446,1,10,1219.31,1.33,13.45,8.26,8.64,
13:40:47,1790228447,1,9,1219.31,1.33,13.45,8.26,8.64,
13:40:48,1790228448,1,24,1219.31,1.20,11.14,8.73,8.99,
13:40:49,1790228449,1,9,1219.31,1.60,13.21,8.70,9.27,
13:40:50,1790228450,1,9,1219.31,1.61,13.20,8.69,9.27,
13:40:51,1790228451,1,9,1219.31,1.61,13.20,8.69,9.27,
13:40:52,1790228452,1,9,1219.31,1.61,13.20,8.69,9.27,
13:40:54,1790228454,1,9,1219.31,1.61,13.20,8.69,9.27,
13:40:55,1790228455,1,9,1219.31,1.61,13.20,8.69,9.27,
13:40:56,1790228456,1,9,1219.31,1.61,13.20,8.69,9.27,
13:40:57,1790228457,2,9,1219.31,1.58,13.20,8.68,9.27,
13:40:58,1790228458,2,9,1219.31,1.58,13.20,8.68,9.27,
13:40:59,1790228459,2,10,1219.31,1.58,13.20,8.68,9.27,
13:41:00,1790228460,1,9,1219.31,1.58,13.26,8.68,9.27,
13:41:01,1790228461,1,9,1219.31,1.58,13.24,8.68,9.27,
13:41:03,1790228463,1,9,1219.31,1.58,13.24,8.68,9.27,
13:41:04,1790228464,1,10,1219.31,1.58,13.20,8.68,9.27,
13:41:05,1790228465,1,10,1219.31,1.58,13.20,8.68,9.27,
13:41:06,1790228466,1,10,1219.31,1.58,13.20,8.68,9.27,
13:41:07,1790228467,1,10,1219.31,1.58,13.20,8.68,9.27,
13:41:08,1790228468,1,10,1219.31,1.58,13.20,8.68,9.27,
13:41:09,1790228469,1,10,1219.31,1.58,13.20,8.68,9.27,
13:41:11,1790228471,1,10,1219.31,1.58,13.20,8.68,9.27,
13:41:12,1790228472,1,10,1219.31,1.58,13.20,8.68,9.27,
13:41:13,1790228473,1,10,1219.31,1.58,13.20,8.68,9.27,
13:41:14,1790228474,1,10,1219.31,1.58,13.20,8.68,9.27,
13:41:15,1790228475,1,10,1219.31,1.55,13.20,8.68,9.27,
13:41:16,1790228476,1,10,1219.31,1.54,13.20,8.68,9.27,
13:41:17,1790228477,1,10,1219.31,1.54,13.20,8.68,9.27,
13:41:19,1790228479,1,10,1219.31,1.54,13.20,8.68,9.27,
13:41:20,1790228480,1,10,1219.31,1.54,13.20,8.68,9.27,
13:41:21,1790228481,1,10,1219.31,1.54,13.20,8.68,9.27,
13:41:22,1790228482,1,10,1219.31,1.54,13.20,8.68,9.27,
13:41:23,1790228483,1,10,1219.31,1.54,13.20,8.68,9.27,
13:41:24,1790228484,1,10,1219.31,1.54,13.20,8.68,9.27,
13:41:25,1790228485,1,10,1219.31,1.54,13.20,8.68,9.27,
13:41:27,1790228487,1,10,1219.31,1.54,13.20,8.68,9.27,
13:41:28,1790228488,1,10,1219.31,1.53,13.20,8.68,9.27,
13:41:29,1790228489,1,81,1219.31,0.96,1.89,0,0,
13:41:30,1790228490,1,81,1219.31,0.96,1.89,0,0,
