ts,epoch,pressure_level,free_pct,swap_used_mb,compressed_gb,wired_gb,proc_rss_gb,proc_mem_gb,cpu_speed_limit
12:48:24,1790225304,1,81,1010.31,1.00,1.90,0.00,0.09,
12:48:25,1790225305,1,52,1010.31,1.00,6.71,1.03,1.08,
12:48:26,1790225306,1,54,1010.31,1.00,6.45,2.02,2.06,
12:48:27,1790225307,1,54,1010.31,1.00,6.41,2.92,2.92,
12:48:28,1790225308,1,54,1010.31,1.00,6.42,3.77,3.85,
12:48:29,1790225309,1,53,1010.31,1.06,6.42,4.61,4.66,
12:48:30,1790225310,1,34,1010.31,1.24,9.46,4.79,4.99,
12:48:32,1790225312,1,33,1010.31,1.25,9.58,4.93,5.12,
12:48:33,1790225313,1,32,1010.31,1.28,9.70,5.11,5.30,
12:48:34,1790225314,1,32,1010.31,1.32,9.83,5.20,5.42,
12:48:35,1790225315,1,31,1010.31,1.37,9.95,5.31,5.53,
12:48:36,1790225316,1,29,1010.31,1.41,10.08,5.43,5.65,
12:48:37,1790225317,1,29,1010.31,1.41,10.20,5.54,5.76,
12:48:38,1790225318,1,28,1010.31,1.41,10.32,5.66,5.88,
12:48:40,1790225320,1,27,1010.31,1.38,10.56,5.77,5.99,
12:48:41,1790225321,1,27,1010.31,1.38,10.57,5.89,6.11,
12:48:42,1790225322,1,25,1010.31,1.44,10.82,6.00,6.34,
12:48:43,1790225323,1,24,1010.31,1.46,10.94,6.23,6.46,
12:48:44,1790225324,1,23,1010.31,1.50,11.07,6.35,6.57,
12:48:45,1790225325,1,22,1010.31,1.54,11.19,6.46,6.69,
12:48:47,1790225327,1,21,1010.31,1.59,11.31,6.58,6.80,
12:48:48,1790225328,1,20,1010.31,1.62,11.44,6.69,6.92,
12:48:49,1790225329,1,19,1010.31,1.64,11.56,6.81,7.03,
12:48:50,1790225330,1,18,1010.31,1.65,11.68,6.92,7.15,
12:48:51,1790225331,1,18,1010.31,1.65,11.81,7.04,7.26,
12:48:52,1790225332,1,17,1010.31,1.66,11.93,7.15,7.38,
12:48:54,1790225334,1,16,1010.31,1.67,12.06,7.27,7.49,
12:48:55,1790225335,1,15,1010.31,1.70,12.18,7.38,7.61,
12:48:56,1790225336,1,14,1010.31,1.71,12.30,7.50,7.72,
12:48:57,1790225337,1,13,1010.31,1.72,12.42,7.61,7.84,
12:48:58,1790225338,1,13,1010.31,1.73,12.55,7.71,7.96,
12:48:59,1790225339,1,11,1010.31,1.76,12.80,7.77,8.19,
12:49:01,1790225341,2,9,1010.31,1.77,13.11,7.95,8.30,
12:49:02,1790225342,2,9,1010.31,1.74,13.04,8.14,8.42,
12:49:03,1790225343,2,9,1010.31,1.78,13.16,8.26,8.53,
12:49:04,1790225344,2,8,1010.31,1.78,13.29,8.38,8.65,
12:49:05,1790225345,2,8,1010.31,1.77,13.27,8.38,8.63,
12:49:06,1790225346,2,8,1010.31,1.76,13.26,8.38,8.63,
12:49:07,1790225347,2,8,1010.31,1.74,13.26,8.37,8.63,
12:49:09,1790225349,2,8,1010.31,1.74,13.26,8.36,8.63,
12:49:10,1790225350,2,7,1035.31,1.88,13.34,8.23,8.63,
12:49:11,1790225351,2,4,1752.75,1.15,14.39,8.23,8.63,
12:49:12,1790225352,2,4,1842.44,1.03,14.59,8.22,8.63,
12:49:13,1790225353,2,3,1800.06,0.89,14.75,8.22,8.63,
12:49:15,1790225355,2,4,1800.06,0.87,14.75,8.22,8.63,
12:49:16,1790225356,2,4,1792.06,0.87,14.75,8.22,8.63,
12:49:17,1790225357,2,4,1792.06,0.87,14.75,8.22,8.63,
12:49:18,1790225358,2,5,1792.06,0.89,14.47,8.22,8.63,
12:49:19,1790225359,2,5,1792.06,0.89,14.47,8.22,8.63,
12:49:20,1790225360,2,5,1784.06,1.03,14.47,8.22,8.63,
12:49:21,1790225361,2,5,1784.06,1.03,14.47,8.22,8.63,
12:49:23,1790225363,2,5,1784.06,1.03,14.47,8.22,8.63,
12:49:24,1790225364,1,12,1784.06,1.04,13.32,8.22,8.63,
12:49:25,1790225365,1,10,1784.06,1.35,13.32,8.22,8.63,
12:49:26,1790225366,2,9,1776.06,1.51,13.31,8.22,8.63,
12:49:27,1790225367,2,9,1752.06,1.54,13.32,8.22,8.63,
12:49:29,1790225369,2,9,1744.06,1.48,13.30,8.22,8.63,
12:49:30,1790225370,2,10,1744.06,1.46,13.30,8.22,8.63,
12:49:31,1790225371,2,10,1744.06,1.46,13.30,8.22,8.63,
12:49:32,1790225372,2,10,1744.06,1.45,13.30,8.22,8.63,
12:49:33,1790225373,2,10,1744.06,1.45,13.30,8.22,8.63,
12:49:34,1790225374,2,10,1736.06,1.41,13.30,8.22,8.63,
12:49:35,1790225375,2,10,1736.06,1.41,13.30,8.26,8.64,
12:49:37,1790225377,2,10,1728.06,1.41,13.30,8.26,8.64,
12:49:38,1790225378,2,10,1720.06,1.39,13.30,8.26,8.64,
12:49:39,1790225379,2,10,1720.06,1.39,13.30,8.26,8.64,
12:49:40,1790225380,2,10,1720.06,1.39,13.30,8.26,8.64,
12:49:41,1790225381,2,10,1712.06,1.39,13.30,8.26,8.64,
12:49:42,1790225382,1,12,1712.06,0.93,13.28,8.26,8.64,
12:49:44,1790225384,1,13,1712.06,0.92,13.28,8.26,8.64,
12:49:45,1790225385,1,12,1712.06,0.92,13.28,8.26,8.64,
12:49:46,1790225386,1,12,1712.06,0.92,13.28,8.26,8.64,
12:49:47,1790225387,1,13,1712.06,0.91,13.28,8.26,8.64,
12:49:48,1790225388,1,12,1712.06,0.91,13.28,8.26,8.64,
12:49:49,1790225389,1,13,1712.06,0.91,13.28,8.26,8.64,
12:49:50,1790225390,1,13,1712.06,0.91,13.28,8.26,8.64,
12:49:52,1790225392,1,13,1712.06,0.91,13.28,8.26,8.64,
12:49:53,1790225393,1,13,1712.06,0.91,13.28,8.26,8.64,
12:49:54,1790225394,1,13,1712.06,0.91,13.28,8.26,8.64,
12:49:55,1790225395,1,13,1680.06,0.92,13.28,8.26,8.64,
12:49:56,1790225396,1,13,1680.06,0.94,13.29,8.24,8.64,
12:49:57,1790225397,1,12,1680.06,0.95,13.34,8.24,8.64,
12:49:59,1790225399,1,13,1680.06,0.95,13.29,8.24,8.64,
12:50:00,1790225400,1,13,1680.06,0.95,13.28,8.24,8.64,
12:50:01,1790225401,1,13,1672.06,0.95,13.28,8.24,8.64,
12:50:02,1790225402,1,13,1672.06,0.95,13.29,8.24,8.64,
12:50:03,1790225403,1,13,1672.06,0.95,13.29,8.24,8.64,
12:50:04,1790225404,1,13,1664.06,0.94,13.29,8.24,8.64,
12:50:05,1790225405,1,13,1664.06,0.93,13.28,8.26,8.64,
12:50:07,1790225407,1,13,1664.06,0.93,13.28,8.26,8.64,
12:50:08,1790225408,1,13,1664.06,0.92,13.28,8.26,8.64,
12:50:09,1790225409,1,13,1664.06,0.92,13.28,8.26,8.64,
12:50:10,1790225410,1,13,1664.06,0.92,13.28,8.26,8.64,
12:50:11,1790225411,1,13,1664.06,0.92,13.28,8.26,8.64,
12:50:12,1790225412,1,13,1664.06,0.92,13.28,8.26,8.64,
12:50:14,1790225414,1,13,1664.06,0.92,13.28,8.26,8.64,
12:50:15,1790225415,1,13,1664.06,0.92,13.28,8.26,8.64,
12:50:16,1790225416,1,13,1664.06,0.92,13.28,8.26,8.64,
12:50:17,1790225417,1,13,1664.06,0.92,13.28,8.26,8.64,
12:50:18,1790225418,1,13,1664.06,0.92,13.28,8.26,8.64,
12:50:19,1790225419,1,13,1664.06,0.92,13.28,8.26,8.64,
12:50:20,1790225420,1,13,1664.06,0.92,13.28,8.26,8.64,
12:50:22,1790225422,1,13,1664.06,0.92,13.28,8.26,8.64,
12:50:23,1790225423,1,13,1664.06,0.92,13.28,8.26,8.64,
12:50:24,1790225424,1,13,1664.06,0.91,13.28,8.26,8.64,
12:50:25,1790225425,1,13,1664.06,0.90,13.28,8.26,8.64,
12:50:26,1790225426,1,13,1664.06,0.90,13.28,8.26,8.64,
12:50:27,1790225427,1,13,1664.06,0.90,13.28,8.26,8.64,
12:50:29,1790225429,1,13,1664.06,0.90,13.28,8.26,8.64,
12:50:30,1790225430,1,13,1656.06,0.90,13.28,8.26,8.64,
12:50:31,1790225431,1,13,1656.06,0.90,13.28,8.26,8.64,
12:50:32,1790225432,1,13,1656.06,0.90,13.28,8.26,8.64,
12:50:33,1790225433,1,13,1656.06,0.90,13.28,8.26,8.64,
12:50:34,1790225434,1,13,1656.06,0.90,13.28,8.26,8.64,
12:50:35,1790225435,1,13,1656.06,0.89,13.28,8.26,8.64,
12:50:37,1790225437,1,13,1656.06,0.89,13.28,8.26,8.64,
12:50:38,1790225438,1,13,1656.06,0.89,13.28,8.26,8.64,
12:50:39,1790225439,1,13,1656.06,0.89,13.28,8.26,8.64,
12:50:40,1790225440,1,13,1656.06,0.89,13.28,8.26,8.64,
12:50:41,1790225441,1,13,1656.06,0.89,13.28,8.26,8.64,
12:50:42,1790225442,1,13,1656.06,0.89,13.28,8.26,8.64,
12:50:44,1790225444,1,13,1656.06,0.89,13.28,8.26,8.64,
12:50:45,1790225445,1,13,1656.06,0.89,13.28,8.26,8.64,
12:50:46,1790225446,1,13,1656.06,0.89,13.28,8.26,8.64,
12:50:47,1790225447,1,13,1656.06,0.89,13.28,8.26,8.64,
12:50:48,1790225448,1,13,1656.06,0.89,13.27,8.26,8.64,
12:50:49,1790225449,1,13,1656.06,0.89,13.27,8.26,8.64,
12:50:51,1790225451,1,13,1656.06,0.89,13.27,8.26,8.64,
12:50:52,1790225452,1,13,1656.06,0.89,13.27,8.26,8.64,
12:50:53,1790225453,1,13,1656.06,0.89,13.27,8.26,8.64,
12:50:54,1790225454,1,13,1656.06,0.89,13.27,8.26,8.64,
12:50:55,1790225455,1,13,1656.06,0.89,13.27,8.26,8.64,
12:50:56,1790225456,1,13,1656.06,0.89,13.27,8.26,8.64,
12:50:57,1790225457,1,13,1656.06,0.89,13.27,8.26,8.64,
12:50:59,1790225459,1,13,1656.06,0.89,13.27,8.26,8.64,
12:51:00,1790225460,1,13,1648.06,0.92,13.27,8.25,8.64,
12:51:01,1790225461,2,5,1648.06,1.25,14.25,8.22,8.64,
12:51:02,1790225462,2,5,1733.69,1.16,14.40,8.22,8.64,
12:51:03,1790225463,2,5,1733.69,1.15,14.40,8.22,8.64,
12:51:04,1790225464,2,5,1733.69,1.14,14.39,8.22,8.64,
12:51:06,1790225466,2,5,1733.69,1.10,14.40,8.25,8.64,
12:51:07,1790225467,2,5,1733.69,1.09,14.37,8.25,8.64,
12:51:08,1790225468,2,5,1733.69,1.10,14.37,8.24,8.64,
12:51:09,1790225469,2,5,1733.69,1.11,14.37,8.24,8.64,
12:51:10,1790225470,2,4,1877.81,0.83,14.74,8.22,8.64,
12:51:12,1790225472,2,4,1861.81,0.82,14.74,8.22,8.64,
12:51:13,1790225473,2,4,1853.81,0.84,14.74,8.22,8.64,
12:51:14,1790225474,2,4,1853.81,0.84,14.74,8.22,8.64,
12:51:15,1790225475,2,4,1845.81,0.83,14.74,8.22,8.64,
12:51:16,1790225476,2,6,1845.81,0.85,14.47,8.22,8.64,
12:51:17,1790225477,2,5,1845.81,0.99,14.47,8.22,8.64,
12:51:19,1790225479,2,5,1829.81,0.98,14.47,8.22,8.64,
12:51:20,1790225480,2,5,1829.81,0.97,14.47,8.22,8.64,
12:51:21,1790225481,1,12,1829.81,1.01,13.32,8.22,8.64,
12:51:22,1790225482,1,12,1829.81,1.12,13.32,8.22,8.64,
12:51:23,1790225483,1,11,1829.81,1.16,13.31,8.22,8.64,
12:51:24,1790225484,1,11,1829.81,1.21,13.31,8.22,8.64,
12:51:26,1790225486,1,11,1829.81,1.25,13.31,8.22,8.64,
12:51:27,1790225487,1,11,1829.81,1.26,13.31,8.22,8.64,
12:51:28,1790225488,1,11,1829.81,1.25,13.29,8.22,8.64,
12:51:29,1790225489,1,11,1821.81,1.25,13.29,8.22,8.64,
12:51:30,1790225490,1,11,1821.81,1.27,13.29,8.22,8.64,
12:51:31,1790225491,1,11,1821.81,1.27,13.29,8.22,8.64,
12:51:33,1790225493,1,11,1821.81,1.29,13.29,8.22,8.64,
12:51:34,1790225494,1,11,1821.81,1.32,13.29,8.22,8.64,
12:51:35,1790225495,1,10,1821.81,1.35,13.29,8.22,8.64,
12:51:36,1790225496,1,10,1821.81,1.36,13.29,8.26,8.64,
12:51:37,1790225497,1,10,1821.81,1.37,13.29,8.26,8.64,
12:51:38,1790225498,1,10,1821.81,1.37,13.29,8.26,8.64,
12:51:39,1790225499,1,10,1821.81,1.37,13.29,8.26,8.64,
12:51:41,1790225501,1,10,1821.81,1.36,13.29,8.26,8.64,
12:51:42,1790225502,1,10,1821.81,1.36,13.29,8.26,8.64,
12:51:43,1790225503,1,13,1821.81,0.90,13.27,8.26,8.64,
12:51:44,1790225504,1,13,1821.81,0.90,13.27,8.26,8.64,
12:51:45,1790225505,1,13,1821.81,0.90,13.26,8.26,8.64,
12:51:46,1790225506,1,13,1821.81,0.90,13.26,8.26,8.64,
12:51:48,1790225508,1,13,1821.81,0.89,13.26,8.26,8.64,
12:51:49,1790225509,1,13,1821.81,0.89,13.26,8.26,8.64,
12:51:50,1790225510,1,13,1821.81,0.89,13.26,8.26,8.64,
12:51:51,1790225511,1,13,1821.81,0.89,13.26,8.26,8.64,
12:51:52,1790225512,1,13,1821.81,0.89,13.26,8.26,8.64,
12:51:53,1790225513,1,13,1821.81,0.88,13.26,8.26,8.64,
12:51:54,1790225514,1,13,1821.81,0.88,13.26,8.26,8.64,
12:51:56,1790225516,1,13,1821.81,0.88,13.26,8.26,8.64,
12:51:57,1790225517,1,13,1821.81,0.88,13.26,8.26,8.64,
12:51:58,1790225518,1,13,1821.81,0.88,13.26,8.26,8.64,
12:51:59,1790225519,1,13,1821.81,0.88,13.26,8.26,8.64,
12:52:00,1790225520,1,13,1821.81,0.87,13.26,8.26,8.64,
12:52:01,1790225521,1,13,1821.81,0.87,13.26,8.26,8.64,
12:52:02,1790225522,1,13,1821.81,0.87,13.26,8.26,8.64,
12:52:04,1790225524,1,13,1813.81,0.87,13.26,8.26,8.64,
12:52:05,1790225525,1,13,1813.81,0.87,13.26,8.26,8.64,
12:52:06,1790225526,1,13,1813.81,0.86,13.26,8.26,8.64,
12:52:07,1790225527,1,13,1813.81,0.86,13.26,8.26,8.64,
12:52:08,1790225528,1,13,1813.81,0.86,13.26,8.26,8.64,
12:52:09,1790225529,1,13,1813.81,0.86,13.26,8.26,8.64,
12:52:11,1790225531,1,13,1813.81,0.86,13.26,8.26,8.64,
12:52:12,1790225532,1,13,1813.81,0.86,13.26,8.26,8.64,
12:52:13,1790225533,1,13,1813.81,0.86,13.26,8.26,8.64,
12:52:14,1790225534,1,13,1813.81,0.85,13.26,8.26,8.64,
12:52:15,1790225535,1,13,1781.81,0.86,13.26,8.26,8.64,
12:52:16,1790225536,1,13,1781.81,0.86,13.26,8.26,8.64,
12:52:17,1790225537,1,13,1781.81,0.86,13.26,8.25,8.64,
12:52:19,1790225539,1,13,1781.81,0.87,13.26,8.25,8.64,
12:52:20,1790225540,1,13,1781.81,0.86,13.26,8.25,8.64,
12:52:21,1790225541,1,13,1781.81,0.86,13.26,8.25,8.64,
12:52:22,1790225542,1,13,1781.81,0.86,13.26,8.25,8.64,
12:52:23,1790225543,1,13,1781.81,0.86,13.26,8.25,8.64,
12:52:24,1790225544,1,13,1781.81,0.85,13.26,8.25,8.64,
12:52:26,1790225546,1,13,1781.81,0.85,13.26,8.25,8.64,
12:52:27,1790225547,1,13,1781.81,0.85,13.26,8.25,8.64,
12:52:28,1790225548,1,13,1781.81,0.85,13.26,8.25,8.64,
12:52:29,1790225549,1,13,1781.81,0.85,13.26,8.25,8.64,
12:52:30,1790225550,1,13,1781.81,0.85,13.26,8.25,8.64,
12:52:31,1790225551,1,13,1781.81,0.85,13.26,8.25,8.64,
12:52:32,1790225552,1,13,1781.81,0.85,13.26,8.25,8.64,
12:52:34,1790225554,1,13,1781.81,0.85,13.26,8.25,8.64,
12:52:35,1790225555,1,13,1781.81,0.84,13.26,8.26,8.64,
12:52:36,1790225556,1,13,1781.81,0.84,13.26,8.26,8.64,
12:52:37,1790225557,1,13,1781.81,0.84,13.26,8.26,8.64,
12:52:38,1790225558,1,13,1781.81,0.84,13.26,8.26,8.64,
12:52:39,1790225559,1,13,1781.81,0.84,13.26,8.26,8.64,
12:52:41,1790225561,1,13,1781.81,0.84,13.26,8.26,8.64,
12:52:42,1790225562,1,14,1781.81,0.83,13.26,8.26,8.64,
12:52:43,1790225563,1,13,1781.81,0.83,13.26,8.26,8.64,
12:52:44,1790225564,1,13,1781.81,0.83,13.26,8.26,8.64,
12:52:45,1790225565,1,14,1781.81,0.82,13.26,8.26,8.64,
12:52:46,1790225566,1,14,1781.81,0.82,13.26,8.26,8.64,
12:52:47,1790225567,1,14,1781.81,0.83,13.25,8.26,8.64,
12:52:49,1790225569,1,14,1781.81,0.82,13.25,8.26,8.64,
12:52:50,1790225570,1,14,1773.81,0.83,13.25,8.26,8.64,
12:52:51,1790225571,1,14,1773.81,0.83,13.25,8.26,8.64,
12:52:52,1790225572,1,14,1773.81,0.82,13.25,8.26,8.64,
12:52:53,1790225573,1,13,1773.81,0.84,13.25,8.25,8.64,
12:52:54,1790225574,1,13,1765.81,0.85,13.25,8.25,8.64,
12:52:56,1790225576,1,13,1765.81,0.85,13.25,8.25,8.64,
12:52:57,1790225577,1,13,1765.81,0.85,13.25,8.25,8.64,
12:52:58,1790225578,1,14,1765.81,0.85,13.25,8.25,8.64,
12:52:59,1790225579,1,14,1765.81,0.84,13.25,8.25,8.64,
12:53:00,1790225580,1,14,1765.81,0.84,13.25,8.25,8.64,
12:53:01,1790225581,1,14,1765.81,0.84,13.25,8.25,8.64,
12:53:03,1790225583,1,14,1765.81,0.84,13.25,8.25,8.64,
12:53:04,1790225584,1,14,1765.81,0.84,13.25,8.25,8.64,
12:53:05,1790225585,1,14,1765.81,0.83,13.25,8.26,8.64,
12:53:06,1790225586,1,14,1765.81,0.83,13.25,8.26,8.64,
12:53:07,1790225587,1,14,1765.81,0.83,13.25,8.26,8.64,
12:53:08,1790225588,1,14,1765.81,0.83,13.25,8.26,8.64,
12:53:09,1790225589,1,14,1765.81,0.83,13.25,8.26,8.64,
12:53:11,1790225591,1,14,1765.81,0.83,13.25,8.26,8.64,
12:53:12,1790225592,1,14,1765.81,0.83,13.25,8.26,8.64,
12:53:13,1790225593,1,14,1757.81,0.83,13.25,8.26,8.64,
12:53:14,1790225594,1,14,1757.81,0.83,13.25,8.26,8.64,
12:53:15,1790225595,1,14,1757.81,0.82,13.25,8.26,8.64,
12:53:16,1790225596,1,14,1757.81,0.82,13.25,8.26,8.64,
12:53:18,1790225598,1,14,1757.81,0.82,13.25,8.26,8.64,
12:53:19,1790225599,1,14,1757.81,0.82,13.25,8.26,8.64,
12:53:20,1790225600,1,14,1757.81,0.82,13.25,8.26,8.64,
12:53:21,1790225601,1,14,1757.81,0.82,13.25,8.26,8.64,
12:53:22,1790225602,1,14,1757.81,0.82,13.25,8.26,8.64,
12:53:23,1790225603,1,14,1757.81,0.82,13.25,8.26,8.64,
12:53:24,1790225604,1,14,1757.81,0.82,13.25,8.26,8.64,
12:53:26,1790225606,1,14,1757.81,0.82,13.25,8.26,8.64,
12:53:27,1790225607,1,14,1757.81,0.82,13.25,8.26,8.64,
12:53:28,1790225608,1,14,1757.81,0.82,13.25,8.26,8.64,
12:53:29,1790225609,1,14,1757.81,0.82,13.25,8.26,8.64,
12:53:30,1790225610,1,12,1757.81,0.86,13.52,8.25,8.64,
12:53:31,1790225611,1,12,1757.81,0.86,13.50,8.25,8.64,
12:53:33,1790225613,1,12,1757.81,0.86,13.50,8.25,8.64,
12:53:34,1790225614,1,12,1749.81,0.86,13.50,8.25,8.64,
12:53:35,1790225615,1,12,1749.81,0.85,13.50,8.26,8.64,
12:53:36,1790225616,1,12,1749.81,0.84,13.50,8.26,8.64,
12:53:37,1790225617,1,12,1749.81,0.84,13.49,8.26,8.64,
12:53:38,1790225618,1,12,1749.81,0.84,13.49,8.26,8.64,
12:53:40,1790225620,1,12,1749.81,0.84,13.49,8.26,8.64,
12:53:41,1790225621,1,14,1749.81,0.84,13.27,8.26,8.64,
12:53:42,1790225622,1,13,1749.81,0.84,13.27,8.26,8.64,
12:53:43,1790225623,1,14,1749.81,0.84,13.27,8.26,8.64,
12:53:44,1790225624,1,14,1749.81,0.84,13.27,8.26,8.64,
12:53:45,1790225625,1,14,1749.81,0.84,13.27,8.26,8.64,
12:53:47,1790225627,1,11,1741.81,0.92,13.54,8.25,8.64,
12:53:48,1790225628,1,11,1741.81,0.93,13.54,8.25,8.64,
12:53:49,1790225629,1,11,1741.81,0.94,13.58,8.25,8.64,
12:53:50,1790225630,1,13,1741.81,0.94,13.28,8.25,8.64,
12:53:51,1790225631,1,13,1741.81,0.94,13.27,8.25,8.64,
12:53:52,1790225632,1,13,1741.81,0.94,13.27,8.25,8.64,
12:53:53,1790225633,1,13,1741.81,0.94,13.27,8.25,8.64,
12:53:55,1790225635,1,13,1741.81,0.93,13.25,8.25,8.64,
12:53:56,1790225636,1,13,1741.81,0.93,13.25,8.25,8.64,
12:53:57,1790225637,1,13,1741.81,0.93,13.25,8.25,8.64,
12:53:58,1790225638,1,13,1741.81,0.93,13.25,8.25,8.64,
12:53:59,1790225639,1,13,1741.81,0.93,13.25,8.25,8.64,
12:54:00,1790225640,1,13,1741.81,0.92,13.25,8.25,8.64,
12:54:02,1790225642,1,13,1741.81,0.92,13.25,8.25,8.64,
12:54:03,1790225643,1,13,1741.81,0.92,13.25,8.25,8.64,
12:54:04,1790225644,1,13,1725.81,0.92,13.26,8.26,8.64,
12:54:05,1790225645,1,13,1725.81,0.92,13.26,8.26,8.64,
12:54:06,1790225646,1,13,1725.81,0.92,13.26,8.26,8.64,
12:54:07,1790225647,1,13,1725.81,0.92,13.26,8.26,8.64,
12:54:08,1790225648,1,13,1725.81,0.92,13.26,8.26,8.64,
12:54:10,1790225650,1,13,1725.81,0.92,13.26,8.26,8.64,
12:54:11,1790225651,1,13,1725.81,0.91,13.26,8.26,8.64,
12:54:12,1790225652,1,13,1725.81,0.91,13.26,8.26,8.64,
12:54:13,1790225653,1,13,1725.81,0.91,13.26,8.26,8.64,
12:54:14,1790225654,1,13,1725.81,0.91,13.26,8.26,8.64,
12:54:15,1790225655,1,13,1725.81,0.91,13.26,8.26,8.64,
12:54:17,1790225657,1,13,1725.81,0.91,13.26,8.26,8.64,
12:54:18,1790225658,1,13,1725.81,0.91,13.26,8.26,8.64,
12:54:19,1790225659,1,13,1725.81,0.91,13.26,8.26,8.64,
12:54:20,1790225660,1,13,1725.81,0.92,13.31,8.26,8.64,
12:54:21,1790225661,1,12,1693.81,1.03,13.41,8.24,8.64,
12:54:22,1790225662,1,12,1685.81,1.04,13.28,8.24,8.64,
12:54:24,1790225664,1,12,1685.81,1.03,13.28,8.24,8.64,
12:54:25,1790225665,1,12,1685.81,1.02,13.28,8.24,8.64,
12:54:26,1790225666,1,12,1685.81,1.02,13.28,8.24,8.64,
12:54:27,1790225667,1,13,1685.81,1.02,13.26,8.24,8.64,
12:54:28,1790225668,1,13,1685.81,1.02,13.26,8.24,8.64,
12:54:29,1790225669,1,13,1685.81,1.01,13.26,8.24,8.64,
12:54:30,1790225670,1,13,1685.81,1.01,13.26,8.24,8.64,
12:54:32,1790225672,1,13,1685.81,1.01,13.26,8.24,8.64,
12:54:33,1790225673,1,13,1685.81,1.01,13.26,8.24,8.64,
12:54:34,1790225674,1,13,1685.81,1.00,13.26,8.26,8.64,
12:54:35,1790225675,1,13,1685.81,1.00,13.26,8.26,8.64,
12:54:36,1790225676,1,13,1685.81,1.01,13.26,8.26,8.64,
12:54:37,1790225677,1,13,1685.81,1.01,13.28,8.26,8.64,
12:54:39,1790225679,1,13,1685.81,1.01,13.28,8.26,8.64,
12:54:40,1790225680,1,13,1685.81,1.01,13.28,8.26,8.64,
12:54:41,1790225681,1,13,1685.81,1.00,13.28,8.26,8.64,
12:54:42,1790225682,1,13,1685.81,1.00,13.26,8.26,8.64,
12:54:43,1790225683,1,13,1685.81,1.00,13.26,8.26,8.64,
12:54:44,1790225684,1,13,1685.81,1.00,13.26,8.26,8.64,
12:54:45,1790225685,1,13,1685.81,0.99,13.26,8.26,8.64,
12:54:47,1790225687,1,13,1685.81,0.99,13.26,8.26,8.64,
12:54:48,1790225688,1,13,1685.81,0.99,13.26,8.26,8.64,
12:54:49,1790225689,1,13,1685.81,0.96,13.26,8.26,8.64,
12:54:50,1790225690,1,10,1685.81,1.12,13.66,8.23,8.64,
12:54:51,1790225691,2,5,1738.94,1.21,14.39,8.23,8.64,
12:54:52,1790225692,2,4,1817.75,0.88,14.73,8.22,8.64,
12:54:54,1790225694,2,3,1873.19,0.87,14.88,8.22,8.64,
12:54:55,1790225695,2,3,1857.19,0.85,14.89,8.22,8.64,
12:54:56,1790225696,2,3,1865.12,0.84,14.89,8.22,8.64,
12:54:57,1790225697,2,5,1857.12,0.85,14.62,8.22,8.64,
12:54:58,1790225698,2,4,1857.12,1.01,14.61,8.22,8.64,
12:55:00,1790225700,2,5,1857.12,1.03,14.47,8.22,8.64,
12:55:01,1790225701,2,5,1825.12,1.12,14.47,8.22,8.64,
12:55:02,1790225702,2,5,1825.12,1.10,14.47,8.22,8.64,
12:55:03,1790225703,1,12,1825.12,1.10,13.31,8.22,8.64,
12:55:04,1790225704,1,12,1825.12,1.06,13.31,8.22,8.64,
12:55:05,1790225705,1,11,1825.12,1.25,13.31,8.26,8.64,
12:55:07,1790225707,1,11,1825.12,1.29,13.31,8.26,8.64,
12:55:08,1790225708,1,11,1825.12,1.29,13.29,8.26,8.64,
12:55:09,1790225709,1,11,1825.12,1.28,13.29,8.26,8.64,
12:55:10,1790225710,1,11,1825.12,1.30,13.29,8.24,8.64,
12:55:11,1790225711,1,10,1825.12,1.36,13.31,8.24,8.64,
12:55:12,1790225712,1,10,1825.12,1.41,13.31,8.24,8.64,
12:55:14,1790225714,1,10,1825.12,1.46,13.31,8.23,8.64,
12:55:15,1790225715,1,10,1825.12,1.46,13.31,8.23,8.64,
12:55:16,1790225716,1,10,1825.12,1.46,13.29,8.23,8.64,
12:55:17,1790225717,1,10,1825.12,1.45,13.29,8.23,8.64,
12:55:18,1790225718,1,10,1825.12,1.45,13.29,8.23,8.64,
12:55:19,1790225719,1,10,1825.12,1.45,13.29,8.23,8.64,
12:55:21,1790225721,1,10,1825.12,1.45,13.29,8.23,8.64,
12:55:22,1790225722,1,10,1825.12,1.45,13.29,8.23,8.64,
12:55:23,1790225723,1,12,1825.12,0.99,13.27,8.23,8.64,
12:55:24,1790225724,1,12,1825.12,0.99,13.27,8.23,8.64,
12:55:25,1790225725,1,12,1825.12,0.96,13.27,8.23,8.64,
12:55:26,1790225726,1,13,1825.12,0.96,13.27,8.23,8.64,
12:55:27,1790225727,1,13,1825.12,0.94,13.29,8.23,8.64,
12:55:29,1790225729,1,13,1825.12,0.93,13.29,8.23,8.64,
12:55:30,1790225730,1,13,1825.12,0.93,13.29,8.23,8.64,
12:55:31,1790225731,1,13,1825.12,0.93,13.29,8.23,8.64,
12:55:32,1790225732,1,13,1825.12,0.92,13.29,8.23,8.64,
12:55:33,1790225733,1,13,1825.12,0.92,13.27,8.23,8.64,
12:55:34,1790225734,1,13,1825.12,0.90,13.27,8.26,8.64,
12:55:36,1790225736,1,13,1817.12,0.90,13.29,8.26,8.64,
12:55:37,1790225737,1,13,1809.12,0.90,13.29,8.26,8.64,
12:55:38,1790225738,1,13,1809.12,0.91,13.29,8.25,8.64,
12:55:39,1790225739,1,13,1801.12,0.92,13.29,8.24,8.64,
12:55:40,1790225740,1,13,1801.12,0.92,13.29,8.24,8.64,
12:55:41,1790225741,1,13,1801.12,0.92,13.29,8.24,8.64,
12:55:42,1790225742,1,13,1801.12,0.92,13.27,8.24,8.64,
12:55:44,1790225744,1,13,1801.12,0.92,13.27,8.24,8.64,
12:55:45,1790225745,1,13,1801.12,0.91,13.27,8.24,8.64,
12:55:46,1790225746,1,13,1801.12,0.90,13.26,8.24,8.64,
12:55:47,1790225747,1,13,1801.12,0.90,13.28,8.24,8.64,
12:55:48,1790225748,1,13,1801.12,0.90,13.28,8.24,8.64,
12:55:49,1790225749,1,13,1801.12,0.90,13.27,8.24,8.64,
12:55:51,1790225751,1,13,1801.12,0.90,13.27,8.24,8.64,
12:55:52,1790225752,1,13,1801.12,0.90,13.27,8.24,8.64,
12:55:53,1790225753,1,13,1801.12,0.90,13.27,8.24,8.64,
12:55:54,1790225754,1,13,1801.12,0.90,13.27,8.24,8.64,
12:55:55,1790225755,1,13,1801.12,0.90,13.27,8.24,8.64,
12:55:56,1790225756,1,13,1801.12,0.90,13.27,8.24,8.64,
12:55:58,1790225758,1,13,1801.12,0.90,13.27,8.24,8.64,
12:55:59,1790225759,1,13,1801.12,0.89,13.27,8.24,8.64,
12:56:00,1790225760,1,13,1793.12,0.89,13.27,8.24,8.64,
12:56:01,1790225761,1,13,1793.12,0.89,13.27,8.24,8.64,
12:56:02,1790225762,1,13,1793.12,0.89,13.27,8.24,8.64,
12:56:03,1790225763,1,13,1793.12,0.89,13.27,8.24,8.64,
12:56:04,1790225764,1,13,1793.12,0.88,13.27,8.26,8.64,
12:56:06,1790225766,1,13,1793.12,0.88,13.27,8.26,8.64,
12:56:07,1790225767,1,13,1793.12,0.89,13.27,8.26,8.64,
12:56:08,1790225768,1,13,1793.12,0.89,13.27,8.26,8.64,
12:56:09,1790225769,1,13,1793.12,0.89,13.27,8.26,8.64,
12:56:10,1790225770,1,13,1793.12,0.89,13.27,8.26,8.64,
12:56:11,1790225771,1,13,1793.12,0.89,13.27,8.26,8.64,
12:56:13,1790225773,1,13,1793.12,0.89,13.27,8.26,8.64,
12:56:14,1790225774,1,13,1793.12,0.89,13.27,8.26,8.64,
12:56:15,1790225775,1,13,1793.12,0.89,13.27,8.26,8.64,
12:56:16,1790225776,1,13,1793.12,0.89,13.26,8.26,8.64,
12:56:17,1790225777,1,13,1793.12,0.89,13.26,8.26,8.64,
12:56:18,1790225778,1,13,1793.12,0.89,13.26,8.26,8.64,
12:56:19,1790225779,1,13,1793.12,0.89,13.26,8.26,8.64,
12:56:21,1790225781,1,13,1793.12,0.89,13.26,8.26,8.64,
12:56:22,1790225782,1,13,1793.12,0.89,13.26,8.26,8.64,
12:56:23,1790225783,1,13,1793.12,0.90,13.26,8.26,8.64,
12:56:24,1790225784,1,13,1793.12,0.90,13.26,8.26,8.64,
12:56:25,1790225785,1,13,1793.12,0.90,13.26,8.26,8.64,
12:56:26,1790225786,1,13,1793.12,0.91,13.26,8.26,8.64,
12:56:28,1790225788,1,13,1793.12,0.91,13.26,8.26,8.64,
12:56:29,1790225789,1,13,1793.12,0.91,13.26,8.25,8.64,
12:56:30,1790225790,1,13,1793.12,0.91,13.27,8.24,8.64,
12:56:31,1790225791,1,13,1793.12,0.91,13.27,8.24,8.64,
12:56:32,1790225792,1,13,1793.12,0.91,13.27,8.24,8.64,
12:56:33,1790225793,1,13,1793.12,0.91,13.27,8.24,8.64,
12:56:35,1790225795,1,13,1793.12,0.90,13.27,8.26,8.64,
12:56:36,1790225796,1,13,1793.12,0.90,13.27,8.26,8.64,
12:56:37,1790225797,1,13,1793.12,0.90,13.27,8.26,8.64,
12:56:38,1790225798,1,13,1793.12,0.90,13.26,8.26,8.64,
12:56:39,1790225799,1,13,1793.12,0.90,13.26,8.26,8.64,
12:56:40,1790225800,1,13,1793.12,0.90,13.26,8.26,8.64,
12:56:41,1790225801,1,13,1793.12,0.90,13.26,8.26,8.64,
12:56:43,1790225803,1,13,1793.12,0.90,13.26,8.26,8.64,
12:56:44,1790225804,1,13,1793.12,0.90,13.26,8.26,8.64,
12:56:45,1790225805,1,13,1793.12,0.90,13.26,8.26,8.64,
12:56:46,1790225806,1,13,1793.12,0.90,13.26,8.26,8.64,
12:56:47,1790225807,1,13,1793.12,0.90,13.26,8.26,8.64,
12:56:48,1790225808,1,13,1793.12,0.89,13.26,8.26,8.64,
12:56:50,1790225810,1,13,1793.12,0.88,13.26,8.26,8.64,
12:56:51,1790225811,1,13,1793.12,0.88,13.26,8.26,8.64,
12:56:52,1790225812,1,13,1793.12,0.89,13.26,8.26,8.64,
12:56:53,1790225813,1,13,1793.12,0.89,13.26,8.26,8.64,
12:56:54,1790225814,1,13,1793.12,0.89,13.26,8.26,8.64,
12:56:55,1790225815,1,13,1793.12,0.89,13.26,8.26,8.64,
12:56:56,1790225816,1,13,1793.12,0.89,13.26,8.26,8.64,
12:56:58,1790225818,1,13,1793.12,0.89,13.26,8.26,8.64,
12:56:59,1790225819,1,13,1793.12,0.89,13.26,8.26,8.64,
12:57:00,1790225820,1,13,1793.12,0.89,13.26,8.26,8.64,
12:57:01,1790225821,1,13,1793.12,0.89,13.26,8.26,8.64,
12:57:02,1790225822,1,13,1793.12,0.88,13.26,8.26,8.64,
12:57:03,1790225823,1,13,1793.12,0.88,13.26,8.26,8.64,
12:57:05,1790225825,1,13,1793.12,0.88,13.26,8.26,8.64,
12:57:06,1790225826,1,13,1793.12,0.88,13.26,8.26,8.64,
12:57:07,1790225827,1,13,1785.12,0.88,13.26,8.26,8.64,
12:57:08,1790225828,1,13,1785.12,0.88,13.26,8.26,8.64,
12:57:09,1790225829,1,13,1785.12,0.88,13.26,8.26,8.64,
12:57:10,1790225830,1,13,1785.12,0.88,13.26,8.26,8.64,
12:57:12,1790225832,1,13,1785.12,0.89,13.26,8.26,8.64,
12:57:13,1790225833,1,13,1785.12,0.89,13.26,8.26,8.64,
12:57:14,1790225834,1,13,1785.12,0.89,13.26,8.26,8.64,
12:57:15,1790225835,1,13,1785.12,0.89,13.26,8.26,8.64,
12:57:16,1790225836,1,13,1785.12,0.89,13.26,8.26,8.64,
12:57:17,1790225837,1,13,1785.12,0.89,13.26,8.26,8.64,
12:57:18,1790225838,1,13,1785.12,0.89,13.26,8.26,8.64,
12:57:20,1790225840,1,13,1785.12,0.89,13.26,8.26,8.64,
12:57:21,1790225841,1,13,1785.12,0.89,13.26,8.26,8.64,
12:57:22,1790225842,1,13,1785.12,0.89,13.26,8.26,8.64,
12:57:23,1790225843,1,13,1785.12,0.89,13.26,8.26,8.64,
12:57:24,1790225844,1,13,1785.12,0.89,13.26,8.26,8.64,
12:57:25,1790225845,1,13,1785.12,0.89,13.26,8.26,8.64,
12:57:27,1790225847,1,13,1785.12,0.89,13.26,8.26,8.64,
12:57:28,1790225848,1,13,1785.12,0.89,13.26,8.26,8.64,
12:57:29,1790225849,1,13,1785.12,0.89,13.26,8.26,8.64,
12:57:30,1790225850,1,13,1785.12,0.89,13.26,8.26,8.64,
12:57:31,1790225851,1,13,1785.12,0.89,13.30,8.26,8.64,
12:57:32,1790225852,1,13,1785.12,0.89,13.30,8.26,8.64,
12:57:33,1790225853,1,13,1785.12,0.89,13.26,8.26,8.64,
12:57:35,1790225855,1,13,1785.12,0.89,13.26,8.26,8.64,
12:57:36,1790225856,1,13,1785.12,0.89,13.26,8.26,8.64,
12:57:37,1790225857,1,13,1785.12,0.89,13.26,8.26,8.64,
12:57:38,1790225858,1,13,1785.12,0.89,13.26,8.26,8.64,
12:57:39,1790225859,1,13,1777.12,0.89,13.26,8.26,8.64,
12:57:40,1790225860,1,13,1777.12,0.89,13.26,8.26,8.64,
12:57:42,1790225862,1,13,1777.12,0.89,13.26,8.26,8.64,
12:57:43,1790225863,1,13,1777.12,0.89,13.26,8.26,8.64,
12:57:44,1790225864,1,13,1777.12,0.89,13.26,8.26,8.64,
12:57:45,1790225865,1,13,1777.12,0.89,13.26,8.26,8.64,
12:57:46,1790225866,1,13,1777.12,0.89,13.26,8.26,8.64,
12:57:47,1790225867,1,13,1777.12,0.89,13.26,8.26,8.64,
12:57:48,1790225868,1,13,1777.12,0.89,13.26,8.26,8.64,
12:57:50,1790225870,1,13,1777.12,0.89,13.26,8.26,8.64,
12:57:51,1790225871,1,13,1777.12,0.89,13.26,8.26,8.64,
12:57:52,1790225872,1,13,1777.12,0.89,13.26,8.26,8.64,
12:57:53,1790225873,1,13,1777.12,0.89,13.26,8.26,8.64,
12:57:54,1790225874,1,8,1617.12,1.22,13.84,8.22,8.64,
12:57:56,1790225876,2,8,1601.12,1.21,13.88,8.22,8.64,
12:57:57,1790225877,2,8,1601.12,1.18,13.87,8.22,8.64,
12:57:58,1790225878,2,8,1601.12,1.19,13.87,8.22,8.64,
12:57:59,1790225879,2,8,1593.12,1.21,13.81,8.22,8.64,
12:58:00,1790225880,2,8,1585.12,1.21,13.89,8.22,8.64,
12:58:01,1790225881,2,8,1585.12,1.20,13.88,8.22,8.64,
12:58:03,1790225883,2,8,1577.12,1.21,13.88,8.22,8.64,
12:58:04,1790225884,2,8,1577.12,1.20,13.88,8.22,8.64,
12:58:05,1790225885,2,8,1577.12,1.21,13.82,8.22,8.64,
12:58:06,1790225886,2,10,1577.12,1.25,13.44,8.22,8.64,
12:58:07,1790225887,1,10,1569.12,1.21,13.49,8.26,8.64,
12:58:08,1790225888,1,10,1569.12,1.21,13.49,8.26,8.64,
12:58:10,1790225890,1,10,1569.12,1.21,13.44,8.24,8.64,
12:58:11,1790225891,1,10,1569.12,1.20,13.44,8.24,8.64,
12:58:12,1790225892,1,10,1569.12,1.18,13.44,8.24,8.64,
12:58:13,1790225893,1,10,1569.12,1.18,13.44,8.23,8.64,
12:58:14,1790225894,1,10,1569.12,1.18,13.44,8.23,8.64,
12:58:15,1790225895,1,11,1569.12,1.17,13.44,8.23,8.64,
12:58:16,1790225896,1,11,1569.12,1.15,13.44,8.23,8.64,
12:58:18,1790225898,1,11,1569.12,1.15,13.44,8.23,8.64,
12:58:19,1790225899,1,11,1569.12,1.15,13.44,8.23,8.64,
12:58:20,1790225900,1,11,1569.12,1.14,13.44,8.23,8.64,
12:58:21,1790225901,1,11,1569.12,1.14,13.44,8.23,8.64,
12:58:22,1790225902,1,11,1569.12,1.14,13.44,8.23,8.64,
12:58:23,1790225903,1,11,1569.12,1.14,13.44,8.23,8.64,
12:58:25,1790225905,1,11,1569.12,1.14,13.44,8.23,8.64,
12:58:26,1790225906,1,11,1569.12,1.14,13.44,8.23,8.64,
12:58:27,1790225907,1,11,1569.12,1.14,13.44,8.23,8.64,
12:58:28,1790225908,1,11,1569.12,1.14,13.44,8.23,8.64,
12:58:29,1790225909,1,11,1569.12,1.14,13.44,8.23,8.64,
12:58:30,1790225910,1,11,1569.12,1.13,13.42,8.23,8.64,
12:58:32,1790225912,1,11,1569.12,1.13,13.42,8.23,8.64,
12:58:33,1790225913,1,10,1569.12,1.21,13.42,8.23,8.64,
12:58:34,1790225914,1,10,1569.12,1.21,13.42,8.23,8.64,
12:58:35,1790225915,1,10,1569.12,1.20,13.42,8.23,8.64,
12:58:36,1790225916,1,11,1569.12,1.19,13.42,8.26,8.64,
12:58:37,1790225917,1,11,1569.12,1.19,13.42,8.26,8.64,
12:58:38,1790225918,1,11,1569.12,1.19,13.42,8.26,8.64,
12:58:40,1790225920,1,11,1569.12,1.19,13.42,8.26,8.64,
12:58:41,1790225921,1,11,1569.12,1.19,13.42,8.26,8.64,
12:58:42,1790225922,1,11,1561.12,1.18,13.42,8.26,8.64,
12:58:43,1790225923,1,11,1561.12,1.18,13.42,8.26,8.64,
12:58:44,1790225924,1,11,1561.12,1.18,13.42,8.26,8.64,
12:58:45,1790225925,1,11,1561.12,1.17,13.42,8.26,8.64,
12:58:47,1790225927,1,11,1561.12,1.17,13.42,8.26,8.64,
12:58:48,1790225928,1,11,1561.12,1.17,13.42,8.26,8.64,
12:58:49,1790225929,1,11,1561.12,1.17,13.42,8.26,8.64,
12:58:50,1790225930,1,11,1561.12,1.17,13.42,8.26,8.64,
12:58:51,1790225931,1,11,1561.12,1.17,13.42,8.26,8.64,
12:58:52,1790225932,1,11,1561.12,1.17,13.42,8.26,8.64,
12:58:54,1790225934,1,11,1561.12,1.17,13.42,8.26,8.64,
12:58:55,1790225935,1,11,1561.12,1.17,13.42,8.26,8.64,
12:58:56,1790225936,1,11,1561.12,1.16,13.42,8.26,8.64,
12:58:57,1790225937,1,11,1561.12,1.16,13.42,8.26,8.64,
12:58:58,1790225938,1,11,1561.12,1.16,13.42,8.26,8.64,
12:58:59,1790225939,1,11,1561.12,1.16,13.42,8.26,8.64,
12:59:00,1790225940,1,10,1561.12,1.18,13.48,8.23,8.64,
12:59:02,1790225942,1,10,1561.12,1.18,13.47,8.23,8.64,
12:59:03,1790225943,1,11,1561.12,1.17,13.42,8.23,8.64,
12:59:04,1790225944,1,11,1553.12,1.17,13.42,8.23,8.64,
12:59:05,1790225945,1,11,1553.12,1.17,13.42,8.23,8.64,
12:59:06,1790225946,1,11,1553.12,1.16,13.42,8.26,8.64,
12:59:07,1790225947,1,11,1553.12,1.15,13.42,8.26,8.64,
12:59:09,1790225949,1,11,1553.12,1.15,13.42,8.26,8.64,
12:59:10,1790225950,1,11,1553.12,1.15,13.42,8.26,8.64,
12:59:11,1790225951,1,11,1553.12,1.15,13.42,8.26,8.64,
12:59:12,1790225952,1,11,1553.12,1.15,13.42,8.26,8.64,
12:59:13,1790225953,1,11,1553.12,1.15,13.42,8.26,8.64,
12:59:14,1790225954,1,11,1553.12,1.15,13.42,8.26,8.64,
12:59:15,1790225955,1,11,1553.12,1.15,13.42,8.26,8.64,
12:59:17,1790225957,1,11,1553.12,1.15,13.42,8.26,8.64,
12:59:18,1790225958,1,11,1553.12,1.15,13.42,8.26,8.64,
12:59:19,1790225959,1,11,1553.12,1.15,13.42,8.26,8.64,
12:59:20,1790225960,1,11,1553.12,1.15,13.42,8.26,8.64,
12:59:21,1790225961,1,11,1553.12,1.15,13.42,8.26,8.64,
12:59:22,1790225962,1,11,1553.12,1.15,13.42,8.26,8.64,
12:59:24,1790225964,1,11,1553.12,1.18,13.42,8.26,8.64,
12:59:25,1790225965,1,11,1553.12,1.18,13.42,8.26,8.64,
12:59:26,1790225966,1,11,1545.12,1.18,13.42,8.26,8.64,
12:59:27,1790225967,1,11,1545.12,1.18,13.42,8.26,8.64,
12:59:28,1790225968,1,11,1545.12,1.18,13.42,8.26,8.64,
12:59:29,1790225969,1,11,1545.12,1.18,13.42,8.26,8.64,
12:59:30,1790225970,1,11,1545.12,1.18,13.42,8.26,8.64,
12:59:32,1790225972,1,11,1545.12,1.18,13.42,8.26,8.64,
12:59:33,1790225973,1,11,1545.12,1.18,13.42,8.26,8.64,
12:59:34,1790225974,1,11,1545.12,1.18,13.42,8.26,8.64,
12:59:35,1790225975,1,11,1545.12,1.18,13.42,8.26,8.64,
12:59:36,1790225976,1,11,1545.12,1.18,13.42,8.26,8.64,
12:59:37,1790225977,1,11,1545.12,1.18,13.42,8.26,8.64,
12:59:39,1790225979,1,11,1545.12,1.18,13.42,8.26,8.64,
12:59:40,1790225980,1,11,1545.12,1.18,13.42,8.26,8.64,
12:59:41,1790225981,1,11,1545.12,1.18,13.42,8.26,8.64,
12:59:42,1790225982,1,11,1545.12,1.17,13.42,8.26,8.64,
12:59:43,1790225983,1,11,1545.12,1.17,13.42,8.26,8.64,
12:59:44,1790225984,1,11,1545.12,1.17,13.42,8.26,8.64,
12:59:46,1790225986,1,11,1545.12,1.17,13.42,8.26,8.64,
12:59:47,1790225987,1,11,1545.12,1.17,13.42,8.26,8.64,
12:59:48,1790225988,1,11,1545.12,1.17,13.42,8.26,8.64,
12:59:49,1790225989,1,11,1545.12,1.17,13.42,8.26,8.64,
12:59:50,1790225990,1,11,1545.12,1.17,13.42,8.26,8.64,
12:59:51,1790225991,1,11,1545.12,1.17,13.42,8.26,8.64,
12:59:52,1790225992,1,11,1537.12,1.17,13.42,8.26,8.64,
12:59:54,1790225994,1,11,1537.12,1.17,13.42,8.26,8.64,
12:59:55,1790225995,1,11,1537.12,1.16,13.42,8.26,8.64,
12:59:56,1790225996,1,11,1537.12,1.16,13.42,8.26,8.64,
12:59:57,1790225997,1,11,1537.12,1.16,13.42,8.26,8.64,
12:59:58,1790225998,1,11,1537.12,1.16,13.42,8.26,8.64,
12:59:59,1790225999,1,11,1537.12,1.16,13.42,8.26,8.64,
13:00:00,1790226000,1,10,1529.12,1.18,13.54,8.26,8.64,
13:00:02,1790226002,1,10,1529.12,1.18,13.46,8.26,8.64,
13:00:03,1790226003,1,11,1529.12,1.18,13.42,8.26,8.64,
13:00:04,1790226004,1,11,1529.12,1.18,13.42,8.26,8.64,
13:00:05,1790226005,1,11,1529.12,1.18,13.42,8.26,8.64,
13:00:06,1790226006,1,11,1529.12,1.18,13.42,8.26,8.64,
13:00:07,1790226007,1,11,1529.12,1.18,13.42,8.26,8.64,
13:00:09,1790226009,1,11,1529.12,1.18,13.42,8.26,8.64,
13:00:10,1790226010,1,11,1529.12,1.18,13.42,8.26,8.64,
13:00:11,1790226011,1,11,1529.12,1.18,13.42,8.26,8.64,
13:00:12,1790226012,1,11,1529.12,1.18,13.42,8.26,8.64,
13:00:13,1790226013,1,11,1529.12,1.17,13.42,8.26,8.64,
13:00:14,1790226014,1,11,1529.12,1.17,13.42,8.26,8.64,
13:00:15,1790226015,1,11,1529.12,1.17,13.42,8.26,8.64,
13:00:17,1790226017,1,11,1529.12,1.17,13.42,8.26,8.64,
13:00:18,1790226018,1,11,1529.12,1.17,13.42,8.26,8.64,
13:00:19,1790226019,1,11,1529.12,1.17,13.42,8.26,8.64,
13:00:20,1790226020,1,11,1529.12,1.17,13.42,8.26,8.64,
13:00:21,1790226021,1,11,1529.12,1.17,13.42,8.26,8.64,
13:00:22,1790226022,1,11,1529.12,1.17,13.42,8.26,8.64,
13:00:24,1790226024,1,11,1529.12,1.17,13.42,8.26,8.64,
13:00:25,1790226025,1,11,1529.12,1.17,13.42,8.26,8.64,
13:00:26,1790226026,1,11,1529.12,1.17,13.42,8.26,8.64,
13:00:27,1790226027,1,11,1529.12,1.17,13.42,8.26,8.64,
13:00:28,1790226028,1,11,1529.12,1.17,13.42,8.26,8.64,
13:00:29,1790226029,1,11,1529.12,1.18,13.42,8.26,8.64,
13:00:30,1790226030,1,11,1529.12,1.17,13.42,8.26,8.64,
13:00:32,1790226032,1,11,1529.12,1.17,13.42,8.26,8.64,
13:00:33,1790226033,1,11,1529.12,1.17,13.42,8.26,8.64,
13:00:34,1790226034,1,11,1529.12,1.17,13.42,8.26,8.64,
13:00:35,1790226035,1,11,1529.12,1.17,13.42,8.26,8.64,
13:00:36,1790226036,1,11,1529.12,1.17,13.42,8.26,8.64,
13:00:37,1790226037,1,11,1529.12,1.17,13.42,8.26,8.64,
13:00:39,1790226039,1,11,1529.12,1.17,13.42,8.26,8.64,
13:00:40,1790226040,1,11,1529.12,1.17,13.42,8.26,8.64,
13:00:41,1790226041,1,11,1529.12,1.17,13.42,8.26,8.64,
13:00:42,1790226042,1,11,1529.12,1.17,13.42,8.26,8.64,
13:00:43,1790226043,1,11,1529.12,1.17,13.42,8.26,8.64,
13:00:44,1790226044,1,11,1529.12,1.17,13.42,8.26,8.64,
13:00:45,1790226045,1,11,1529.12,1.17,13.42,8.26,8.64,
13:00:47,1790226047,1,11,1529.12,1.17,13.42,8.26,8.64,
13:00:48,1790226048,1,11,1529.12,1.17,13.42,8.26,8.64,
13:00:49,1790226049,1,11,1529.12,1.17,13.42,8.26,8.64,
13:00:50,1790226050,1,11,1529.12,1.17,13.42,8.26,8.64,
13:00:51,1790226051,1,11,1529.12,1.17,13.42,8.26,8.64,
13:00:52,1790226052,1,11,1529.12,1.17,13.42,8.26,8.64,
13:00:54,1790226054,1,11,1529.12,1.17,13.42,8.26,8.64,
13:00:55,1790226055,1,11,1529.12,1.17,13.42,8.26,8.64,
13:00:56,1790226056,1,11,1529.12,1.17,13.42,8.26,8.64,
13:00:57,1790226057,1,11,1529.12,1.17,13.42,8.26,8.64,
13:00:58,1790226058,1,11,1529.12,1.17,13.42,8.26,8.64,
13:00:59,1790226059,1,11,1529.12,1.17,13.42,8.26,8.64,
13:01:00,1790226060,1,10,1529.12,1.18,13.48,8.26,8.64,
13:01:02,1790226062,1,19,1489.12,1.13,12.13,8.80,9.21,
13:01:03,1790226063,2,4,1893.19,1.15,14.52,8.59,9.22,
13:01:05,1790226065,2,6,1889.69,1.14,14.26,8.59,9.22,
13:01:06,1790226066,2,6,1881.69,1.13,14.25,8.59,9.22,
13:01:07,1790226067,2,6,1881.69,1.14,14.15,8.59,9.22,
13:01:08,1790226068,2,7,1881.69,1.09,14.05,8.62,9.23,
13:01:09,1790226069,2,8,1881.69,1.07,14.01,8.62,9.23,
13:01:11,1790226071,1,9,1881.69,0.76,14.05,8.62,8.75,
13:01:12,1790226072,1,9,1881.69,0.75,14.05,8.62,8.75,
13:01:13,1790226073,1,9,1881.69,0.75,14.05,8.62,8.75,
13:01:14,1790226074,1,9,1881.69,0.73,14.05,8.62,8.75,
13:01:15,1790226075,1,9,1881.69,0.72,14.05,8.62,8.75,
13:01:16,1790226076,1,9,1881.69,0.72,14.05,8.62,8.75,
13:01:17,1790226077,1,9,1881.69,0.72,14.05,8.62,8.75,
13:01:19,1790226079,1,9,1881.69,0.70,14.17,8.62,8.75,
13:01:20,1790226080,1,9,1881.69,0.69,14.17,8.62,8.75,
13:01:21,1790226081,1,9,1881.69,0.68,14.13,8.62,8.75,
13:01:22,1790226082,1,10,1881.69,0.68,14.05,8.62,8.75,
13:01:23,1790226083,1,10,1881.69,0.68,14.05,8.62,8.75,
13:01:24,1790226084,1,10,1881.69,0.68,14.05,8.62,8.75,
13:01:25,1790226085,1,10,1881.69,0.68,14.05,8.62,8.75,
13:01:27,1790226087,1,10,1881.69,0.68,14.05,8.62,8.75,
13:01:28,1790226088,1,10,1881.69,0.67,14.05,8.62,8.75,
13:01:29,1790226089,1,10,1881.69,0.67,14.05,8.62,8.75,
13:01:30,1790226090,1,10,1881.69,0.67,13.51,8.62,8.75,
13:01:31,1790226091,1,10,1881.69,0.66,14.05,8.62,8.75,
13:01:32,1790226092,1,10,1881.69,0.66,14.05,8.62,8.75,
13:01:33,1790226093,1,10,1881.69,0.66,14.05,8.62,8.75,
13:01:35,1790226095,1,10,1873.69,0.63,14.05,8.62,8.75,
13:01:36,1790226096,1,10,1873.69,0.64,14.05,8.62,8.75,
13:01:37,1790226097,1,10,1873.69,0.64,14.07,8.62,8.75,
13:01:38,1790226098,1,10,1873.69,0.64,14.07,8.62,8.75,
13:01:39,1790226099,1,10,1873.69,0.64,14.07,8.62,8.75,
13:01:40,1790226100,1,10,1873.69,0.64,14.07,8.62,8.75,
13:01:41,1790226101,1,10,1873.69,0.64,14.07,8.62,8.75,
13:01:43,1790226103,1,10,1873.69,0.64,14.07,8.62,8.75,
13:01:44,1790226104,1,81,1849.69,0.60,2.35,0,0,
13:01:45,1790226105,1,84,1849.69,0.59,1.90,0,0,
