ts,epoch,pressure_level,free_pct,swap_used_mb,compressed_gb,wired_gb,proc_rss_gb,proc_mem_gb,cpu_speed_limit
11:53:04,1790221984,1,74,1001.62,1.78,2.30,0.01,0.12,
11:53:06,1790221986,1,47,1001.62,1.77,6.82,1.09,1.16,
11:53:07,1790221987,1,47,1001.62,1.77,6.82,2.18,2.18,
11:53:08,1790221988,1,47,1001.62,1.77,6.82,3.03,3.11,
11:53:09,1790221989,1,46,1001.62,1.84,6.82,3.94,4.05,
11:53:10,1790221990,1,46,1001.62,1.84,6.82,4.85,4.86,
11:53:11,1790221991,2,15,1001.62,2.80,11.05,4.91,5.57,
11:53:13,1790221993,2,15,1001.62,2.83,11.01,5.83,6.38,
11:53:14,1790221994,2,15,1001.62,2.83,11.00,6.64,7.15,
11:53:15,1790221995,2,15,1001.62,2.83,11.01,7.43,7.97,
11:53:16,1790221996,2,15,1001.62,2.82,11.01,8.24,8.80,
11:53:17,1790221997,2,11,1199.31,2.16,12.41,8.15,8.24,
11:53:19,1790221999,2,11,1199.31,2.12,12.41,8.15,8.24,
11:53:20,1790222000,2,11,1199.31,2.09,12.40,8.15,8.24,
11:53:21,1790222001,2,11,1199.31,2.05,12.41,8.15,8.24,
11:53:22,1790222002,2,11,1199.31,2.04,12.41,8.15,8.24,
11:53:23,1790222003,2,11,1199.31,2.03,12.42,8.19,8.28,
11:53:24,1790222004,2,11,1199.31,2.03,12.42,8.19,8.28,
11:53:26,1790222006,2,11,1199.31,2.03,12.42,8.19,8.28,
11:53:27,1790222007,2,11,1199.31,2.03,12.42,8.19,8.28,
11:53:28,1790222008,2,12,1199.31,2.02,12.42,8.20,8.28,
11:53:29,1790222009,2,12,1199.31,2.02,12.42,8.20,8.28,
11:53:30,1790222010,2,12,1199.31,2.02,12.42,8.20,8.28,
11:53:32,1790222012,2,12,1199.31,2.01,12.42,8.20,8.28,
11:53:33,1790222013,2,12,1199.31,1.97,12.42,8.20,8.28,
11:53:34,1790222014,2,12,1199.31,1.97,12.42,8.20,8.28,
11:53:35,1790222015,2,12,1199.31,1.96,12.41,8.20,8.28,
11:53:36,1790222016,2,12,1199.31,1.96,12.41,8.20,8.28,
11:53:38,1790222018,2,12,1199.31,1.96,12.42,8.20,8.28,
11:53:39,1790222019,2,12,1199.31,1.96,12.41,8.20,8.28,
11:53:40,1790222020,2,12,1191.31,1.96,12.41,8.20,8.28,
11:53:41,1790222021,2,12,1191.31,1.96,12.41,8.20,8.28,
11:53:42,1790222022,2,12,1191.31,1.96,12.41,8.20,8.28,
11:53:43,1790222023,2,12,1191.31,1.95,12.41,8.20,8.28,
11:53:45,1790222025,2,12,1191.31,1.95,12.42,8.20,8.28,
11:53:46,1790222026,2,12,1191.31,1.95,12.41,8.20,8.28,
11:53:47,1790222027,2,12,1191.31,1.94,12.41,8.20,8.28,
11:53:48,1790222028,2,12,1191.31,1.94,12.41,8.20,8.28,
11:53:49,1790222029,2,12,1191.31,1.94,12.41,8.20,8.28,
11:53:51,1790222031,2,12,1191.31,1.93,12.41,8.19,8.28,
11:53:52,1790222032,2,12,1191.31,1.92,12.41,8.19,8.28,
11:53:53,1790222033,2,12,1191.31,1.92,12.41,8.19,8.28,
11:53:54,1790222034,2,12,1191.31,1.90,12.41,8.19,8.28,
11:53:55,1790222035,2,12,1191.31,1.90,12.41,8.19,8.28,
11:53:56,1790222036,2,12,1191.31,1.90,12.41,8.19,8.28,
11:53:58,1790222038,2,12,1191.31,1.90,12.40,8.19,8.28,
11:53:59,1790222039,2,12,1191.31,1.90,12.41,8.19,8.28,
11:54:00,1790222040,2,12,1191.31,1.90,12.41,8.19,8.28,
11:54:01,1790222041,2,12,1191.31,1.90,12.41,8.19,8.28,
11:54:02,1790222042,2,12,1191.31,1.90,12.41,8.19,8.28,
11:54:04,1790222044,2,12,1191.31,1.89,12.41,8.19,8.28,
11:54:05,1790222045,2,12,1191.31,1.89,12.41,8.19,8.28,
11:54:06,1790222046,2,13,1191.31,1.89,12.41,8.19,8.28,
11:54:07,1790222047,2,13,1191.31,1.88,12.41,8.19,8.28,
11:54:08,1790222048,2,13,1191.31,1.88,12.40,8.19,8.28,
11:54:09,1790222049,2,13,1191.31,1.88,12.40,8.19,8.28,
11:54:11,1790222051,2,13,1191.31,1.88,12.40,8.19,8.28,
11:54:12,1790222052,2,13,1191.31,1.88,12.41,8.19,8.28,
11:54:13,1790222053,2,13,1191.31,1.88,12.41,8.19,8.28,
11:54:14,1790222054,2,13,1191.31,1.88,12.40,8.19,8.28,
11:54:15,1790222055,2,13,1191.31,1.87,12.40,8.19,8.28,
11:54:17,1790222057,2,13,1191.31,1.86,12.40,8.19,8.28,
11:54:18,1790222058,2,13,1191.31,1.86,12.40,8.19,8.28,
11:54:19,1790222059,2,13,1191.31,1.86,12.40,8.19,8.28,
11:54:20,1790222060,2,13,1191.31,1.86,12.40,8.19,8.28,
11:54:21,1790222061,2,13,1191.31,1.86,12.40,8.19,8.28,
11:54:22,1790222062,2,13,1191.31,1.86,12.40,8.19,8.28,
11:54:24,1790222064,2,13,1191.31,1.86,12.40,8.19,8.28,
11:54:25,1790222065,2,13,1191.31,1.86,12.40,8.19,8.28,
11:54:26,1790222066,2,13,1191.31,1.85,12.40,8.19,8.28,
11:54:27,1790222067,2,13,1191.31,1.85,12.40,8.19,8.28,
11:54:28,1790222068,2,13,1191.31,1.85,12.40,8.19,8.28,
11:54:30,1790222070,2,13,1191.31,1.85,12.40,8.19,8.28,
11:54:31,1790222071,2,13,1191.31,1.84,12.40,8.19,8.28,
11:54:32,1790222072,2,13,1191.31,1.84,12.40,8.19,8.28,
11:54:33,1790222073,2,13,1191.31,1.84,12.40,8.19,8.28,
11:54:34,1790222074,2,13,1191.31,1.84,12.40,8.19,8.28,
11:54:35,1790222075,2,13,1191.31,1.84,12.39,8.19,8.28,
11:54:37,1790222077,2,13,1191.31,1.84,12.40,8.19,8.28,
11:54:38,1790222078,2,13,1191.31,1.84,12.40,8.19,8.28,
11:54:39,1790222079,2,13,1191.31,1.84,12.40,8.19,8.28,
11:54:40,1790222080,2,13,1191.31,1.83,12.40,8.19,8.28,
11:54:41,1790222081,2,13,1191.31,1.83,12.40,8.19,8.28,
11:54:43,1790222083,2,13,1191.31,1.83,12.40,8.19,8.28,
11:54:44,1790222084,2,13,1191.31,1.83,12.40,8.19,8.28,
11:54:45,1790222085,2,13,1191.31,1.83,12.40,8.19,8.28,
11:54:46,1790222086,2,13,1191.31,1.82,12.40,8.19,8.28,
11:54:47,1790222087,2,13,1191.31,1.82,12.39,8.19,8.28,
11:54:48,1790222088,2,13,1191.31,1.82,12.40,8.19,8.28,
11:54:50,1790222090,2,13,1191.31,1.81,12.39,8.19,8.28,
11:54:51,1790222091,2,13,1191.31,1.81,12.39,8.19,8.28,
11:54:52,1790222092,2,13,1191.31,1.80,12.39,8.19,8.28,
11:54:53,1790222093,2,13,1183.25,1.79,12.39,8.19,8.28,
11:54:54,1790222094,2,13,1183.25,1.79,12.39,8.19,8.28,
11:54:56,1790222096,2,13,1183.25,1.79,12.39,8.19,8.28,
11:54:57,1790222097,2,13,1183.25,1.79,12.40,8.19,8.28,
11:54:58,1790222098,2,13,1183.25,1.79,12.40,8.19,8.28,
11:54:59,1790222099,2,13,1183.25,1.79,12.40,8.19,8.28,
11:55:00,1790222100,2,13,1183.25,1.79,12.40,8.19,8.28,
11:55:01,1790222101,2,13,1183.25,1.79,12.40,8.19,8.28,
11:55:03,1790222103,2,13,1183.25,1.79,12.40,8.19,8.28,
11:55:04,1790222104,2,13,1183.25,1.80,12.40,8.19,8.28,
11:55:05,1790222105,2,13,1183.25,1.80,12.40,8.19,8.28,
11:55:06,1790222106,2,13,1183.25,1.80,12.40,8.19,8.28,
11:55:07,1790222107,2,13,1183.25,1.80,12.40,8.19,8.28,
11:55:08,1790222108,2,13,1175.25,1.81,12.40,8.19,8.28,
11:55:10,1790222110,2,13,1175.25,1.81,12.40,8.19,8.28,
11:55:11,1790222111,2,13,1175.25,1.81,12.40,8.19,8.28,
11:55:12,1790222112,2,13,1175.25,1.82,12.40,8.19,8.28,
11:55:13,1790222113,2,13,1175.25,1.82,12.40,8.19,8.28,
11:55:14,1790222114,2,13,1175.25,1.82,12.40,8.19,8.28,
11:55:16,1790222116,2,13,1175.25,1.81,12.40,8.19,8.28,
11:55:17,1790222117,2,13,1175.25,1.81,12.40,8.19,8.28,
11:55:18,1790222118,2,13,1175.25,1.82,12.40,8.19,8.28,
11:55:19,1790222119,2,13,1175.25,1.82,12.40,8.19,8.28,
11:55:20,1790222120,2,13,1175.25,1.82,12.40,8.19,8.28,
11:55:21,1790222121,2,13,1175.25,1.82,12.40,8.19,8.28,
11:55:23,1790222123,2,13,1175.25,1.82,12.40,8.19,8.28,
11:55:24,1790222124,2,13,1175.25,1.82,12.40,8.19,8.28,
11:55:25,1790222125,2,13,1175.25,1.82,12.40,8.19,8.28,
11:55:26,1790222126,2,13,1175.25,1.82,12.40,8.19,8.28,
11:55:27,1790222127,2,13,1175.25,1.82,12.40,8.19,8.28,
11:55:28,1790222128,2,13,1175.25,1.82,12.40,8.19,8.28,
11:55:30,1790222130,2,13,1175.25,1.82,12.40,8.19,8.28,
11:55:31,1790222131,2,13,1175.25,1.85,12.40,8.19,8.28,
11:55:32,1790222132,2,13,1175.25,1.85,12.40,8.19,8.28,
11:55:33,1790222133,2,13,1175.25,1.85,12.40,8.19,8.28,
11:55:34,1790222134,2,13,1175.25,1.85,12.40,8.19,8.28,
11:55:35,1790222135,2,13,1175.25,1.85,12.40,8.19,8.28,
11:55:37,1790222137,2,13,1175.25,1.85,12.40,8.19,8.28,
11:55:38,1790222138,2,13,1175.25,1.85,12.40,8.19,8.28,
11:55:39,1790222139,1,16,1175.25,1.91,11.86,8.70,8.69,
11:55:40,1790222140,2,7,1573.75,1.57,13.49,8.61,8.69,
11:55:42,1790222142,2,8,1565.75,1.52,13.57,8.61,8.69,
11:55:43,1790222143,2,8,1565.75,1.52,13.50,8.61,8.69,
11:55:44,1790222144,2,8,1565.75,1.53,13.56,8.61,0.11,
11:55:45,1790222145,1,76,1565.75,1.49,2.26,0,0,
