ts,epoch,pressure_level,free_pct,swap_used_mb,compressed_gb,wired_gb,proc_rss_gb,proc_mem_gb,cpu_speed_limit
13:01:51,1790226111,1,82,1849.69,0.57,2.15,0.00,0.05,
13:01:52,1790226112,1,67,1849.69,0.57,4.62,1.01,1.05,
13:01:53,1790226113,1,69,1849.69,0.57,4.37,2.01,2.04,
13:01:54,1790226114,1,69,1849.69,0.57,4.37,2.79,2.79,
13:01:55,1790226115,1,45,1849.69,0.57,8.24,3.31,3.30,
13:01:56,1790226116,1,46,1849.69,0.57,8.20,4.13,4.11,
13:01:57,1790226117,1,45,1849.69,0.61,8.20,4.95,4.96,
13:01:59,1790226119,1,45,1849.69,0.63,8.20,5.77,5.82,
13:02:00,1790226120,1,29,1841.69,0.62,10.96,6.23,6.21,
13:02:01,1790226121,1,29,1841.69,0.62,10.82,6.23,6.21,
13:02:02,1790226122,1,30,1841.69,0.62,10.78,6.23,6.21,
13:02:03,1790226123,1,30,1841.69,0.62,10.78,6.23,6.21,
13:02:04,1790226124,1,30,1841.69,0.62,10.78,6.23,6.21,
13:02:05,1790226125,1,30,1841.69,0.62,10.78,6.23,6.21,
13:02:07,1790226127,1,30,1841.69,0.62,10.78,6.23,6.21,
13:02:08,1790226128,1,30,1841.69,0.62,10.78,6.23,6.21,
13:02:09,1790226129,1,30,1841.69,0.61,10.78,6.23,6.21,
13:02:10,1790226130,1,30,1841.69,0.61,10.78,6.23,6.21,
13:02:11,1790226131,1,30,1841.69,0.61,10.78,6.23,6.21,
13:02:12,1790226132,1,30,1841.69,0.61,10.78,6.23,6.21,
13:02:13,1790226133,1,30,1841.69,0.61,10.78,6.23,6.21,
13:02:15,1790226135,1,30,1833.69,0.61,10.78,6.23,6.21,
13:02:16,1790226136,1,30,1833.69,0.61,10.78,6.23,6.21,
13:02:17,1790226137,1,30,1833.69,0.61,10.78,6.23,6.21,
13:02:18,1790226138,1,30,1833.69,0.61,10.78,6.23,6.21,
13:02:19,1790226139,1,30,1833.69,0.61,10.78,6.23,6.21,
13:02:20,1790226140,1,30,1833.69,0.61,10.78,6.23,6.21,
13:02:21,1790226141,1,30,1833.69,0.61,10.78,6.23,6.21,
13:02:23,1790226143,1,30,1833.69,0.61,10.78,6.23,6.21,
13:02:24,1790226144,1,30,1833.69,0.61,10.78,6.23,6.21,
13:02:25,1790226145,1,30,1833.69,0.60,10.78,6.23,6.21,
13:02:26,1790226146,1,30,1833.69,0.60,10.78,6.23,6.21,
13:02:27,1790226147,1,30,1833.69,0.60,10.78,6.23,6.21,
13:02:28,1790226148,1,30,1833.69,0.60,10.78,6.23,6.21,
13:02:29,1790226149,1,30,1833.69,0.60,10.78,6.23,6.21,
13:02:31,1790226151,1,30,1833.69,0.60,10.78,6.23,6.21,
13:02:32,1790226152,1,30,1833.69,0.60,10.78,6.23,6.21,
13:02:33,1790226153,1,30,1833.69,0.60,10.78,6.23,6.21,
13:02:34,1790226154,1,30,1833.69,0.60,10.78,6.23,6.21,
13:02:35,1790226155,1,30,1833.69,0.60,10.78,6.24,6.22,
13:02:36,1790226156,1,30,1833.69,0.60,10.78,6.24,6.22,
13:02:37,1790226157,1,30,1833.69,0.60,10.77,6.24,6.22,
13:02:39,1790226159,1,30,1833.69,0.60,10.77,6.24,6.22,
13:02:40,1790226160,1,30,1833.69,0.60,10.77,6.24,6.22,
13:02:41,1790226161,1,30,1833.69,0.60,10.77,6.24,6.22,
13:02:42,1790226162,1,30,1833.69,0.60,10.77,6.24,6.22,
13:02:43,1790226163,1,30,1833.69,0.60,10.77,6.24,6.22,
13:02:44,1790226164,1,30,1833.69,0.60,10.77,6.24,6.22,
13:02:45,1790226165,1,30,1833.69,0.60,10.77,6.24,6.22,
13:02:47,1790226167,1,30,1833.69,0.60,10.77,6.24,6.22,
13:02:48,1790226168,1,30,1833.69,0.60,10.77,6.24,6.22,
13:02:49,1790226169,1,30,1833.69,0.60,10.77,6.24,6.22,
13:02:50,1790226170,1,30,1833.69,0.60,10.77,6.24,6.22,
13:02:51,1790226171,1,30,1833.69,0.60,10.77,6.24,6.22,
13:02:52,1790226172,1,30,1833.69,0.60,10.77,6.24,6.22,
13:02:53,1790226173,1,30,1833.69,0.60,10.77,6.24,6.22,
13:02:55,1790226175,1,30,1833.69,0.60,10.77,6.24,6.22,
13:02:56,1790226176,1,30,1833.69,0.60,10.77,6.24,6.22,
13:02:57,1790226177,1,30,1833.69,0.60,10.77,6.24,6.22,
13:02:58,1790226178,1,30,1833.69,0.60,10.77,6.24,6.22,
13:02:59,1790226179,1,30,1833.69,0.60,10.77,6.24,6.22,
13:03:00,1790226180,1,30,1833.69,0.60,10.77,6.24,6.22,
13:03:01,1790226181,1,30,1833.69,0.60,10.77,6.24,6.22,
13:03:02,1790226182,1,30,1833.69,0.60,10.77,6.24,6.22,
13:03:04,1790226184,1,30,1833.69,0.60,10.77,6.24,6.22,
13:03:05,1790226185,1,30,1833.69,0.59,10.77,6.24,6.22,
13:03:06,1790226186,1,30,1833.69,0.59,10.77,6.24,6.22,
13:03:07,1790226187,1,30,1833.69,0.59,10.77,6.24,6.22,
13:03:08,1790226188,1,30,1833.69,0.59,10.77,6.24,6.22,
13:03:09,1790226189,1,30,1833.69,0.59,10.77,6.24,6.22,
13:03:10,1790226190,1,30,1833.69,0.59,10.77,6.24,6.22,
13:03:12,1790226192,1,30,1833.69,0.59,10.77,6.24,6.22,
13:03:13,1790226193,1,30,1833.69,0.59,10.77,6.24,6.22,
13:03:14,1790226194,1,30,1833.69,0.59,10.77,6.24,6.22,
13:03:15,1790226195,1,30,1833.69,0.59,10.77,6.24,6.22,
13:03:16,1790226196,1,30,1833.69,0.59,10.77,6.24,6.22,
13:03:17,1790226197,1,30,1833.69,0.59,10.77,6.24,6.22,
13:03:18,1790226198,1,30,1833.69,0.59,10.77,6.24,6.22,
13:03:20,1790226200,1,30,1833.69,0.59,10.77,6.24,6.22,
13:03:21,1790226201,1,30,1833.69,0.59,10.77,6.24,6.22,
13:03:22,1790226202,1,30,1833.69,0.59,10.77,6.24,6.22,
13:03:23,1790226203,1,30,1833.69,0.59,10.77,6.24,6.22,
13:03:24,1790226204,1,30,1833.69,0.59,10.77,6.24,6.22,
13:03:25,1790226205,1,30,1833.69,0.59,10.77,6.24,6.22,
13:03:26,1790226206,1,30,1833.69,0.59,10.77,6.24,6.22,
13:03:28,1790226208,1,30,1833.69,0.59,10.77,6.24,6.22,
13:03:29,1790226209,1,30,1833.69,0.59,10.77,6.24,6.22,
13:03:30,1790226210,1,30,1833.69,0.59,10.77,6.24,6.22,
13:03:31,1790226211,1,30,1833.69,0.59,10.77,6.24,6.22,
13:03:32,1790226212,1,30,1833.69,0.59,10.77,6.24,6.22,
13:03:33,1790226213,1,30,1833.69,0.58,10.77,6.24,6.22,
13:03:34,1790226214,1,30,1833.69,0.58,10.77,6.24,6.22,
13:03:36,1790226216,1,30,1833.69,0.58,10.77,6.24,6.22,
13:03:37,1790226217,1,30,1833.69,0.58,10.77,6.24,6.22,
13:03:38,1790226218,1,30,1833.69,0.58,10.77,6.24,6.22,
13:03:39,1790226219,1,30,1833.69,0.58,10.77,6.24,6.22,
13:03:40,1790226220,1,31,1833.69,0.54,10.77,6.24,6.22,
13:03:41,1790226221,1,31,1833.69,0.53,10.77,6.24,6.22,
13:03:42,1790226222,1,31,1833.69,0.53,10.77,6.24,6.22,
13:03:44,1790226224,1,31,1833.69,0.53,10.77,6.24,6.22,
13:03:45,1790226225,1,31,1833.69,0.53,10.77,6.24,6.22,
13:03:46,1790226226,1,31,1833.69,0.53,10.76,6.24,6.22,
13:03:47,1790226227,1,31,1833.69,0.53,10.76,6.24,6.22,
13:03:48,1790226228,1,31,1833.69,0.53,10.76,6.24,6.22,
13:03:49,1790226229,1,31,1825.69,0.53,10.76,6.24,6.22,
13:03:50,1790226230,1,31,1825.69,0.53,10.76,6.24,6.22,
13:03:52,1790226232,1,31,1825.69,0.53,10.76,6.24,6.22,
13:03:53,1790226233,1,31,1825.69,0.53,10.76,6.24,6.22,
13:03:54,1790226234,1,31,1825.69,0.53,10.76,6.24,6.22,
13:03:55,1790226235,1,31,1825.69,0.53,10.76,6.24,6.22,
13:03:56,1790226236,1,31,1825.69,0.53,10.76,6.24,6.22,
13:03:57,1790226237,1,31,1825.69,0.53,10.76,6.24,6.22,
13:03:58,1790226238,1,31,1825.69,0.53,10.76,6.24,6.22,
13:03:59,1790226239,1,31,1825.69,0.53,10.76,6.24,6.22,
13:04:01,1790226241,1,31,1825.69,0.53,10.76,6.24,6.22,
13:04:02,1790226242,1,31,1825.69,0.53,10.76,6.24,6.22,
13:04:03,1790226243,1,31,1825.69,0.53,10.76,6.24,6.22,
13:04:04,1790226244,1,31,1825.69,0.53,10.76,6.24,6.22,
13:04:05,1790226245,1,31,1825.69,0.53,10.76,6.24,6.22,
13:04:06,1790226246,1,31,1825.69,0.53,10.76,6.24,6.22,
13:04:07,1790226247,1,31,1825.69,0.52,10.76,6.24,6.22,
13:04:09,1790226249,1,31,1825.69,0.52,10.76,6.24,6.22,
13:04:10,1790226250,1,31,1825.69,0.52,10.76,6.24,6.22,
13:04:11,1790226251,1,31,1825.69,0.52,10.76,6.24,6.22,
13:04:12,1790226252,1,31,1825.69,0.52,10.76,6.24,6.22,
13:04:13,1790226253,1,31,1817.69,0.52,10.76,6.24,6.22,
13:04:14,1790226254,1,31,1817.69,0.52,10.76,6.24,6.22,
13:04:15,1790226255,1,31,1817.69,0.52,10.76,6.24,6.22,
13:04:17,1790226257,1,31,1817.69,0.52,10.76,6.24,6.22,
13:04:18,1790226258,1,29,1809.69,0.51,11.13,6.24,6.22,
13:04:19,1790226259,1,24,1801.69,0.51,11.89,6.24,6.22,
13:04:20,1790226260,1,24,1801.69,0.50,11.89,6.24,6.22,
13:04:21,1790226261,1,24,1801.69,0.50,11.89,6.24,6.22,
13:04:22,1790226262,1,24,1801.69,0.50,11.89,6.24,6.22,
13:04:23,1790226263,1,24,1801.69,0.50,11.87,6.24,6.22,
13:04:25,1790226265,1,24,1801.69,0.50,11.87,6.24,6.22,
13:04:26,1790226266,1,24,1801.69,0.50,11.87,6.24,6.22,
13:04:27,1790226267,1,24,1801.69,0.50,11.87,6.24,6.22,
13:04:28,1790226268,1,24,1801.69,0.50,11.89,6.24,6.22,
13:04:29,1790226269,1,22,1617.69,0.56,12.19,6.22,6.22,
13:04:30,1790226270,1,21,1609.69,0.60,12.24,6.22,6.22,
13:04:31,1790226271,1,21,1609.69,0.60,12.24,6.22,6.22,
13:04:33,1790226273,1,21,1609.69,0.60,12.24,6.22,6.22,
13:04:34,1790226274,1,21,1609.69,0.60,12.24,6.22,6.22,
13:04:35,1790226275,1,23,1609.69,0.60,11.96,6.22,6.22,
13:04:36,1790226276,1,23,1609.69,0.60,11.96,6.22,6.22,
13:04:37,1790226277,1,23,1609.69,0.60,11.96,6.22,6.22,
13:04:38,1790226278,1,23,1609.69,0.60,11.96,6.22,6.22,
13:04:39,1790226279,1,30,1609.69,0.60,10.81,6.22,6.22,
13:04:41,1790226281,1,30,1609.69,0.60,10.81,6.22,6.22,
13:04:42,1790226282,1,30,1609.69,0.60,10.81,6.22,6.22,
13:04:43,1790226283,1,30,1609.69,0.60,10.81,6.22,6.22,
13:04:44,1790226284,1,30,1609.69,0.60,10.81,6.22,6.22,
13:04:45,1790226285,1,30,1609.69,0.60,10.79,6.22,6.22,
13:04:46,1790226286,1,30,1609.69,0.60,10.79,6.22,6.22,
13:04:47,1790226287,1,30,1609.69,0.60,10.79,6.22,6.22,
13:04:49,1790226289,1,30,1609.69,0.60,10.79,6.22,6.22,
13:04:50,1790226290,1,30,1609.69,0.60,10.79,6.22,6.22,
13:04:51,1790226291,1,30,1609.69,0.60,10.79,6.22,6.22,
13:04:52,1790226292,1,30,1609.69,0.60,10.79,6.22,6.22,
13:04:53,1790226293,1,30,1609.69,0.60,10.79,6.22,6.22,
13:04:54,1790226294,1,30,1609.69,0.60,10.79,6.22,6.22,
13:04:55,1790226296,1,30,1609.69,0.60,10.79,6.22,6.22,
13:04:57,1790226297,1,30,1609.69,0.60,10.79,6.22,6.22,
13:04:58,1790226298,1,30,1609.69,0.60,10.79,6.22,6.22,
13:04:59,1790226299,1,30,1609.69,0.60,10.79,6.22,6.22,
13:05:00,1790226300,1,30,1609.69,0.59,10.77,6.22,6.22,
13:05:01,1790226301,1,30,1609.69,0.59,10.77,6.22,6.22,
13:05:02,1790226302,1,30,1609.69,0.59,10.77,6.22,6.22,
13:05:03,1790226303,1,30,1609.69,0.59,10.77,6.22,6.22,
13:05:05,1790226305,1,30,1609.69,0.59,10.77,6.22,6.22,
13:05:06,1790226306,1,30,1609.69,0.59,10.77,6.22,6.22,
13:05:07,1790226307,1,30,1609.69,0.59,10.77,6.22,6.22,
13:05:08,1790226308,1,30,1609.69,0.59,10.77,6.22,6.22,
13:05:09,1790226309,1,30,1609.69,0.59,10.77,6.22,6.22,
13:05:10,1790226310,1,30,1609.69,0.59,10.77,6.22,6.22,
13:05:11,1790226311,1,30,1609.69,0.59,10.77,6.22,6.22,
13:05:13,1790226313,1,30,1609.69,0.59,10.77,6.22,6.22,
13:05:14,1790226314,1,30,1609.69,0.59,10.77,6.22,6.22,
13:05:15,1790226315,1,30,1609.69,0.59,10.77,6.22,6.22,
13:05:16,1790226316,1,30,1609.69,0.59,10.77,6.22,6.22,
13:05:17,1790226317,1,30,1609.69,0.59,10.77,6.22,6.22,
13:05:18,1790226318,1,30,1593.69,0.60,10.77,6.22,6.22,
13:05:19,1790226319,1,30,1593.69,0.60,10.77,6.22,6.22,
13:05:21,1790226321,1,30,1593.69,0.59,10.77,6.22,6.22,
13:05:22,1790226322,1,30,1593.69,0.59,10.77,6.22,6.22,
13:05:23,1790226323,1,30,1593.69,0.59,10.77,6.22,6.22,
13:05:24,1790226324,1,30,1593.69,0.59,10.77,6.22,6.22,
13:05:25,1790226325,1,30,1593.69,0.59,10.77,6.22,6.22,
13:05:26,1790226326,1,30,1593.69,0.59,10.77,6.22,6.22,
13:05:27,1790226327,1,30,1593.69,0.59,10.77,6.22,6.22,
13:05:29,1790226329,1,30,1593.69,0.59,10.77,6.22,6.22,
13:05:30,1790226330,1,30,1593.69,0.59,10.77,6.22,6.22,
13:05:31,1790226331,1,30,1593.69,0.59,10.77,6.22,6.22,
13:05:32,1790226332,1,30,1593.69,0.59,10.77,6.22,6.22,
13:05:33,1790226333,1,30,1593.69,0.59,10.77,6.22,6.22,
13:05:34,1790226334,1,30,1593.69,0.59,10.77,6.22,6.22,
13:05:35,1790226335,1,30,1593.69,0.59,10.77,6.22,6.22,
13:05:37,1790226337,1,30,1593.69,0.59,10.77,6.22,6.22,
13:05:38,1790226338,1,30,1585.69,0.58,10.77,6.22,6.22,
13:05:39,1790226339,1,30,1585.69,0.58,10.77,6.22,6.22,
13:05:40,1790226340,1,30,1585.69,0.58,10.77,6.22,6.22,
13:05:41,1790226341,1,30,1585.69,0.58,10.77,6.22,6.22,
13:05:42,1790226342,1,30,1585.69,0.58,10.77,6.22,6.22,
13:05:43,1790226343,1,30,1585.69,0.58,10.77,6.22,6.22,
13:05:45,1790226345,1,30,1585.69,0.58,10.77,6.22,6.22,
13:05:46,1790226346,1,30,1585.69,0.58,10.77,6.22,6.22,
13:05:47,1790226347,1,30,1585.69,0.58,10.77,6.22,6.22,
13:05:48,1790226348,1,30,1585.69,0.58,10.77,6.22,6.22,
13:05:49,1790226349,1,30,1585.69,0.58,10.77,6.22,6.22,
13:05:50,1790226350,1,30,1585.69,0.58,10.77,6.22,6.22,
13:05:51,1790226351,1,30,1585.69,0.58,10.77,6.22,6.22,
13:05:53,1790226353,1,30,1585.69,0.58,10.77,6.22,6.22,
13:05:54,1790226354,1,30,1585.69,0.58,10.77,6.22,6.22,
13:05:55,1790226355,1,30,1585.69,0.58,10.77,6.22,6.22,
13:05:56,1790226356,1,30,1585.69,0.58,10.77,6.22,6.22,
13:05:57,1790226357,1,30,1585.69,0.58,10.77,6.22,6.22,
13:05:58,1790226358,1,31,1585.69,0.55,10.77,6.22,6.22,
13:05:59,1790226359,1,31,1585.69,0.55,10.77,6.22,6.22,
13:06:01,1790226361,1,31,1585.69,0.55,10.77,6.22,6.22,
13:06:02,1790226362,1,31,1585.69,0.55,10.77,6.22,6.22,
13:06:03,1790226363,1,31,1585.69,0.55,10.77,6.22,6.22,
13:06:04,1790226364,1,31,1585.69,0.55,10.77,6.22,6.22,
13:06:05,1790226365,1,31,1585.69,0.55,10.77,6.22,6.22,
13:06:06,1790226366,1,31,1585.69,0.55,10.77,6.22,6.22,
13:06:07,1790226367,1,31,1585.69,0.55,10.77,6.22,6.22,
13:06:09,1790226369,1,31,1585.69,0.55,10.77,6.22,6.22,
13:06:10,1790226370,1,31,1585.69,0.55,10.77,6.22,6.22,
13:06:11,1790226371,1,31,1585.69,0.55,10.77,6.22,6.22,
13:06:12,1790226372,1,31,1585.69,0.55,10.77,6.22,6.22,
13:06:13,1790226373,1,31,1585.69,0.55,10.77,6.22,6.22,
13:06:14,1790226374,1,31,1585.69,0.55,10.77,6.22,6.22,
13:06:15,1790226375,1,31,1585.69,0.55,10.77,6.22,6.22,
13:06:17,1790226377,1,31,1585.69,0.55,10.77,6.22,6.22,
13:06:18,1790226378,1,31,1585.69,0.55,10.77,6.22,6.22,
13:06:19,1790226379,1,31,1585.69,0.55,10.77,6.22,6.22,
13:06:20,1790226380,1,31,1585.69,0.55,10.77,6.22,6.22,
13:06:21,1790226381,1,31,1585.69,0.55,10.77,6.22,6.22,
13:06:22,1790226382,1,31,1585.69,0.55,10.77,6.22,6.22,
13:06:23,1790226383,1,31,1585.69,0.55,10.77,6.22,6.22,
13:06:25,1790226385,1,31,1585.69,0.55,10.77,6.22,6.22,
13:06:26,1790226386,1,31,1577.69,0.55,10.77,6.22,6.22,
13:06:27,1790226387,1,30,1577.69,0.55,10.82,6.22,6.22,
13:06:28,1790226388,1,30,1577.69,0.54,10.82,6.22,6.22,
13:06:29,1790226389,1,31,1577.69,0.54,10.77,6.22,6.22,
13:06:30,1790226390,1,31,1577.69,0.54,10.77,6.22,6.22,
13:06:32,1790226392,1,31,1577.69,0.54,10.77,6.22,6.22,
13:06:33,1790226393,1,31,1577.69,0.54,10.77,6.22,6.22,
13:06:34,1790226394,1,31,1577.69,0.54,10.77,6.22,6.22,
13:06:35,1790226395,1,31,1577.69,0.54,10.77,6.22,6.22,
13:06:36,1790226396,1,31,1577.69,0.54,10.77,6.22,6.22,
13:06:37,1790226397,1,31,1577.69,0.54,10.77,6.22,6.22,
13:06:38,1790226398,1,31,1577.69,0.54,10.77,6.22,6.22,
13:06:40,1790226400,1,31,1577.69,0.54,10.77,6.22,6.22,
13:06:41,1790226401,1,31,1577.69,0.54,10.77,6.22,6.22,
13:06:42,1790226402,1,31,1577.69,0.54,10.77,6.22,6.22,
13:06:43,1790226403,1,31,1577.69,0.54,10.77,6.22,6.22,
13:06:44,1790226404,1,31,1577.69,0.54,10.77,6.22,6.22,
13:06:45,1790226405,1,31,1577.69,0.54,10.77,6.22,6.22,
13:06:46,1790226406,1,31,1577.69,0.54,10.77,6.22,6.22,
13:06:48,1790226408,1,31,1577.69,0.54,10.77,6.22,6.22,
13:06:49,1790226409,1,30,1577.69,0.53,10.88,6.22,6.22,
13:06:50,1790226410,1,31,1577.69,0.53,10.77,6.22,6.22,
13:06:51,1790226411,1,31,1577.69,0.53,10.77,6.22,6.22,
13:06:52,1790226412,1,31,1577.69,0.53,10.77,6.22,6.22,
13:06:53,1790226413,1,31,1577.69,0.53,10.77,6.22,6.22,
13:06:54,1790226414,1,31,1577.69,0.53,10.77,6.22,6.22,
13:06:56,1790226416,1,31,1577.69,0.53,10.77,6.22,6.22,
13:06:57,1790226417,1,31,1577.69,0.53,10.77,6.22,6.22,
13:06:58,1790226418,1,31,1577.69,0.53,10.77,6.22,6.22,
13:06:59,1790226419,1,31,1577.69,0.53,10.77,6.22,6.22,
13:07:00,1790226420,1,31,1577.69,0.53,10.77,6.22,6.22,
13:07:01,1790226421,1,31,1577.69,0.53,10.77,6.22,6.22,
13:07:02,1790226422,1,31,1577.69,0.53,10.77,6.22,6.22,
13:07:04,1790226424,1,31,1577.69,0.53,10.77,6.22,6.22,
13:07:05,1790226425,1,31,1577.69,0.53,10.77,6.22,6.22,
13:07:06,1790226426,1,31,1577.69,0.53,10.77,6.22,6.22,
13:07:07,1790226427,1,31,1577.69,0.53,10.77,6.22,6.22,
13:07:08,1790226428,1,31,1569.69,0.53,10.77,6.22,6.22,
13:07:09,1790226429,1,31,1569.69,0.53,10.77,6.22,6.22,
13:07:10,1790226430,1,31,1569.69,0.53,10.77,6.22,6.22,
13:07:12,1790226432,1,31,1569.69,0.53,10.77,6.22,6.22,
13:07:13,1790226433,1,31,1569.69,0.53,10.77,6.22,6.22,
13:07:14,1790226434,1,31,1569.69,0.53,10.77,6.22,6.22,
13:07:15,1790226435,1,31,1569.69,0.53,10.77,6.22,6.22,
13:07:16,1790226436,1,31,1569.69,0.53,10.77,6.22,6.22,
13:07:17,1790226437,1,31,1569.69,0.53,10.77,6.22,6.22,
13:07:18,1790226438,1,31,1569.69,0.53,10.77,6.22,6.22,
13:07:20,1790226440,1,31,1569.69,0.53,10.77,6.22,6.22,
13:07:21,1790226441,1,31,1569.69,0.53,10.77,6.22,6.22,
13:07:22,1790226442,1,31,1569.69,0.53,10.77,6.22,6.22,
13:07:23,1790226443,1,31,1569.69,0.53,10.77,6.22,6.22,
13:07:24,1790226444,1,31,1569.69,0.53,10.77,6.22,6.22,
13:07:25,1790226445,1,31,1569.69,0.53,10.77,6.22,6.22,
13:07:26,1790226446,1,31,1569.69,0.53,10.77,6.22,6.22,
13:07:28,1790226448,1,31,1569.69,0.53,10.77,6.22,6.22,
13:07:29,1790226449,1,35,1569.69,0.53,10.08,6.35,6.35,
13:07:30,1790226450,1,35,1569.69,0.53,10.07,6.35,6.35,
13:07:31,1790226451,1,35,1569.69,0.53,10.07,6.35,6.35,
13:07:32,1790226452,1,35,1569.69,0.53,10.08,6.35,6.35,
13:07:33,1790226453,1,35,1569.69,0.53,10.08,6.35,6.35,
13:07:34,1790226454,1,35,1569.69,0.53,10.07,6.35,6.35,
13:07:36,1790226456,1,35,1569.69,0.53,10.07,6.35,6.35,
13:07:37,1790226457,1,35,1569.69,0.53,10.07,6.35,6.35,
13:07:38,1790226458,1,35,1569.69,0.53,10.07,6.35,6.35,
13:07:39,1790226459,1,35,1569.69,0.53,10.07,6.35,6.35,
13:07:40,1790226460,1,35,1569.69,0.53,10.07,6.35,6.35,
13:07:41,1790226461,1,35,1569.69,0.53,10.07,6.35,6.35,
13:07:43,1790226463,1,35,1569.69,0.53,10.07,6.35,6.35,
13:07:44,1790226464,1,35,1569.69,0.53,10.07,6.35,6.35,
13:07:45,1790226465,1,35,1569.69,0.53,10.07,6.35,6.35,
13:07:46,1790226466,1,35,1569.69,0.53,10.07,6.35,6.35,
13:07:47,1790226467,1,35,1569.69,0.53,10.07,6.35,6.35,
13:07:48,1790226468,1,35,1569.69,0.53,10.07,6.35,6.35,
13:07:49,1790226469,1,35,1569.69,0.53,10.07,6.35,6.35,
13:07:51,1790226471,1,35,1569.69,0.53,10.07,6.35,6.35,
13:07:52,1790226472,1,35,1569.69,0.53,10.07,6.35,6.35,
13:07:53,1790226473,1,35,1569.69,0.53,10.07,6.35,6.35,
13:07:54,1790226474,1,35,1569.69,0.53,10.07,6.35,6.35,
13:07:55,1790226475,1,35,1569.69,0.53,10.07,6.35,6.35,
13:07:56,1790226476,1,35,1569.69,0.53,10.07,6.35,6.35,
13:07:57,1790226477,1,35,1569.69,0.53,10.07,6.35,6.35,
13:07:59,1790226479,1,35,1569.69,0.53,10.07,6.35,6.35,
13:08:00,1790226480,1,35,1569.69,0.53,10.07,6.35,6.35,
13:08:01,1790226481,1,84,1569.69,0.52,1.89,0,0,
13:08:02,1790226482,1,84,1569.69,0.52,1.89,0,0,
