ts,epoch,pressure_level,free_pct,swap_used_mb,compressed_gb,wired_gb,proc_rss_gb,proc_mem_gb,cpu_speed_limit
14:32:04,1790231524,1,82,1123.31,0.79,1.93,0.01,0.12,
14:32:05,1790231525,1,68,1123.31,0.79,4.37,1.00,1.05,
14:32:06,1790231526,1,68,1123.31,0.79,4.35,2.01,2.04,
14:32:07,1790231527,1,67,1123.31,0.79,4.39,2.41,2.52,
14:32:09,1790231529,1,43,1123.31,0.99,8.21,3.32,3.36,
14:32:10,1790231530,1,43,1123.31,1.04,8.21,4.10,4.21,
14:32:11,1790231531,1,43,1123.31,1.04,8.21,4.95,5.06,
14:32:12,1790231532,1,43,1123.31,1.04,8.22,5.79,5.87,
14:32:13,1790231533,1,26,1123.31,1.28,10.75,6.11,6.26,
14:32:14,1790231534,1,26,1123.31,1.29,10.75,6.11,6.26,
14:32:16,1790231536,1,26,1123.31,1.29,10.75,6.11,6.26,
14:32:17,1790231537,1,26,1123.31,1.29,10.75,6.11,6.26,
14:32:18,1790231538,1,26,1123.31,1.29,10.75,6.11,6.26,
14:32:19,1790231539,1,26,1123.31,1.29,10.75,6.11,6.26,
14:32:20,1790231540,1,26,1123.31,1.29,10.75,6.11,6.26,
14:32:21,1790231541,1,26,1123.31,1.29,10.75,6.11,6.26,
14:32:22,1790231542,1,26,1123.31,1.29,10.75,6.11,6.26,
14:32:24,1790231544,1,26,1123.31,1.29,10.75,6.11,6.26,
14:32:25,1790231545,1,26,1123.31,1.29,10.75,6.11,6.26,
14:32:26,1790231546,1,26,1123.31,1.29,10.75,6.11,6.26,
14:32:27,1790231547,1,26,1123.31,1.29,10.75,6.11,6.26,
14:32:28,1790231548,1,26,1123.31,1.29,10.75,6.11,6.26,
14:32:29,1790231549,1,26,1123.31,1.29,10.75,6.11,6.26,
14:32:30,1790231550,1,26,1123.31,1.29,10.75,6.11,6.26,
14:32:32,1790231552,1,26,1123.31,1.29,10.75,6.11,6.26,
14:32:33,1790231553,1,26,1123.31,1.29,10.75,6.11,6.26,
14:32:34,1790231554,1,26,1123.31,1.29,10.75,6.11,6.26,
14:32:35,1790231555,1,26,1123.31,1.29,10.75,6.11,6.26,
14:32:36,1790231556,1,26,1123.31,1.29,10.75,6.11,6.26,
14:32:37,1790231557,1,26,1123.31,1.29,10.75,6.11,6.26,
14:32:38,1790231558,1,26,1123.31,1.29,10.75,6.11,6.26,
14:32:40,1790231560,1,26,1123.31,1.29,10.75,6.11,6.26,
14:32:41,1790231561,1,26,1123.31,1.29,10.75,6.11,6.26,
14:32:42,1790231562,1,26,1123.31,1.29,10.75,6.11,6.26,
14:32:43,1790231563,1,26,1123.31,1.28,10.75,6.11,6.26,
14:32:44,1790231564,1,26,1123.31,1.28,10.75,6.11,6.26,
14:32:45,1790231565,1,26,1123.31,1.28,10.75,6.11,6.26,
14:32:46,1790231566,1,26,1123.31,1.28,10.75,6.11,6.26,
14:32:48,1790231568,1,26,1123.31,1.27,10.75,6.14,6.27,
14:32:49,1790231569,1,26,1123.31,1.27,10.75,6.14,6.27,
14:32:50,1790231570,1,26,1123.31,1.27,10.75,6.14,6.27,
14:32:51,1790231571,1,26,1123.31,1.27,10.75,6.14,6.27,
14:32:52,1790231572,1,26,1123.31,1.27,10.75,6.14,6.27,
14:32:53,1790231573,1,26,1123.31,1.27,10.75,6.14,6.27,
14:32:54,1790231574,1,26,1123.31,1.27,10.75,6.14,6.27,
14:32:56,1790231576,1,26,1123.31,1.27,10.75,6.14,6.27,
14:32:57,1790231577,1,26,1123.31,1.27,10.75,6.14,6.27,
14:32:58,1790231578,1,26,1123.31,1.27,10.75,6.14,6.27,
14:32:59,1790231579,1,26,1123.31,1.27,10.75,6.14,6.27,
14:33:00,1790231580,1,26,1123.31,1.25,10.81,6.14,6.27,
14:33:01,1790231581,1,26,1123.31,1.25,10.75,6.14,6.27,
14:33:03,1790231583,1,26,1123.31,1.25,10.80,6.14,6.27,
14:33:04,1790231584,1,26,1123.31,1.25,10.75,6.14,6.27,
14:33:05,1790231585,1,26,1123.31,1.25,10.75,6.14,6.27,
14:33:06,1790231586,1,26,1123.31,1.25,10.75,6.14,6.27,
14:33:07,1790231587,1,26,1123.31,1.25,10.75,6.14,6.27,
14:33:08,1790231588,1,26,1123.31,1.25,10.75,6.14,6.27,
14:33:09,1790231589,1,26,1123.31,1.25,10.75,6.14,6.27,
14:33:11,1790231591,1,26,1123.31,1.25,10.75,6.14,6.27,
14:33:12,1790231592,1,26,1123.31,1.25,10.75,6.14,6.27,
14:33:13,1790231593,1,26,1123.31,1.25,10.75,6.14,6.27,
14:33:14,1790231594,1,26,1123.31,1.25,10.75,6.14,6.27,
14:33:15,1790231595,1,26,1123.31,1.25,10.75,6.14,6.27,
14:33:16,1790231596,1,26,1123.31,1.25,10.75,6.14,6.27,
14:33:17,1790231597,1,26,1123.31,1.25,10.75,6.14,6.27,
14:33:19,1790231599,1,26,1123.31,1.25,10.75,6.14,6.27,
14:33:20,1790231600,1,26,1123.31,1.25,10.75,6.14,6.27,
14:33:21,1790231601,1,26,1123.31,1.25,10.75,6.14,6.27,
14:33:22,1790231602,1,26,1123.31,1.25,10.75,6.14,6.27,
14:33:23,1790231603,1,26,1123.31,1.25,10.75,6.14,6.27,
14:33:24,1790231604,1,26,1123.31,1.25,10.75,6.14,6.27,
14:33:25,1790231605,1,26,1123.31,1.25,10.75,6.14,6.27,
14:33:27,1790231607,1,26,1123.31,1.25,10.75,6.14,6.27,
14:33:28,1790231608,1,26,1123.31,1.25,10.75,6.14,6.27,
14:33:29,1790231609,1,26,1123.31,1.25,10.75,6.14,6.27,
14:33:30,1790231610,1,26,1123.31,1.25,10.75,6.14,6.27,
14:33:31,1790231611,1,26,1123.31,1.25,10.75,6.14,6.27,
14:33:32,1790231612,1,26,1123.31,1.25,10.75,6.14,6.27,
14:33:33,1790231613,1,26,1123.31,1.25,10.75,6.14,6.27,
14:33:35,1790231615,1,26,1123.31,1.25,10.75,6.14,6.27,
14:33:36,1790231616,1,26,1123.31,1.25,10.75,6.14,6.27,
14:33:37,1790231617,1,26,1123.31,1.25,10.75,6.14,6.27,
14:33:38,1790231618,1,26,1123.31,1.25,10.75,6.14,6.27,
14:33:39,1790231619,1,26,1123.31,1.25,10.75,6.14,6.27,
14:33:40,1790231620,1,26,1123.31,1.25,10.75,6.14,6.27,
14:33:41,1790231621,1,26,1123.31,1.25,10.75,6.14,6.27,
14:33:43,1790231623,1,26,1123.31,1.25,10.75,6.14,6.27,
14:33:44,1790231624,1,26,1123.31,1.25,10.75,6.14,6.27,
14:33:45,1790231625,1,26,1123.31,1.25,10.75,6.14,6.27,
14:33:46,1790231626,1,26,1123.31,1.25,10.75,6.14,6.27,
14:33:47,1790231627,1,26,1123.31,1.25,10.75,6.14,6.27,
14:33:48,1790231628,1,26,1123.31,1.25,10.75,6.14,6.27,
14:33:50,1790231630,1,26,1123.31,1.25,10.75,6.14,6.27,
14:33:51,1790231631,1,26,1123.31,1.25,10.75,6.14,6.27,
14:33:52,1790231632,1,26,1123.31,1.25,10.75,6.14,6.27,
14:33:53,1790231633,1,26,1123.31,1.25,10.75,6.14,6.27,
14:33:54,1790231634,1,26,1123.31,1.25,10.75,6.14,6.27,
14:33:55,1790231635,1,26,1123.31,1.25,10.75,6.14,6.27,
14:33:56,1790231636,1,26,1123.31,1.25,10.75,6.14,6.27,
14:33:58,1790231638,1,26,1123.31,1.25,10.75,6.14,6.27,
14:33:59,1790231639,1,26,1123.31,1.25,10.75,6.14,6.27,
14:34:00,1790231640,1,26,1123.31,1.25,10.81,6.14,6.27,
14:34:01,1790231641,1,26,1123.31,1.24,10.75,6.14,6.27,
14:34:02,1790231642,1,26,1123.31,1.24,10.79,6.14,6.27,
14:34:03,1790231643,1,26,1123.31,1.24,10.75,6.14,6.27,
14:34:04,1790231644,1,26,1123.31,1.24,10.75,6.14,6.27,
14:34:06,1790231646,1,26,1123.31,1.24,10.75,6.14,6.27,
14:34:07,1790231647,1,26,1123.31,1.24,10.75,6.14,6.27,
14:34:08,1790231648,1,26,1123.31,1.24,10.75,6.14,6.27,
14:34:09,1790231649,1,26,1123.31,1.24,10.75,6.14,6.27,
14:34:10,1790231650,1,26,1123.31,1.24,10.75,6.14,6.27,
14:34:11,1790231651,1,26,1123.31,1.24,10.75,6.14,6.27,
14:34:12,1790231652,1,26,1123.31,1.24,10.75,6.14,6.27,
14:34:14,1790231654,1,26,1123.31,1.24,10.75,6.14,6.27,
14:34:15,1790231655,1,26,1123.31,1.24,10.75,6.14,6.27,
14:34:16,1790231656,1,26,1123.31,1.24,10.75,6.14,6.27,
14:34:17,1790231657,1,26,1123.31,1.24,10.75,6.14,6.27,
14:34:18,1790231658,1,26,1123.31,1.24,10.75,6.14,6.27,
14:34:19,1790231659,1,26,1123.31,1.24,10.75,6.14,6.27,
14:34:20,1790231660,1,26,1123.31,1.24,10.75,6.14,6.27,
14:34:22,1790231662,1,26,1123.31,1.24,10.75,6.14,6.27,
14:34:23,1790231663,1,26,1123.31,1.24,10.75,6.14,6.27,
14:34:24,1790231664,1,26,1123.31,1.24,10.75,6.14,6.27,
14:34:25,1790231665,1,26,1123.31,1.24,10.75,6.14,6.27,
14:34:26,1790231666,1,26,1123.31,1.24,10.75,6.14,6.27,
14:34:27,1790231667,1,26,1123.31,1.24,10.75,6.14,6.27,
14:34:29,1790231669,1,26,1123.31,1.24,10.75,6.14,6.27,
14:34:30,1790231670,1,26,1123.31,1.24,10.75,6.14,6.27,
14:34:31,1790231671,1,26,1123.31,1.24,10.75,6.14,6.27,
14:34:32,1790231672,1,26,1123.31,1.24,10.75,6.14,6.27,
14:34:33,1790231673,1,27,1123.31,1.24,10.75,6.14,6.27,
14:34:34,1790231674,1,27,1123.31,1.24,10.75,6.14,6.27,
14:34:35,1790231675,1,27,1123.31,1.24,10.75,6.14,6.27,
14:34:37,1790231677,1,27,1123.31,1.23,10.75,6.14,6.27,
14:34:38,1790231678,1,27,1123.31,1.23,10.75,6.14,6.27,
14:34:39,1790231679,1,27,1123.31,1.23,10.75,6.14,6.27,
14:34:40,1790231680,1,27,1123.31,1.23,10.75,6.14,6.27,
14:34:41,1790231681,1,27,1123.31,1.23,10.75,6.14,6.27,
14:34:42,1790231682,1,27,1123.31,1.23,10.75,6.14,6.27,
14:34:43,1790231683,1,27,1123.31,1.23,10.75,6.14,6.27,
14:34:45,1790231685,1,27,1123.31,1.23,10.75,6.14,6.27,
14:34:46,1790231686,1,27,1123.31,1.23,10.75,6.14,6.27,
14:34:47,1790231687,1,27,1123.31,1.23,10.75,6.14,6.27,
14:34:48,1790231688,1,27,1123.31,1.23,10.75,6.14,6.27,
14:34:49,1790231689,1,27,1123.31,1.23,10.75,6.14,6.27,
14:34:50,1790231690,1,27,1123.31,1.23,10.75,6.14,6.27,
14:34:51,1790231691,1,27,1123.31,1.23,10.75,6.14,6.27,
14:34:53,1790231693,1,27,1123.31,1.23,10.75,6.14,6.27,
14:34:54,1790231694,1,27,1123.31,1.23,10.75,6.14,6.27,
14:34:55,1790231695,1,27,1123.31,1.23,10.75,6.14,6.27,
14:34:56,1790231696,1,27,1123.31,1.22,10.75,6.14,6.27,
14:34:57,1790231697,1,27,1123.31,1.22,10.75,6.14,6.27,
14:34:58,1790231698,1,27,1123.31,1.22,10.75,6.14,6.27,
14:34:59,1790231699,1,27,1123.31,1.22,10.75,6.14,6.27,
14:35:01,1790231701,1,27,1123.31,1.22,10.75,6.14,6.27,
14:35:02,1790231702,1,26,1123.31,1.22,10.80,6.14,6.27,
14:35:03,1790231703,1,27,1123.31,1.22,10.75,6.14,6.27,
14:35:04,1790231704,1,27,1123.31,1.22,10.75,6.14,6.27,
14:35:05,1790231705,1,27,1123.31,1.22,10.75,6.14,6.27,
14:35:06,1790231706,1,27,1123.31,1.22,10.75,6.14,6.27,
14:35:07,1790231707,1,27,1123.31,1.22,10.75,6.14,6.27,
14:35:09,1790231709,1,27,1123.31,1.22,10.75,6.14,6.27,
14:35:10,1790231710,1,27,1123.31,1.22,10.75,6.14,6.27,
14:35:11,1790231711,1,27,1123.31,1.22,10.75,6.14,6.27,
14:35:12,1790231712,1,27,1123.31,1.22,10.75,6.14,6.27,
14:35:13,1790231713,1,27,1123.31,1.22,10.75,6.14,6.27,
14:35:14,1790231714,1,27,1123.31,1.22,10.75,6.14,6.27,
14:35:16,1790231716,1,27,1123.31,1.22,10.75,6.14,6.27,
14:35:17,1790231717,1,27,1123.31,1.22,10.75,6.14,6.27,
14:35:18,1790231718,1,27,1123.31,1.22,10.75,6.14,6.27,
14:35:19,1790231719,1,27,1123.31,1.22,10.75,6.14,6.27,
14:35:20,1790231720,1,27,1123.31,1.22,10.75,6.14,6.27,
14:35:21,1790231721,1,27,1123.31,1.22,10.75,6.14,6.27,
14:35:22,1790231722,1,27,1123.31,1.22,10.75,6.14,6.27,
14:35:24,1790231724,1,27,1123.31,1.22,10.75,6.14,6.27,
14:35:25,1790231725,1,27,1123.31,1.22,10.75,6.14,6.27,
14:35:26,1790231726,1,27,1123.31,1.22,10.75,6.14,6.27,
14:35:27,1790231727,1,27,1123.31,1.22,10.75,6.14,6.27,
14:35:28,1790231728,1,27,1123.31,1.22,10.75,6.14,6.27,
14:35:29,1790231729,1,27,1123.31,1.22,10.75,6.14,6.27,
14:35:30,1790231730,1,27,1123.31,1.22,10.75,6.14,6.27,
14:35:32,1790231732,1,27,1123.31,1.22,10.75,6.14,6.27,
14:35:33,1790231733,1,27,1123.31,1.22,10.75,6.14,6.27,
14:35:34,1790231734,1,27,1123.31,1.22,10.75,6.14,6.27,
14:35:35,1790231735,1,27,1123.31,1.22,10.75,6.14,6.27,
14:35:36,1790231736,1,27,1123.31,1.22,10.75,6.14,6.27,
14:35:37,1790231737,1,27,1123.31,1.22,10.75,6.14,6.27,
14:35:38,1790231738,1,27,1123.31,1.22,10.75,6.14,6.27,
14:35:40,1790231740,1,27,1123.31,1.22,10.75,6.14,6.27,
14:35:41,1790231741,1,27,1123.31,1.22,10.75,6.14,6.27,
14:35:42,1790231742,1,27,1123.31,1.22,10.75,6.14,6.27,
14:35:43,1790231743,1,27,1123.31,1.22,10.75,6.14,6.27,
14:35:44,1790231744,1,27,1123.31,1.22,10.75,6.14,6.27,
14:35:45,1790231745,1,27,1123.31,1.22,10.75,6.14,6.27,
14:35:47,1790231747,1,27,1123.31,1.22,10.75,6.14,6.27,
14:35:48,1790231748,1,27,1123.31,1.22,10.75,6.14,6.27,
14:35:49,1790231749,1,27,1123.31,1.22,10.75,6.14,6.27,
14:35:50,1790231750,1,27,1123.31,1.22,10.75,6.14,6.27,
14:35:51,1790231751,1,27,1123.31,1.22,10.75,6.14,6.27,
14:35:52,1790231752,1,27,1123.31,1.22,10.75,6.14,6.27,
14:35:53,1790231753,1,27,1123.31,1.22,10.75,6.14,6.27,
14:35:55,1790231755,1,27,1123.31,1.22,10.75,6.14,6.27,
14:35:56,1790231756,1,27,1123.31,1.22,10.75,6.14,6.27,
14:35:57,1790231757,1,27,1123.31,1.22,10.75,6.14,6.27,
14:35:58,1790231758,1,27,1123.31,1.22,10.75,6.14,6.27,
14:35:59,1790231759,1,27,1123.31,1.22,10.75,6.14,6.27,
14:36:00,1790231760,1,26,1123.31,1.22,10.81,6.14,6.27,
14:36:01,1790231761,1,27,1123.31,1.22,10.75,6.14,6.27,
14:36:03,1790231763,1,27,1123.31,1.22,10.75,6.14,6.27,
14:36:04,1790231764,1,27,1123.31,1.22,10.75,6.14,6.27,
14:36:05,1790231765,1,27,1123.31,1.22,10.75,6.14,6.27,
14:36:06,1790231766,1,27,1123.31,1.22,10.75,6.14,6.27,
14:36:07,1790231767,1,27,1123.31,1.22,10.75,6.14,6.27,
14:36:08,1790231768,1,27,1123.31,1.22,10.75,6.14,6.27,
14:36:09,1790231769,1,27,1123.31,1.22,10.75,6.14,6.27,
14:36:11,1790231771,1,27,1123.31,1.22,10.75,6.14,6.27,
14:36:12,1790231772,1,27,1123.31,1.22,10.75,6.14,6.27,
14:36:13,1790231773,1,27,1123.31,1.22,10.75,6.14,6.27,
14:36:14,1790231774,1,27,1123.31,1.22,10.75,6.14,6.27,
14:36:15,1790231775,1,27,1123.31,1.22,10.75,6.14,6.27,
14:36:16,1790231776,1,27,1123.31,1.21,10.75,6.14,6.27,
14:36:17,1790231777,1,27,1123.31,1.21,10.75,6.14,6.27,
14:36:19,1790231779,1,27,1123.31,1.21,10.75,6.14,6.27,
14:36:20,1790231780,1,27,1123.31,1.21,10.75,6.14,6.27,
14:36:21,1790231781,1,27,1123.31,1.21,10.75,6.14,6.27,
14:36:22,1790231782,1,27,1123.31,1.21,10.75,6.14,6.27,
14:36:23,1790231783,1,27,1123.31,1.21,10.75,6.14,6.27,
14:36:24,1790231784,1,27,1123.31,1.21,10.75,6.14,6.27,
14:36:26,1790231786,1,27,1123.31,1.21,10.75,6.14,6.27,
14:36:27,1790231787,1,27,1123.31,1.21,10.75,6.14,6.27,
14:36:28,1790231788,1,27,1123.31,1.21,10.75,6.14,6.27,
14:36:29,1790231789,1,27,1123.31,1.21,10.75,6.14,6.27,
14:36:30,1790231790,1,27,1123.31,1.21,10.75,6.14,6.27,
14:36:31,1790231791,1,27,1123.31,1.21,10.75,6.14,6.27,
14:36:32,1790231792,1,27,1123.31,1.21,10.75,6.14,6.27,
14:36:34,1790231794,1,27,1123.31,1.21,10.75,6.14,6.27,
14:36:35,1790231795,1,27,1123.31,1.21,10.75,6.14,6.27,
14:36:36,1790231796,1,27,1123.31,1.21,10.75,6.14,6.27,
14:36:37,1790231797,1,27,1123.31,1.21,10.75,6.14,6.27,
14:36:38,1790231798,1,27,1123.31,1.21,10.75,6.14,6.27,
14:36:39,1790231799,1,27,1123.31,1.21,10.75,6.14,6.27,
14:36:40,1790231800,1,27,1123.31,1.21,10.75,6.14,6.27,
14:36:42,1790231802,1,27,1123.31,1.21,10.75,6.14,6.27,
14:36:43,1790231803,1,27,1123.31,1.21,10.75,6.14,6.27,
14:36:44,1790231804,1,27,1123.31,1.21,10.75,6.14,6.27,
14:36:45,1790231805,1,27,1123.31,1.21,10.75,6.14,6.27,
14:36:46,1790231806,1,27,1123.31,1.21,10.75,6.14,6.27,
14:36:47,1790231807,1,27,1123.31,1.21,10.75,6.14,6.27,
14:36:48,1790231808,1,27,1123.31,1.21,10.75,6.14,6.27,
14:36:50,1790231810,1,27,1123.31,1.21,10.75,6.14,6.27,
14:36:51,1790231811,1,27,1123.31,1.21,10.75,6.14,6.27,
14:36:52,1790231812,1,27,1123.31,1.21,10.75,6.14,6.27,
14:36:53,1790231813,1,27,1123.31,1.21,10.75,6.14,6.27,
14:36:54,1790231814,1,27,1123.31,1.21,10.75,6.14,6.27,
14:36:55,1790231815,1,27,1123.31,1.21,10.75,6.14,6.27,
14:36:56,1790231816,1,27,1123.31,1.21,10.75,6.14,6.27,
14:36:58,1790231818,1,27,1123.31,1.21,10.75,6.14,6.27,
14:36:59,1790231819,1,27,1123.31,1.21,10.75,6.14,6.27,
14:37:00,1790231820,1,26,1123.31,1.21,10.81,6.14,6.27,
14:37:01,1790231821,1,27,1123.31,1.21,10.75,6.14,6.27,
14:37:02,1790231822,1,26,1123.31,1.21,10.80,6.14,6.27,
14:37:03,1790231823,1,27,1123.31,1.21,10.75,6.14,6.27,
14:37:05,1790231825,1,27,1123.31,1.21,10.75,6.14,6.27,
14:37:06,1790231826,1,27,1123.31,1.21,10.75,6.14,6.27,
14:37:07,1790231827,1,27,1123.31,1.21,10.75,6.14,6.27,
14:37:08,1790231828,1,27,1123.31,1.21,10.75,6.14,6.27,
14:37:09,1790231829,1,27,1123.31,1.21,10.75,6.14,6.27,
14:37:10,1790231830,1,27,1123.31,1.21,10.75,6.14,6.27,
14:37:11,1790231831,1,27,1123.31,1.21,10.75,6.14,6.27,
14:37:13,1790231833,1,27,1123.31,1.21,10.75,6.14,6.27,
14:37:14,1790231834,1,27,1123.31,1.21,10.75,6.14,6.27,
14:37:15,1790231835,1,27,1123.31,1.21,10.75,6.14,6.27,
14:37:16,1790231836,1,27,1123.31,1.21,10.75,6.14,6.27,
14:37:17,1790231837,1,27,1123.31,1.21,10.75,6.14,6.27,
14:37:18,1790231838,1,27,1123.31,1.21,10.75,6.14,6.27,
14:37:19,1790231839,1,27,1123.31,1.21,10.75,6.14,6.27,
14:37:21,1790231841,1,27,1123.31,1.21,10.75,6.14,6.27,
14:37:22,1790231842,1,27,1123.31,1.21,10.75,6.14,6.27,
14:37:23,1790231843,1,27,1123.31,1.21,10.75,6.14,6.27,
14:37:24,1790231844,1,27,1123.31,1.21,10.75,6.14,6.27,
14:37:25,1790231845,1,27,1123.31,1.21,10.75,6.14,6.27,
14:37:26,1790231846,1,27,1123.31,1.21,10.75,6.14,6.27,
14:37:27,1790231847,1,27,1123.31,1.21,10.75,6.14,6.30,
14:37:29,1790231849,1,31,1123.31,1.20,10.09,6.28,6.39,
14:37:30,1790231850,1,31,1123.31,1.20,10.09,6.28,6.39,
14:37:31,1790231851,1,31,1123.31,1.20,10.09,6.28,6.39,
14:37:32,1790231852,1,31,1123.31,1.20,10.09,6.28,6.40,
14:37:33,1790231853,1,31,1123.31,1.20,10.09,6.28,6.39,
14:37:34,1790231854,1,31,1123.31,1.20,10.09,6.28,6.39,
14:37:35,1790231855,1,31,1123.31,1.20,10.09,6.28,6.40,
14:37:37,1790231857,1,31,1123.31,1.20,10.09,6.28,6.39,
14:37:38,1790231858,1,31,1123.31,1.20,10.09,6.28,6.39,
14:37:39,1790231859,1,31,1123.31,1.20,10.09,6.28,6.40,
14:37:40,1790231860,1,31,1123.31,1.20,10.09,6.28,6.39,
14:37:41,1790231861,1,31,1123.31,1.20,10.09,6.28,6.39,
14:37:42,1790231862,1,31,1123.31,1.20,10.09,6.28,6.40,
14:37:43,1790231863,1,31,1123.31,1.20,10.09,6.28,6.39,
14:37:45,1790231865,1,31,1123.31,1.20,10.09,6.28,6.39,
14:37:46,1790231866,1,31,1123.31,1.20,10.09,6.28,6.40,
14:37:47,1790231867,1,31,1123.31,1.20,10.09,6.28,6.39,
14:37:48,1790231868,1,31,1123.31,1.20,10.09,6.28,6.40,
14:37:49,1790231869,1,31,1123.31,1.19,10.09,6.28,6.40,
14:37:50,1790231870,1,31,1123.31,1.19,10.09,6.28,6.39,
14:37:52,1790231872,1,31,1123.31,1.19,10.09,6.28,6.40,
14:37:53,1790231873,1,31,1123.31,1.19,10.09,6.28,6.39,
14:37:54,1790231874,1,31,1123.31,1.19,10.09,6.28,6.39,
14:37:55,1790231875,1,31,1123.31,1.19,10.09,6.28,6.40,
14:37:56,1790231876,1,31,1123.31,1.19,10.09,6.28,6.39,
14:37:57,1790231877,1,31,1123.31,1.19,10.09,6.28,6.39,
14:37:58,1790231878,1,31,1123.31,1.12,10.08,0,0,
14:37:59,1790231879,1,81,1123.31,1.10,1.90,0,0,
