ts,epoch,pressure_level,free_pct,swap_used_mb,compressed_gb,wired_gb,proc_rss_gb,proc_mem_gb,cpu_speed_limit
11:33:44,1790220824,1,74,900.12,1.71,2.36,0.01,0.13,
11:33:45,1790220825,1,59,900.12,1.71,4.86,1.05,1.08,
11:33:46,1790220826,1,59,900.12,1.71,4.79,2.11,2.16,
11:33:48,1790220828,1,35,900.12,1.77,8.70,2.54,2.57,
11:33:49,1790220829,1,36,900.12,1.77,8.66,3.50,3.54,
11:33:50,1790220830,1,36,900.12,1.77,8.66,4.35,4.39,
11:33:51,1790220831,1,36,900.12,1.77,8.66,5.20,5.25,
11:33:52,1790220832,1,36,900.12,1.76,8.66,6.10,6.21,
11:33:54,1790220834,1,17,900.12,2.29,11.19,5.92,6.26,
11:33:55,1790220835,1,18,900.12,2.27,11.19,5.92,6.26,
11:33:56,1790220836,1,18,900.12,2.22,11.19,5.92,6.25,
11:33:57,1790220837,1,18,900.12,2.22,11.19,5.92,6.25,
11:33:58,1790220838,1,18,900.12,2.21,11.19,5.92,6.25,
11:34:00,1790220840,1,18,900.12,2.21,11.13,5.92,6.25,
11:34:01,1790220841,1,18,900.12,2.21,11.13,5.92,6.25,
11:34:02,1790220842,1,18,900.12,2.21,11.13,5.92,6.25,
11:34:03,1790220843,1,19,900.12,2.18,11.13,5.92,6.25,
11:34:04,1790220844,1,19,900.12,2.17,11.13,5.92,6.25,
11:34:06,1790220846,1,19,900.12,2.17,11.13,5.92,6.25,
11:34:07,1790220847,1,19,900.12,2.16,11.13,5.92,6.25,
11:34:08,1790220848,1,19,900.12,2.16,11.13,5.92,6.25,
11:34:09,1790220849,1,19,900.12,2.16,11.13,5.92,6.25,
11:34:10,1790220850,1,18,900.12,2.16,11.19,5.92,6.25,
11:34:12,1790220852,1,19,900.12,2.16,11.13,5.92,6.25,
11:34:13,1790220853,1,19,900.12,2.15,11.13,5.92,6.25,
11:34:14,1790220854,1,20,900.12,2.15,10.90,5.92,6.25,
11:34:15,1790220855,1,19,900.12,2.15,11.13,5.92,6.25,
11:34:16,1790220856,1,20,900.12,2.15,10.87,5.92,6.25,
11:34:18,1790220858,1,20,900.12,2.15,10.87,5.92,6.25,
11:34:19,1790220859,1,20,900.12,2.15,10.87,5.92,6.25,
11:34:20,1790220860,1,20,900.12,2.15,10.87,5.92,6.25,
11:34:21,1790220861,1,20,900.12,2.14,10.87,5.92,6.25,
11:34:22,1790220862,1,20,900.12,2.14,10.87,5.92,6.25,
11:34:23,1790220863,1,20,900.12,2.14,10.87,5.92,6.25,
11:34:25,1790220865,1,20,900.12,2.13,10.87,5.95,6.27,
11:34:26,1790220866,1,20,900.12,2.13,10.86,5.95,6.27,
11:34:27,1790220867,1,20,892.12,2.13,10.86,5.95,6.27,
11:34:28,1790220868,1,20,892.12,2.13,10.86,5.95,6.27,
11:34:29,1790220869,1,20,892.12,2.13,10.86,5.95,6.27,
11:34:31,1790220871,1,20,892.12,2.13,10.86,5.95,6.27,
11:34:32,1790220872,1,20,892.12,2.13,10.86,5.95,6.27,
11:34:33,1790220873,1,20,892.12,2.12,10.86,5.95,6.27,
11:34:34,1790220874,1,20,892.12,2.12,10.86,5.95,6.27,
11:34:35,1790220875,1,20,892.12,2.12,10.86,5.95,6.27,
11:34:37,1790220877,1,20,892.12,2.11,10.86,5.95,6.27,
11:34:38,1790220878,1,21,892.12,2.11,10.86,5.95,6.27,
11:34:39,1790220879,1,21,892.12,2.10,10.86,5.95,6.27,
11:34:40,1790220880,1,21,892.12,2.10,10.86,5.95,6.27,
11:34:41,1790220881,1,20,892.12,2.10,10.86,5.95,6.27,
11:34:43,1790220883,1,19,892.12,2.10,11.05,5.95,6.27,
11:34:44,1790220884,1,20,892.12,2.10,10.90,5.95,6.27,
11:34:45,1790220885,1,21,892.12,2.09,10.86,5.95,6.27,
11:34:46,1790220886,1,21,892.12,2.09,10.86,5.95,6.27,
11:34:47,1790220887,1,21,892.12,2.09,10.86,5.95,6.27,
11:34:48,1790220888,1,21,892.12,2.09,10.86,5.95,6.27,
11:34:50,1790220890,1,21,892.12,2.09,10.86,5.95,6.27,
11:34:51,1790220891,1,21,892.12,2.09,10.86,5.95,6.27,
11:34:52,1790220892,1,21,892.12,2.09,10.86,5.95,6.27,
11:34:53,1790220893,1,21,892.12,2.09,10.86,5.95,6.27,
11:34:54,1790220894,1,21,892.12,2.09,10.86,5.95,6.27,
11:34:56,1790220896,1,20,892.12,2.09,10.91,5.95,6.27,
11:34:57,1790220897,1,21,892.12,2.09,10.86,5.95,6.27,
11:34:58,1790220898,1,21,892.12,2.09,10.86,5.95,6.27,
11:34:59,1790220899,1,21,892.12,2.09,10.86,5.95,6.27,
11:35:00,1790220900,1,21,892.12,2.09,10.86,5.95,6.27,
11:35:02,1790220902,1,21,892.12,2.09,10.86,5.95,6.27,
11:35:03,1790220903,1,21,892.12,2.09,10.86,5.95,6.27,
11:35:04,1790220904,1,21,892.12,2.09,10.86,5.95,6.27,
11:35:05,1790220905,1,21,892.12,2.08,10.86,5.95,6.27,
11:35:06,1790220906,1,21,892.12,2.08,10.86,5.95,6.27,
11:35:08,1790220908,1,21,892.12,2.08,10.86,5.95,6.27,
11:35:09,1790220909,1,21,892.12,2.08,10.86,5.95,6.27,
11:35:10,1790220910,1,21,892.12,2.08,10.86,5.95,6.27,
11:35:11,1790220911,1,21,892.12,2.08,10.86,5.95,6.27,
11:35:12,1790220912,1,21,892.12,2.08,10.86,5.95,6.27,
11:35:14,1790220914,1,21,892.12,2.08,10.86,5.95,6.27,
11:35:15,1790220915,1,21,892.12,2.08,10.86,5.95,6.27,
11:35:16,1790220916,1,21,892.12,2.08,10.86,5.95,6.27,
11:35:17,1790220917,1,21,892.12,2.08,10.86,5.95,6.27,
11:35:18,1790220918,1,21,892.12,2.08,10.86,5.95,6.27,
11:35:19,1790220919,1,21,892.12,2.08,10.86,5.95,6.27,
11:35:21,1790220921,1,21,892.12,2.08,10.86,5.95,6.27,
11:35:22,1790220922,1,21,892.12,2.08,10.86,5.95,6.27,
11:35:23,1790220923,1,20,892.12,2.07,10.97,5.95,6.27,
11:35:24,1790220924,1,21,892.12,2.07,10.86,5.95,6.27,
11:35:25,1790220925,1,21,892.12,2.07,10.86,5.95,6.27,
11:35:27,1790220927,1,21,892.12,2.07,10.86,5.95,6.27,
11:35:28,1790220928,1,21,892.12,2.07,10.86,5.95,6.27,
11:35:29,1790220929,1,21,892.12,2.07,10.86,5.95,6.27,
11:35:30,1790220930,1,21,892.12,2.07,10.86,5.95,6.27,
11:35:31,1790220931,1,21,892.12,2.07,10.86,5.95,6.27,
11:35:33,1790220933,1,21,892.12,2.07,10.86,5.95,6.27,
11:35:34,1790220934,1,21,892.12,2.07,10.86,5.95,6.27,
11:35:35,1790220935,1,21,892.12,2.07,10.86,5.95,6.27,
11:35:36,1790220936,1,21,892.12,2.07,10.86,5.95,6.27,
11:35:37,1790220937,1,21,892.12,2.07,10.86,5.95,6.27,
11:35:39,1790220939,1,21,892.12,2.07,10.86,5.95,6.27,
11:35:40,1790220940,1,21,892.12,2.07,10.86,5.95,6.27,
11:35:41,1790220941,1,21,892.12,2.07,10.86,5.95,6.27,
11:35:42,1790220942,1,21,892.12,2.07,10.86,5.95,6.27,
11:35:43,1790220943,1,21,892.12,2.07,10.86,5.95,6.27,
11:35:45,1790220945,1,21,892.12,2.07,10.86,5.95,6.27,
11:35:46,1790220946,1,21,892.12,2.07,10.86,5.95,6.27,
11:35:47,1790220947,1,21,892.12,2.07,10.86,5.95,6.27,
11:35:48,1790220948,1,21,892.12,2.07,10.86,5.95,6.27,
11:35:49,1790220949,1,21,892.12,2.07,10.86,5.95,6.27,
11:35:50,1790220950,1,21,892.12,2.07,10.86,5.95,6.27,
11:35:52,1790220952,1,21,892.12,2.07,10.86,5.95,6.27,
11:35:53,1790220953,1,21,892.12,2.07,10.86,5.95,6.27,
11:35:54,1790220954,1,21,892.12,2.07,10.86,5.95,6.27,
11:35:55,1790220955,1,21,892.12,2.06,10.86,5.95,6.27,
11:35:56,1790220956,1,21,892.12,2.06,10.86,5.95,6.27,
11:35:58,1790220958,1,21,892.12,2.06,10.86,5.95,6.27,
11:35:59,1790220959,1,21,892.12,2.06,10.86,5.95,6.27,
11:36:00,1790220960,1,21,892.12,2.06,10.86,5.95,6.27,
11:36:01,1790220961,1,21,892.12,2.06,10.86,5.95,6.27,
11:36:02,1790220962,1,21,892.12,2.06,10.86,5.95,6.27,
11:36:04,1790220964,1,21,892.12,2.06,10.86,5.95,6.27,
11:36:05,1790220965,1,21,892.12,2.06,10.86,5.95,6.27,
11:36:06,1790220966,1,21,892.12,2.06,10.86,5.95,6.27,
11:36:07,1790220967,1,21,892.12,2.06,10.86,5.95,6.27,
11:36:08,1790220968,1,21,892.12,2.06,10.86,5.95,6.27,
11:36:10,1790220970,1,21,892.12,2.06,10.86,5.95,6.27,
11:36:11,1790220971,1,21,892.12,2.06,10.86,5.95,6.27,
11:36:12,1790220972,1,21,892.12,2.06,10.86,5.95,6.27,
11:36:13,1790220973,1,21,892.12,2.06,10.86,5.95,6.27,
11:36:14,1790220974,1,21,892.12,2.05,10.86,5.95,6.27,
11:36:15,1790220975,1,21,892.12,2.05,10.86,5.95,6.27,
11:36:17,1790220977,1,21,892.12,2.05,10.86,5.95,6.27,
11:36:18,1790220978,1,21,892.12,2.05,10.86,5.95,6.27,
11:36:19,1790220979,1,21,892.12,2.05,10.86,5.95,6.27,
11:36:20,1790220980,1,21,892.12,2.05,10.86,5.95,6.27,
11:36:21,1790220981,1,21,892.12,2.05,10.86,5.95,6.27,
11:36:23,1790220983,1,21,892.12,2.05,10.86,5.95,6.27,
11:36:24,1790220984,1,21,892.12,2.05,10.86,5.95,6.27,
11:36:25,1790220985,1,21,892.12,2.05,10.86,5.95,6.27,
11:36:26,1790220986,1,21,892.12,2.05,10.86,5.95,6.27,
11:36:27,1790220987,1,21,892.12,2.03,10.86,5.95,6.27,
11:36:29,1790220989,1,21,892.12,2.03,10.86,5.95,6.27,
11:36:30,1790220990,1,21,892.12,2.03,10.86,5.95,6.27,
11:36:31,1790220991,1,21,892.12,2.03,10.86,5.95,6.27,
11:36:32,1790220992,1,21,892.12,2.03,10.86,5.95,6.27,
11:36:33,1790220993,1,21,892.12,2.03,10.86,5.95,6.27,
11:36:35,1790220995,1,21,892.12,2.03,10.86,5.95,6.27,
11:36:36,1790220996,1,21,892.12,2.03,10.86,5.95,6.27,
11:36:37,1790220997,1,21,892.12,2.03,10.86,5.95,6.27,
11:36:38,1790220998,1,21,892.12,2.03,10.86,5.95,6.27,
11:36:39,1790220999,1,21,892.12,2.03,10.86,5.95,6.27,
11:36:41,1790221001,1,21,892.12,2.03,10.86,5.95,6.27,
11:36:42,1790221002,1,21,892.12,2.01,10.86,5.95,6.27,
11:36:43,1790221003,1,21,892.12,2.03,10.86,5.95,6.27,
11:36:44,1790221004,1,21,892.12,2.04,10.86,5.95,6.27,
11:36:45,1790221005,1,21,892.12,2.03,10.85,5.95,6.27,
11:36:47,1790221007,1,21,892.12,2.03,10.85,5.95,6.27,
11:36:48,1790221008,1,21,892.12,2.03,10.85,5.95,6.27,
11:36:49,1790221009,1,21,892.12,2.03,10.85,5.95,6.27,
11:36:50,1790221010,1,21,892.12,2.03,10.85,5.95,6.27,
11:36:51,1790221011,1,21,892.12,2.03,10.85,5.95,6.27,
11:36:52,1790221012,1,21,892.12,2.03,10.85,5.95,6.27,
11:36:54,1790221014,1,21,892.12,2.03,10.85,5.95,6.27,
11:36:55,1790221015,1,21,892.12,2.03,10.85,5.95,6.27,
11:36:56,1790221016,1,21,892.12,2.03,10.84,5.95,6.27,
11:36:57,1790221017,1,21,892.12,2.03,10.84,5.95,6.27,
11:36:58,1790221018,1,21,892.12,2.03,10.84,5.95,6.27,
11:37:00,1790221020,1,21,892.12,2.03,10.84,5.95,6.27,
11:37:01,1790221021,1,21,892.12,2.03,10.84,5.95,6.27,
11:37:02,1790221022,1,21,892.12,2.03,10.84,5.95,6.27,
11:37:03,1790221023,1,21,892.12,2.02,10.84,5.95,6.27,
11:37:04,1790221024,1,21,892.12,2.02,10.83,5.95,6.27,
11:37:06,1790221026,1,21,892.12,2.02,10.83,5.95,6.27,
11:37:07,1790221027,1,21,892.12,2.02,10.83,5.95,6.27,
11:37:08,1790221028,1,21,892.12,2.02,10.83,5.95,6.27,
11:37:09,1790221029,1,21,892.12,2.02,10.83,5.95,6.27,
11:37:10,1790221030,1,21,892.12,2.02,10.83,5.95,6.27,
11:37:12,1790221032,1,21,892.12,2.02,10.83,5.95,6.27,
11:37:13,1790221033,1,21,892.12,2.02,10.83,5.95,6.27,
11:37:14,1790221034,1,21,892.12,2.02,10.83,5.95,6.27,
11:37:15,1790221035,1,21,892.12,2.02,10.83,5.95,6.27,
11:37:16,1790221036,1,21,892.12,2.02,10.83,5.95,6.27,
11:37:18,1790221038,1,21,892.12,2.02,10.83,5.95,6.27,
11:37:19,1790221039,1,21,892.12,2.02,10.83,5.95,6.27,
11:37:20,1790221040,1,21,892.12,2.02,10.83,5.95,6.27,
11:37:21,1790221041,1,21,892.12,2.02,10.83,5.95,6.27,
11:37:22,1790221042,1,21,892.12,2.02,10.83,5.95,6.27,
11:37:23,1790221044,1,21,892.12,2.02,10.83,5.95,6.27,
11:37:25,1790221045,1,21,892.12,2.02,10.83,5.95,6.27,
11:37:26,1790221046,1,21,892.12,2.02,10.83,5.95,6.27,
11:37:27,1790221047,1,21,892.12,2.02,10.83,5.95,6.27,
11:37:28,1790221048,1,21,892.12,2.02,10.83,5.95,6.27,
11:37:29,1790221049,1,21,892.12,2.02,10.83,5.95,6.27,
11:37:31,1790221051,1,21,892.12,2.02,10.83,5.95,6.27,
11:37:32,1790221052,1,21,892.12,2.02,10.83,5.95,6.27,
11:37:33,1790221053,1,21,892.12,2.02,10.83,5.95,6.27,
11:37:34,1790221054,1,21,892.12,2.02,10.83,5.95,6.27,
11:37:35,1790221055,1,21,892.12,2.02,10.83,5.95,6.27,
11:37:37,1790221057,1,21,892.12,2.02,10.83,5.95,6.27,
11:37:38,1790221058,1,21,892.12,2.01,10.83,5.95,6.27,
11:37:39,1790221059,1,21,892.12,2.01,10.83,5.95,6.27,
11:37:40,1790221060,1,21,892.12,2.01,10.83,5.95,6.27,
11:37:41,1790221061,1,21,892.12,2.01,10.83,5.95,6.27,
11:37:43,1790221063,1,21,892.12,2.01,10.83,5.95,6.27,
11:37:44,1790221064,1,21,892.12,2.01,10.83,5.95,6.27,
11:37:45,1790221065,1,21,892.12,2.01,10.83,5.95,6.27,
11:37:46,1790221066,1,21,892.12,2.01,10.83,5.95,6.27,
11:37:47,1790221067,1,21,892.12,2.01,10.83,5.95,6.27,
11:37:48,1790221068,1,21,892.12,2.01,10.83,5.95,6.27,
11:37:50,1790221070,1,21,892.12,2.01,10.83,5.95,6.27,
11:37:51,1790221071,1,21,892.12,2.01,10.83,5.95,6.27,
11:37:52,1790221072,1,21,892.12,2.01,10.83,5.95,6.27,
11:37:53,1790221073,1,21,892.12,2.01,10.83,5.95,6.27,
11:37:54,1790221074,1,21,892.12,2.01,10.83,5.95,6.27,
11:37:56,1790221076,1,21,892.12,2.01,10.83,5.95,6.27,
11:37:57,1790221077,1,21,892.12,2.04,10.83,5.95,6.27,
11:37:58,1790221078,1,21,892.12,2.04,10.83,5.95,6.27,
11:37:59,1790221079,1,21,892.12,2.04,10.83,5.95,6.27,
11:38:00,1790221080,1,21,892.12,2.04,10.83,5.95,6.27,
11:38:02,1790221082,1,21,892.12,2.04,10.83,5.95,6.27,
11:38:03,1790221083,1,21,892.12,2.04,10.83,5.95,6.27,
11:38:04,1790221084,1,21,892.12,2.04,10.83,5.95,6.27,
11:38:05,1790221085,1,21,892.12,2.04,10.82,5.95,6.27,
11:38:06,1790221086,1,21,892.12,2.04,10.82,5.95,6.27,
11:38:08,1790221088,1,21,892.12,2.04,10.82,5.95,6.27,
11:38:09,1790221089,1,21,892.12,2.04,10.83,5.95,6.27,
11:38:10,1790221090,1,21,892.12,2.04,10.82,5.95,6.27,
11:38:11,1790221091,1,21,892.12,2.04,10.82,5.95,6.27,
11:38:12,1790221092,1,21,892.12,2.04,10.82,5.95,6.27,
11:38:14,1790221094,1,21,892.12,2.04,10.82,5.95,6.27,
11:38:15,1790221095,1,21,892.12,2.04,10.83,5.95,6.27,
11:38:16,1790221096,1,21,892.12,2.04,10.82,5.95,6.27,
11:38:17,1790221097,1,21,892.12,2.04,10.82,5.95,6.27,
11:38:19,1790221099,1,21,892.12,2.04,10.82,5.95,6.27,
11:38:20,1790221100,1,21,892.12,2.04,10.82,5.95,6.27,
11:38:21,1790221101,1,21,892.12,2.04,10.82,5.95,6.27,
11:38:22,1790221102,1,21,892.12,2.04,10.82,5.95,6.27,
11:38:23,1790221103,1,21,892.12,2.04,10.82,5.95,6.27,
11:38:25,1790221105,1,21,892.12,2.04,10.82,5.95,6.27,
11:38:26,1790221106,1,21,892.12,2.04,10.82,5.95,6.27,
11:38:27,1790221107,1,21,892.12,2.04,10.82,5.95,6.27,
11:38:28,1790221108,1,21,892.12,2.04,10.82,5.95,6.27,
11:38:29,1790221109,1,21,892.12,2.04,10.82,5.95,6.27,
11:38:31,1790221111,1,21,892.12,2.04,10.82,5.95,6.27,
11:38:32,1790221112,1,21,892.12,2.04,10.82,5.95,6.27,
11:38:33,1790221113,1,21,892.12,2.04,10.82,5.95,6.27,
11:38:34,1790221114,1,21,892.12,2.04,10.82,5.95,6.27,
11:38:35,1790221115,1,21,892.12,2.04,10.82,5.95,6.27,
11:38:37,1790221117,1,21,892.12,2.04,10.82,5.95,6.27,
11:38:38,1790221118,1,21,892.12,2.04,10.82,5.95,6.27,
11:38:39,1790221119,1,21,892.12,2.04,10.82,5.95,6.27,
11:38:40,1790221120,1,21,892.12,2.04,10.82,5.95,6.27,
11:38:41,1790221121,1,21,892.12,2.04,10.82,5.95,6.27,
11:38:42,1790221122,1,21,892.12,2.04,10.82,5.95,6.27,
11:38:44,1790221124,1,21,892.12,2.04,10.82,5.95,6.27,
11:38:45,1790221125,1,21,892.12,2.04,10.82,5.95,6.27,
11:38:46,1790221126,1,21,892.12,2.04,10.82,5.95,6.27,
11:38:47,1790221127,1,21,892.12,2.04,10.82,5.95,6.27,
11:38:48,1790221128,1,21,892.12,2.04,10.82,5.95,6.27,
11:38:50,1790221130,1,21,892.12,2.05,10.82,5.95,6.27,
11:38:51,1790221131,1,21,892.12,2.06,10.82,5.95,6.27,
11:38:52,1790221132,1,21,892.12,2.06,10.83,5.95,6.27,
11:38:53,1790221133,1,21,892.12,2.07,10.83,5.95,6.27,
11:38:54,1790221134,1,21,892.12,2.07,10.84,5.95,6.27,
11:38:56,1790221136,1,21,892.12,2.07,10.85,5.95,6.27,
11:38:57,1790221137,1,21,892.12,2.10,10.85,5.95,6.27,
11:38:58,1790221138,1,21,892.12,2.10,10.85,5.95,6.27,
11:38:59,1790221139,1,20,892.12,2.15,10.86,5.95,6.27,
11:39:00,1790221140,1,20,892.12,2.23,10.86,5.95,6.27,
11:39:02,1790221142,1,19,892.12,2.33,10.86,5.95,6.27,
11:39:03,1790221143,1,19,892.12,2.34,10.86,5.94,6.27,
11:39:04,1790221144,1,19,892.12,2.36,10.86,5.93,6.27,
11:39:05,1790221145,1,19,892.12,2.38,10.86,5.93,6.27,
11:39:06,1790221146,1,19,892.12,2.38,10.86,5.93,6.27,
11:39:08,1790221148,1,19,892.12,2.30,10.86,5.93,6.27,
11:39:09,1790221149,1,19,892.12,2.30,10.86,5.93,6.27,
11:39:10,1790221150,1,19,892.12,2.30,10.86,5.93,6.27,
11:39:11,1790221151,1,19,892.12,2.30,10.86,5.93,6.27,
11:39:12,1790221152,1,34,892.12,2.28,8.43,6.03,6.37,
11:39:14,1790221154,1,23,892.12,2.28,10.20,6.08,6.39,
11:39:15,1790221155,1,23,892.12,2.28,10.20,6.08,6.39,
11:39:16,1790221156,1,23,892.12,2.27,10.21,6.08,6.39,
11:39:17,1790221157,1,24,892.12,2.27,10.21,6.08,6.40,
11:39:18,1790221158,1,24,892.12,2.27,10.21,6.08,6.40,
11:39:20,1790221160,1,24,892.12,2.26,10.21,6.08,6.40,
11:39:21,1790221161,1,24,892.12,2.26,10.21,6.08,6.40,
11:39:22,1790221162,1,24,892.12,2.26,10.21,6.08,6.40,
11:39:23,1790221163,1,24,892.12,2.26,10.21,6.08,6.40,
11:39:24,1790221164,1,24,892.12,2.26,10.22,6.08,6.40,
11:39:26,1790221166,1,24,892.12,2.26,10.22,6.08,6.40,
11:39:27,1790221167,1,24,892.12,2.26,10.21,6.08,6.40,
11:39:28,1790221168,1,24,892.12,2.26,10.22,6.08,6.40,
11:39:29,1790221169,1,24,892.12,2.26,10.21,6.08,6.40,
11:39:31,1790221171,1,24,892.12,2.26,10.21,6.08,6.40,
11:39:32,1790221172,1,24,892.12,2.26,10.22,6.08,6.40,
11:39:33,1790221173,1,24,892.12,2.26,10.21,6.08,6.40,
11:39:34,1790221174,1,24,892.12,2.26,10.21,6.08,6.40,
11:39:35,1790221175,1,24,892.12,2.26,10.21,6.08,6.40,
11:39:37,1790221177,1,23,892.12,2.27,10.21,6.08,6.40,
11:39:38,1790221178,1,23,892.12,2.29,10.21,6.08,6.40,
11:39:39,1790221179,1,23,892.12,2.28,10.21,6.08,6.40,
11:39:40,1790221180,1,23,892.12,2.28,10.20,6.08,6.40,
11:39:41,1790221181,1,23,892.12,2.28,10.20,6.08,6.40,
11:39:43,1790221183,1,23,892.12,2.27,10.20,6.08,6.40,
11:39:44,1790221184,1,23,892.12,2.27,10.20,6.08,6.40,
11:39:45,1790221185,1,24,892.12,2.27,10.20,6.08,6.40,
11:39:46,1790221186,1,75,892.12,1.95,2.02,0,0,
11:39:47,1790221187,1,75,892.12,1.95,2.02,0,0,
