ts,epoch,pressure_level,free_pct,swap_used_mb,compressed_gb,wired_gb,proc_rss_gb,proc_mem_gb,cpu_speed_limit
13:41:36,1790228496,1,81,1219.31,0.93,1.91,0.00,0.05,
13:41:37,1790228497,1,66,1219.31,0.93,4.53,1.00,1.05,
13:41:38,1790228498,1,67,1219.31,0.93,4.33,2.00,2.02,
13:41:39,1790228499,1,67,1219.31,0.92,4.37,2.79,2.79,
13:41:40,1790228500,1,43,1219.31,0.92,8.23,3.25,3.29,
13:41:41,1790228501,1,44,1219.31,0.92,8.20,4.06,4.10,
13:41:42,1790228502,1,43,1219.31,0.96,8.20,4.89,4.87,
13:41:44,1790228504,1,43,1219.31,0.96,8.20,5.70,5.72,
13:41:45,1790228505,1,28,1219.31,0.97,10.77,6.23,6.21,
13:41:46,1790228506,1,28,1219.31,0.96,10.77,6.23,6.21,
13:41:47,1790228507,1,28,1219.31,0.96,10.77,6.23,6.21,
13:41:48,1790228508,1,28,1219.31,0.96,10.77,6.23,6.21,
13:41:49,1790228509,1,28,1219.31,0.96,10.77,6.23,6.21,
13:41:50,1790228510,1,28,1219.31,0.96,10.77,6.23,6.21,
13:41:52,1790228512,1,27,1219.31,0.96,10.91,6.23,6.21,
13:41:53,1790228513,1,28,1219.31,0.96,10.77,6.23,6.21,
13:41:54,1790228514,1,28,1219.31,0.96,10.77,6.23,6.21,
13:41:55,1790228515,1,28,1219.31,0.95,10.77,6.23,6.21,
13:41:56,1790228516,1,28,1219.31,0.95,10.77,6.23,6.21,
13:41:57,1790228517,1,28,1219.31,0.95,10.77,6.23,6.21,
13:41:58,1790228518,1,28,1219.31,0.95,10.77,6.23,6.21,
13:41:59,1790228519,1,28,1219.31,0.95,10.77,6.23,6.21,
13:42:01,1790228521,1,27,1219.31,0.95,10.83,6.23,6.21,
13:42:02,1790228522,1,28,1219.31,0.95,10.82,6.23,6.21,
13:42:03,1790228523,1,28,1219.31,0.95,10.77,6.23,6.21,
13:42:04,1790228524,1,28,1219.31,0.95,10.77,6.23,6.21,
13:42:05,1790228525,1,28,1219.31,0.95,10.77,6.23,6.21,
13:42:06,1790228526,1,28,1219.31,0.95,10.77,6.23,6.21,
13:42:07,1790228527,1,28,1219.31,0.95,10.77,6.23,6.21,
13:42:09,1790228529,1,28,1219.31,0.95,10.77,6.23,6.21,
13:42:10,1790228530,1,28,1219.31,0.95,10.77,6.23,6.21,
13:42:11,1790228531,1,28,1219.31,0.95,10.77,6.23,6.21,
13:42:12,1790228532,1,28,1219.31,0.95,10.77,6.23,6.21,
13:42:13,1790228533,1,28,1219.31,0.95,10.77,6.23,6.21,
13:42:14,1790228534,1,28,1219.31,0.95,10.77,6.23,6.21,
13:42:15,1790228535,1,28,1219.31,0.95,10.77,6.23,6.21,
13:42:17,1790228537,1,28,1219.31,0.95,10.77,6.23,6.21,
13:42:18,1790228538,1,28,1219.31,0.95,10.77,6.23,6.21,
13:42:19,1790228539,1,28,1219.31,0.95,10.77,6.24,6.22,
13:42:20,1790228540,1,28,1219.31,0.95,10.77,6.24,6.22,
13:42:21,1790228541,1,28,1219.31,0.95,10.77,6.24,6.22,
13:42:22,1790228542,1,28,1219.31,0.95,10.77,6.24,6.22,
13:42:23,1790228543,1,28,1219.31,0.95,10.77,6.24,6.22,
13:42:25,1790228545,1,28,1219.31,0.95,10.77,6.24,6.22,
13:42:26,1790228546,1,28,1219.31,0.95,10.77,6.24,6.22,
13:42:27,1790228547,1,28,1219.31,0.95,10.77,6.24,6.22,
13:42:28,1790228548,1,28,1219.31,0.95,10.77,6.24,6.22,
13:42:29,1790228549,1,28,1219.31,0.95,10.77,6.24,6.22,
13:42:30,1790228550,1,28,1219.31,0.95,10.77,6.24,6.22,
13:42:31,1790228551,1,28,1219.31,0.95,10.77,6.24,6.22,
13:42:33,1790228553,1,28,1219.31,0.95,10.77,6.24,6.22,
13:42:34,1790228554,1,28,1219.31,0.95,10.77,6.24,6.22,
13:42:35,1790228555,1,28,1219.31,0.95,10.77,6.24,6.22,
13:42:36,1790228556,1,28,1219.31,0.95,10.77,6.24,6.22,
13:42:37,1790228557,1,28,1219.31,0.95,10.77,6.24,6.22,
13:42:38,1790228558,1,28,1219.31,0.95,10.77,6.24,6.22,
13:42:39,1790228559,1,28,1219.31,0.95,10.77,6.24,6.22,
13:42:41,1790228561,1,28,1219.31,0.95,10.77,6.24,6.22,
13:42:42,1790228562,1,28,1219.31,0.94,10.82,6.24,6.22,
13:42:43,1790228563,1,28,1219.31,0.94,10.82,6.24,6.22,
13:42:44,1790228564,1,28,1219.31,0.94,10.77,6.24,6.22,
13:42:45,1790228565,1,28,1219.31,0.94,10.77,6.24,6.22,
13:42:46,1790228566,1,28,1219.31,0.94,10.77,6.24,6.22,
13:42:47,1790228567,1,28,1219.31,0.94,10.77,6.24,6.22,
13:42:48,1790228568,1,28,1219.31,0.94,10.77,6.24,6.22,
13:42:50,1790228570,1,28,1219.31,0.94,10.77,6.24,6.22,
13:42:51,1790228571,1,28,1219.31,0.94,10.77,6.24,6.22,
13:42:52,1790228572,1,28,1219.31,0.94,10.77,6.24,6.22,
13:42:53,1790228573,1,28,1219.31,0.92,10.77,6.24,6.22,
13:42:54,1790228574,1,28,1219.31,0.92,10.77,6.24,6.22,
13:42:55,1790228575,1,28,1219.31,0.92,10.77,6.24,6.22,
13:42:56,1790228576,1,28,1219.31,0.92,10.77,6.24,6.22,
13:42:58,1790228578,1,28,1219.31,0.92,10.77,6.24,6.22,
13:42:59,1790228579,1,28,1219.31,0.92,10.77,6.24,6.22,
13:43:00,1790228580,1,28,1219.31,0.92,10.83,6.24,6.22,
13:43:01,1790228581,1,28,1219.31,0.92,10.77,6.24,6.22,
13:43:02,1790228582,1,28,1219.31,0.92,10.82,6.24,6.22,
13:43:03,1790228583,1,28,1219.31,0.92,10.77,6.24,6.22,
13:43:04,1790228584,1,28,1219.31,0.92,10.77,6.24,6.22,
13:43:06,1790228586,1,28,1219.31,0.92,10.77,6.24,6.22,
13:43:07,1790228587,1,28,1219.31,0.92,10.77,6.24,6.22,
13:43:08,1790228588,1,28,1219.31,0.92,10.77,6.24,6.22,
13:43:09,1790228589,1,28,1219.31,0.92,10.77,6.24,6.22,
13:43:10,1790228590,1,28,1219.31,0.92,10.77,6.24,6.22,
13:43:11,1790228591,1,28,1219.31,0.92,10.77,6.24,6.22,
13:43:12,1790228592,1,28,1219.31,0.92,10.77,6.24,6.22,
13:43:13,1790228593,1,28,1219.31,0.92,10.77,6.24,6.22,
13:43:15,1790228595,1,28,1219.31,0.92,10.77,6.24,6.22,
13:43:16,1790228596,1,28,1219.31,0.92,10.77,6.24,6.22,
13:43:17,1790228597,1,28,1219.31,0.92,10.77,6.24,6.22,
13:43:18,1790228598,1,28,1219.31,0.92,10.77,6.24,6.22,
13:43:19,1790228599,1,28,1219.31,0.92,10.77,6.24,6.22,
13:43:20,1790228600,1,28,1219.31,0.92,10.77,6.24,6.22,
13:43:21,1790228601,1,28,1219.31,0.92,10.77,6.24,6.22,
13:43:23,1790228603,1,28,1219.31,0.92,10.77,6.24,6.22,
13:43:24,1790228604,1,28,1219.31,0.92,10.77,6.24,6.22,
13:43:25,1790228605,1,28,1219.31,0.92,10.77,6.24,6.22,
13:43:26,1790228606,1,28,1219.31,0.92,10.77,6.24,6.22,
13:43:27,1790228607,1,28,1219.31,0.92,10.77,6.24,6.22,
13:43:28,1790228608,1,28,1219.31,0.92,10.77,6.24,6.22,
13:43:29,1790228609,1,28,1219.31,0.92,10.77,6.24,6.22,
13:43:31,1790228611,1,28,1219.31,0.92,10.77,6.24,6.22,
13:43:32,1790228612,1,28,1219.31,0.92,10.77,6.24,6.22,
13:43:33,1790228613,1,28,1219.31,0.92,10.77,6.24,6.22,
13:43:34,1790228614,1,28,1219.31,0.92,10.77,6.24,6.22,
13:43:35,1790228615,1,28,1219.31,0.92,10.77,6.24,6.22,
13:43:36,1790228616,1,28,1219.31,0.92,10.77,6.24,6.22,
13:43:37,1790228617,1,28,1219.31,0.92,10.77,6.24,6.22,
13:43:38,1790228618,1,28,1219.31,0.92,10.77,6.24,6.22,
13:43:40,1790228620,1,28,1219.31,0.92,10.77,6.24,6.22,
13:43:41,1790228621,1,28,1219.31,0.92,10.77,6.24,6.22,
13:43:42,1790228622,1,28,1219.31,0.92,10.77,6.24,6.22,
13:43:43,1790228623,1,28,1219.31,0.92,10.77,6.24,6.22,
13:43:44,1790228624,1,28,1219.31,0.92,10.77,6.24,6.22,
13:43:45,1790228625,1,28,1219.31,0.92,10.77,6.24,6.22,
13:43:46,1790228626,1,28,1219.31,0.92,10.77,6.24,6.22,
13:43:48,1790228628,1,28,1219.31,0.92,10.77,6.24,6.22,
13:43:49,1790228629,1,28,1219.31,0.92,10.77,6.24,6.22,
13:43:50,1790228630,1,28,1219.31,0.92,10.77,6.24,6.22,
13:43:51,1790228631,1,28,1219.31,0.92,10.77,6.24,6.22,
13:43:52,1790228632,1,28,1219.31,0.92,10.77,6.24,6.22,
13:43:53,1790228633,1,28,1219.31,0.92,10.77,6.24,6.22,
13:43:54,1790228634,1,28,1219.31,0.92,10.77,6.24,6.22,
13:43:55,1790228635,1,28,1219.31,0.92,10.77,6.24,6.22,
13:43:57,1790228637,1,28,1219.31,0.92,10.77,6.24,6.22,
13:43:58,1790228638,1,28,1219.31,0.92,10.77,6.24,6.22,
13:43:59,1790228639,1,28,1219.31,0.92,10.77,6.24,6.22,
13:44:00,1790228640,1,28,1219.31,0.92,10.83,6.24,6.22,
13:44:01,1790228641,1,28,1219.31,0.92,10.77,6.24,6.22,
13:44:02,1790228642,1,28,1219.31,0.92,10.82,6.24,6.22,
13:44:03,1790228643,1,28,1219.31,0.92,10.77,6.24,6.22,
13:44:05,1790228645,1,28,1219.31,0.92,10.77,6.24,6.22,
13:44:06,1790228646,1,28,1219.31,0.92,10.77,6.24,6.22,
13:44:07,1790228647,1,28,1219.31,0.92,10.77,6.24,6.22,
13:44:08,1790228648,1,28,1219.31,0.90,10.77,6.24,6.22,
13:44:09,1790228649,1,28,1219.31,0.90,10.77,6.24,6.22,
13:44:10,1790228650,1,28,1219.31,0.90,10.77,6.24,6.22,
13:44:11,1790228651,1,28,1219.31,0.90,10.77,6.24,6.22,
13:44:13,1790228653,1,28,1219.31,0.90,10.77,6.24,6.22,
13:44:14,1790228654,1,28,1219.31,0.90,10.77,6.24,6.22,
13:44:15,1790228655,1,28,1219.31,0.90,10.77,6.24,6.22,
13:44:16,1790228656,1,28,1219.31,0.90,10.77,6.24,6.22,
13:44:17,1790228657,1,28,1219.31,0.90,10.77,6.24,6.22,
13:44:18,1790228658,1,28,1219.31,0.90,10.77,6.24,6.22,
13:44:19,1790228659,1,28,1219.31,0.90,10.77,6.24,6.22,
13:44:21,1790228661,1,28,1219.31,0.90,10.77,6.24,6.22,
13:44:22,1790228662,1,28,1219.31,0.90,10.77,6.24,6.22,
13:44:23,1790228663,1,28,1219.31,0.90,10.77,6.24,6.22,
13:44:24,1790228664,1,28,1219.31,0.90,10.77,6.24,6.22,
13:44:25,1790228665,1,28,1219.31,0.90,10.77,6.24,6.22,
13:44:26,1790228666,1,28,1219.31,0.90,10.77,6.24,6.22,
13:44:27,1790228667,1,28,1219.31,0.90,10.77,6.24,6.22,
13:44:29,1790228669,1,28,1219.31,0.90,10.77,6.24,6.22,
13:44:30,1790228670,1,28,1219.31,0.90,10.77,6.24,6.22,
13:44:31,1790228671,1,28,1219.31,0.90,10.77,6.24,6.22,
13:44:32,1790228672,1,28,1219.31,0.90,10.77,6.24,6.22,
13:44:33,1790228673,1,28,1219.31,0.90,10.77,6.24,6.22,
13:44:34,1790228674,1,28,1219.31,0.90,10.77,6.24,6.22,
13:44:35,1790228675,1,28,1219.31,0.89,10.77,6.24,6.22,
13:44:36,1790228676,1,28,1219.31,0.89,10.77,6.24,6.22,
13:44:38,1790228678,1,28,1219.31,0.89,10.77,6.24,6.22,
13:44:39,1790228679,1,28,1219.31,0.89,10.77,6.24,6.22,
13:44:40,1790228680,1,28,1219.31,0.89,10.77,6.24,6.22,
13:44:41,1790228681,1,28,1219.31,0.89,10.77,6.24,6.22,
13:44:42,1790228682,1,28,1219.31,0.89,10.77,6.24,6.22,
13:44:43,1790228683,1,28,1219.31,0.89,10.77,6.24,6.22,
13:44:44,1790228684,1,28,1219.31,0.89,10.77,6.24,6.22,
13:44:46,1790228686,1,28,1219.31,0.89,10.77,6.24,6.22,
13:44:47,1790228687,1,28,1219.31,0.89,10.77,6.24,6.22,
13:44:48,1790228688,1,28,1219.31,0.89,10.77,6.24,6.22,
13:44:49,1790228689,1,28,1219.31,0.89,10.77,6.24,6.22,
13:44:50,1790228690,1,28,1219.31,0.89,10.77,6.24,6.22,
13:44:51,1790228691,1,28,1219.31,0.89,10.77,6.24,6.22,
13:44:52,1790228692,1,28,1219.31,0.89,10.77,6.24,6.22,
13:44:54,1790228694,1,28,1219.31,0.89,10.77,6.24,6.22,
13:44:55,1790228695,1,28,1219.31,0.89,10.77,6.24,6.22,
13:44:56,1790228696,1,28,1219.31,0.89,10.77,6.24,6.22,
13:44:57,1790228697,1,28,1219.31,0.89,10.77,6.24,6.22,
13:44:58,1790228698,1,28,1219.31,0.89,10.77,6.24,6.22,
13:44:59,1790228699,1,28,1219.31,0.89,10.77,6.24,6.22,
13:45:00,1790228700,1,28,1219.31,0.89,10.83,6.24,6.22,
13:45:02,1790228702,1,28,1219.31,0.89,10.82,6.24,6.22,
13:45:03,1790228703,1,28,1219.31,0.89,10.77,6.24,6.22,
13:45:04,1790228704,1,28,1219.31,0.89,10.77,6.24,6.22,
13:45:05,1790228705,1,28,1219.31,0.89,10.77,6.24,6.22,
13:45:06,1790228706,1,28,1219.31,0.89,10.77,6.24,6.22,
13:45:07,1790228707,1,28,1219.31,0.89,10.77,6.24,6.22,
13:45:08,1790228708,1,28,1219.31,0.89,10.77,6.24,6.22,
13:45:09,1790228709,1,28,1219.31,0.89,10.77,6.24,6.22,
13:45:11,1790228711,1,28,1219.31,0.89,10.77,6.24,6.22,
13:45:12,1790228712,1,28,1219.31,0.89,10.77,6.24,6.22,
13:45:13,1790228713,1,28,1219.31,0.89,10.77,6.24,6.22,
13:45:14,1790228714,1,28,1219.31,0.89,10.77,6.24,6.22,
13:45:15,1790228715,1,28,1219.31,0.89,10.77,6.24,6.22,
13:45:16,1790228716,1,28,1219.31,0.89,10.77,6.24,6.22,
13:45:17,1790228717,1,28,1219.31,0.89,10.77,6.24,6.22,
13:45:19,1790228719,1,28,1219.31,0.89,10.77,6.24,6.22,
13:45:20,1790228720,1,28,1219.31,0.89,10.77,6.24,6.22,
13:45:21,1790228721,1,28,1219.31,0.89,10.77,6.24,6.22,
13:45:22,1790228722,1,28,1219.31,0.89,10.77,6.24,6.22,
13:45:23,1790228723,1,28,1219.31,0.89,10.77,6.24,6.22,
13:45:24,1790228724,1,28,1219.31,0.89,10.77,6.24,6.22,
13:45:25,1790228725,1,28,1219.31,0.89,10.77,6.24,6.22,
13:45:27,1790228727,1,28,1219.31,0.89,10.77,6.24,6.22,
13:45:28,1790228728,1,28,1219.31,0.89,10.77,6.24,6.22,
13:45:29,1790228729,1,28,1219.31,0.89,10.77,6.24,6.22,
13:45:30,1790228730,1,28,1219.31,0.89,10.77,6.24,6.22,
13:45:31,1790228731,1,28,1219.31,0.89,10.77,6.24,6.22,
13:45:32,1790228732,1,28,1219.31,0.89,10.77,6.24,6.22,
13:45:33,1790228733,1,28,1219.31,0.89,10.77,6.24,6.22,
13:45:35,1790228735,1,28,1219.31,0.89,10.77,6.24,6.22,
13:45:36,1790228736,1,28,1219.31,0.89,10.77,6.24,6.22,
13:45:37,1790228737,1,28,1219.31,0.89,10.77,6.24,6.22,
13:45:38,1790228738,1,28,1219.31,0.89,10.77,6.24,6.22,
13:45:39,1790228739,1,28,1219.31,0.89,10.77,6.24,6.22,
13:45:40,1790228740,1,28,1219.31,0.89,10.77,6.24,6.22,
13:45:41,1790228741,1,28,1219.31,0.89,10.77,6.24,6.22,
13:45:42,1790228742,1,28,1219.31,0.89,10.77,6.24,6.22,
13:45:44,1790228744,1,28,1219.31,0.89,10.77,6.24,6.22,
13:45:45,1790228745,1,28,1219.31,0.89,10.77,6.24,6.22,
13:45:46,1790228746,1,28,1219.31,0.89,10.77,6.24,6.22,
13:45:47,1790228747,1,28,1219.31,0.89,10.77,6.24,6.22,
13:45:48,1790228748,1,28,1219.31,0.89,10.77,6.24,6.22,
13:45:49,1790228749,1,28,1219.31,0.89,10.77,6.24,6.22,
13:45:50,1790228750,1,28,1219.31,0.89,10.77,6.24,6.22,
13:45:52,1790228752,1,28,1219.31,0.89,10.77,6.24,6.22,
13:45:53,1790228753,1,28,1219.31,0.89,10.77,6.24,6.22,
13:45:54,1790228754,1,28,1219.31,0.89,10.77,6.24,6.22,
13:45:55,1790228755,1,28,1219.31,0.89,10.77,6.24,6.22,
13:45:56,1790228756,1,28,1219.31,0.89,10.77,6.24,6.22,
13:45:57,1790228757,1,28,1219.31,0.89,10.77,6.24,6.22,
13:45:58,1790228758,1,28,1219.31,0.89,10.77,6.24,6.22,
13:46:00,1790228760,1,28,1219.31,0.89,10.83,6.24,6.22,
13:46:01,1790228761,1,28,1211.31,0.88,10.77,6.24,6.22,
13:46:02,1790228762,1,28,1211.31,0.88,10.81,6.24,6.22,
13:46:03,1790228763,1,28,1211.31,0.88,10.77,6.24,6.22,
13:46:04,1790228764,1,28,1211.31,0.88,10.77,6.24,6.22,
13:46:05,1790228765,1,28,1211.31,0.88,10.77,6.24,6.22,
13:46:06,1790228766,1,28,1211.31,0.88,10.77,6.24,6.22,
13:46:08,1790228768,1,28,1211.31,0.88,10.77,6.24,6.22,
13:46:09,1790228769,1,28,1211.31,0.88,10.77,6.24,6.22,
13:46:10,1790228770,1,28,1211.31,0.88,10.77,6.24,6.22,
13:46:11,1790228771,1,28,1211.31,0.88,10.77,6.24,6.22,
13:46:12,1790228772,1,28,1211.31,0.88,10.77,6.24,6.22,
13:46:13,1790228773,1,28,1211.31,0.88,10.77,6.24,6.22,
13:46:14,1790228774,1,28,1211.31,0.88,10.77,6.24,6.22,
13:46:15,1790228775,1,28,1211.31,0.88,10.77,6.24,6.22,
13:46:17,1790228777,1,28,1211.31,0.88,10.77,6.24,6.22,
13:46:18,1790228778,1,28,1211.31,0.88,10.77,6.24,6.22,
13:46:19,1790228779,1,28,1211.31,0.88,10.77,6.24,6.22,
13:46:20,1790228780,1,28,1211.31,0.88,10.77,6.24,6.22,
13:46:21,1790228781,1,28,1211.31,0.88,10.77,6.24,6.22,
13:46:22,1790228782,1,28,1211.31,0.88,10.77,6.24,6.22,
13:46:23,1790228783,1,28,1211.31,0.88,10.77,6.24,6.22,
13:46:25,1790228785,1,28,1211.31,0.88,10.77,6.24,6.22,
13:46:26,1790228786,1,28,1211.31,0.88,10.77,6.24,6.22,
13:46:27,1790228787,1,28,1211.31,0.88,10.77,6.24,6.22,
13:46:28,1790228788,1,28,1211.31,0.88,10.77,6.24,6.22,
13:46:29,1790228789,1,28,1211.31,0.88,10.77,6.24,6.22,
13:46:30,1790228790,1,28,1211.31,0.88,10.77,6.24,6.22,
13:46:31,1790228791,1,28,1211.31,0.88,10.77,6.24,6.22,
13:46:32,1790228792,1,28,1211.31,0.88,10.77,6.24,6.22,
13:46:34,1790228794,1,27,1211.31,0.88,11.05,6.24,6.22,
13:46:35,1790228795,1,27,1211.31,0.88,11.01,6.24,6.22,
13:46:36,1790228796,1,27,1211.31,0.88,11.01,6.24,6.22,
13:46:37,1790228797,1,27,1211.31,0.88,11.01,6.24,6.22,
13:46:38,1790228798,1,27,1211.31,0.88,11.01,6.24,6.22,
13:46:39,1790228799,1,27,1211.31,0.88,11.01,6.24,6.22,
13:46:41,1790228801,1,27,1211.31,0.88,11.01,6.24,6.22,
13:46:42,1790228802,1,27,1211.31,0.88,11.01,6.24,6.22,
13:46:43,1790228803,1,27,1211.31,0.88,11.01,6.24,6.22,
13:46:44,1790228804,1,27,1211.31,0.88,10.98,6.24,6.22,
13:46:45,1790228805,1,28,1211.31,0.88,10.79,6.24,6.22,
13:46:46,1790228806,1,28,1211.31,0.88,10.79,6.24,6.22,
13:46:47,1790228807,1,28,1211.31,0.88,10.79,6.24,6.22,
13:46:48,1790228808,1,28,1211.31,0.88,10.79,6.24,6.22,
13:46:50,1790228810,1,28,1211.31,0.88,10.77,6.24,6.22,
13:46:51,1790228811,1,28,1211.31,0.88,10.79,6.24,6.22,
13:46:52,1790228812,1,28,1211.31,0.88,10.79,6.24,6.22,
13:46:53,1790228813,1,28,1211.31,0.88,10.79,6.24,6.22,
13:46:54,1790228814,1,28,1211.31,0.88,10.79,6.24,6.22,
13:46:55,1790228815,1,29,1211.31,0.88,10.77,6.24,6.22,
13:46:56,1790228816,1,29,1211.31,0.88,10.77,6.24,6.22,
13:46:58,1790228818,1,29,1211.31,0.87,10.77,6.24,6.22,
13:46:59,1790228819,1,29,1211.31,0.87,10.77,6.24,6.22,
13:47:00,1790228820,1,28,1211.31,0.87,10.88,6.24,6.22,
13:47:01,1790228821,1,29,1211.31,0.87,10.77,6.24,6.22,
13:47:02,1790228822,1,28,1211.31,0.87,10.81,6.24,6.22,
13:47:03,1790228823,1,29,1211.31,0.87,10.77,6.24,6.22,
13:47:04,1790228824,1,29,1211.31,0.87,10.77,6.24,6.22,
13:47:06,1790228826,1,29,1195.31,0.86,10.78,6.24,6.22,
13:47:07,1790228827,1,33,1195.31,0.86,10.11,6.37,6.35,
13:47:08,1790228828,1,33,1195.31,0.86,10.10,6.37,6.34,
13:47:09,1790228829,1,33,1195.31,0.86,10.10,6.37,6.34,
13:47:10,1790228830,1,33,1195.31,0.86,10.10,6.37,6.34,
13:47:11,1790228831,1,33,1195.31,0.86,10.10,6.37,6.34,
13:47:12,1790228832,1,33,1195.31,0.86,10.08,6.37,6.34,
13:47:14,1790228834,1,33,1195.31,0.86,10.08,6.37,6.34,
13:47:15,1790228835,1,33,1195.31,0.86,10.08,6.37,6.34,
13:47:16,1790228836,1,33,1195.31,0.86,10.08,6.37,6.34,
13:47:17,1790228837,1,33,1195.31,0.86,10.08,6.37,6.34,
13:47:18,1790228838,1,33,1195.31,0.86,10.08,6.37,6.34,
13:47:19,1790228839,1,33,1195.31,0.86,10.08,6.37,6.34,
13:47:20,1790228840,1,33,1195.31,0.86,10.08,6.37,6.34,
13:47:21,1790228841,1,33,1195.31,0.86,10.08,6.37,6.34,
13:47:23,1790228843,1,33,1195.31,0.86,10.08,6.37,6.34,
13:47:24,1790228844,1,33,1195.31,0.86,10.10,6.37,6.34,
13:47:25,1790228845,1,33,1195.31,0.86,10.10,6.37,6.34,
13:47:26,1790228846,1,33,1195.31,0.86,10.10,6.37,6.34,
13:47:27,1790228847,1,33,1195.31,0.86,10.10,6.37,6.34,
13:47:28,1790228848,1,33,1195.31,0.86,10.10,6.37,6.34,
13:47:29,1790228849,1,33,1195.31,0.86,10.08,6.37,6.34,
13:47:31,1790228851,1,33,1195.31,0.86,10.08,6.37,6.34,
13:47:32,1790228852,1,33,1195.31,0.86,10.08,6.37,6.34,
13:47:33,1790228853,1,33,1195.31,0.86,10.08,6.37,6.34,
13:47:34,1790228854,1,33,1195.31,0.86,10.08,6.37,6.34,
13:47:35,1790228855,1,33,1195.31,0.86,10.08,6.37,6.34,
13:47:36,1790228856,1,33,1195.31,0.86,10.08,6.37,6.34,
13:47:37,1790228857,1,33,1195.31,0.86,10.08,6.37,6.34,
13:47:39,1790228859,1,82,1195.31,0.86,1.90,0,0,
13:47:40,1790228860,1,82,1195.31,0.86,1.90,0,0,
