ts,epoch,pressure_level,free_pct,swap_used_mb,compressed_gb,wired_gb,proc_rss_gb,proc_mem_gb,cpu_speed_limit
14:43:59,1790232239,1,80,1123.31,1.15,1.88,0.01,0.11,
14:44:00,1790232240,1,65,1123.31,1.15,4.40,1.04,1.05,
14:44:02,1790232242,1,65,1123.31,1.15,4.36,2.01,2.04,
14:44:03,1790232243,1,64,1123.31,1.15,4.89,2.41,2.52,
14:44:04,1790232244,1,42,1123.31,1.20,8.21,3.35,3.35,
14:44:05,1790232245,1,42,1123.31,1.20,8.18,4.16,4.20,
14:44:06,1790232246,1,42,1123.31,1.20,8.19,5.01,4.96,
14:44:07,1790232247,1,42,1123.31,1.20,8.19,5.77,5.83,
14:44:08,1790232248,1,26,1123.31,1.41,10.72,6.00,6.21,
14:44:10,1790232250,1,26,1123.31,1.41,10.72,6.00,6.21,
14:44:11,1790232251,1,26,1123.31,1.41,10.72,6.00,6.21,
14:44:12,1790232252,1,26,1123.31,1.41,10.72,6.00,6.21,
14:44:13,1790232253,1,26,1123.31,1.41,10.72,6.00,6.21,
14:44:14,1790232254,1,26,1123.31,1.41,10.72,6.00,6.21,
14:44:15,1790232255,1,26,1123.31,1.41,10.72,6.00,6.21,
14:44:16,1790232256,1,26,1123.31,1.41,10.72,6.00,6.21,
14:44:18,1790232258,1,26,1123.31,1.41,10.72,6.00,6.21,
14:44:19,1790232259,1,26,1123.31,1.41,10.72,6.00,6.21,
14:44:20,1790232260,1,26,1123.31,1.41,10.72,6.00,6.21,
14:44:21,1790232261,1,26,1123.31,1.41,10.72,6.00,6.21,
14:44:22,1790232262,1,26,1123.31,1.41,10.72,6.00,6.21,
14:44:23,1790232263,1,26,1123.31,1.41,10.72,6.00,6.21,
14:44:25,1790232265,1,26,1123.31,1.41,10.72,6.00,6.21,
14:44:26,1790232266,1,26,1123.31,1.41,10.72,6.00,6.21,
14:44:27,1790232267,1,26,1123.31,1.41,10.72,6.00,6.21,
14:44:28,1790232268,1,26,1123.31,1.41,10.72,6.00,6.21,
14:44:29,1790232269,1,26,1123.31,1.41,10.72,6.00,6.21,
14:44:30,1790232270,1,26,1123.31,1.41,10.72,6.00,6.21,
14:44:31,1790232271,1,26,1123.31,1.41,10.72,6.00,6.21,
14:44:33,1790232273,1,26,1123.31,1.41,10.72,6.00,6.21,
14:44:34,1790232274,1,26,1123.31,1.41,10.72,6.00,6.21,
14:44:35,1790232275,1,26,1123.31,1.41,10.72,6.00,6.21,
14:44:36,1790232276,1,26,1123.31,1.41,10.72,6.00,6.21,
14:44:37,1790232277,1,26,1123.31,1.41,10.72,6.00,6.21,
14:44:38,1790232278,1,26,1123.31,1.41,10.72,6.00,6.21,
14:44:39,1790232279,1,26,1123.31,1.40,10.72,6.00,6.21,
14:44:41,1790232281,1,26,1123.31,1.40,10.72,6.00,6.21,
14:44:42,1790232282,1,25,1123.31,1.40,10.77,6.00,6.22,
14:44:43,1790232283,1,25,1123.31,1.40,10.77,6.03,6.22,
14:44:44,1790232284,1,26,1123.31,1.40,10.72,6.03,6.22,
14:44:45,1790232285,1,26,1123.31,1.40,10.72,6.03,6.22,
14:44:46,1790232286,1,26,1123.31,1.39,10.72,6.03,6.22,
14:44:47,1790232287,1,26,1123.31,1.39,10.72,6.03,6.22,
14:44:49,1790232289,1,26,1123.31,1.39,10.72,6.03,6.22,
14:44:50,1790232290,1,26,1123.31,1.39,10.72,6.03,6.22,
14:44:51,1790232291,1,26,1123.31,1.39,10.72,6.03,6.22,
14:44:52,1790232292,1,26,1123.31,1.39,10.72,6.03,6.22,
14:44:53,1790232293,1,26,1123.31,1.39,10.72,6.03,6.22,
14:44:54,1790232294,1,26,1123.31,1.39,10.72,6.03,6.22,
14:44:56,1790232296,1,26,1123.31,1.39,10.72,6.03,6.22,
14:44:57,1790232297,1,26,1123.31,1.39,10.72,6.03,6.22,
14:44:58,1790232298,1,26,1123.31,1.39,10.72,6.03,6.22,
14:44:59,1790232299,1,26,1123.31,1.39,10.72,6.03,6.22,
14:45:00,1790232300,1,25,1123.31,1.39,10.78,6.03,6.22,
14:45:01,1790232301,1,26,1123.31,1.39,10.72,6.03,6.22,
14:45:02,1790232302,1,25,1123.31,1.39,10.77,6.03,6.22,
14:45:04,1790232304,1,26,1123.31,1.39,10.72,6.03,6.22,
14:45:05,1790232305,1,26,1123.31,1.39,10.72,6.03,6.22,
14:45:06,1790232306,1,26,1123.31,1.39,10.72,6.03,6.22,
14:45:07,1790232307,1,26,1123.31,1.39,10.72,6.03,6.22,
14:45:08,1790232308,1,26,1123.31,1.39,10.72,6.03,6.22,
14:45:09,1790232309,1,26,1123.31,1.39,10.72,6.03,6.22,
14:45:10,1790232310,1,26,1123.31,1.39,10.72,6.03,6.22,
14:45:12,1790232312,1,26,1123.31,1.39,10.72,6.03,6.22,
14:45:13,1790232313,1,26,1123.31,1.39,10.72,6.03,6.22,
14:45:14,1790232314,1,26,1123.31,1.39,10.72,6.03,6.22,
14:45:15,1790232315,1,26,1123.31,1.39,10.72,6.03,6.22,
14:45:16,1790232316,1,26,1123.31,1.39,10.72,6.03,6.22,
14:45:17,1790232317,1,26,1123.31,1.39,10.72,6.03,6.22,
14:45:18,1790232318,1,26,1123.31,1.39,10.72,6.03,6.22,
14:45:20,1790232320,1,26,1123.31,1.39,10.72,6.03,6.22,
14:45:21,1790232321,1,26,1123.31,1.39,10.72,6.03,6.22,
14:45:22,1790232322,1,26,1123.31,1.39,10.72,6.03,6.22,
14:45:23,1790232323,1,26,1123.31,1.39,10.72,6.03,6.22,
14:45:24,1790232324,1,26,1123.31,1.39,10.72,6.03,6.22,
14:45:25,1790232325,1,26,1123.31,1.39,10.72,6.03,6.22,
14:45:26,1790232326,1,26,1123.31,1.39,10.72,6.03,6.22,
14:45:28,1790232328,1,26,1123.31,1.39,10.72,6.03,6.22,
14:45:29,1790232329,1,26,1123.31,1.39,10.72,6.03,6.22,
14:45:30,1790232330,1,26,1123.31,1.39,10.72,6.03,6.22,
14:45:31,1790232331,1,26,1123.31,1.39,10.72,6.03,6.22,
14:45:32,1790232332,1,26,1123.31,1.39,10.72,6.03,6.22,
14:45:33,1790232333,1,26,1123.31,1.39,10.72,6.03,6.22,
14:45:35,1790232335,1,26,1123.31,1.39,10.72,6.03,6.22,
14:45:36,1790232336,1,26,1123.31,1.39,10.72,6.03,6.22,
14:45:37,1790232337,1,26,1123.31,1.39,10.72,6.03,6.22,
14:45:38,1790232338,1,26,1123.31,1.39,10.72,6.03,6.22,
14:45:39,1790232339,1,26,1123.31,1.39,10.72,6.03,6.22,
14:45:40,1790232340,1,26,1123.31,1.39,10.72,6.03,6.22,
14:45:41,1790232341,1,26,1123.31,1.39,10.72,6.03,6.22,
14:45:43,1790232343,1,26,1123.31,1.39,10.72,6.03,6.22,
14:45:44,1790232344,1,26,1123.31,1.39,10.72,6.03,6.22,
14:45:45,1790232345,1,26,1123.31,1.39,10.72,6.03,6.22,
14:45:46,1790232346,1,26,1123.31,1.39,10.72,6.03,6.22,
14:45:47,1790232347,1,26,1123.31,1.39,10.72,6.03,6.22,
14:45:48,1790232348,1,26,1123.31,1.39,10.72,6.03,6.22,
14:45:49,1790232349,1,26,1123.31,1.39,10.72,6.03,6.22,
14:45:51,1790232351,1,26,1123.31,1.39,10.72,6.03,6.22,
14:45:52,1790232352,1,26,1123.31,1.39,10.72,6.03,6.22,
14:45:53,1790232353,1,26,1123.31,1.39,10.72,6.03,6.22,
14:45:54,1790232354,1,26,1123.31,1.39,10.72,6.03,6.22,
14:45:55,1790232355,1,26,1123.31,1.39,10.72,6.03,6.22,
14:45:56,1790232356,1,26,1123.31,1.39,10.72,6.03,6.22,
14:45:57,1790232357,1,26,1123.31,1.39,10.72,6.03,6.22,
14:45:59,1790232359,1,26,1123.31,1.39,10.72,6.03,6.22,
14:46:00,1790232360,1,25,1123.31,1.39,10.78,6.03,6.22,
14:46:01,1790232361,1,26,1123.31,1.39,10.72,6.03,6.22,
14:46:02,1790232362,1,25,1123.31,1.39,10.77,6.03,6.22,
14:46:03,1790232363,1,26,1123.31,1.39,10.72,6.03,6.22,
14:46:04,1790232364,1,26,1123.31,1.39,10.72,6.03,6.22,
14:46:05,1790232365,1,26,1123.31,1.39,10.72,6.03,6.22,
14:46:07,1790232367,1,26,1123.31,1.39,10.72,6.03,6.22,
14:46:08,1790232368,1,26,1123.31,1.39,10.72,6.03,6.22,
14:46:09,1790232369,1,26,1123.31,1.39,10.72,6.03,6.22,
14:46:10,1790232370,1,26,1123.31,1.39,10.72,6.03,6.22,
14:46:11,1790232371,1,26,1123.31,1.39,10.72,6.03,6.22,
14:46:12,1790232372,1,26,1123.31,1.39,10.72,6.03,6.22,
14:46:14,1790232374,1,26,1123.31,1.39,10.72,6.03,6.22,
14:46:15,1790232375,1,26,1123.31,1.39,10.72,6.03,6.22,
14:46:16,1790232376,1,26,1123.31,1.39,10.72,6.03,6.22,
14:46:17,1790232377,1,26,1123.31,1.39,10.72,6.03,6.22,
14:46:18,1790232378,1,26,1123.31,1.39,10.72,6.03,6.22,
14:46:19,1790232379,1,26,1123.31,1.39,10.72,6.03,6.22,
14:46:20,1790232380,1,26,1123.31,1.39,10.72,6.03,6.22,
14:46:22,1790232382,1,26,1123.31,1.39,10.72,6.03,6.22,
14:46:23,1790232383,1,26,1123.31,1.39,10.72,6.03,6.22,
14:46:24,1790232384,1,26,1123.31,1.39,10.72,6.03,6.22,
14:46:25,1790232385,1,26,1123.31,1.39,10.72,6.03,6.22,
14:46:26,1790232386,1,26,1123.31,1.39,10.72,6.03,6.22,
14:46:27,1790232387,1,26,1123.31,1.39,10.72,6.03,6.22,
14:46:28,1790232388,1,26,1123.31,1.39,10.72,6.03,6.22,
14:46:30,1790232390,1,26,1123.31,1.39,10.72,6.03,6.22,
14:46:31,1790232391,1,26,1123.31,1.39,10.72,6.03,6.22,
14:46:32,1790232392,1,26,1123.31,1.39,10.72,6.03,6.22,
14:46:33,1790232393,1,26,1123.31,1.39,10.72,6.03,6.22,
14:46:34,1790232394,1,26,1123.31,1.39,10.72,6.03,6.22,
14:46:35,1790232395,1,26,1123.31,1.39,10.72,6.03,6.22,
14:46:36,1790232396,1,26,1123.31,1.39,10.72,6.03,6.22,
14:46:38,1790232398,1,26,1123.31,1.39,10.72,6.03,6.22,
14:46:39,1790232399,1,26,1123.31,1.39,10.72,6.03,6.22,
14:46:40,1790232400,1,26,1123.31,1.39,10.72,6.03,6.22,
14:46:41,1790232401,1,26,1123.31,1.39,10.72,6.03,6.22,
14:46:42,1790232402,1,26,1123.31,1.39,10.72,6.03,6.22,
14:46:43,1790232403,1,26,1123.31,1.39,10.72,6.03,6.22,
14:46:44,1790232404,1,26,1123.31,1.39,10.72,6.03,6.22,
14:46:46,1790232406,1,26,1123.31,1.39,10.72,6.03,6.22,
14:46:47,1790232407,1,26,1123.31,1.39,10.72,6.03,6.22,
14:46:48,1790232408,1,26,1123.31,1.39,10.72,6.03,6.22,
14:46:49,1790232409,1,24,1123.31,1.38,11.02,6.03,6.22,
14:46:50,1790232410,1,24,1123.31,1.38,10.96,6.03,6.22,
14:46:51,1790232411,1,24,1123.31,1.38,10.96,6.03,6.22,
14:46:53,1790232413,1,24,1123.31,1.38,10.96,6.03,6.22,
14:46:54,1790232414,1,24,1123.31,1.38,10.96,6.03,6.22,
14:46:55,1790232415,1,24,1123.31,1.38,10.96,6.03,6.22,
14:46:56,1790232416,1,24,1123.31,1.38,10.96,6.03,6.22,
14:46:57,1790232417,1,24,1123.31,1.38,10.96,6.03,6.22,
14:46:58,1790232418,1,24,1123.31,1.38,10.96,6.03,6.22,
14:46:59,1790232419,1,25,1123.31,1.38,10.87,6.03,6.22,
14:47:01,1790232421,1,26,1123.31,1.38,10.74,6.03,6.22,
14:47:02,1790232422,1,25,1123.31,1.38,10.79,6.03,6.22,
14:47:03,1790232423,1,26,1123.31,1.38,10.74,6.03,6.22,
14:47:04,1790232424,1,26,1123.31,1.38,10.74,6.03,6.22,
14:47:05,1790232425,1,26,1123.31,1.38,10.74,6.03,6.22,
14:47:06,1790232426,1,26,1123.31,1.38,10.74,6.03,6.22,
14:47:07,1790232427,1,26,1123.31,1.38,10.74,6.03,6.22,
14:47:09,1790232429,1,26,1123.31,1.38,10.74,6.03,6.22,
14:47:10,1790232430,1,26,1123.31,1.38,10.74,6.03,6.22,
14:47:11,1790232431,1,26,1123.31,1.38,10.72,6.03,6.22,
14:47:12,1790232432,1,26,1123.31,1.38,10.72,6.03,6.22,
14:47:13,1790232433,1,26,1123.31,1.38,10.72,6.03,6.22,
14:47:14,1790232434,1,26,1123.31,1.38,10.72,6.03,6.22,
14:47:15,1790232435,1,26,1123.31,1.38,10.72,6.03,6.22,
14:47:17,1790232437,1,26,1123.31,1.38,10.72,6.03,6.22,
14:47:18,1790232438,1,26,1123.31,1.38,10.72,6.03,6.22,
14:47:19,1790232439,1,26,1123.31,1.38,10.72,6.03,6.22,
14:47:20,1790232440,1,26,1123.31,1.38,10.72,6.03,6.22,
14:47:21,1790232441,1,26,1123.31,1.38,10.72,6.03,6.22,
14:47:22,1790232442,1,26,1123.31,1.38,10.72,6.03,6.22,
14:47:23,1790232443,1,26,1123.31,1.38,10.72,6.03,6.22,
14:47:25,1790232445,1,26,1123.31,1.38,10.72,6.03,6.22,
14:47:26,1790232446,1,26,1123.31,1.38,10.72,6.03,6.22,
14:47:27,1790232447,1,26,1123.31,1.38,10.72,6.03,6.22,
14:47:28,1790232448,1,26,1123.31,1.38,10.72,6.03,6.22,
14:47:29,1790232449,1,26,1123.31,1.38,10.72,6.03,6.22,
14:47:30,1790232450,1,26,1123.31,1.38,10.72,6.03,6.22,
14:47:32,1790232452,1,26,1123.31,1.38,10.72,6.03,6.22,
14:47:33,1790232453,1,26,1123.31,1.38,10.72,6.03,6.22,
14:47:34,1790232454,1,26,1123.31,1.38,10.72,6.03,6.22,
14:47:35,1790232455,1,26,1123.31,1.38,10.72,6.03,6.22,
14:47:36,1790232456,1,26,1123.31,1.38,10.72,6.03,6.22,
14:47:37,1790232457,1,26,1123.31,1.38,10.72,6.03,6.22,
14:47:38,1790232458,1,26,1123.31,1.38,10.74,6.03,6.22,
14:47:40,1790232460,1,26,1123.31,1.38,10.74,6.03,6.22,
14:47:41,1790232461,1,26,1123.31,1.38,10.74,6.03,6.22,
14:47:42,1790232462,1,26,1123.31,1.38,10.74,6.03,6.22,
14:47:43,1790232463,1,26,1123.31,1.38,10.74,6.03,6.22,
14:47:44,1790232464,1,26,1123.31,1.38,10.72,6.03,6.22,
14:47:45,1790232465,1,26,1123.31,1.38,10.72,6.03,6.22,
14:47:46,1790232466,1,26,1123.31,1.38,10.72,6.03,6.22,
14:47:48,1790232468,1,26,1123.31,1.38,10.72,6.03,6.22,
14:47:49,1790232469,1,26,1123.31,1.38,10.72,6.03,6.22,
14:47:50,1790232470,1,26,1123.31,1.38,10.72,6.03,6.22,
14:47:51,1790232471,1,26,1123.31,1.38,10.72,6.03,6.22,
14:47:52,1790232472,1,26,1123.31,1.38,10.72,6.03,6.22,
14:47:53,1790232473,1,26,1123.31,1.38,10.72,6.03,6.22,
14:47:54,1790232474,1,26,1123.31,1.38,10.72,6.03,6.22,
14:47:56,1790232476,1,26,1123.31,1.38,10.74,6.03,6.22,
14:47:57,1790232477,1,26,1123.31,1.38,10.74,6.03,6.22,
14:47:58,1790232478,1,26,1123.31,1.38,10.74,6.03,6.22,
14:47:59,1790232479,1,26,1123.31,1.38,10.74,6.03,6.22,
14:48:00,1790232480,1,25,1123.31,1.38,10.80,6.03,6.22,
14:48:01,1790232481,1,26,1123.31,1.38,10.74,6.03,6.22,
14:48:02,1790232482,1,26,1123.31,1.38,10.77,6.03,6.22,
14:48:04,1790232484,1,26,1123.31,1.38,10.72,6.03,6.22,
14:48:05,1790232485,1,26,1123.31,1.38,10.72,6.03,6.22,
14:48:06,1790232486,1,26,1123.31,1.38,10.72,6.03,6.22,
14:48:07,1790232487,1,26,1123.31,1.38,10.72,6.03,6.22,
14:48:08,1790232488,1,26,1123.31,1.38,10.72,6.03,6.22,
14:48:09,1790232489,1,26,1123.31,1.38,10.72,6.03,6.22,
14:48:10,1790232490,1,26,1123.31,1.38,10.72,6.03,6.22,
14:48:12,1790232492,1,26,1123.31,1.38,10.72,6.03,6.22,
14:48:13,1790232493,1,26,1123.31,1.38,10.74,6.03,6.22,
14:48:14,1790232494,1,26,1123.31,1.38,10.74,6.03,6.22,
14:48:15,1790232495,1,26,1123.31,1.38,10.74,6.03,6.22,
14:48:16,1790232496,1,26,1123.31,1.38,10.74,6.03,6.22,
14:48:17,1790232497,1,26,1123.31,1.38,10.72,6.03,6.22,
14:48:19,1790232499,1,26,1123.31,1.38,10.72,6.03,6.22,
14:48:20,1790232500,1,26,1123.31,1.38,10.72,6.03,6.22,
14:48:21,1790232501,1,26,1123.31,1.38,10.72,6.03,6.22,
14:48:22,1790232502,1,26,1123.31,1.38,10.72,6.03,6.22,
14:48:23,1790232503,1,26,1123.31,1.38,10.72,6.03,6.22,
14:48:24,1790232504,1,26,1123.31,1.38,10.72,6.03,6.22,
14:48:25,1790232505,1,26,1123.31,1.38,10.72,6.03,6.22,
14:48:27,1790232507,1,26,1123.31,1.38,10.72,6.03,6.22,
14:48:28,1790232508,1,26,1123.31,1.38,10.74,6.03,6.22,
14:48:29,1790232509,1,26,1123.31,1.38,10.74,6.03,6.22,
14:48:30,1790232510,1,26,1123.31,1.38,10.74,6.03,6.22,
14:48:31,1790232511,1,26,1123.31,1.38,10.74,6.03,6.22,
14:48:32,1790232512,1,26,1123.31,1.38,10.72,6.03,6.22,
14:48:33,1790232513,1,26,1123.31,1.38,10.72,6.03,6.22,
14:48:35,1790232515,1,26,1123.31,1.38,10.72,6.03,6.22,
14:48:36,1790232516,1,26,1123.31,1.38,10.72,6.03,6.22,
14:48:37,1790232517,1,26,1123.31,1.38,10.72,6.03,6.22,
14:48:38,1790232518,1,26,1123.31,1.37,10.72,6.03,6.22,
14:48:39,1790232519,1,26,1123.31,1.37,10.72,6.03,6.22,
14:48:40,1790232520,1,26,1123.31,1.37,10.72,6.03,6.22,
14:48:41,1790232521,1,26,1123.31,1.37,10.72,6.03,6.22,
14:48:43,1790232523,1,26,1123.31,1.37,10.72,6.03,6.22,
14:48:44,1790232524,1,26,1123.31,1.37,10.72,6.03,6.22,
14:48:45,1790232525,1,26,1123.31,1.37,10.72,6.03,6.22,
14:48:46,1790232526,1,26,1123.31,1.37,10.72,6.03,6.22,
14:48:47,1790232527,1,26,1123.31,1.37,10.72,6.03,6.22,
14:48:48,1790232528,1,26,1123.31,1.37,10.72,6.03,6.22,
14:48:50,1790232530,1,26,1123.31,1.37,10.72,6.03,6.22,
14:48:51,1790232531,1,26,1123.31,1.37,10.72,6.03,6.22,
14:48:52,1790232532,1,26,1123.31,1.37,10.72,6.03,6.22,
14:48:53,1790232533,1,26,1123.31,1.37,10.72,6.03,6.22,
14:48:54,1790232534,1,26,1123.31,1.37,10.72,6.03,6.22,
14:48:55,1790232535,1,26,1123.31,1.37,10.72,6.03,6.22,
14:48:56,1790232536,1,26,1123.31,1.37,10.72,6.03,6.22,
14:48:58,1790232538,1,26,1123.31,1.37,10.72,6.03,6.22,
14:48:59,1790232539,1,26,1123.31,1.37,10.72,6.03,6.22,
14:49:00,1790232540,1,25,1123.31,1.37,10.78,6.03,6.22,
14:49:01,1790232541,1,26,1123.31,1.37,10.72,6.03,6.22,
14:49:02,1790232542,1,25,1123.31,1.37,10.79,6.03,6.22,
14:49:03,1790232543,1,26,1123.31,1.37,10.74,6.03,6.22,
14:49:04,1790232544,1,26,1123.31,1.37,10.74,6.03,6.22,
14:49:06,1790232546,1,26,1123.31,1.37,10.74,6.03,6.22,
14:49:07,1790232547,1,26,1123.31,1.37,10.74,6.03,6.22,
14:49:08,1790232548,1,26,1123.31,1.37,10.72,6.03,6.22,
14:49:09,1790232549,1,26,1123.31,1.37,10.72,6.03,6.22,
14:49:10,1790232550,1,26,1123.31,1.37,10.72,6.03,6.22,
14:49:11,1790232551,1,26,1123.31,1.37,10.72,6.03,6.22,
14:49:12,1790232552,1,26,1123.31,1.37,10.72,6.03,6.22,
14:49:14,1790232554,1,26,1123.31,1.37,10.72,6.03,6.22,
14:49:15,1790232555,1,26,1123.31,1.37,10.72,6.03,6.22,
14:49:16,1790232556,1,26,1123.31,1.37,10.72,6.03,6.22,
14:49:17,1790232557,1,26,1123.31,1.37,10.72,6.03,6.22,
14:49:18,1790232558,1,26,1123.31,1.37,10.72,6.03,6.22,
14:49:19,1790232559,1,26,1123.31,1.37,10.72,6.03,6.22,
14:49:20,1790232560,1,26,1123.31,1.37,10.72,6.03,6.22,
14:49:22,1790232562,1,26,1123.31,1.37,10.72,6.03,6.22,
14:49:23,1790232563,1,26,1123.31,1.37,10.72,6.03,6.22,
14:49:24,1790232564,1,30,1123.31,1.37,10.07,6.16,6.35,
14:49:25,1790232565,1,30,1123.31,1.37,10.06,6.16,6.35,
14:49:26,1790232566,1,30,1123.31,1.37,10.06,6.16,6.35,
14:49:27,1790232567,1,30,1123.31,1.36,10.06,6.17,6.35,
14:49:28,1790232568,1,30,1123.31,1.36,10.06,6.17,6.35,
14:49:30,1790232570,1,30,1123.31,1.36,10.06,6.17,6.35,
14:49:31,1790232571,1,30,1123.31,1.36,10.06,6.17,6.35,
14:49:32,1790232572,1,30,1123.31,1.36,10.06,6.17,6.35,
14:49:33,1790232573,1,30,1123.31,1.36,10.06,6.17,6.35,
14:49:34,1790232574,1,30,1123.31,1.36,10.06,6.17,6.35,
14:49:35,1790232575,1,30,1123.31,1.36,10.06,6.17,6.35,
14:49:36,1790232576,1,30,1123.31,1.36,10.06,6.17,6.35,
14:49:38,1790232578,1,30,1123.31,1.36,10.06,6.17,6.35,
14:49:39,1790232579,1,30,1123.31,1.36,10.06,6.17,6.35,
14:49:40,1790232580,1,30,1123.31,1.36,10.06,6.17,6.35,
14:49:41,1790232581,1,30,1123.31,1.35,10.06,6.17,6.35,
14:49:42,1790232582,1,30,1123.31,1.35,10.06,6.17,6.35,
14:49:43,1790232583,1,30,1123.31,1.35,10.06,6.17,6.35,
14:49:44,1790232584,1,30,1123.31,1.35,10.06,6.17,6.35,
14:49:46,1790232586,1,30,1123.31,1.35,10.06,6.17,6.35,
14:49:47,1790232587,1,30,1123.31,1.35,10.06,6.17,6.35,
14:49:48,1790232588,1,30,1123.31,1.35,10.06,6.17,6.35,
14:49:49,1790232589,1,30,1123.31,1.35,10.06,6.17,6.35,
14:49:50,1790232590,1,30,1123.31,1.35,10.06,6.17,6.35,
14:49:51,1790232591,1,30,1123.31,1.35,10.06,6.17,6.35,
14:49:53,1790232593,1,30,1123.31,1.35,10.06,6.17,6.35,
14:49:54,1790232594,1,30,1123.31,1.35,10.06,6.17,6.35,
14:49:55,1790232595,1,80,1123.31,1.13,1.88,0,0,
14:49:56,1790232596,1,80,1123.31,1.13,1.88,0,0,
