ts,epoch,pressure_level,free_pct,swap_used_mb,compressed_gb,wired_gb,proc_rss_gb,proc_mem_gb,cpu_speed_limit
11:39:49,1790221189,1,75,892.12,1.94,2.02,0.01,0.14,
11:39:50,1790221190,1,60,892.12,1.90,4.52,1.05,1.11,
11:39:51,1790221191,1,61,884.12,1.77,4.46,2.07,2.15,
11:39:53,1790221193,1,37,884.12,1.87,8.36,2.54,2.57,
11:39:54,1790221194,1,37,884.12,1.90,8.32,3.46,3.52,
11:39:55,1790221195,1,37,884.12,1.90,8.32,4.31,4.37,
11:39:56,1790221196,1,37,884.12,1.89,8.32,5.17,5.25,
11:39:57,1790221197,1,37,884.12,1.90,8.32,6.05,6.05,
11:39:59,1790221199,1,19,884.12,2.29,10.85,6.11,6.26,
11:40:00,1790221200,1,20,884.12,2.26,10.85,6.10,6.26,
11:40:01,1790221201,1,20,884.12,2.26,10.85,6.10,6.26,
11:40:02,1790221202,1,20,884.12,2.26,10.85,6.10,6.26,
11:40:03,1790221203,1,20,884.12,2.26,10.85,6.10,6.26,
11:40:05,1790221205,1,20,884.12,2.26,10.85,6.10,6.26,
11:40:06,1790221206,1,20,884.12,2.25,10.85,6.10,6.26,
11:40:07,1790221207,1,20,884.12,2.25,10.85,6.10,6.26,
11:40:08,1790221208,1,20,884.12,2.25,10.85,6.10,6.26,
11:40:09,1790221209,1,20,884.12,2.25,10.85,6.10,6.26,
11:40:11,1790221211,1,20,884.12,2.25,10.85,6.10,6.26,
11:40:12,1790221212,1,20,884.12,2.25,10.85,6.10,6.26,
11:40:13,1790221213,1,20,884.12,2.25,10.85,6.10,6.26,
11:40:14,1790221214,1,20,884.12,2.25,10.85,6.10,6.26,
11:40:16,1790221216,1,20,884.12,2.25,10.85,6.10,6.26,
11:40:17,1790221217,1,20,884.12,2.24,10.85,6.10,6.26,
11:40:18,1790221218,1,20,884.12,2.23,10.85,6.10,6.26,
11:40:19,1790221219,1,20,884.12,2.23,10.85,6.10,6.26,
11:40:20,1790221220,1,20,884.12,2.23,10.84,6.10,6.26,
11:40:22,1790221222,1,20,884.12,2.22,10.84,6.10,6.26,
11:40:23,1790221223,1,20,884.12,2.22,10.84,6.10,6.26,
11:40:24,1790221224,1,20,884.12,2.22,10.84,6.10,6.26,
11:40:25,1790221225,1,20,884.12,2.22,10.84,6.10,6.26,
11:40:26,1790221226,1,20,884.12,2.22,10.84,6.10,6.26,
11:40:28,1790221228,1,20,884.12,2.22,10.84,6.10,6.26,
11:40:29,1790221229,1,20,884.12,2.21,10.84,6.10,6.26,
11:40:30,1790221230,1,20,884.12,2.21,10.84,6.10,6.26,
11:40:31,1790221231,1,20,884.12,2.21,10.84,6.10,6.26,
11:40:32,1790221232,1,20,884.12,2.21,10.84,6.10,6.26,
11:40:34,1790221234,1,20,884.12,2.21,10.84,6.10,6.26,
11:40:35,1790221235,1,20,884.12,2.20,10.84,6.10,6.26,
11:40:36,1790221236,1,20,884.12,2.19,10.84,6.13,6.27,
11:40:37,1790221237,1,20,884.12,2.18,10.84,6.13,6.27,
11:40:38,1790221238,1,20,884.12,2.18,10.83,6.13,6.27,
11:40:40,1790221240,1,20,884.12,2.18,10.83,6.13,6.27,
11:40:41,1790221241,1,20,884.12,2.17,10.83,6.13,6.27,
11:40:42,1790221242,1,20,884.12,2.17,10.83,6.13,6.27,
11:40:43,1790221243,1,20,884.12,2.17,10.83,6.13,6.27,
11:40:44,1790221244,1,20,884.12,2.17,10.83,6.13,6.27,
11:40:45,1790221245,1,20,884.12,2.17,10.83,6.13,6.27,
11:40:47,1790221247,1,20,884.12,2.17,10.83,6.13,6.27,
11:40:48,1790221248,1,20,884.12,2.17,10.83,6.13,6.27,
11:40:49,1790221249,1,20,884.12,2.17,10.83,6.13,6.27,
11:40:50,1790221250,1,20,884.12,2.17,10.82,6.13,6.27,
11:40:51,1790221251,1,21,884.12,2.16,10.82,6.13,6.27,
11:40:53,1790221253,1,20,884.12,2.16,10.82,6.13,6.27,
11:40:54,1790221254,1,20,884.12,2.16,10.82,6.13,6.27,
11:40:55,1790221255,1,20,884.12,2.16,10.82,6.13,6.27,
11:40:56,1790221256,1,20,884.12,2.16,10.82,6.13,6.27,
11:40:57,1790221257,1,20,884.12,2.16,10.82,6.13,6.27,
11:40:59,1790221259,1,20,884.12,2.16,10.82,6.13,6.27,
11:41:00,1790221260,1,20,884.12,2.15,10.82,6.13,6.27,
11:41:01,1790221261,1,21,884.12,2.15,10.81,6.13,6.27,
11:41:02,1790221262,1,21,884.12,2.15,10.81,6.13,6.27,
11:41:03,1790221263,1,21,884.12,2.15,10.81,6.13,6.27,
11:41:05,1790221265,1,21,884.12,2.15,10.81,6.13,6.27,
11:41:06,1790221266,1,21,884.12,2.15,10.81,6.13,6.27,
11:41:07,1790221267,1,21,884.12,2.14,10.81,6.13,6.27,
11:41:08,1790221268,1,21,884.12,2.14,10.81,6.13,6.27,
11:41:09,1790221269,1,21,884.12,2.14,10.81,6.13,6.27,
11:41:11,1790221271,1,21,884.12,2.14,10.81,6.13,6.27,
11:41:12,1790221272,1,21,884.12,2.14,10.81,6.13,6.27,
11:41:13,1790221273,1,21,884.12,2.14,10.81,6.14,6.27,
11:41:14,1790221274,1,21,884.12,2.14,10.81,6.14,6.27,
11:41:15,1790221275,1,21,884.12,2.14,10.81,6.14,6.27,
11:41:17,1790221277,1,21,884.12,2.14,10.81,6.14,6.27,
11:41:18,1790221278,1,21,884.12,2.14,10.81,6.14,6.27,
11:41:19,1790221279,1,21,884.12,2.14,10.81,6.14,6.27,
11:41:20,1790221280,1,21,884.12,2.14,10.81,6.14,6.27,
11:41:21,1790221281,1,21,884.12,2.14,10.81,6.14,6.27,
11:41:23,1790221283,1,21,884.12,2.14,10.81,6.14,6.27,
11:41:24,1790221284,1,20,884.12,2.07,10.93,6.14,6.27,
11:41:25,1790221285,2,9,926.31,2.38,12.23,5.88,6.27,
11:41:26,1790221286,2,12,926.31,2.32,12.11,5.88,6.27,
11:41:28,1790221288,2,13,926.31,2.27,11.87,5.88,6.27,
11:41:29,1790221289,2,14,926.31,2.26,11.84,5.88,6.27,
11:41:30,1790221290,2,13,926.31,2.18,12.03,5.88,6.27,
11:41:31,1790221291,2,14,926.31,2.18,11.86,5.88,6.27,
11:41:32,1790221292,2,14,910.31,2.18,11.79,5.88,6.27,
11:41:34,1790221294,2,16,910.31,1.90,11.78,5.88,6.01,
11:41:35,1790221295,1,20,910.31,1.84,11.27,5.88,6.01,
11:41:36,1790221296,1,22,910.31,1.83,10.92,5.88,6.01,
11:41:37,1790221297,1,22,910.31,1.82,10.88,5.88,6.01,
11:41:38,1790221298,1,22,910.31,1.79,10.89,5.88,6.01,
11:41:40,1790221300,1,18,910.31,1.77,11.58,5.88,6.01,
11:41:41,1790221301,1,18,910.31,1.77,11.58,5.88,6.01,
11:41:42,1790221302,1,18,910.31,1.75,11.57,5.88,6.01,
11:41:43,1790221303,1,18,910.31,1.75,11.57,5.88,6.01,
11:41:44,1790221304,1,17,910.31,1.74,11.83,5.88,6.01,
11:41:46,1790221306,1,17,910.31,1.74,11.76,5.88,6.01,
11:41:47,1790221307,1,17,910.31,1.74,11.81,5.88,6.01,
11:41:48,1790221308,1,18,910.31,1.72,11.73,5.88,6.01,
11:41:49,1790221309,1,19,910.31,1.72,11.54,5.88,6.01,
11:41:50,1790221310,1,22,910.31,1.72,10.96,5.88,6.01,
11:41:52,1790221312,1,23,910.31,1.72,10.92,5.88,6.01,
11:41:53,1790221313,1,23,910.31,1.70,10.82,5.92,6.02,
11:41:54,1790221314,1,23,910.31,1.70,10.82,5.92,6.02,
11:41:55,1790221315,1,23,910.31,1.70,10.82,5.92,6.02,
11:41:56,1790221316,1,23,910.31,1.70,10.82,5.92,6.02,
11:41:58,1790221318,1,23,910.31,1.70,10.82,5.92,6.02,
11:41:59,1790221319,1,23,910.31,1.70,10.82,5.92,6.02,
11:42:00,1790221320,1,22,910.31,1.70,11.01,5.92,6.02,
11:42:01,1790221321,1,23,910.31,1.69,10.95,5.92,6.02,
11:42:02,1790221322,1,23,910.31,1.69,10.82,5.92,6.02,
11:42:04,1790221324,1,23,910.31,1.69,10.82,5.92,6.02,
11:42:05,1790221325,1,23,910.31,1.69,10.82,5.92,6.02,
11:42:06,1790221326,1,23,910.31,1.69,10.82,5.92,6.02,
11:42:07,1790221327,1,23,910.31,1.69,10.82,5.92,6.02,
11:42:08,1790221328,1,23,910.31,1.69,10.82,5.92,6.02,
11:42:09,1790221329,1,23,910.31,1.69,10.82,5.92,6.02,
11:42:11,1790221331,1,23,910.31,1.69,10.82,5.92,6.02,
11:42:12,1790221332,1,23,910.31,1.69,10.82,5.92,6.02,
11:42:13,1790221333,1,23,910.31,1.68,10.82,5.92,6.02,
11:42:14,1790221334,1,23,910.31,1.68,10.82,5.92,6.02,
11:42:15,1790221335,1,23,910.31,1.68,10.82,5.92,6.02,
11:42:17,1790221337,1,23,910.31,1.68,10.82,5.92,6.02,
11:42:18,1790221338,1,23,910.31,1.68,10.87,5.92,6.02,
11:42:19,1790221339,1,23,910.31,1.68,10.82,5.92,6.02,
11:42:20,1790221340,1,23,910.31,1.68,10.82,5.92,6.02,
11:42:21,1790221341,1,23,910.31,1.68,10.82,5.92,6.02,
11:42:23,1790221343,1,23,910.31,1.68,10.82,5.92,6.02,
11:42:24,1790221344,1,23,910.31,1.68,10.82,5.92,6.02,
11:42:25,1790221345,1,23,910.31,1.68,10.82,5.92,6.02,
11:42:26,1790221346,1,23,910.31,1.68,10.82,5.92,6.02,
11:42:27,1790221347,1,23,910.31,1.68,10.82,5.92,6.02,
11:42:28,1790221348,1,23,910.31,1.68,10.82,5.92,6.02,
11:42:30,1790221350,1,23,910.31,1.67,10.82,5.92,6.02,
11:42:31,1790221351,1,23,910.31,1.67,10.82,5.92,6.02,
11:42:32,1790221352,1,23,910.31,1.67,10.82,5.92,6.02,
11:42:33,1790221353,1,23,910.31,1.67,10.82,5.92,6.02,
11:42:34,1790221354,1,24,910.31,1.67,10.82,5.92,6.02,
11:42:36,1790221356,1,23,910.31,1.67,10.82,5.92,6.02,
11:42:37,1790221357,1,23,910.31,1.67,10.82,5.92,6.02,
11:42:38,1790221358,1,23,910.31,1.67,10.82,5.92,6.02,
11:42:39,1790221359,1,23,910.31,1.67,10.82,5.92,6.02,
11:42:40,1790221360,1,23,910.31,1.67,10.82,5.92,6.02,
11:42:42,1790221362,1,23,910.31,1.67,10.82,5.92,6.02,
11:42:43,1790221363,1,23,910.31,1.67,10.82,5.92,6.02,
11:42:44,1790221364,1,23,910.31,1.66,10.82,5.92,6.02,
11:42:45,1790221365,1,23,910.31,1.66,10.82,5.92,6.02,
11:42:46,1790221366,1,23,910.31,1.66,10.82,5.92,6.02,
11:42:47,1790221367,1,23,910.31,1.66,10.82,5.92,6.02,
11:42:49,1790221369,1,23,910.31,1.66,10.82,5.92,6.02,
11:42:50,1790221370,1,23,910.31,1.66,10.82,5.92,6.02,
11:42:51,1790221371,1,23,910.31,1.66,10.82,5.92,6.02,
11:42:52,1790221372,1,23,910.31,1.66,10.82,5.92,6.02,
11:42:53,1790221373,1,23,910.31,1.66,10.82,5.92,6.02,
11:42:55,1790221375,1,23,910.31,1.66,10.82,5.92,6.02,
11:42:56,1790221376,1,23,910.31,1.66,10.82,5.92,6.02,
11:42:57,1790221377,1,23,910.31,1.66,10.82,5.92,6.02,
11:42:58,1790221378,1,23,910.31,1.66,10.82,5.92,6.02,
11:42:59,1790221379,1,23,910.31,1.66,10.82,5.92,6.02,
11:43:01,1790221381,1,23,910.31,1.66,10.82,5.92,6.02,
11:43:02,1790221382,1,23,910.31,1.66,10.82,5.92,6.02,
11:43:03,1790221383,1,24,910.31,1.66,10.82,5.92,6.02,
11:43:04,1790221384,1,23,910.31,1.66,10.82,5.92,6.02,
11:43:05,1790221385,1,23,910.31,1.66,10.82,5.92,6.02,
11:43:06,1790221386,1,23,910.31,1.66,10.82,5.92,6.02,
11:43:08,1790221388,1,24,910.31,1.66,10.82,5.92,6.02,
11:43:09,1790221389,1,23,910.31,1.66,10.82,5.92,6.02,
11:43:10,1790221390,1,23,910.31,1.66,10.82,5.92,6.02,
11:43:11,1790221391,1,23,910.31,1.66,10.82,5.92,6.02,
11:43:12,1790221392,1,24,910.31,1.66,10.82,5.92,6.02,
11:43:14,1790221394,1,23,910.31,1.66,10.82,5.92,6.02,
11:43:15,1790221395,1,24,910.31,1.66,10.82,5.92,6.02,
11:43:16,1790221396,1,24,910.31,1.66,10.82,5.92,6.02,
11:43:17,1790221397,1,24,910.31,1.66,10.82,5.92,6.02,
11:43:18,1790221398,1,24,910.31,1.66,10.82,5.92,6.02,
11:43:20,1790221400,1,24,910.31,1.66,10.82,5.92,6.02,
11:43:21,1790221401,1,24,910.31,1.66,10.82,5.92,6.02,
11:43:22,1790221402,1,24,910.31,1.66,10.82,5.92,6.02,
11:43:23,1790221403,1,24,910.31,1.66,10.82,5.92,6.02,
11:43:24,1790221404,1,24,910.31,1.66,10.82,5.92,6.02,
11:43:26,1790221406,1,24,910.31,1.66,10.82,5.92,6.02,
11:43:27,1790221407,1,24,910.31,1.66,10.82,5.92,6.02,
11:43:28,1790221408,1,24,910.31,1.66,10.82,5.92,6.02,
11:43:29,1790221409,1,21,902.31,1.71,11.15,5.92,6.02,
11:43:30,1790221410,1,21,902.31,1.77,11.15,5.92,6.02,
11:43:32,1790221412,1,19,894.31,1.93,11.26,5.90,6.02,
11:43:33,1790221413,2,11,894.31,2.24,12.32,5.88,6.02,
11:43:34,1790221414,2,9,902.81,2.13,12.72,5.88,6.02,
11:43:35,1790221415,2,11,902.81,2.06,12.56,5.88,6.02,
11:43:37,1790221417,2,11,894.81,2.02,12.55,5.88,6.02,
11:43:38,1790221418,2,11,894.81,2.02,12.55,5.88,6.02,
11:43:39,1790221419,2,11,894.81,2.08,12.48,5.88,6.02,
11:43:40,1790221420,2,8,1078.12,2.17,12.79,5.88,6.02,
11:43:42,1790221422,2,10,1087.44,2.26,12.50,5.88,6.02,
11:43:44,1790221424,2,17,1169.69,2.25,11.26,5.88,6.02,
11:43:46,1790221426,2,16,1089.69,2.56,11.15,5.88,6.02,
11:43:47,1790221427,2,16,1081.69,2.56,11.21,5.88,6.02,
11:43:48,1790221428,2,16,1065.69,2.54,11.20,5.88,6.02,
11:43:50,1790221430,2,18,1057.62,2.50,10.91,5.88,6.02,
11:43:51,1790221431,2,16,1049.62,2.55,11.19,5.88,6.02,
11:43:52,1790221432,2,16,1041.62,2.51,11.18,5.88,6.02,
11:43:54,1790221434,2,18,1041.62,2.50,10.92,5.88,6.02,
11:43:55,1790221435,2,16,1041.62,2.49,11.18,5.88,6.02,
11:43:56,1790221436,2,17,1041.62,2.46,11.18,5.88,6.02,
11:43:57,1790221437,2,15,1041.62,2.47,11.34,5.88,6.02,
11:43:58,1790221438,2,16,1041.62,2.44,11.22,5.88,6.02,
11:44:00,1790221440,2,18,1041.62,2.41,11.06,5.88,6.02,
11:44:01,1790221441,2,18,1041.62,2.40,11.01,5.88,6.02,
11:44:02,1790221442,2,16,1041.62,2.43,11.21,5.88,6.02,
11:44:03,1790221443,2,17,1041.62,2.41,11.20,5.88,6.02,
11:44:04,1790221444,2,17,1041.62,2.40,11.18,5.88,6.02,
11:44:06,1790221446,2,17,1041.62,2.39,11.14,5.88,6.02,
11:44:07,1790221447,1,20,1041.62,1.94,11.18,5.88,6.02,
11:44:08,1790221448,1,20,1041.62,1.94,11.12,5.88,6.02,
11:44:09,1790221449,1,21,1041.62,1.94,10.89,5.88,6.02,
11:44:10,1790221450,1,20,1041.62,1.93,11.12,5.88,6.02,
11:44:11,1790221451,1,20,1041.62,1.93,11.05,5.88,6.02,
11:44:13,1790221453,1,22,1041.62,1.87,10.89,5.88,6.02,
11:44:14,1790221454,1,22,1041.62,1.87,10.85,5.88,6.02,
11:44:15,1790221455,1,21,1041.62,1.85,11.04,5.88,6.02,
11:44:16,1790221456,1,22,1041.62,1.85,10.85,5.88,6.02,
11:44:17,1790221457,1,19,1041.62,1.81,11.36,5.88,6.02,
11:44:19,1790221459,1,21,1041.62,1.81,11.11,5.88,6.02,
11:44:20,1790221460,1,22,1041.62,1.81,10.89,5.88,6.02,
11:44:21,1790221461,1,22,1041.62,1.79,10.99,5.91,6.02,
11:44:22,1790221462,1,21,1041.62,1.79,11.11,5.91,6.02,
11:44:23,1790221463,1,22,1041.62,1.79,10.89,5.91,6.02,
11:44:25,1790221465,1,19,1033.62,1.93,11.27,5.89,6.02,
11:44:26,1790221466,1,20,1033.62,1.92,11.19,5.89,6.02,
11:44:27,1790221467,1,22,1033.62,1.92,10.89,5.89,6.02,
11:44:28,1790221468,1,20,1033.62,1.92,11.11,5.89,6.02,
11:44:29,1790221469,1,20,1033.62,1.92,11.11,5.89,6.02,
11:44:31,1790221471,1,20,1033.62,1.91,11.16,5.89,6.02,
11:44:32,1790221472,1,22,1033.62,1.91,10.89,5.89,6.02,
11:44:33,1790221473,1,22,1033.62,1.91,10.89,5.89,6.02,
11:44:34,1790221474,1,21,1033.62,1.91,11.11,5.89,6.02,
11:44:35,1790221475,1,20,1033.62,1.90,11.15,5.89,6.02,
11:44:37,1790221477,1,20,1033.62,1.90,11.11,5.89,6.02,
11:44:38,1790221478,1,20,1033.62,1.90,11.11,5.89,6.02,
11:44:39,1790221479,1,19,1033.62,1.90,11.26,5.89,6.02,
11:44:40,1790221480,1,22,1033.62,1.90,10.89,5.89,6.02,
11:44:41,1790221481,1,22,1033.62,1.90,10.81,5.89,6.02,
11:44:43,1790221483,1,22,1033.62,1.89,10.81,5.89,6.02,
11:44:44,1790221484,1,22,1033.62,1.89,10.81,5.89,6.02,
11:44:45,1790221485,1,19,1033.62,1.89,11.28,5.89,6.02,
11:44:46,1790221486,1,21,1033.62,1.89,10.95,5.89,6.02,
11:44:47,1790221487,1,20,1033.62,1.92,11.17,5.89,6.02,
11:44:49,1790221489,1,21,1033.62,1.91,10.94,5.89,6.02,
11:44:50,1790221490,1,22,1033.62,1.91,10.88,5.89,6.02,
11:44:51,1790221491,1,22,1033.62,1.91,10.84,5.89,6.02,
11:44:52,1790221492,1,22,1033.62,1.90,10.84,5.89,6.02,
11:44:53,1790221493,1,22,1033.62,1.90,10.84,5.89,6.02,
11:44:55,1790221495,1,22,1033.62,1.90,10.84,5.89,6.02,
11:44:56,1790221496,1,22,1033.62,1.90,10.84,5.89,6.02,
11:44:57,1790221497,1,22,1033.62,1.88,10.84,5.92,6.02,
11:44:58,1790221498,1,22,1033.62,1.88,10.84,5.92,6.02,
11:44:59,1790221499,1,22,1033.62,1.88,10.84,5.92,6.02,
11:45:00,1790221500,1,21,1033.62,1.88,11.03,5.92,6.02,
11:45:02,1790221502,1,22,1033.62,1.88,10.84,5.92,6.02,
11:45:03,1790221503,1,21,1033.62,1.86,10.95,5.92,6.02,
11:45:04,1790221504,1,22,1033.62,1.86,10.84,5.92,6.02,
11:45:05,1790221505,1,22,1033.62,1.85,10.84,5.92,6.02,
11:45:06,1790221506,1,22,1033.62,1.85,10.84,5.92,6.02,
11:45:08,1790221508,1,22,1033.62,1.85,10.84,5.92,6.02,
11:45:09,1790221509,1,22,1033.62,1.85,10.84,5.92,6.02,
11:45:10,1790221510,1,22,1033.62,1.85,10.84,5.92,6.02,
11:45:11,1790221511,1,22,1033.62,1.85,10.84,5.92,6.02,
11:45:12,1790221512,1,22,1033.62,1.85,10.84,5.92,6.02,
11:45:14,1790221514,1,22,1033.62,1.85,10.84,5.92,6.02,
11:45:15,1790221515,1,22,1033.62,1.85,10.84,5.92,6.02,
11:45:16,1790221516,1,22,1033.62,1.85,10.84,5.92,6.02,
11:45:17,1790221517,1,22,1033.62,1.85,10.84,5.92,6.02,
11:45:18,1790221518,1,22,1033.62,1.84,10.84,5.92,6.02,
11:45:20,1790221520,1,21,1033.62,1.83,10.97,5.92,6.02,
11:45:21,1790221521,1,22,1033.62,1.83,10.88,5.92,6.02,
11:45:22,1790221522,1,20,1025.62,1.89,11.21,5.92,6.02,
11:45:23,1790221523,1,20,1025.62,1.90,11.20,5.92,6.02,
11:45:24,1790221524,1,20,1025.62,1.90,11.17,5.92,6.02,
11:45:26,1790221526,1,22,1025.62,1.91,10.88,5.92,6.02,
11:45:27,1790221527,1,22,1025.62,1.91,10.84,5.92,6.02,
11:45:28,1790221528,1,22,1025.62,1.91,10.84,5.92,6.02,
11:45:29,1790221529,1,22,1025.62,1.91,10.84,5.92,6.02,
11:45:30,1790221530,1,22,1025.62,1.88,10.84,5.92,6.02,
11:45:31,1790221531,1,37,1025.62,1.90,8.41,6.00,6.13,
11:45:33,1790221533,1,26,1025.62,1.86,10.18,6.05,6.15,
11:45:34,1790221534,1,26,1025.62,1.84,10.18,6.05,6.15,
11:45:35,1790221535,1,26,1025.62,1.84,10.18,6.05,6.17,
11:45:36,1790221536,1,26,1025.62,1.84,10.18,6.07,6.17,
11:45:37,1790221537,1,26,1025.62,1.84,10.18,6.07,6.17,
11:45:39,1790221539,1,26,1025.62,1.84,10.18,6.07,6.17,
11:45:40,1790221540,1,26,1025.62,1.84,10.29,6.07,6.17,
11:45:41,1790221541,1,26,1025.62,1.84,10.18,6.07,6.17,
11:45:42,1790221542,1,26,1025.62,1.84,10.18,6.07,6.17,
11:45:43,1790221543,1,26,1025.62,1.81,10.18,6.07,6.17,
11:45:45,1790221545,1,26,1025.62,1.81,10.18,6.07,6.17,
11:45:46,1790221546,1,26,1025.62,1.81,10.18,6.07,6.17,
11:45:47,1790221547,1,26,1025.62,1.81,10.18,6.07,6.17,
11:45:48,1790221548,1,26,1025.62,1.81,10.18,6.07,6.17,
11:45:49,1790221549,1,26,1025.62,1.81,10.18,6.07,6.17,
11:45:50,1790221550,1,26,1025.62,1.81,10.18,6.07,6.17,
11:45:52,1790221552,1,26,1025.62,1.81,10.18,6.07,6.17,
11:45:53,1790221553,1,26,1025.62,1.81,10.18,6.07,6.17,
11:45:54,1790221554,1,26,1025.62,1.81,10.18,6.07,6.17,
11:45:55,1790221555,1,26,1025.62,1.81,10.18,6.07,6.17,
11:45:56,1790221556,1,26,1025.62,1.81,10.18,6.07,6.17,
11:45:58,1790221558,1,26,1025.62,1.81,10.18,6.07,6.17,
11:45:59,1790221559,1,26,1025.62,1.81,10.18,6.07,6.17,
11:46:00,1790221560,1,25,1025.62,1.81,10.36,6.07,6.17,
11:46:01,1790221561,1,26,1025.62,1.80,10.22,6.07,6.17,
11:46:02,1790221562,1,76,1025.62,1.76,2.00,0,0,
11:46:03,1790221563,1,76,1025.62,1.76,2.00,0,0,
