ts,epoch,pressure_level,free_pct,swap_used_mb,compressed_gb,wired_gb,proc_rss_gb,proc_mem_gb,cpu_speed_limit
14:26:04,1790231164,1,83,1123.31,0.78,1.88,0.01,0.11,
14:26:05,1790231165,1,68,1123.31,0.77,4.34,1.04,1.05,
14:26:06,1790231166,1,68,1123.31,0.77,4.32,2.01,2.04,
14:26:07,1790231167,1,64,1123.31,0.77,5.34,2.40,2.52,
14:26:08,1790231168,1,43,1123.31,0.95,8.19,3.30,3.35,
14:26:09,1790231169,1,43,1123.31,0.95,8.19,4.16,4.17,
14:26:11,1790231171,1,43,1123.31,0.95,8.19,5.01,5.00,
14:26:12,1790231172,1,43,1123.31,0.95,8.19,5.77,5.81,
14:26:13,1790231173,1,26,1123.31,1.27,10.72,5.92,6.22,
14:26:14,1790231174,1,26,1123.31,1.27,10.72,5.92,6.22,
14:26:15,1790231175,1,26,1123.31,1.27,10.72,5.92,6.21,
14:26:16,1790231176,1,26,1123.31,1.27,10.72,5.92,6.21,
14:26:17,1790231177,1,26,1123.31,1.27,10.72,5.92,6.21,
14:26:19,1790231179,1,26,1123.31,1.27,10.72,5.92,6.21,
14:26:20,1790231180,1,26,1123.31,1.27,10.72,5.92,6.21,
14:26:21,1790231181,1,26,1123.31,1.27,10.72,5.92,6.21,
14:26:22,1790231182,1,26,1123.31,1.27,10.72,5.92,6.21,
14:26:23,1790231183,1,26,1123.31,1.27,10.72,5.92,6.21,
14:26:24,1790231184,1,26,1123.31,1.27,10.72,5.92,6.21,
14:26:25,1790231185,1,26,1123.31,1.27,10.72,5.92,6.21,
14:26:27,1790231187,1,26,1123.31,1.27,10.72,5.92,6.21,
14:26:28,1790231188,1,26,1123.31,1.27,10.72,5.92,6.21,
14:26:29,1790231189,1,26,1123.31,1.27,10.72,5.92,6.21,
14:26:30,1790231190,1,26,1123.31,1.26,10.72,5.92,6.21,
14:26:31,1790231191,1,27,1123.31,1.26,10.72,5.92,6.21,
14:26:32,1790231192,1,27,1123.31,1.26,10.72,5.92,6.21,
14:26:34,1790231194,1,27,1123.31,1.26,10.72,5.92,6.21,
14:26:35,1790231195,1,27,1123.31,1.25,10.72,5.92,6.21,
14:26:36,1790231196,1,27,1123.31,1.25,10.72,5.92,6.21,
14:26:37,1790231197,1,27,1123.31,1.25,10.72,5.92,6.21,
14:26:38,1790231198,1,27,1123.31,1.25,10.72,5.92,6.21,
14:26:39,1790231199,1,27,1123.31,1.25,10.72,5.92,6.21,
14:26:40,1790231200,1,27,1123.31,1.25,10.72,5.92,6.21,
14:26:42,1790231202,1,27,1123.31,1.25,10.72,5.92,6.21,
14:26:43,1790231203,1,27,1123.31,1.25,10.72,5.92,6.21,
14:26:44,1790231204,1,27,1123.31,1.25,10.72,5.92,6.21,
14:26:45,1790231205,1,27,1123.31,1.25,10.72,5.92,6.21,
14:26:46,1790231206,1,27,1123.31,1.25,10.72,5.92,6.21,
14:26:47,1790231207,1,27,1123.31,1.23,10.72,5.94,6.22,
14:26:48,1790231208,1,27,1123.31,1.23,10.72,5.94,6.22,
14:26:50,1790231210,1,27,1123.31,1.23,10.72,5.94,6.22,
14:26:51,1790231211,1,27,1123.31,1.23,10.72,5.94,6.22,
14:26:52,1790231212,1,27,1123.31,1.23,10.72,5.94,6.22,
14:26:53,1790231213,1,27,1123.31,1.23,10.72,5.94,6.22,
14:26:54,1790231214,1,27,1123.31,1.23,10.72,5.94,6.22,
14:26:55,1790231215,1,27,1123.31,1.23,10.72,5.94,6.22,
14:26:56,1790231216,1,27,1123.31,1.23,10.72,5.94,6.22,
14:26:58,1790231218,1,27,1123.31,1.23,10.72,5.94,6.22,
14:26:59,1790231219,1,27,1123.31,1.23,10.72,5.94,6.22,
14:27:00,1790231220,1,27,1123.31,1.23,10.72,5.94,6.22,
14:27:01,1790231221,1,27,1123.31,1.23,10.72,5.94,6.22,
14:27:02,1790231222,1,27,1123.31,1.23,10.72,5.94,6.22,
14:27:03,1790231223,1,27,1123.31,1.23,10.72,5.94,6.22,
14:27:04,1790231224,1,27,1123.31,1.23,10.72,5.94,6.22,
14:27:06,1790231226,1,27,1123.31,1.23,10.72,5.94,6.22,
14:27:07,1790231227,1,27,1123.31,1.23,10.72,5.94,6.22,
14:27:08,1790231228,1,27,1123.31,1.23,10.72,5.94,6.22,
14:27:09,1790231229,1,27,1123.31,1.23,10.72,5.94,6.22,
14:27:10,1790231230,1,27,1123.31,1.23,10.72,5.94,6.22,
14:27:11,1790231231,1,27,1123.31,1.23,10.72,5.94,6.22,
14:27:12,1790231232,1,27,1123.31,1.23,10.72,5.94,6.22,
14:27:14,1790231234,1,27,1123.31,1.23,10.72,5.94,6.22,
14:27:15,1790231235,1,27,1123.31,1.23,10.72,5.94,6.22,
14:27:16,1790231236,1,27,1123.31,1.23,10.72,5.94,6.22,
14:27:17,1790231237,1,27,1123.31,1.23,10.72,5.94,6.22,
14:27:18,1790231238,1,27,1123.31,1.23,10.72,5.94,6.22,
14:27:19,1790231239,1,27,1123.31,1.23,10.72,5.94,6.22,
14:27:21,1790231241,1,27,1123.31,1.23,10.72,5.94,6.22,
14:27:22,1790231242,1,27,1123.31,1.23,10.72,5.94,6.22,
14:27:23,1790231243,1,27,1123.31,1.23,10.72,5.94,6.22,
14:27:24,1790231244,1,27,1123.31,1.23,10.72,5.94,6.22,
14:27:25,1790231245,1,27,1123.31,1.23,10.72,5.94,6.22,
14:27:26,1790231246,1,27,1123.31,1.23,10.72,5.94,6.22,
14:27:27,1790231247,1,27,1123.31,1.23,10.72,5.94,6.22,
14:27:29,1790231249,1,27,1123.31,1.23,10.72,5.94,6.22,
14:27:30,1790231250,1,27,1123.31,1.23,10.72,5.94,6.22,
14:27:31,1790231251,1,27,1123.31,1.23,10.72,5.94,6.22,
14:27:32,1790231252,1,27,1123.31,1.23,10.72,5.94,6.22,
14:27:33,1790231253,1,27,1123.31,1.23,10.72,5.94,6.22,
14:27:34,1790231254,1,27,1123.31,1.23,10.72,5.94,6.22,
14:27:35,1790231255,1,27,1123.31,1.22,10.72,5.94,6.22,
14:27:37,1790231257,1,27,1123.31,1.22,10.72,5.94,6.22,
14:27:38,1790231258,1,27,1123.31,1.22,10.72,5.94,6.22,
14:27:39,1790231259,1,27,1123.31,1.22,10.72,5.94,6.22,
14:27:40,1790231260,1,27,1123.31,1.22,10.72,5.94,6.22,
14:27:41,1790231261,1,27,1123.31,1.22,10.72,5.94,6.22,
14:27:42,1790231262,1,27,1123.31,1.22,10.72,5.94,6.22,
14:27:43,1790231263,1,27,1123.31,1.22,10.72,5.94,6.22,
14:27:45,1790231265,1,27,1123.31,1.22,10.72,5.94,6.22,
14:27:46,1790231266,1,27,1123.31,1.22,10.72,5.94,6.22,
14:27:47,1790231267,1,27,1123.31,1.22,10.72,5.94,6.22,
14:27:48,1790231268,1,27,1123.31,1.22,10.72,5.94,6.22,
14:27:49,1790231269,1,27,1123.31,1.22,10.72,5.94,6.22,
14:27:50,1790231270,1,27,1123.31,1.22,10.72,5.94,6.22,
14:27:51,1790231271,1,27,1123.31,1.22,10.72,5.94,6.22,
14:27:53,1790231273,1,27,1123.31,1.22,10.72,5.94,6.22,
14:27:54,1790231274,1,27,1123.31,1.22,10.72,5.94,6.22,
14:27:55,1790231275,1,27,1123.31,1.22,10.72,5.94,6.22,
14:27:56,1790231276,1,27,1123.31,1.22,10.72,5.94,6.22,
14:27:57,1790231277,1,27,1123.31,1.22,10.72,5.94,6.22,
14:27:58,1790231278,1,27,1123.31,1.22,10.72,5.94,6.22,
14:27:59,1790231279,1,27,1123.31,1.22,10.72,5.94,6.22,
14:28:01,1790231281,1,27,1123.31,1.22,10.72,5.94,6.22,
14:28:02,1790231282,1,26,1123.31,1.22,10.77,5.94,6.22,
14:28:03,1790231283,1,27,1123.31,1.22,10.72,5.94,6.22,
14:28:04,1790231284,1,27,1123.31,1.22,10.72,5.94,6.22,
14:28:05,1790231285,1,27,1123.31,1.22,10.72,5.94,6.22,
14:28:06,1790231286,1,27,1123.31,1.22,10.72,5.94,6.22,
14:28:08,1790231288,1,27,1123.31,1.22,10.72,5.94,6.22,
14:28:09,1790231289,1,27,1123.31,1.22,10.72,5.94,6.22,
14:28:10,1790231290,1,27,1123.31,1.22,10.72,5.94,6.22,
14:28:11,1790231291,1,27,1123.31,1.22,10.72,5.94,6.22,
14:28:12,1790231292,1,27,1123.31,1.22,10.72,5.94,6.22,
14:28:13,1790231293,1,27,1123.31,1.22,10.72,5.94,6.22,
14:28:14,1790231294,1,27,1123.31,1.22,10.72,5.94,6.22,
14:28:16,1790231296,1,27,1123.31,1.22,10.72,5.94,6.22,
14:28:17,1790231297,1,27,1123.31,1.22,10.72,5.94,6.22,
14:28:18,1790231298,1,27,1123.31,1.22,10.72,5.94,6.22,
14:28:19,1790231299,1,27,1123.31,1.22,10.72,5.94,6.22,
14:28:20,1790231300,1,27,1123.31,1.22,10.72,5.94,6.22,
14:28:21,1790231301,1,27,1123.31,1.22,10.72,5.94,6.22,
14:28:22,1790231302,1,27,1123.31,1.22,10.72,5.94,6.22,
14:28:24,1790231304,1,27,1123.31,1.22,10.72,5.94,6.22,
14:28:25,1790231305,1,27,1123.31,1.22,10.72,5.94,6.22,
14:28:26,1790231306,1,27,1123.31,1.22,10.72,5.94,6.22,
14:28:27,1790231307,1,27,1123.31,1.22,10.72,5.94,6.22,
14:28:28,1790231308,1,27,1123.31,1.22,10.72,5.94,6.22,
14:28:29,1790231309,1,27,1123.31,1.22,10.72,5.94,6.22,
14:28:30,1790231310,1,27,1123.31,1.22,10.72,5.94,6.22,
14:28:32,1790231312,1,27,1123.31,1.22,10.72,5.94,6.22,
14:28:33,1790231313,1,27,1123.31,1.22,10.72,5.94,6.22,
14:28:34,1790231314,1,27,1123.31,1.22,10.72,5.94,6.22,
14:28:35,1790231315,1,27,1123.31,1.22,10.72,5.94,6.22,
14:28:36,1790231316,1,27,1123.31,1.22,10.72,5.94,6.22,
14:28:37,1790231317,1,27,1123.31,1.22,10.72,5.94,6.22,
14:28:38,1790231318,1,27,1123.31,1.22,10.72,5.94,6.22,
14:28:40,1790231320,1,27,1123.31,1.22,10.72,5.94,6.22,
14:28:41,1790231321,1,27,1123.31,1.22,10.72,5.94,6.22,
14:28:42,1790231322,1,27,1123.31,1.22,10.72,5.94,6.22,
14:28:43,1790231323,1,27,1123.31,1.22,10.72,5.94,6.22,
14:28:44,1790231324,1,27,1123.31,1.22,10.72,5.94,6.22,
14:28:45,1790231325,1,27,1123.31,1.22,10.72,5.94,6.22,
14:28:46,1790231326,1,27,1123.31,1.22,10.72,5.94,6.22,
14:28:48,1790231328,1,27,1123.31,1.22,10.72,5.94,6.22,
14:28:49,1790231329,1,27,1123.31,1.22,10.72,5.94,6.22,
14:28:50,1790231330,1,27,1123.31,1.22,10.72,5.94,6.22,
14:28:51,1790231331,1,27,1123.31,1.22,10.72,5.94,6.22,
14:28:52,1790231332,1,27,1123.31,1.22,10.72,5.94,6.22,
14:28:53,1790231333,1,27,1123.31,1.22,10.72,5.94,6.22,
14:28:55,1790231335,1,27,1123.31,1.22,10.72,5.94,6.22,
14:28:56,1790231336,1,27,1123.31,1.22,10.72,5.94,6.22,
14:28:57,1790231337,1,27,1123.31,1.22,10.72,5.94,6.22,
14:28:58,1790231338,1,27,1123.31,1.22,10.72,5.94,6.22,
14:28:59,1790231339,1,27,1123.31,1.22,10.72,5.94,6.22,
14:29:00,1790231340,1,27,1123.31,1.22,10.72,5.94,6.22,
14:29:01,1790231341,1,27,1123.31,1.22,10.72,5.94,6.22,
14:29:03,1790231343,1,27,1123.31,1.22,10.72,5.94,6.22,
14:29:04,1790231344,1,27,1123.31,1.22,10.72,5.94,6.22,
14:29:05,1790231345,1,27,1123.31,1.22,10.72,5.94,6.22,
14:29:06,1790231346,1,27,1123.31,1.22,10.72,5.94,6.22,
14:29:07,1790231347,1,27,1123.31,1.22,10.72,5.94,6.22,
14:29:08,1790231348,1,27,1123.31,1.22,10.72,5.94,6.22,
14:29:09,1790231349,1,27,1123.31,1.22,10.72,5.94,6.22,
14:29:11,1790231351,1,27,1123.31,1.22,10.72,5.94,6.22,
14:29:12,1790231352,1,27,1123.31,1.22,10.72,5.94,6.22,
14:29:13,1790231353,1,27,1123.31,1.22,10.72,5.94,6.22,
14:29:14,1790231354,1,27,1123.31,1.22,10.72,5.94,6.22,
14:29:15,1790231355,1,27,1123.31,1.22,10.72,5.94,6.22,
14:29:16,1790231356,1,27,1123.31,1.22,10.72,5.94,6.22,
14:29:17,1790231357,1,27,1123.31,1.22,10.72,5.94,6.22,
14:29:19,1790231359,1,27,1123.31,1.22,10.72,5.94,6.22,
14:29:20,1790231360,1,27,1123.31,1.22,10.72,5.94,6.22,
14:29:21,1790231361,1,27,1123.31,1.22,10.72,5.94,6.22,
14:29:22,1790231362,1,27,1123.31,1.22,10.72,5.94,6.22,
14:29:23,1790231363,1,27,1123.31,1.22,10.72,5.94,6.22,
14:29:24,1790231364,1,27,1123.31,1.22,10.72,5.94,6.22,
14:29:25,1790231365,1,27,1123.31,1.22,10.72,5.94,6.22,
14:29:27,1790231367,1,27,1123.31,1.22,10.72,5.94,6.22,
14:29:28,1790231368,1,27,1123.31,1.22,10.72,5.94,6.22,
14:29:29,1790231369,1,23,1123.31,1.11,11.45,5.94,6.22,
14:29:30,1790231370,1,18,1123.31,1.18,12.14,5.94,6.22,
14:29:31,1790231371,1,19,1123.31,1.18,11.99,5.94,6.22,
14:29:32,1790231372,1,21,1123.31,1.18,11.79,5.94,6.22,
14:29:34,1790231374,1,21,1123.31,1.18,11.76,5.94,6.22,
14:29:35,1790231375,1,21,1123.31,1.16,11.73,5.94,6.22,
14:29:36,1790231376,1,21,1123.31,1.16,11.70,5.94,6.22,
14:29:37,1790231377,1,21,1123.31,1.16,11.70,5.94,6.22,
14:29:38,1790231378,1,21,1123.31,1.16,11.70,5.94,6.22,
14:29:39,1790231379,1,22,1123.31,1.13,11.60,5.94,6.22,
14:29:40,1790231380,1,27,1123.31,1.13,10.83,5.94,6.22,
14:29:42,1790231382,1,27,1123.31,1.12,10.79,5.94,6.22,
14:29:43,1790231383,1,27,1123.31,1.12,10.79,5.94,6.22,
14:29:44,1790231384,1,27,1123.31,1.12,10.75,5.94,6.22,
14:29:45,1790231385,1,27,1123.31,1.12,10.75,5.94,6.22,
14:29:46,1790231386,1,27,1123.31,1.12,10.75,5.94,6.22,
14:29:47,1790231387,1,27,1123.31,1.12,10.75,5.94,6.22,
14:29:48,1790231388,1,27,1123.31,1.12,10.75,5.94,6.22,
14:29:50,1790231390,1,27,1123.31,1.12,10.75,5.94,6.22,
14:29:51,1790231391,1,27,1123.31,1.12,10.73,5.94,6.22,
14:29:52,1790231392,1,27,1123.31,1.12,10.73,5.94,6.22,
14:29:53,1790231393,1,27,1123.31,1.12,10.73,5.94,6.22,
14:29:54,1790231394,1,27,1123.31,1.12,10.73,5.94,6.22,
14:29:55,1790231395,1,27,1123.31,1.12,10.73,5.94,6.22,
14:29:57,1790231397,1,27,1123.31,1.12,10.73,5.94,6.22,
14:29:58,1790231398,1,27,1123.31,1.12,10.73,5.94,6.22,
14:29:59,1790231399,1,27,1123.31,1.12,10.73,5.94,6.22,
14:30:00,1790231400,1,27,1123.31,1.12,10.79,5.94,6.22,
14:30:01,1790231401,1,27,1123.31,1.12,10.73,5.94,6.22,
14:30:02,1790231402,1,27,1123.31,1.12,10.78,5.94,6.22,
14:30:03,1790231403,1,27,1123.31,1.12,10.73,5.94,6.22,
14:30:05,1790231405,1,27,1123.31,1.12,10.73,5.94,6.22,
14:30:06,1790231406,1,27,1123.31,1.12,10.73,5.94,6.22,
14:30:07,1790231407,1,27,1123.31,1.12,10.73,5.94,6.22,
14:30:08,1790231408,1,27,1123.31,1.12,10.73,5.94,6.22,
14:30:09,1790231409,1,27,1123.31,1.12,10.73,5.94,6.22,
14:30:10,1790231410,1,27,1123.31,1.12,10.73,5.94,6.22,
14:30:11,1790231411,1,27,1123.31,1.12,10.73,5.94,6.22,
14:30:13,1790231413,1,27,1123.31,1.12,10.73,5.94,6.22,
14:30:14,1790231414,1,27,1123.31,1.12,10.73,5.94,6.22,
14:30:15,1790231415,1,27,1123.31,1.12,10.73,5.94,6.22,
14:30:16,1790231416,1,27,1123.31,1.12,10.73,5.94,6.22,
14:30:17,1790231417,1,27,1123.31,1.12,10.73,5.94,6.22,
14:30:18,1790231418,1,27,1123.31,1.12,10.73,5.94,6.22,
14:30:19,1790231419,1,27,1123.31,1.12,10.73,5.94,6.22,
14:30:21,1790231421,1,27,1123.31,1.12,10.73,5.94,6.22,
14:30:22,1790231422,1,27,1123.31,1.12,10.73,5.94,6.22,
14:30:23,1790231423,1,27,1123.31,1.12,10.73,5.94,6.22,
14:30:24,1790231424,1,27,1123.31,1.12,10.73,5.94,6.22,
14:30:25,1790231425,1,27,1123.31,1.12,10.73,5.94,6.22,
14:30:26,1790231426,1,27,1123.31,1.12,10.73,5.94,6.22,
14:30:27,1790231427,1,27,1123.31,1.12,10.73,5.94,6.22,
14:30:29,1790231429,1,27,1123.31,1.12,10.73,5.94,6.22,
14:30:30,1790231430,1,27,1123.31,1.12,10.73,5.94,6.22,
14:30:31,1790231431,1,27,1123.31,1.12,10.73,5.94,6.22,
14:30:32,1790231432,1,27,1123.31,1.12,10.73,5.94,6.22,
14:30:33,1790231433,1,27,1123.31,1.12,10.73,5.94,6.22,
14:30:34,1790231434,1,27,1123.31,1.12,10.73,5.94,6.22,
14:30:36,1790231436,1,27,1123.31,1.12,10.73,5.94,6.22,
14:30:37,1790231437,1,27,1123.31,1.12,10.73,5.94,6.22,
14:30:38,1790231438,1,27,1123.31,1.12,10.73,5.94,6.22,
14:30:39,1790231439,1,27,1123.31,1.12,10.73,5.94,6.22,
14:30:40,1790231440,1,27,1123.31,1.12,10.73,5.94,6.22,
14:30:41,1790231441,1,27,1123.31,1.11,10.73,5.94,6.22,
14:30:42,1790231442,1,27,1123.31,1.11,10.73,5.94,6.22,
14:30:44,1790231444,1,27,1123.31,1.11,10.77,5.94,6.22,
14:30:45,1790231445,1,27,1123.31,1.11,10.77,5.94,6.22,
14:30:46,1790231446,1,27,1123.31,1.11,10.73,5.94,6.22,
14:30:47,1790231447,1,27,1123.31,1.11,10.73,5.94,6.22,
14:30:48,1790231448,1,27,1123.31,1.11,10.73,5.94,6.22,
14:30:49,1790231449,1,27,1123.31,1.11,10.73,5.94,6.22,
14:30:50,1790231450,1,27,1123.31,1.11,10.73,5.94,6.22,
14:30:52,1790231452,1,27,1123.31,1.11,10.73,5.94,6.22,
14:30:53,1790231453,1,27,1123.31,1.11,10.73,5.94,6.22,
14:30:54,1790231454,1,27,1123.31,1.11,10.73,5.94,6.22,
14:30:55,1790231455,1,27,1123.31,1.11,10.73,5.94,6.22,
14:30:56,1790231456,1,27,1123.31,1.11,10.73,5.94,6.22,
14:30:57,1790231457,1,27,1123.31,1.11,10.73,5.94,6.22,
14:30:58,1790231458,1,27,1123.31,1.11,10.73,5.94,6.22,
14:31:00,1790231460,1,27,1123.31,1.11,10.79,5.94,6.22,
14:31:01,1790231461,1,27,1123.31,1.11,10.79,5.94,6.22,
14:31:02,1790231462,1,27,1123.31,1.11,10.77,5.94,6.22,
14:31:03,1790231463,1,27,1123.31,1.11,10.73,5.94,6.22,
14:31:04,1790231464,1,26,1123.31,1.11,10.96,5.94,6.22,
14:31:05,1790231465,1,27,1123.31,1.11,10.73,5.94,6.22,
14:31:06,1790231466,1,27,1123.31,1.11,10.73,5.94,6.22,
14:31:08,1790231468,1,27,1123.31,1.10,10.73,5.94,6.22,
14:31:09,1790231469,1,27,1123.31,1.10,10.75,5.94,6.22,
14:31:10,1790231470,1,27,1123.31,1.10,10.75,5.94,6.22,
14:31:11,1790231471,1,27,1123.31,1.10,10.75,5.94,6.22,
14:31:12,1790231472,1,27,1123.31,1.10,10.75,5.94,6.22,
14:31:13,1790231473,1,27,1123.31,1.10,10.75,5.94,6.22,
14:31:15,1790231475,1,27,1123.31,1.10,10.75,5.94,6.22,
14:31:16,1790231476,1,27,1123.31,1.10,10.75,5.94,6.22,
14:31:17,1790231477,1,27,1123.31,1.10,10.75,5.94,6.22,
14:31:18,1790231478,1,27,1123.31,1.10,10.75,5.94,6.22,
14:31:19,1790231479,1,27,1123.31,1.07,10.86,5.94,6.22,
14:31:20,1790231480,1,28,1123.31,1.07,10.75,5.94,6.22,
14:31:21,1790231481,1,28,1123.31,1.07,10.75,5.94,6.22,
14:31:23,1790231483,1,28,1123.31,1.07,10.75,5.94,6.22,
14:31:24,1790231484,1,28,1123.31,1.07,10.75,5.94,6.22,
14:31:25,1790231485,1,28,1123.31,1.07,10.75,5.94,6.22,
14:31:26,1790231486,1,28,1123.31,1.07,10.75,5.94,6.22,
14:31:27,1790231487,1,28,1123.31,1.07,10.75,5.94,6.22,
14:31:28,1790231488,1,28,1123.31,1.07,10.75,5.94,6.22,
14:31:29,1790231489,1,42,1123.31,1.06,8.32,6.02,6.28,
14:31:31,1790231491,1,32,1123.31,1.06,10.10,6.08,6.35,
14:31:32,1790231492,1,32,1123.31,1.06,10.10,6.08,6.35,
14:31:33,1790231493,1,32,1123.31,1.06,10.10,6.08,6.35,
14:31:34,1790231494,1,32,1123.31,1.06,10.10,6.09,6.35,
14:31:35,1790231495,1,32,1123.31,1.06,10.10,6.09,6.35,
14:31:36,1790231496,1,32,1123.31,1.06,10.10,6.09,6.35,
14:31:37,1790231497,1,32,1123.31,1.06,10.10,6.09,6.35,
14:31:39,1790231499,1,32,1123.31,1.05,10.10,6.09,6.35,
14:31:40,1790231500,1,32,1123.31,1.05,10.10,6.09,6.35,
14:31:41,1790231501,1,32,1123.31,1.05,10.10,6.09,6.35,
14:31:42,1790231502,1,32,1123.31,1.05,10.10,6.09,6.35,
14:31:43,1790231503,1,32,1123.31,1.05,10.10,6.09,6.35,
14:31:44,1790231504,1,32,1123.31,1.05,10.10,6.09,6.35,
14:31:45,1790231505,1,32,1123.31,1.05,10.10,6.09,6.35,
14:31:47,1790231507,1,32,1123.31,1.05,10.10,6.09,6.35,
14:31:48,1790231508,1,32,1123.31,1.05,10.10,6.09,6.35,
14:31:49,1790231509,1,32,1123.31,1.05,10.10,6.09,6.35,
14:31:50,1790231510,1,32,1123.31,1.05,10.10,6.09,6.35,
14:31:51,1790231511,1,32,1123.31,1.05,10.10,6.09,6.35,
14:31:52,1790231512,1,32,1123.31,1.05,10.10,6.09,6.35,
14:31:53,1790231513,1,32,1123.31,1.05,10.10,6.09,6.35,
14:31:55,1790231515,1,32,1123.31,1.05,10.10,6.09,6.35,
14:31:56,1790231516,1,32,1123.31,1.05,10.10,6.09,6.35,
14:31:57,1790231517,1,32,1123.31,1.05,10.10,6.09,6.35,
14:31:58,1790231518,1,32,1123.31,1.05,10.10,6.09,6.35,
14:31:59,1790231519,1,32,1123.31,1.05,10.10,6.09,6.35,
14:32:00,1790231520,1,38,1123.31,1.04,8.00,0.10,0.07,
14:32:01,1790231521,1,82,1123.31,0.79,1.96,0,0,
