ts,epoch,pressure_level,free_pct,swap_used_mb,compressed_gb,wired_gb,proc_rss_gb,proc_mem_gb,cpu_speed_limit
14:55:56,1790232956,1,80,1123.31,1.18,1.88,0.01,0.11,
14:55:57,1790232957,1,65,1123.31,1.18,4.34,1.04,1.05,
14:55:58,1790232958,1,65,1123.31,1.18,4.31,2.01,2.04,
14:55:59,1790232959,1,65,1123.31,1.18,4.35,2.40,2.52,
14:56:00,1790232960,1,41,1123.31,1.21,8.28,3.33,3.35,
14:56:01,1790232961,1,42,1123.31,1.21,8.18,4.16,4.19,
14:56:03,1790232963,1,42,1123.31,1.21,8.18,5.01,5.03,
14:56:04,1790232964,1,42,1123.31,1.21,8.18,5.84,5.83,
14:56:05,1790232965,1,25,1123.31,1.49,10.72,5.94,6.22,
14:56:06,1790232966,1,25,1123.31,1.49,10.72,5.94,6.22,
14:56:07,1790232967,1,25,1123.31,1.49,10.72,5.94,6.22,
14:56:08,1790232968,1,25,1123.31,1.49,10.72,5.94,6.22,
14:56:09,1790232969,1,25,1123.31,1.49,10.72,5.94,6.22,
14:56:11,1790232971,1,25,1123.31,1.49,10.72,5.94,6.22,
14:56:12,1790232972,1,25,1123.31,1.49,10.72,5.94,6.22,
14:56:13,1790232973,1,25,1123.31,1.49,10.72,5.94,6.22,
14:56:14,1790232974,1,25,1123.31,1.49,10.72,5.94,6.22,
14:56:15,1790232975,1,25,1123.31,1.49,10.72,5.93,6.22,
14:56:16,1790232976,1,25,1123.31,1.49,10.72,5.93,6.22,
14:56:17,1790232977,1,25,1123.31,1.49,10.72,5.93,6.22,
14:56:19,1790232979,1,25,1123.31,1.49,10.72,5.93,6.22,
14:56:20,1790232980,1,25,1123.31,1.49,10.72,5.93,6.22,
14:56:21,1790232981,1,25,1123.31,1.49,10.72,5.93,6.22,
14:56:22,1790232982,1,25,1123.31,1.49,10.72,5.93,6.22,
14:56:23,1790232983,1,25,1123.31,1.49,10.72,5.93,6.22,
14:56:24,1790232984,1,25,1123.31,1.49,10.72,5.93,6.22,
14:56:26,1790232986,1,25,1123.31,1.49,10.72,5.93,6.22,
14:56:27,1790232987,1,25,1123.31,1.49,10.72,5.93,6.22,
14:56:28,1790232988,1,25,1123.31,1.49,10.72,5.93,6.22,
14:56:29,1790232989,1,25,1123.31,1.49,10.72,5.93,6.22,
14:56:30,1790232990,1,25,1123.31,1.49,10.72,5.93,6.22,
14:56:31,1790232991,1,25,1123.31,1.49,10.72,5.93,6.22,
14:56:32,1790232992,1,25,1107.31,1.49,10.73,5.93,6.22,
14:56:34,1790232994,1,25,1107.31,1.49,10.73,5.93,6.22,
14:56:35,1790232995,1,25,1107.31,1.49,10.73,5.93,6.22,
14:56:36,1790232996,1,25,1107.31,1.49,10.73,5.93,6.22,
14:56:37,1790232997,1,25,1107.31,1.49,10.73,5.93,6.22,
14:56:38,1790232998,1,25,1107.31,1.49,10.73,5.93,6.22,
14:56:39,1790232999,1,25,1107.31,1.48,10.73,5.96,6.22,
14:56:40,1790233000,1,25,1107.31,1.48,10.73,5.96,6.22,
14:56:42,1790233002,1,25,1107.31,1.48,10.73,5.96,6.22,
14:56:43,1790233003,1,25,1107.31,1.48,10.73,5.96,6.22,
14:56:44,1790233004,1,25,1107.31,1.48,10.73,5.96,6.22,
14:56:45,1790233005,1,25,1107.31,1.48,10.73,5.96,6.22,
14:56:46,1790233006,1,25,1107.31,1.48,10.73,5.96,6.22,
14:56:47,1790233007,1,25,1107.31,1.48,10.73,5.96,6.22,
14:56:48,1790233008,1,25,1107.31,1.45,10.75,5.96,6.22,
14:56:50,1790233010,1,25,1107.31,1.45,10.75,5.96,6.22,
14:56:51,1790233011,1,25,1107.31,1.45,10.75,5.96,6.22,
14:56:52,1790233012,1,25,1107.31,1.45,10.75,5.96,6.22,
14:56:53,1790233013,1,25,1107.31,1.45,10.75,5.96,6.22,
14:56:54,1790233014,1,25,1107.31,1.45,10.76,5.96,6.22,
14:56:55,1790233015,1,25,1107.31,1.44,10.76,5.96,6.22,
14:56:57,1790233017,1,25,1107.31,1.44,10.76,5.96,6.22,
14:56:58,1790233018,1,25,1107.31,1.44,10.76,5.96,6.22,
14:56:59,1790233019,1,25,1107.31,1.44,10.76,5.96,6.22,
14:57:00,1790233020,1,25,1107.31,1.44,10.82,5.96,6.22,
14:57:01,1790233021,1,25,1107.31,1.44,10.76,5.96,6.22,
14:57:02,1790233022,1,25,1107.31,1.44,10.81,5.96,6.22,
14:57:03,1790233023,1,25,1107.31,1.44,10.76,5.96,6.22,
14:57:05,1790233025,1,25,1107.31,1.44,10.76,5.96,6.22,
14:57:06,1790233026,1,25,1107.31,1.44,10.76,5.96,6.22,
14:57:07,1790233027,1,25,1107.31,1.44,10.76,5.96,6.22,
14:57:08,1790233028,1,25,1107.31,1.44,10.76,5.96,6.22,
14:57:09,1790233029,1,25,1107.31,1.44,10.76,5.96,6.22,
14:57:10,1790233030,1,25,1107.31,1.44,10.76,5.96,6.22,
14:57:12,1790233032,1,25,1107.31,1.44,10.76,5.96,6.22,
14:57:13,1790233033,1,25,1107.31,1.44,10.76,5.96,6.22,
14:57:14,1790233034,1,25,1107.31,1.44,10.76,5.96,6.22,
14:57:15,1790233035,1,25,1107.31,1.44,10.76,5.96,6.22,
14:57:16,1790233036,1,25,1107.31,1.44,10.76,5.96,6.22,
14:57:17,1790233037,1,25,1107.31,1.44,10.76,5.96,6.22,
14:57:18,1790233038,1,25,1107.31,1.44,10.76,5.96,6.22,
14:57:20,1790233040,1,25,1107.31,1.44,10.76,5.96,6.22,
14:57:21,1790233041,1,25,1107.31,1.44,10.76,5.96,6.22,
14:57:22,1790233042,1,25,1107.31,1.44,10.76,5.96,6.22,
14:57:23,1790233043,1,25,1107.31,1.44,10.76,5.96,6.22,
14:57:24,1790233044,1,25,1107.31,1.44,10.76,5.96,6.22,
14:57:25,1790233045,1,25,1107.31,1.44,10.76,5.96,6.22,
14:57:27,1790233047,1,25,1107.31,1.44,10.76,5.96,6.22,
14:57:28,1790233048,1,25,1107.31,1.44,10.76,5.96,6.22,
14:57:29,1790233049,1,25,1107.31,1.44,10.76,5.96,6.22,
14:57:30,1790233050,1,25,1107.31,1.44,10.76,5.96,6.22,
14:57:31,1790233051,1,25,1107.31,1.44,10.76,5.96,6.22,
14:57:32,1790233052,1,25,1107.31,1.44,10.76,5.96,6.22,
14:57:33,1790233053,1,25,1107.31,1.44,10.76,5.96,6.22,
14:57:35,1790233055,1,25,1107.31,1.44,10.76,5.96,6.22,
14:57:36,1790233056,1,25,1107.31,1.44,10.76,5.96,6.22,
14:57:37,1790233057,1,25,1107.31,1.44,10.76,5.96,6.22,
14:57:38,1790233058,1,25,1107.31,1.44,10.76,5.96,6.22,
14:57:39,1790233059,1,25,1107.31,1.44,10.76,5.96,6.22,
14:57:40,1790233060,1,25,1107.31,1.44,10.76,5.96,6.22,
14:57:41,1790233061,1,25,1107.31,1.44,10.76,5.96,6.22,
14:57:43,1790233063,1,25,1107.31,1.44,10.76,5.96,6.22,
14:57:44,1790233064,1,25,1107.31,1.44,10.76,5.96,6.22,
14:57:45,1790233065,1,25,1107.31,1.44,10.76,5.96,6.22,
14:57:46,1790233066,1,25,1107.31,1.44,10.76,5.96,6.22,
14:57:47,1790233067,1,25,1107.31,1.44,10.76,5.96,6.22,
14:57:48,1790233068,1,25,1107.31,1.44,10.76,5.96,6.22,
14:57:50,1790233070,1,25,1107.31,1.44,10.76,5.96,6.22,
14:57:51,1790233071,1,25,1107.31,1.44,10.76,5.96,6.22,
14:57:52,1790233072,1,25,1107.31,1.44,10.76,5.96,6.22,
14:57:53,1790233073,1,25,1107.31,1.44,10.76,5.96,6.22,
14:57:54,1790233074,1,25,1107.31,1.44,10.76,5.96,6.22,
14:57:55,1790233075,1,25,1107.31,1.44,10.76,5.96,6.22,
14:57:56,1790233076,1,25,1107.31,1.44,10.76,5.96,6.22,
14:57:58,1790233078,1,25,1107.31,1.44,10.76,5.96,6.22,
14:57:59,1790233079,1,25,1107.31,1.44,10.76,5.96,6.22,
14:58:00,1790233080,1,25,1107.31,1.44,10.82,5.96,6.22,
14:58:01,1790233081,1,25,1107.31,1.44,10.76,5.96,6.22,
14:58:02,1790233082,1,25,1107.31,1.44,10.81,5.96,6.22,
14:58:03,1790233083,1,25,1107.31,1.44,10.76,5.96,6.22,
14:58:04,1790233084,1,25,1107.31,1.44,10.76,5.96,6.22,
14:58:06,1790233086,1,25,1107.31,1.44,10.76,5.96,6.22,
14:58:07,1790233087,1,25,1107.31,1.44,10.76,5.96,6.22,
14:58:08,1790233088,1,25,1107.31,1.44,10.76,5.96,6.22,
14:58:09,1790233089,1,25,1107.31,1.44,10.76,5.96,6.22,
14:58:10,1790233090,1,25,1107.31,1.44,10.76,5.96,6.22,
14:58:11,1790233091,1,25,1107.31,1.44,10.80,5.96,6.22,
14:58:13,1790233093,1,25,1107.31,1.44,10.80,5.96,6.22,
14:58:14,1790233094,1,25,1107.31,1.44,10.76,5.96,6.22,
14:58:15,1790233095,1,25,1107.31,1.44,10.76,5.96,6.22,
14:58:16,1790233096,1,25,1107.31,1.44,10.76,5.96,6.22,
14:58:17,1790233097,1,25,1107.31,1.44,10.76,5.96,6.22,
14:58:18,1790233098,1,25,1107.31,1.44,10.76,5.96,6.22,
14:58:19,1790233099,1,25,1107.31,1.44,10.76,5.96,6.22,
14:58:21,1790233101,1,25,1107.31,1.43,10.76,5.96,6.22,
14:58:22,1790233102,1,25,1107.31,1.43,10.76,5.96,6.22,
14:58:23,1790233103,1,26,1107.31,1.39,10.76,5.96,6.22,
14:58:24,1790233104,1,26,1107.31,1.38,10.76,5.96,6.22,
14:58:25,1790233105,1,26,1107.31,1.38,10.76,5.96,6.22,
14:58:26,1790233106,1,26,1107.31,1.38,10.76,5.96,6.22,
14:58:28,1790233108,1,26,1107.31,1.38,10.76,5.96,6.22,
14:58:29,1790233109,1,23,1107.31,1.16,11.42,5.96,6.22,
14:58:30,1790233110,1,20,1107.31,1.06,11.93,5.95,6.22,
14:58:31,1790233111,1,22,1107.31,1.05,11.65,5.95,6.22,
14:58:32,1790233112,1,21,1107.31,1.09,11.80,5.95,6.22,
14:58:33,1790233113,1,21,1107.31,1.09,11.88,5.95,6.22,
14:58:34,1790233114,1,23,1107.31,1.09,11.53,5.95,6.22,
14:58:36,1790233116,1,26,1107.31,1.08,10.95,5.95,6.22,
14:58:37,1790233117,1,27,1107.31,1.08,10.80,5.95,6.22,
14:58:38,1790233118,1,27,1107.31,1.08,10.76,5.95,6.22,
14:58:39,1790233119,1,27,1107.31,1.07,10.76,5.95,6.22,
14:58:40,1790233120,1,27,1107.31,1.07,10.76,5.95,6.22,
14:58:41,1790233121,1,27,1107.31,1.07,10.76,5.95,6.22,
14:58:43,1790233123,1,28,1107.31,1.07,10.76,5.95,6.22,
14:58:44,1790233124,1,27,1107.31,1.07,10.88,5.95,6.22,
14:58:45,1790233125,1,27,1107.31,1.07,10.88,5.95,6.22,
14:58:46,1790233126,1,27,1107.31,1.07,10.88,5.95,6.22,
14:58:47,1790233127,1,27,1107.31,1.07,10.89,5.95,6.22,
14:58:48,1790233128,1,28,1107.31,1.07,10.76,5.95,6.22,
14:58:49,1790233129,1,27,1107.31,1.04,10.87,5.95,6.22,
14:58:51,1790233131,1,28,1107.31,1.04,10.76,5.95,6.22,
14:58:52,1790233132,1,28,1107.31,1.04,10.76,5.95,6.22,
14:58:53,1790233133,1,28,1107.31,1.04,10.76,5.95,6.22,
14:58:54,1790233134,1,28,1107.31,1.04,10.76,5.95,6.22,
14:58:55,1790233135,1,28,1107.31,1.04,10.76,5.95,6.22,
14:58:56,1790233136,1,28,1107.31,1.04,10.76,5.95,6.22,
14:58:57,1790233137,1,28,1107.31,1.04,10.76,5.95,6.22,
14:58:59,1790233139,1,28,1107.31,1.04,10.76,5.95,6.22,
14:59:00,1790233140,1,28,1107.31,1.04,10.76,5.95,6.22,
14:59:01,1790233141,1,28,1107.31,1.04,10.76,5.95,6.22,
14:59:02,1790233142,1,28,1107.31,1.04,10.76,5.95,6.22,
14:59:03,1790233143,1,28,1107.31,1.04,10.76,5.95,6.22,
14:59:04,1790233144,1,28,1107.31,1.04,10.76,5.95,6.22,
14:59:06,1790233146,1,28,1107.31,1.03,10.76,5.95,6.22,
14:59:07,1790233147,1,28,1107.31,1.03,10.76,5.95,6.22,
14:59:08,1790233148,1,28,1107.31,1.03,10.76,5.95,6.22,
14:59:09,1790233149,1,28,1107.31,1.03,10.76,5.95,6.22,
14:59:10,1790233150,1,28,1107.31,1.03,10.76,5.95,6.22,
14:59:11,1790233151,1,28,1107.31,1.03,10.76,5.95,6.22,
14:59:12,1790233152,1,28,1107.31,1.03,10.76,5.95,6.22,
14:59:14,1790233154,1,28,1107.31,1.03,10.76,5.95,6.22,
14:59:15,1790233155,1,28,1107.31,1.03,10.76,5.95,6.22,
14:59:16,1790233156,1,28,1107.31,1.03,10.76,5.95,6.22,
14:59:17,1790233157,1,28,1107.31,1.03,10.76,5.95,6.22,
14:59:18,1790233158,1,28,1107.31,1.03,10.76,5.95,6.22,
14:59:19,1790233159,1,28,1107.31,1.03,10.76,5.95,6.22,
14:59:20,1790233160,1,28,1107.31,1.03,10.76,5.95,6.22,
14:59:22,1790233162,1,28,1107.31,1.03,10.76,5.95,6.22,
14:59:23,1790233163,1,28,1107.31,1.03,10.76,5.95,6.22,
14:59:24,1790233164,1,28,1107.31,1.03,10.76,5.95,6.22,
14:59:25,1790233165,1,28,1107.31,1.03,10.76,5.95,6.22,
14:59:26,1790233166,1,28,1099.31,1.03,10.76,5.95,6.22,
14:59:27,1790233167,1,28,1099.31,1.03,10.76,5.95,6.22,
14:59:28,1790233168,1,28,1099.31,1.03,10.76,5.95,6.22,
14:59:30,1790233170,1,28,1099.31,1.03,10.76,5.95,6.22,
14:59:31,1790233171,1,28,1099.31,1.02,10.76,5.95,6.22,
14:59:32,1790233172,1,28,1099.31,1.02,10.76,5.95,6.22,
14:59:33,1790233173,1,28,1099.31,1.02,10.76,5.95,6.22,
14:59:34,1790233174,1,28,1099.31,1.02,10.76,5.95,6.22,
14:59:35,1790233175,1,28,1099.31,1.02,10.76,5.95,6.22,
14:59:37,1790233177,1,28,1099.31,1.02,10.76,5.95,6.22,
14:59:38,1790233178,1,28,1099.31,1.02,10.76,5.95,6.22,
14:59:39,1790233179,1,28,1099.31,1.02,10.76,5.95,6.22,
14:59:40,1790233180,1,28,1099.31,1.02,10.76,5.95,6.22,
14:59:41,1790233181,1,28,1099.31,1.02,10.76,5.95,6.22,
14:59:42,1790233182,1,28,1099.31,1.02,10.76,5.95,6.22,
14:59:43,1790233183,1,28,1099.31,1.02,10.76,5.95,6.22,
14:59:45,1790233185,1,28,1099.31,1.02,10.76,5.95,6.22,
14:59:46,1790233186,1,28,1099.31,1.02,10.76,5.95,6.22,
14:59:47,1790233187,1,28,1099.31,1.02,10.76,5.95,6.22,
14:59:48,1790233188,1,28,1099.31,1.02,10.76,5.95,6.22,
14:59:49,1790233189,1,28,1099.31,1.02,10.76,5.95,6.22,
14:59:50,1790233190,1,28,1099.31,1.02,10.76,5.95,6.22,
14:59:51,1790233191,1,28,1099.31,1.02,10.76,5.95,6.22,
14:59:53,1790233193,1,28,1099.31,1.02,10.76,5.95,6.22,
14:59:54,1790233194,1,28,1099.31,1.02,10.76,5.95,6.22,
14:59:55,1790233195,1,28,1099.31,1.02,10.76,5.95,6.22,
14:59:56,1790233196,1,28,1099.31,1.02,10.76,5.95,6.22,
14:59:57,1790233197,1,28,1099.31,1.02,10.76,5.95,6.22,
14:59:58,1790233198,1,28,1099.31,1.02,10.76,5.95,6.22,
14:59:59,1790233199,1,28,1099.31,1.02,10.76,5.95,6.22,
15:00:01,1790233201,1,28,1099.31,1.02,10.76,5.95,6.22,
15:00:02,1790233202,1,28,1099.31,1.02,10.76,5.95,6.22,
15:00:03,1790233203,1,28,1099.31,1.02,10.76,5.95,6.22,
15:00:04,1790233204,1,28,1099.31,1.02,10.76,5.95,6.22,
15:00:05,1790233205,1,28,1099.31,1.02,10.76,5.95,6.22,
15:00:06,1790233206,1,28,1099.31,1.02,10.76,5.95,6.22,
15:00:07,1790233207,1,28,1099.31,1.02,10.76,5.95,6.22,
15:00:09,1790233209,1,28,1099.31,1.01,10.76,5.95,6.22,
15:00:10,1790233210,1,28,1099.31,1.01,10.76,5.95,6.22,
15:00:11,1790233211,1,28,1099.31,1.01,10.76,5.95,6.22,
15:00:12,1790233212,1,28,1099.31,1.01,10.76,5.95,6.22,
15:00:13,1790233213,1,28,1099.31,1.01,10.76,5.95,6.22,
15:00:14,1790233214,1,28,1099.31,1.01,10.76,5.95,6.22,
15:00:15,1790233215,1,28,1099.31,1.01,10.76,5.95,6.22,
15:00:17,1790233217,1,28,1099.31,1.01,10.76,5.95,6.22,
15:00:18,1790233218,1,28,1099.31,1.01,10.76,5.95,6.22,
15:00:19,1790233219,1,28,1099.31,1.01,10.76,5.95,6.22,
15:00:20,1790233220,1,28,1099.31,1.01,10.76,5.95,6.22,
15:00:21,1790233221,1,28,1099.31,1.01,10.76,5.95,6.22,
15:00:22,1790233222,1,28,1099.31,1.01,10.76,5.95,6.22,
15:00:24,1790233224,1,28,1099.31,1.01,10.76,5.95,6.22,
15:00:25,1790233225,1,28,1099.31,1.01,10.76,5.95,6.22,
15:00:26,1790233226,1,28,1099.31,1.01,10.76,5.95,6.22,
15:00:27,1790233227,1,28,1099.31,1.01,10.76,5.95,6.22,
15:00:28,1790233228,1,28,1099.31,1.01,10.76,5.95,6.22,
15:00:29,1790233229,1,28,1099.31,1.01,10.76,5.95,6.22,
15:00:30,1790233230,1,28,1099.31,1.01,10.76,5.95,6.22,
15:00:32,1790233232,1,28,1099.31,1.01,10.76,5.95,6.22,
15:00:33,1790233233,1,28,1099.31,1.01,10.76,5.95,6.22,
15:00:34,1790233234,1,28,1099.31,1.01,10.76,5.95,6.22,
15:00:35,1790233235,1,28,1099.31,1.01,10.76,5.95,6.22,
15:00:36,1790233236,1,28,1099.31,1.01,10.76,5.95,6.22,
15:00:37,1790233237,1,28,1099.31,1.01,10.76,5.95,6.22,
15:00:38,1790233238,1,28,1099.31,1.01,10.76,5.95,6.22,
15:00:40,1790233240,1,28,1099.31,1.01,10.76,5.95,6.22,
15:00:41,1790233241,1,28,1099.31,1.01,10.76,5.95,6.22,
15:00:42,1790233242,1,28,1099.31,1.01,10.76,5.95,6.22,
15:00:43,1790233243,1,28,1099.31,1.01,10.76,5.95,6.22,
15:00:44,1790233244,1,28,1099.31,1.01,10.76,5.95,6.22,
15:00:45,1790233245,1,28,1099.31,1.01,10.76,5.95,6.22,
15:00:47,1790233247,1,28,1099.31,1.01,10.76,5.95,6.22,
15:00:48,1790233248,1,28,1099.31,1.01,10.76,5.95,6.22,
15:00:49,1790233249,1,28,1099.31,1.01,10.76,5.95,6.22,
15:00:50,1790233250,1,28,1099.31,1.01,10.76,5.95,6.22,
15:00:51,1790233251,1,28,1099.31,1.01,10.76,5.95,6.22,
15:00:52,1790233252,1,28,1099.31,1.01,10.76,5.95,6.22,
15:00:53,1790233253,1,28,1099.31,1.01,10.76,5.95,6.22,
15:00:55,1790233255,1,28,1099.31,1.01,10.76,5.95,6.22,
15:00:56,1790233256,1,28,1099.31,1.01,10.76,5.95,6.22,
15:00:57,1790233257,1,28,1099.31,1.01,10.76,5.95,6.22,
15:00:58,1790233258,1,28,1099.31,1.01,10.76,5.95,6.22,
15:00:59,1790233259,1,28,1099.31,1.01,10.76,5.95,6.22,
15:01:00,1790233260,1,28,1099.31,1.01,10.76,5.95,6.22,
15:01:01,1790233261,1,28,1099.31,1.01,10.76,5.95,6.22,
15:01:03,1790233263,1,28,1099.31,1.01,10.76,5.95,6.22,
15:01:04,1790233264,1,28,1099.31,1.01,10.76,5.95,6.22,
15:01:05,1790233265,1,28,1099.31,1.01,10.76,5.95,6.22,
15:01:06,1790233266,1,28,1099.31,1.01,10.76,5.95,6.22,
15:01:07,1790233267,1,28,1099.31,1.01,10.76,5.95,6.22,
15:01:08,1790233268,1,28,1099.31,1.01,10.76,5.95,6.22,
15:01:09,1790233269,1,28,1099.31,1.01,10.76,5.95,6.22,
15:01:11,1790233271,1,28,1099.31,1.01,10.76,5.95,6.22,
15:01:12,1790233272,1,28,1099.31,1.01,10.76,5.95,6.22,
15:01:13,1790233273,1,28,1099.31,1.01,10.76,5.95,6.22,
15:01:14,1790233274,1,28,1099.31,1.01,10.76,5.95,6.22,
15:01:15,1790233275,1,28,1099.31,1.01,10.76,5.95,6.22,
15:01:16,1790233276,1,28,1099.31,1.01,10.76,5.95,6.22,
15:01:18,1790233278,1,28,1099.31,1.01,10.76,5.95,6.22,
15:01:19,1790233279,1,28,1099.31,1.01,10.76,5.95,6.22,
15:01:20,1790233280,1,28,1099.31,1.01,10.76,5.95,6.22,
15:01:21,1790233281,1,28,1099.31,1.01,10.76,5.95,6.22,
15:01:22,1790233282,1,28,1099.31,1.01,10.76,5.95,6.22,
15:01:23,1790233283,1,28,1099.31,1.01,10.76,5.95,6.22,
15:01:24,1790233284,1,28,1099.31,1.01,10.76,5.95,6.22,
15:01:26,1790233286,1,32,1099.31,1.00,10.11,6.09,6.35,
15:01:27,1790233287,1,32,1099.31,1.00,10.10,6.09,6.34,
15:01:28,1790233288,1,32,1099.31,1.00,10.10,6.09,6.34,
15:01:29,1790233289,1,32,1099.31,1.00,10.10,6.09,6.35,
15:01:30,1790233290,1,32,1099.31,1.00,10.10,6.09,6.35,
15:01:31,1790233291,1,32,1099.31,1.00,10.10,6.09,6.35,
15:01:32,1790233292,1,32,1099.31,1.00,10.10,6.09,6.35,
15:01:34,1790233294,1,32,1099.31,1.00,10.10,6.09,6.35,
15:01:35,1790233295,1,32,1099.31,1.00,10.10,6.09,6.35,
15:01:36,1790233296,1,32,1099.31,1.00,10.10,6.09,6.35,
15:01:37,1790233297,1,32,1099.31,1.00,10.10,6.09,6.35,
15:01:38,1790233298,1,32,1099.31,1.00,10.10,6.09,6.35,
15:01:39,1790233299,1,32,1099.31,1.00,10.10,6.09,6.35,
15:01:40,1790233300,1,32,1099.31,1.00,10.10,6.09,6.35,
15:01:42,1790233302,1,32,1099.31,1.00,10.10,6.09,6.35,
15:01:43,1790233303,1,32,1099.31,1.00,10.10,6.09,6.35,
15:01:44,1790233304,1,32,1099.31,1.00,10.10,6.09,6.35,
15:01:45,1790233305,1,32,1099.31,1.00,10.10,6.09,6.35,
15:01:46,1790233306,1,32,1099.31,1.00,10.10,6.09,6.35,
15:01:47,1790233307,1,32,1099.31,1.00,10.10,6.09,6.35,
15:01:48,1790233308,1,32,1099.31,1.00,10.10,6.09,6.35,
15:01:50,1790233310,1,32,1099.31,1.00,10.10,6.09,6.35,
15:01:51,1790233311,1,32,1099.31,1.00,10.10,6.09,6.35,
15:01:52,1790233312,1,32,1099.31,1.00,10.10,6.09,6.35,
15:01:53,1790233313,1,32,1099.31,1.00,10.10,6.09,6.35,
15:01:54,1790233314,1,32,1099.31,1.00,10.10,6.09,6.35,
15:01:55,1790233315,1,32,1099.31,1.00,10.10,6.09,6.35,
15:01:56,1790233317,1,82,1099.31,0.75,1.92,0,0,
15:01:58,1790233318,1,82,1099.31,0.75,1.92,0,0,
