ts,epoch,pressure_level,free_pct,swap_used_mb,compressed_gb,wired_gb,proc_rss_gb,proc_mem_gb,cpu_speed_limit
14:49:58,1790232598,1,80,1123.31,1.13,1.93,0.01,0.11,
14:49:59,1790232599,1,65,1123.31,1.13,4.32,1.04,1.04,
14:50:00,1790232600,1,65,1123.31,1.13,4.38,2.01,2.06,
14:50:01,1790232601,1,64,1123.31,1.13,4.92,2.41,2.52,
14:50:02,1790232602,1,41,1123.31,1.18,8.27,3.37,3.35,
14:50:03,1790232603,1,42,1123.31,1.18,8.19,4.18,4.20,
14:50:05,1790232605,1,42,1123.31,1.18,8.19,5.01,5.05,
14:50:06,1790232606,1,42,1123.31,1.18,8.19,5.90,5.87,
14:50:07,1790232607,1,25,1123.31,1.48,10.73,5.99,6.25,
14:50:08,1790232608,1,25,1123.31,1.48,10.73,5.98,6.25,
14:50:09,1790232609,1,25,1123.31,1.48,10.72,5.98,6.25,
14:50:10,1790232610,1,25,1123.31,1.48,10.72,5.98,6.25,
14:50:11,1790232611,1,25,1123.31,1.48,10.72,5.98,6.25,
14:50:13,1790232613,1,25,1123.31,1.48,10.72,5.98,6.25,
14:50:14,1790232614,1,25,1123.31,1.48,10.72,5.98,6.25,
14:50:15,1790232615,1,25,1123.31,1.48,10.72,5.98,6.25,
14:50:16,1790232616,1,25,1123.31,1.48,10.72,5.98,6.25,
14:50:17,1790232617,1,25,1123.31,1.48,10.72,5.98,6.25,
14:50:18,1790232618,1,25,1123.31,1.48,10.72,5.98,6.25,
14:50:19,1790232619,1,25,1123.31,1.48,10.72,5.98,6.25,
14:50:21,1790232621,1,25,1123.31,1.48,10.72,5.98,6.25,
14:50:22,1790232622,1,25,1123.31,1.48,10.72,5.98,6.25,
14:50:23,1790232623,1,25,1123.31,1.48,10.72,5.98,6.25,
14:50:24,1790232624,1,25,1123.31,1.48,10.72,5.98,6.25,
14:50:25,1790232625,1,25,1123.31,1.48,10.72,5.98,6.25,
14:50:26,1790232626,1,25,1123.31,1.48,10.72,5.98,6.25,
14:50:28,1790232628,1,25,1123.31,1.48,10.72,5.98,6.25,
14:50:29,1790232629,1,25,1123.31,1.48,10.72,5.98,6.25,
14:50:30,1790232630,1,25,1123.31,1.48,10.72,5.98,6.25,
14:50:31,1790232631,1,25,1123.31,1.48,10.72,5.98,6.25,
14:50:32,1790232632,1,25,1123.31,1.48,10.72,5.98,6.25,
14:50:33,1790232633,1,25,1123.31,1.48,10.72,5.98,6.25,
14:50:34,1790232634,1,25,1123.31,1.48,10.72,5.98,6.25,
14:50:36,1790232636,1,25,1123.31,1.48,10.72,5.98,6.25,
14:50:37,1790232637,1,25,1123.31,1.48,10.72,5.98,6.25,
14:50:38,1790232638,1,25,1123.31,1.47,10.72,5.98,6.25,
14:50:39,1790232639,1,25,1123.31,1.47,10.72,5.98,6.25,
14:50:40,1790232640,1,25,1123.31,1.47,10.72,5.98,6.25,
14:50:41,1790232641,1,25,1123.31,1.47,10.72,6.01,6.27,
14:50:42,1790232642,1,25,1123.31,1.47,10.72,6.01,6.27,
14:50:44,1790232644,1,25,1123.31,1.47,10.72,6.01,6.27,
14:50:45,1790232645,1,25,1123.31,1.47,10.72,6.01,6.27,
14:50:46,1790232646,1,25,1123.31,1.47,10.72,6.01,6.27,
14:50:47,1790232647,1,25,1123.31,1.47,10.72,6.01,6.27,
14:50:48,1790232648,1,25,1123.31,1.47,10.72,6.01,6.27,
14:50:49,1790232649,1,25,1123.31,1.47,10.72,6.01,6.27,
14:50:50,1790232650,1,25,1123.31,1.47,10.72,6.01,6.27,
14:50:52,1790232652,1,25,1123.31,1.47,10.72,6.01,6.27,
14:50:53,1790232653,1,25,1123.31,1.47,10.72,6.01,6.27,
14:50:54,1790232654,1,25,1123.31,1.47,10.72,6.01,6.27,
14:50:55,1790232655,1,25,1123.31,1.47,10.72,6.01,6.27,
14:50:56,1790232656,1,25,1123.31,1.47,10.72,6.01,6.27,
14:50:57,1790232657,1,25,1123.31,1.47,10.72,6.01,6.27,
14:50:58,1790232658,1,25,1123.31,1.47,10.72,6.01,6.27,
14:51:00,1790232660,1,25,1123.31,1.47,10.78,6.01,6.27,
14:51:01,1790232661,1,25,1123.31,1.47,10.72,6.01,6.27,
14:51:02,1790232662,1,25,1123.31,1.47,10.77,6.01,6.27,
14:51:03,1790232663,1,25,1123.31,1.47,10.72,6.01,6.27,
14:51:04,1790232664,1,25,1123.31,1.47,10.72,6.01,6.27,
14:51:05,1790232665,1,25,1123.31,1.47,10.72,6.01,6.27,
14:51:06,1790232666,1,25,1123.31,1.47,10.72,6.01,6.27,
14:51:08,1790232668,1,25,1123.31,1.47,10.72,6.01,6.27,
14:51:09,1790232669,1,25,1123.31,1.47,10.72,6.01,6.27,
14:51:10,1790232670,1,25,1123.31,1.47,10.72,6.01,6.27,
14:51:11,1790232671,1,25,1123.31,1.47,10.72,6.01,6.27,
14:51:12,1790232672,1,25,1123.31,1.47,10.72,6.01,6.27,
14:51:13,1790232673,1,25,1123.31,1.47,10.72,6.01,6.27,
14:51:15,1790232675,1,25,1123.31,1.47,10.72,6.01,6.27,
14:51:16,1790232676,1,25,1123.31,1.46,10.72,6.01,6.27,
14:51:17,1790232677,1,25,1123.31,1.46,10.72,6.01,6.27,
14:51:18,1790232678,1,25,1123.31,1.46,10.72,6.01,6.27,
14:51:19,1790232679,1,25,1123.31,1.46,10.72,6.01,6.27,
14:51:20,1790232680,1,25,1123.31,1.46,10.72,6.01,6.27,
14:51:21,1790232681,1,25,1123.31,1.46,10.72,6.01,6.27,
14:51:23,1790232683,1,25,1123.31,1.46,10.72,6.01,6.27,
14:51:24,1790232684,1,25,1123.31,1.46,10.72,6.01,6.27,
14:51:25,1790232685,1,25,1123.31,1.46,10.72,6.01,6.27,
14:51:26,1790232686,1,25,1123.31,1.46,10.72,6.01,6.27,
14:51:27,1790232687,1,25,1123.31,1.46,10.72,6.01,6.27,
14:51:28,1790232688,1,25,1123.31,1.46,10.72,6.01,6.27,
14:51:29,1790232689,1,25,1123.31,1.46,10.72,6.01,6.27,
14:51:31,1790232691,1,25,1123.31,1.46,10.72,6.01,6.27,
14:51:32,1790232692,1,25,1123.31,1.46,10.72,6.01,6.27,
14:51:33,1790232693,1,25,1123.31,1.46,10.72,6.01,6.27,
14:51:34,1790232694,1,25,1123.31,1.46,10.72,6.01,6.27,
14:51:35,1790232695,1,25,1123.31,1.46,10.72,6.01,6.27,
14:51:36,1790232696,1,25,1123.31,1.46,10.72,6.01,6.27,
14:51:37,1790232697,1,25,1123.31,1.46,10.72,6.01,6.27,
14:51:39,1790232699,1,25,1123.31,1.46,10.72,6.01,6.27,
14:51:40,1790232700,1,25,1123.31,1.46,10.72,6.01,6.27,
14:51:41,1790232701,1,25,1123.31,1.46,10.72,6.01,6.27,
14:51:42,1790232702,1,25,1123.31,1.46,10.72,6.01,6.27,
14:51:43,1790232703,1,25,1123.31,1.46,10.72,6.01,6.27,
14:51:44,1790232704,1,25,1123.31,1.46,10.72,6.01,6.27,
14:51:45,1790232705,1,25,1123.31,1.46,10.72,6.01,6.27,
14:51:47,1790232707,1,25,1123.31,1.46,10.72,6.01,6.27,
14:51:48,1790232708,1,25,1123.31,1.46,10.72,6.01,6.27,
14:51:49,1790232709,1,25,1123.31,1.46,10.72,6.01,6.27,
14:51:50,1790232710,1,25,1123.31,1.46,10.72,6.01,6.27,
14:51:51,1790232711,1,25,1123.31,1.46,10.72,6.01,6.27,
14:51:52,1790232712,1,25,1123.31,1.46,10.72,6.01,6.27,
14:51:53,1790232713,1,25,1123.31,1.46,10.72,6.01,6.27,
14:51:55,1790232715,1,25,1123.31,1.46,10.72,6.01,6.27,
14:51:56,1790232716,1,25,1123.31,1.46,10.72,6.01,6.27,
14:51:57,1790232717,1,25,1123.31,1.46,10.72,6.01,6.27,
14:51:58,1790232718,1,25,1123.31,1.46,10.72,6.01,6.27,
14:51:59,1790232719,1,25,1123.31,1.46,10.72,6.01,6.27,
14:52:00,1790232720,1,25,1123.31,1.46,10.78,6.01,6.27,
14:52:02,1790232722,1,25,1123.31,1.46,10.77,6.01,6.27,
14:52:03,1790232723,1,25,1123.31,1.46,10.72,6.01,6.27,
14:52:04,1790232724,1,25,1123.31,1.46,10.72,6.01,6.27,
14:52:05,1790232725,1,25,1123.31,1.46,10.72,6.01,6.27,
14:52:06,1790232726,1,25,1123.31,1.46,10.72,6.01,6.27,
14:52:07,1790232727,1,25,1123.31,1.46,10.72,6.01,6.27,
14:52:08,1790232728,1,25,1123.31,1.46,10.72,6.01,6.27,
14:52:10,1790232730,1,25,1123.31,1.46,10.72,6.01,6.27,
14:52:11,1790232731,1,25,1123.31,1.46,10.72,6.01,6.27,
14:52:12,1790232732,1,25,1123.31,1.46,10.72,6.01,6.27,
14:52:13,1790232733,1,25,1123.31,1.46,10.72,6.01,6.27,
14:52:14,1790232734,1,25,1123.31,1.46,10.72,6.01,6.27,
14:52:15,1790232735,1,25,1123.31,1.46,10.72,6.01,6.27,
14:52:16,1790232736,1,25,1123.31,1.46,10.72,6.01,6.27,
14:52:18,1790232738,1,25,1123.31,1.46,10.72,6.01,6.27,
14:52:19,1790232739,1,25,1123.31,1.46,10.72,6.01,6.27,
14:52:20,1790232740,1,25,1123.31,1.46,10.72,6.01,6.27,
14:52:21,1790232741,1,25,1123.31,1.46,10.72,6.01,6.27,
14:52:22,1790232742,1,25,1123.31,1.46,10.72,6.01,6.27,
14:52:23,1790232743,1,25,1123.31,1.46,10.72,6.01,6.27,
14:52:24,1790232744,1,25,1123.31,1.46,10.72,6.01,6.27,
14:52:26,1790232746,1,25,1123.31,1.46,10.72,6.01,6.27,
14:52:27,1790232747,1,25,1123.31,1.46,10.72,6.01,6.27,
14:52:28,1790232748,1,25,1123.31,1.46,10.72,6.01,6.27,
14:52:29,1790232749,1,25,1123.31,1.46,10.72,6.01,6.27,
14:52:30,1790232750,1,25,1123.31,1.46,10.72,6.01,6.27,
14:52:31,1790232751,1,25,1123.31,1.46,10.72,6.01,6.27,
14:52:32,1790232752,1,25,1123.31,1.46,10.72,6.01,6.27,
14:52:34,1790232754,1,25,1123.31,1.46,10.72,6.01,6.27,
14:52:35,1790232755,1,25,1123.31,1.46,10.72,6.01,6.27,
14:52:36,1790232756,1,25,1123.31,1.46,10.72,6.01,6.27,
14:52:37,1790232757,1,25,1123.31,1.46,10.72,6.01,6.27,
14:52:38,1790232758,1,25,1123.31,1.46,10.72,6.01,6.27,
14:52:39,1790232759,1,25,1123.31,1.46,10.72,6.01,6.27,
14:52:40,1790232760,1,25,1123.31,1.46,10.72,6.01,6.27,
14:52:42,1790232762,1,25,1123.31,1.46,10.72,6.01,6.27,
14:52:43,1790232763,1,25,1123.31,1.46,10.72,6.01,6.27,
14:52:44,1790232764,1,25,1123.31,1.46,10.72,6.01,6.27,
14:52:45,1790232765,1,25,1123.31,1.46,10.72,6.01,6.27,
14:52:46,1790232766,1,25,1123.31,1.46,10.72,6.01,6.27,
14:52:47,1790232767,1,25,1123.31,1.46,10.72,6.01,6.27,
14:52:49,1790232769,1,25,1123.31,1.46,10.72,6.01,6.27,
14:52:50,1790232770,1,25,1123.31,1.46,10.72,6.01,6.27,
14:52:51,1790232771,1,25,1123.31,1.46,10.72,6.01,6.27,
14:52:52,1790232772,1,25,1123.31,1.46,10.72,6.01,6.27,
14:52:53,1790232773,1,25,1123.31,1.46,10.72,6.01,6.27,
14:52:54,1790232774,1,25,1123.31,1.46,10.72,6.01,6.27,
14:52:55,1790232775,1,25,1123.31,1.46,10.72,6.01,6.27,
14:52:57,1790232777,1,25,1123.31,1.46,10.72,6.01,6.27,
14:52:58,1790232778,1,25,1123.31,1.46,10.72,6.01,6.27,
14:52:59,1790232779,1,25,1123.31,1.46,10.72,6.01,6.27,
14:53:00,1790232780,1,25,1123.31,1.46,10.78,6.01,6.27,
14:53:01,1790232781,1,25,1123.31,1.46,10.72,6.01,6.27,
14:53:02,1790232782,1,25,1123.31,1.46,10.77,6.01,6.27,
14:53:03,1790232783,1,25,1123.31,1.46,10.72,6.01,6.27,
14:53:05,1790232785,1,25,1123.31,1.46,10.72,6.01,6.27,
14:53:06,1790232786,1,25,1123.31,1.46,10.72,6.01,6.27,
14:53:07,1790232787,1,25,1123.31,1.46,10.72,6.01,6.27,
14:53:08,1790232788,1,25,1123.31,1.46,10.72,6.01,6.27,
14:53:09,1790232789,1,25,1123.31,1.46,10.72,6.01,6.27,
14:53:10,1790232790,1,25,1123.31,1.46,10.72,6.01,6.27,
14:53:11,1790232791,1,25,1123.31,1.46,10.72,6.01,6.27,
14:53:13,1790232793,1,25,1123.31,1.46,10.72,6.01,6.27,
14:53:14,1790232794,1,25,1123.31,1.46,10.72,6.01,6.27,
14:53:15,1790232795,1,25,1123.31,1.46,10.72,6.01,6.27,
14:53:16,1790232796,1,25,1123.31,1.46,10.72,6.01,6.27,
14:53:17,1790232797,1,25,1123.31,1.46,10.72,6.01,6.27,
14:53:18,1790232798,1,25,1123.31,1.46,10.72,6.01,6.27,
14:53:19,1790232799,1,25,1123.31,1.46,10.72,6.01,6.27,
14:53:21,1790232801,1,25,1123.31,1.46,10.72,6.01,6.27,
14:53:22,1790232802,1,25,1123.31,1.46,10.72,6.01,6.27,
14:53:23,1790232803,1,25,1123.31,1.46,10.72,6.01,6.27,
14:53:24,1790232804,1,25,1123.31,1.46,10.72,6.01,6.27,
14:53:25,1790232805,1,25,1123.31,1.46,10.72,6.01,6.27,
14:53:26,1790232806,1,25,1123.31,1.46,10.72,6.01,6.27,
14:53:27,1790232807,1,25,1123.31,1.46,10.72,6.01,6.27,
14:53:29,1790232809,1,25,1123.31,1.46,10.72,6.01,6.27,
14:53:30,1790232810,1,25,1123.31,1.46,10.72,6.01,6.27,
14:53:31,1790232811,1,25,1123.31,1.46,10.72,6.01,6.27,
14:53:32,1790232812,1,25,1123.31,1.46,10.72,6.01,6.27,
14:53:33,1790232813,1,25,1123.31,1.46,10.72,6.01,6.27,
14:53:34,1790232814,1,25,1123.31,1.46,10.72,6.01,6.27,
14:53:36,1790232816,1,25,1123.31,1.46,10.72,6.01,6.27,
14:53:37,1790232817,1,25,1123.31,1.46,10.72,6.01,6.27,
14:53:38,1790232818,1,25,1123.31,1.46,10.72,6.01,6.27,
14:53:39,1790232819,1,25,1123.31,1.46,10.72,6.01,6.27,
14:53:40,1790232820,1,25,1123.31,1.46,10.72,6.01,6.27,
14:53:41,1790232821,1,25,1123.31,1.46,10.72,6.01,6.27,
14:53:42,1790232822,1,25,1123.31,1.46,10.72,6.01,6.27,
14:53:44,1790232824,1,25,1123.31,1.46,10.72,6.01,6.27,
14:53:45,1790232825,1,25,1123.31,1.46,10.72,6.01,6.27,
14:53:46,1790232826,1,25,1123.31,1.46,10.72,6.01,6.27,
14:53:47,1790232827,1,25,1123.31,1.46,10.72,6.01,6.27,
14:53:48,1790232828,1,25,1123.31,1.46,10.72,6.01,6.27,
14:53:49,1790232829,1,25,1123.31,1.46,10.72,6.01,6.27,
14:53:50,1790232830,1,25,1123.31,1.46,10.72,6.01,6.27,
14:53:52,1790232832,1,25,1123.31,1.46,10.72,6.01,6.27,
14:53:53,1790232833,1,25,1123.31,1.46,10.72,6.01,6.27,
14:53:54,1790232834,1,25,1123.31,1.46,10.72,6.01,6.27,
14:53:55,1790232835,1,25,1123.31,1.46,10.72,6.01,6.27,
14:53:56,1790232836,1,25,1123.31,1.46,10.72,6.01,6.27,
14:53:57,1790232837,1,25,1123.31,1.46,10.72,6.01,6.27,
14:53:58,1790232838,1,25,1123.31,1.46,10.72,6.01,6.27,
14:54:00,1790232840,1,25,1123.31,1.46,10.78,6.01,6.27,
14:54:01,1790232841,1,25,1123.31,1.46,10.72,6.01,6.27,
14:54:02,1790232842,1,25,1123.31,1.46,10.77,6.01,6.27,
14:54:03,1790232843,1,25,1123.31,1.46,10.72,6.01,6.27,
14:54:04,1790232844,1,25,1123.31,1.46,10.72,6.01,6.27,
14:54:05,1790232845,1,25,1123.31,1.46,10.72,6.01,6.27,
14:54:07,1790232847,1,25,1123.31,1.46,10.72,6.01,6.27,
14:54:08,1790232848,1,25,1123.31,1.46,10.72,6.01,6.27,
14:54:09,1790232849,1,25,1123.31,1.46,10.72,6.01,6.27,
14:54:10,1790232850,1,25,1123.31,1.46,10.72,6.01,6.27,
14:54:11,1790232851,1,25,1123.31,1.46,10.72,6.01,6.27,
14:54:12,1790232852,1,25,1123.31,1.46,10.72,6.01,6.27,
14:54:13,1790232853,1,25,1123.31,1.46,10.72,6.01,6.27,
14:54:15,1790232855,1,25,1123.31,1.46,10.72,6.01,6.27,
14:54:16,1790232856,1,25,1123.31,1.46,10.72,6.01,6.27,
14:54:17,1790232857,1,25,1123.31,1.46,10.72,6.01,6.27,
14:54:18,1790232858,1,25,1123.31,1.46,10.72,6.01,6.27,
14:54:19,1790232859,1,25,1123.31,1.46,10.72,6.01,6.27,
14:54:20,1790232860,1,25,1123.31,1.46,10.72,6.01,6.27,
14:54:21,1790232861,1,25,1123.31,1.46,10.72,6.01,6.27,
14:54:23,1790232863,1,25,1123.31,1.46,10.72,6.01,6.27,
14:54:24,1790232864,1,25,1123.31,1.46,10.72,6.01,6.27,
14:54:25,1790232865,1,25,1123.31,1.46,10.72,6.01,6.27,
14:54:26,1790232866,1,25,1123.31,1.46,10.72,6.01,6.27,
14:54:27,1790232867,1,25,1123.31,1.46,10.72,6.01,6.27,
14:54:28,1790232868,1,25,1123.31,1.46,10.72,6.01,6.27,
14:54:29,1790232869,1,25,1123.31,1.46,10.72,6.01,6.27,
14:54:31,1790232871,1,25,1123.31,1.46,10.72,6.01,6.27,
14:54:32,1790232872,1,25,1123.31,1.46,10.72,6.01,6.27,
14:54:33,1790232873,1,25,1123.31,1.46,10.72,6.01,6.27,
14:54:34,1790232874,1,25,1123.31,1.46,10.72,6.01,6.27,
14:54:35,1790232875,1,25,1123.31,1.46,10.72,6.01,6.27,
14:54:36,1790232876,1,25,1123.31,1.46,10.72,6.01,6.27,
14:54:37,1790232877,1,25,1123.31,1.46,10.72,6.01,6.27,
14:54:39,1790232879,1,25,1123.31,1.46,10.72,6.01,6.27,
14:54:40,1790232880,1,25,1123.31,1.46,10.72,6.01,6.27,
14:54:41,1790232881,1,25,1123.31,1.46,10.72,6.01,6.27,
14:54:42,1790232882,1,25,1123.31,1.46,10.72,6.01,6.27,
14:54:43,1790232883,1,25,1123.31,1.46,10.72,6.01,6.27,
14:54:44,1790232884,1,25,1123.31,1.46,10.72,6.01,6.27,
14:54:45,1790232885,1,25,1123.31,1.46,10.72,6.01,6.27,
14:54:47,1790232887,1,25,1123.31,1.46,10.72,6.01,6.27,
14:54:48,1790232888,1,25,1123.31,1.46,10.72,6.01,6.27,
14:54:49,1790232889,1,25,1123.31,1.46,10.72,6.01,6.27,
14:54:50,1790232890,1,25,1123.31,1.46,10.72,6.01,6.27,
14:54:51,1790232891,1,25,1123.31,1.46,10.72,6.01,6.27,
14:54:52,1790232892,1,25,1123.31,1.46,10.72,6.01,6.27,
14:54:53,1790232893,1,25,1123.31,1.46,10.72,6.01,6.27,
14:54:55,1790232895,1,25,1123.31,1.46,10.72,6.01,6.27,
14:54:56,1790232896,1,25,1123.31,1.46,10.72,6.01,6.27,
14:54:57,1790232897,1,25,1123.31,1.46,10.72,6.01,6.27,
14:54:58,1790232898,1,25,1123.31,1.46,10.72,6.01,6.27,
14:54:59,1790232899,1,25,1123.31,1.46,10.72,6.01,6.27,
14:55:00,1790232900,1,25,1123.31,1.46,10.78,6.01,6.27,
14:55:02,1790232902,1,25,1123.31,1.46,10.77,6.01,6.27,
14:55:03,1790232903,1,25,1123.31,1.46,10.72,6.01,6.27,
14:55:04,1790232904,1,25,1123.31,1.46,10.72,6.01,6.27,
14:55:05,1790232905,1,25,1123.31,1.46,10.72,6.01,6.27,
14:55:06,1790232906,1,25,1123.31,1.46,10.72,6.01,6.27,
14:55:07,1790232907,1,25,1123.31,1.46,10.72,6.01,6.27,
14:55:08,1790232908,1,25,1123.31,1.46,10.72,6.01,6.27,
14:55:10,1790232910,1,25,1123.31,1.46,10.72,6.01,6.27,
14:55:11,1790232911,1,25,1123.31,1.46,10.72,6.01,6.27,
14:55:12,1790232912,1,25,1123.31,1.46,10.72,6.01,6.27,
14:55:13,1790232913,1,25,1123.31,1.46,10.72,6.01,6.27,
14:55:14,1790232914,1,25,1123.31,1.46,10.72,6.01,6.27,
14:55:15,1790232915,1,25,1123.31,1.46,10.72,6.01,6.27,
14:55:16,1790232916,1,25,1123.31,1.46,10.72,6.01,6.27,
14:55:18,1790232918,1,25,1123.31,1.46,10.72,6.01,6.27,
14:55:19,1790232919,1,25,1123.31,1.46,10.72,6.01,6.27,
14:55:20,1790232920,1,25,1123.31,1.46,10.72,6.01,6.27,
14:55:21,1790232921,1,40,1123.31,1.45,8.29,6.05,6.31,
14:55:22,1790232922,1,29,1123.31,1.45,10.06,6.15,6.39,
14:55:23,1790232923,1,29,1123.31,1.45,10.06,6.15,6.39,
14:55:24,1790232924,1,29,1123.31,1.45,10.06,6.15,6.39,
14:55:26,1790232926,1,29,1123.31,1.45,10.06,6.15,6.40,
14:55:27,1790232927,1,29,1123.31,1.45,10.06,6.15,6.39,
14:55:28,1790232928,1,29,1123.31,1.45,10.06,6.15,6.39,
14:55:29,1790232929,1,29,1123.31,1.45,10.06,6.15,6.40,
14:55:30,1790232930,1,29,1123.31,1.45,10.06,6.15,6.39,
14:55:31,1790232931,1,29,1123.31,1.45,10.06,6.15,6.39,
14:55:33,1790232933,1,29,1123.31,1.45,10.06,6.15,6.40,
14:55:34,1790232934,1,29,1123.31,1.45,10.06,6.15,6.39,
14:55:35,1790232935,1,29,1123.31,1.45,10.06,6.15,6.39,
14:55:36,1790232936,1,29,1123.31,1.45,10.06,6.15,6.40,
14:55:37,1790232937,1,29,1123.31,1.45,10.06,6.15,6.39,
14:55:38,1790232938,1,29,1123.31,1.45,10.06,6.15,6.39,
14:55:39,1790232939,1,29,1123.31,1.45,10.06,6.15,6.40,
14:55:41,1790232941,1,29,1123.31,1.45,10.06,6.15,6.39,
14:55:42,1790232942,1,29,1123.31,1.45,10.06,6.15,6.39,
14:55:43,1790232943,1,29,1123.31,1.45,10.06,6.15,6.40,
14:55:44,1790232944,1,29,1123.31,1.45,10.06,6.15,6.39,
14:55:45,1790232945,1,29,1123.31,1.45,10.06,6.15,6.39,
14:55:46,1790232946,1,29,1123.31,1.44,10.06,6.15,6.40,
14:55:47,1790232947,1,29,1123.31,1.44,10.06,6.15,6.39,
14:55:49,1790232949,1,29,1123.31,1.44,10.06,6.15,6.39,
14:55:50,1790232950,1,29,1123.31,1.44,10.06,6.15,6.40,
14:55:51,1790232951,1,29,1123.31,1.44,10.06,6.15,6.39,
14:55:52,1790232952,1,30,1123.31,1.44,10.06,6.15,6.39,
14:55:53,1790232953,1,80,1123.31,1.18,1.88,0,0,
14:55:54,1790232954,1,80,1123.31,1.18,1.88,0,0,
