ts,epoch,pressure_level,free_pct,swap_used_mb,compressed_gb,wired_gb,proc_rss_gb,proc_mem_gb,cpu_speed_limit
11:23:59,1790220239,1,68,744.44,2.22,2.82,0.01,0.13,
11:24:00,1790220240,1,58,744.44,1.67,5.00,1.01,1.04,
11:24:01,1790220241,1,58,744.44,1.63,4.99,2.01,2.09,
11:24:02,1790220242,1,58,744.44,1.62,5.05,2.79,2.93,
11:24:04,1790220244,1,30,744.44,2.37,9.10,3.00,3.70,
11:24:05,1790220245,1,29,744.44,2.59,8.96,3.93,4.51,
11:24:07,1790220247,1,28,744.44,2.65,9.11,4.63,5.27,
11:24:08,1790220248,1,27,744.44,2.84,9.14,5.40,6.10,
11:24:09,1790220249,1,19,744.44,2.98,10.22,6.05,6.61,
11:24:10,1790220250,1,20,744.44,2.92,10.22,6.05,6.61,
11:24:12,1790220252,1,21,744.44,2.88,9.98,6.05,6.61,
11:24:13,1790220253,1,23,744.44,2.86,9.70,6.05,6.61,
11:24:14,1790220254,1,23,744.44,2.84,9.69,6.04,6.61,
11:24:15,1790220255,1,23,744.44,2.82,9.69,6.04,6.61,
11:24:16,1790220256,1,23,744.44,2.80,9.69,6.02,6.61,
11:24:18,1790220258,1,24,744.44,2.77,9.69,6.02,6.61,
11:24:19,1790220259,1,24,744.44,2.75,9.69,6.02,6.61,
11:24:20,1790220260,1,24,744.44,2.75,9.69,6.02,6.61,
11:24:21,1790220261,1,24,744.44,2.74,9.69,6.02,6.61,
11:24:22,1790220262,1,24,744.44,2.74,9.69,6.02,6.61,
11:24:24,1790220264,1,24,744.44,2.72,9.69,6.02,6.61,
11:24:25,1790220265,1,24,744.44,2.71,9.69,6.02,6.61,
11:24:26,1790220266,1,27,744.44,2.20,9.69,5.91,6.00,
11:24:27,1790220267,1,27,744.44,2.18,9.69,5.91,6.00,
11:24:28,1790220268,1,27,744.44,2.18,9.69,5.91,6.00,
11:24:30,1790220270,1,27,744.44,2.18,9.69,5.91,6.00,
11:24:31,1790220271,1,27,744.44,2.17,9.69,5.91,6.00,
11:24:32,1790220272,1,27,744.44,2.16,9.69,5.91,6.00,
11:24:33,1790220273,1,27,744.44,2.16,9.69,5.91,6.00,
11:24:34,1790220274,1,27,744.44,2.16,9.69,5.91,6.00,
11:24:36,1790220276,1,27,744.44,2.16,9.69,5.91,6.00,
11:24:37,1790220277,1,28,744.44,2.09,9.69,5.91,6.00,
11:24:38,1790220278,1,28,744.44,2.07,9.69,5.91,6.00,
11:24:39,1790220279,1,28,744.44,2.01,9.69,5.91,6.00,
11:24:40,1790220280,1,28,744.44,2.00,9.68,5.91,6.00,
11:24:42,1790220282,1,28,744.44,2.00,9.69,5.91,6.00,
11:24:43,1790220283,1,29,744.44,1.95,9.68,5.91,6.00,
11:24:44,1790220284,1,29,744.44,1.94,9.69,5.91,6.00,
11:24:45,1790220285,1,29,744.44,1.94,9.68,5.91,6.00,
11:24:46,1790220286,1,29,744.44,1.94,9.69,5.91,6.00,
11:24:48,1790220288,1,29,744.44,1.94,9.68,5.91,6.00,
11:24:49,1790220289,1,29,744.44,1.94,9.68,5.91,6.00,
11:24:50,1790220290,1,29,744.44,1.94,9.68,5.91,6.00,
11:24:51,1790220291,1,29,744.44,1.94,9.69,5.91,6.00,
11:24:52,1790220292,1,29,744.44,1.94,9.69,5.91,6.00,
11:24:54,1790220294,1,29,744.44,1.94,9.68,5.91,6.00,
11:24:55,1790220295,1,29,744.44,1.94,9.68,5.91,6.00,
11:24:56,1790220296,1,29,744.44,1.94,9.69,5.91,6.00,
11:24:57,1790220297,1,29,744.44,1.94,9.69,5.91,6.00,
11:24:58,1790220298,1,29,744.44,1.94,9.68,5.91,6.00,
11:25:00,1790220300,1,29,744.44,1.93,9.69,5.92,6.00,
11:25:01,1790220301,1,29,744.44,1.93,9.69,5.92,6.00,
11:25:02,1790220302,1,29,744.44,1.93,9.69,5.92,6.00,
11:25:03,1790220303,1,29,744.44,1.92,9.68,5.92,6.00,
11:25:04,1790220304,1,29,744.44,1.91,9.69,5.92,6.00,
11:25:06,1790220306,1,29,744.44,1.91,9.69,5.92,6.00,
11:25:07,1790220307,1,29,744.44,1.91,9.69,5.92,6.00,
11:25:08,1790220308,1,29,744.44,1.91,9.69,5.92,6.00,
11:25:09,1790220309,1,29,744.44,1.91,9.68,5.92,6.00,
11:25:10,1790220310,1,29,744.44,1.91,9.68,5.92,6.00,
11:25:12,1790220312,1,29,744.44,1.91,9.68,5.92,6.00,
11:25:13,1790220313,1,29,744.44,1.91,9.68,5.92,6.00,
11:25:14,1790220314,1,29,744.44,1.91,9.68,5.92,6.00,
11:25:15,1790220315,1,29,744.44,1.91,9.67,5.92,6.00,
11:25:16,1790220316,1,29,744.44,1.91,9.68,5.92,6.00,
11:25:18,1790220318,1,29,744.44,1.91,9.67,5.92,6.00,
11:25:19,1790220319,1,29,744.44,1.88,9.67,5.92,6.00,
11:25:20,1790220320,1,29,744.44,1.88,9.67,5.92,6.00,
11:25:21,1790220321,1,29,744.44,1.88,9.67,5.92,6.00,
11:25:22,1790220322,1,29,744.44,1.88,9.67,5.92,6.00,
11:25:24,1790220324,1,29,744.44,1.86,9.67,5.92,6.00,
11:25:25,1790220325,1,29,744.44,1.86,9.67,5.92,6.00,
11:25:26,1790220326,1,29,744.44,1.86,9.67,5.92,6.00,
11:25:27,1790220327,1,29,744.44,1.86,9.67,5.92,6.00,
11:25:28,1790220328,1,29,744.44,1.86,9.67,5.92,6.00,
11:25:30,1790220330,1,29,744.44,1.86,9.67,5.92,6.00,
11:25:31,1790220331,1,29,744.44,1.86,9.67,5.92,6.00,
11:25:32,1790220332,1,29,744.44,1.86,9.67,5.92,6.00,
11:25:33,1790220333,1,29,744.44,1.86,9.67,5.92,6.00,
11:25:34,1790220334,1,29,744.44,1.86,9.67,5.92,6.00,
11:25:36,1790220336,1,29,744.44,1.85,9.67,5.92,6.00,
11:25:37,1790220337,1,29,744.44,1.85,9.67,5.92,6.00,
11:25:38,1790220338,1,29,744.44,1.85,9.66,5.92,6.00,
11:25:39,1790220339,1,29,744.44,1.85,9.67,5.92,6.00,
11:25:40,1790220340,1,29,744.44,1.85,9.66,5.92,6.00,
11:25:42,1790220342,1,29,744.44,1.85,9.66,5.92,6.00,
11:25:43,1790220343,1,29,744.44,1.85,9.67,5.92,6.00,
11:25:44,1790220344,1,29,744.44,1.85,9.67,5.92,6.00,
11:25:45,1790220345,1,29,744.44,1.85,9.66,5.92,6.00,
11:25:46,1790220346,1,29,744.44,1.85,9.67,5.92,6.00,
11:25:48,1790220348,1,29,744.44,1.85,9.67,5.92,6.00,
11:25:49,1790220349,1,29,744.44,1.85,9.67,5.92,6.00,
11:25:50,1790220350,1,29,744.44,1.85,9.67,5.92,6.00,
11:25:51,1790220351,1,29,744.44,1.85,9.66,5.92,6.00,
11:25:52,1790220352,1,29,744.44,1.85,9.67,5.92,6.00,
11:25:54,1790220354,1,29,744.44,1.85,9.67,5.92,6.00,
11:25:55,1790220355,1,29,744.44,1.85,9.67,5.92,6.00,
11:25:56,1790220356,1,29,744.44,1.85,9.67,5.92,6.00,
11:25:57,1790220357,1,29,744.44,1.85,9.66,5.92,6.00,
11:25:58,1790220358,1,29,744.44,1.85,9.66,5.92,6.00,
11:26:00,1790220360,1,29,744.44,1.85,9.66,5.92,6.00,
11:26:01,1790220361,1,29,744.44,1.85,9.67,5.92,6.00,
11:26:02,1790220362,1,29,744.44,1.83,9.67,5.92,6.00,
11:26:03,1790220363,1,29,744.44,1.83,9.67,5.92,6.00,
11:26:05,1790220365,1,30,744.44,1.83,9.67,5.92,6.00,
11:26:06,1790220366,1,30,744.44,1.83,9.67,5.92,6.00,
11:26:07,1790220367,1,30,744.44,1.83,9.67,5.92,6.00,
11:26:08,1790220368,1,30,744.44,1.83,9.66,5.92,6.00,
11:26:09,1790220369,1,29,744.44,1.83,9.67,5.92,6.00,
11:26:11,1790220371,1,30,744.44,1.83,9.66,5.92,6.00,
11:26:12,1790220372,1,29,744.44,1.83,9.67,5.92,6.00,
11:26:13,1790220373,1,29,744.44,1.83,9.67,5.92,6.00,
11:26:14,1790220374,1,30,744.44,1.83,9.66,5.92,6.00,
11:26:15,1790220375,1,30,744.44,1.83,9.67,5.92,6.00,
11:26:17,1790220377,1,30,744.44,1.83,9.67,5.92,6.00,
11:26:18,1790220378,1,29,744.44,1.83,9.67,5.92,6.00,
11:26:19,1790220379,1,30,744.44,1.83,9.67,5.92,6.00,
11:26:20,1790220380,1,29,744.44,1.83,9.67,5.92,6.00,
11:26:21,1790220381,1,30,744.44,1.83,9.67,5.92,6.00,
11:26:23,1790220383,1,30,744.44,1.83,9.67,5.92,6.00,
11:26:24,1790220384,1,30,744.44,1.83,9.66,5.92,6.00,
11:26:25,1790220385,1,30,744.44,1.83,9.67,5.92,6.00,
11:26:26,1790220386,1,30,744.44,1.83,9.67,5.92,6.00,
11:26:27,1790220387,1,29,744.44,1.83,9.67,5.92,6.00,
11:26:29,1790220389,1,30,744.44,1.83,9.66,5.92,6.00,
11:26:30,1790220390,1,30,744.44,1.83,9.67,5.92,6.00,
11:26:31,1790220391,1,30,744.44,1.83,9.66,5.92,6.00,
11:26:32,1790220392,1,29,744.44,1.83,9.66,5.92,6.00,
11:26:33,1790220393,1,29,744.44,1.83,9.66,5.92,6.00,
11:26:35,1790220395,1,29,744.44,1.83,9.66,5.92,6.00,
11:26:36,1790220396,1,29,744.44,1.82,9.66,5.92,6.00,
11:26:37,1790220397,1,29,744.44,1.82,9.66,5.92,6.00,
11:26:38,1790220398,1,29,744.44,1.82,9.66,5.92,6.00,
11:26:40,1790220400,2,8,929.81,2.20,12.78,5.97,6.14,
11:26:41,1790220401,2,9,932.12,2.13,12.77,5.97,6.14,
11:26:42,1790220402,2,9,932.12,2.12,12.77,5.97,6.14,
11:26:43,1790220403,2,9,932.12,2.11,12.76,5.96,6.14,
11:26:44,1790220404,2,9,924.12,2.11,12.77,5.96,6.14,
11:26:46,1790220406,2,9,924.12,2.10,12.77,5.96,6.14,
11:26:47,1790220407,2,9,924.12,2.10,12.76,5.96,0.27,
11:26:48,1790220408,1,72,924.12,1.98,2.40,0,0,
11:26:49,1790220409,1,72,924.12,1.98,2.40,0,0,
