ts,epoch,pressure_level,free_pct,swap_used_mb,compressed_gb,wired_gb,proc_rss_gb,proc_mem_gb,cpu_speed_limit
14:38:02,1790231882,1,80,1123.31,1.10,1.95,0.01,0.12,
14:38:03,1790231883,1,66,1123.31,1.10,4.34,1.04,1.03,
14:38:04,1790231884,1,66,1123.31,1.10,4.34,2.01,2.04,
14:38:05,1790231885,1,66,1123.31,1.10,4.41,2.41,2.52,
14:38:06,1790231886,1,42,1123.31,1.16,8.24,3.37,3.35,
14:38:08,1790231888,1,42,1123.31,1.16,8.20,4.16,4.20,
14:38:09,1790231889,1,42,1123.31,1.16,8.20,5.01,5.05,
14:38:10,1790231890,1,42,1123.31,1.16,8.20,5.83,5.83,
14:38:11,1790231891,1,25,1123.31,1.50,10.74,5.92,6.22,
14:38:12,1790231892,1,25,1123.31,1.49,10.74,5.92,6.22,
14:38:13,1790231893,1,25,1123.31,1.49,10.74,5.92,6.22,
14:38:14,1790231894,1,25,1123.31,1.49,10.74,5.92,6.22,
14:38:16,1790231896,1,25,1123.31,1.49,10.73,5.92,6.22,
14:38:17,1790231897,1,25,1123.31,1.49,10.73,5.92,6.22,
14:38:18,1790231898,1,25,1123.31,1.49,10.73,5.92,6.22,
14:38:19,1790231899,1,25,1123.31,1.49,10.73,5.92,6.22,
14:38:20,1790231900,1,25,1123.31,1.48,10.73,5.92,6.22,
14:38:21,1790231901,1,25,1123.31,1.48,10.73,5.92,6.22,
14:38:23,1790231903,1,25,1123.31,1.48,10.73,5.92,6.22,
14:38:24,1790231904,1,25,1123.31,1.48,10.73,5.92,6.22,
14:38:25,1790231905,1,25,1123.31,1.48,10.73,5.92,6.22,
14:38:26,1790231906,1,25,1123.31,1.48,10.73,5.92,6.22,
14:38:27,1790231907,1,25,1123.31,1.48,10.73,5.92,6.22,
14:38:28,1790231908,1,25,1123.31,1.48,10.73,5.92,6.22,
14:38:29,1790231909,1,25,1123.31,1.48,10.73,5.92,6.22,
14:38:31,1790231911,1,25,1123.31,1.48,10.73,5.92,6.22,
14:38:32,1790231912,1,25,1123.31,1.48,10.73,5.92,6.22,
14:38:33,1790231913,1,25,1123.31,1.48,10.73,5.92,6.22,
14:38:34,1790231914,1,25,1123.31,1.48,10.73,5.92,6.22,
14:38:35,1790231915,1,25,1123.31,1.47,10.73,5.92,6.22,
14:38:36,1790231916,1,25,1123.31,1.47,10.73,5.92,6.22,
14:38:37,1790231917,1,25,1123.31,1.47,10.73,5.92,6.22,
14:38:39,1790231919,1,25,1123.31,1.47,10.73,5.92,6.22,
14:38:40,1790231920,1,25,1123.31,1.47,10.73,5.92,6.22,
14:38:41,1790231921,1,25,1123.31,1.47,10.73,5.92,6.22,
14:38:42,1790231922,1,25,1123.31,1.47,10.73,5.92,6.22,
14:38:43,1790231923,1,25,1123.31,1.47,10.73,5.92,6.22,
14:38:44,1790231924,1,25,1123.31,1.47,10.73,5.92,6.22,
14:38:45,1790231925,1,25,1123.31,1.46,10.73,5.94,6.23,
14:38:47,1790231927,1,25,1123.31,1.46,10.73,5.94,6.23,
14:38:48,1790231928,1,25,1123.31,1.46,10.73,5.94,6.23,
14:38:49,1790231929,1,25,1123.31,1.46,10.73,5.94,6.23,
14:38:50,1790231930,1,25,1123.31,1.45,10.73,5.94,6.23,
14:38:51,1790231931,1,25,1123.31,1.45,10.73,5.94,6.23,
14:38:52,1790231932,1,25,1123.31,1.45,10.73,5.94,6.23,
14:38:54,1790231934,1,25,1123.31,1.45,10.73,5.94,6.23,
14:38:55,1790231935,1,25,1123.31,1.45,10.73,5.94,6.23,
14:38:56,1790231936,1,25,1123.31,1.45,10.73,5.94,6.23,
14:38:57,1790231937,1,25,1123.31,1.45,10.73,5.94,6.23,
14:38:58,1790231938,1,25,1123.31,1.45,10.73,5.94,6.23,
14:38:59,1790231939,1,25,1123.31,1.45,10.73,5.94,6.23,
14:39:00,1790231940,1,25,1123.31,1.45,10.79,5.94,6.23,
14:39:02,1790231942,1,25,1123.31,1.45,10.78,5.94,6.23,
14:39:03,1790231943,1,25,1123.31,1.45,10.78,5.94,6.23,
14:39:04,1790231944,1,25,1123.31,1.45,10.73,5.94,6.23,
14:39:05,1790231945,1,25,1123.31,1.45,10.73,5.94,6.23,
14:39:06,1790231946,1,25,1123.31,1.45,10.73,5.94,6.23,
14:39:07,1790231947,1,25,1123.31,1.45,10.73,5.94,6.23,
14:39:08,1790231948,1,25,1123.31,1.45,10.73,5.94,6.23,
14:39:10,1790231950,1,25,1123.31,1.45,10.73,5.94,6.23,
14:39:11,1790231951,1,25,1123.31,1.45,10.73,5.94,6.23,
14:39:12,1790231952,1,25,1123.31,1.45,10.73,5.94,6.23,
14:39:13,1790231953,1,25,1123.31,1.45,10.73,5.94,6.23,
14:39:14,1790231954,1,25,1123.31,1.45,10.73,5.94,6.23,
14:39:15,1790231955,1,25,1123.31,1.45,10.73,5.94,6.23,
14:39:16,1790231956,1,25,1123.31,1.45,10.73,5.94,6.23,
14:39:18,1790231958,1,25,1123.31,1.45,10.73,5.94,6.23,
14:39:19,1790231959,1,25,1123.31,1.45,10.73,5.94,6.23,
14:39:20,1790231960,1,25,1123.31,1.44,10.73,5.95,6.23,
14:39:21,1790231961,1,25,1123.31,1.44,10.73,5.95,6.23,
14:39:22,1790231962,1,25,1123.31,1.44,10.73,5.95,6.23,
14:39:23,1790231963,1,25,1123.31,1.44,10.73,5.95,6.23,
14:39:24,1790231964,1,25,1123.31,1.44,10.73,5.95,6.23,
14:39:26,1790231966,1,25,1123.31,1.44,10.73,5.95,6.23,
14:39:27,1790231967,1,25,1123.31,1.44,10.73,5.95,6.23,
14:39:28,1790231968,1,25,1123.31,1.44,10.73,5.95,6.23,
14:39:29,1790231969,1,25,1123.31,1.44,10.73,5.95,6.23,
14:39:30,1790231970,1,25,1123.31,1.44,10.73,5.95,6.23,
14:39:31,1790231971,1,25,1123.31,1.44,10.73,5.95,6.23,
14:39:32,1790231972,1,25,1123.31,1.44,10.73,5.95,6.23,
14:39:34,1790231974,1,25,1123.31,1.44,10.73,5.95,6.23,
14:39:35,1790231975,1,25,1123.31,1.44,10.73,5.95,6.23,
14:39:36,1790231976,1,25,1123.31,1.44,10.73,5.95,6.23,
14:39:37,1790231977,1,25,1123.31,1.44,10.73,5.95,6.23,
14:39:38,1790231978,1,25,1123.31,1.44,10.73,5.95,6.23,
14:39:39,1790231979,1,25,1123.31,1.44,10.73,5.95,6.23,
14:39:41,1790231981,1,25,1123.31,1.44,10.73,5.95,6.23,
14:39:42,1790231982,1,25,1123.31,1.44,10.73,5.95,6.23,
14:39:43,1790231983,1,25,1123.31,1.44,10.73,5.95,6.23,
14:39:44,1790231984,1,25,1123.31,1.44,10.73,5.95,6.23,
14:39:45,1790231985,1,25,1123.31,1.44,10.73,5.95,6.23,
14:39:46,1790231986,1,25,1123.31,1.44,10.73,5.95,6.23,
14:39:47,1790231987,1,25,1123.31,1.44,10.73,5.95,6.23,
14:39:49,1790231989,1,25,1123.31,1.44,10.73,5.95,6.23,
14:39:50,1790231990,1,25,1123.31,1.44,10.73,5.95,6.23,
14:39:51,1790231991,1,25,1123.31,1.44,10.73,5.95,6.23,
14:39:52,1790231992,1,25,1123.31,1.44,10.73,5.95,6.23,
14:39:53,1790231993,1,25,1123.31,1.44,10.73,5.95,6.23,
14:39:54,1790231994,1,25,1123.31,1.44,10.73,5.95,6.23,
14:39:55,1790231995,1,25,1123.31,1.44,10.73,5.95,6.23,
14:39:57,1790231997,1,25,1123.31,1.44,10.73,5.95,6.23,
14:39:58,1790231998,1,25,1123.31,1.44,10.73,5.95,6.23,
14:39:59,1790231999,1,25,1123.31,1.44,10.73,5.95,6.23,
14:40:00,1790232000,1,25,1123.31,1.44,10.79,5.95,6.23,
14:40:01,1790232001,1,25,1123.31,1.44,10.73,5.95,6.23,
14:40:02,1790232002,1,25,1123.31,1.44,10.77,5.95,6.23,
14:40:03,1790232003,1,25,1123.31,1.44,10.73,5.95,6.23,
14:40:05,1790232005,1,25,1123.31,1.44,10.73,5.95,6.23,
14:40:06,1790232006,1,25,1123.31,1.44,10.73,5.95,6.23,
14:40:07,1790232007,1,25,1123.31,1.44,10.73,5.95,6.23,
14:40:08,1790232008,1,25,1123.31,1.44,10.73,5.95,6.23,
14:40:09,1790232009,1,25,1123.31,1.44,10.73,5.95,6.23,
14:40:10,1790232010,1,25,1123.31,1.44,10.73,5.95,6.23,
14:40:11,1790232011,1,25,1123.31,1.44,10.73,5.95,6.23,
14:40:13,1790232013,1,25,1123.31,1.44,10.73,5.95,6.23,
14:40:14,1790232014,1,25,1123.31,1.44,10.73,5.95,6.23,
14:40:15,1790232015,1,25,1123.31,1.44,10.73,5.95,6.23,
14:40:16,1790232016,1,25,1123.31,1.44,10.73,5.95,6.23,
14:40:17,1790232017,1,25,1123.31,1.44,10.73,5.95,6.23,
14:40:18,1790232018,1,25,1123.31,1.44,10.73,5.95,6.23,
14:40:20,1790232020,1,25,1123.31,1.44,10.73,5.95,6.23,
14:40:21,1790232021,1,25,1123.31,1.44,10.73,5.95,6.23,
14:40:22,1790232022,1,25,1123.31,1.44,10.73,5.95,6.23,
14:40:23,1790232023,1,25,1123.31,1.44,10.73,5.95,6.23,
14:40:24,1790232024,1,25,1123.31,1.44,10.73,5.95,6.23,
14:40:25,1790232025,1,25,1123.31,1.44,10.73,5.95,6.23,
14:40:26,1790232026,1,25,1123.31,1.44,10.73,5.95,6.23,
14:40:28,1790232028,1,25,1123.31,1.44,10.73,5.95,6.23,
14:40:29,1790232029,1,25,1123.31,1.44,10.73,5.95,6.23,
14:40:30,1790232030,1,25,1123.31,1.44,10.73,5.95,6.23,
14:40:31,1790232031,1,25,1123.31,1.44,10.73,5.95,6.23,
14:40:32,1790232032,1,25,1123.31,1.44,10.73,5.95,6.23,
14:40:33,1790232033,1,25,1123.31,1.44,10.73,5.95,6.23,
14:40:34,1790232034,1,25,1123.31,1.44,10.73,5.95,6.23,
14:40:36,1790232036,1,25,1123.31,1.44,10.73,5.95,6.23,
14:40:37,1790232037,1,25,1123.31,1.44,10.73,5.95,6.23,
14:40:38,1790232038,1,25,1123.31,1.44,10.73,5.95,6.23,
14:40:39,1790232039,1,25,1123.31,1.44,10.73,5.95,6.23,
14:40:40,1790232040,1,25,1123.31,1.44,10.73,5.95,6.23,
14:40:41,1790232041,1,25,1123.31,1.44,10.73,5.95,6.23,
14:40:42,1790232042,1,25,1123.31,1.44,10.73,5.95,6.23,
14:40:44,1790232044,1,25,1123.31,1.44,10.73,5.95,6.23,
14:40:45,1790232045,1,25,1123.31,1.44,10.72,5.95,6.23,
14:40:46,1790232046,1,25,1123.31,1.44,10.73,5.95,6.23,
14:40:47,1790232047,1,25,1123.31,1.44,10.73,5.95,6.23,
14:40:48,1790232048,1,25,1123.31,1.44,10.73,5.95,6.23,
14:40:49,1790232049,1,25,1123.31,1.44,10.73,5.95,6.23,
14:40:50,1790232050,1,25,1123.31,1.44,10.73,5.95,6.23,
14:40:52,1790232052,1,25,1123.31,1.44,10.73,5.95,6.23,
14:40:53,1790232053,1,25,1123.31,1.44,10.73,5.95,6.23,
14:40:54,1790232054,1,25,1123.31,1.44,10.73,5.95,6.23,
14:40:55,1790232055,1,25,1123.31,1.44,10.73,5.95,6.23,
14:40:56,1790232056,1,25,1123.31,1.44,10.73,5.95,6.23,
14:40:57,1790232057,1,25,1123.31,1.44,10.73,5.95,6.23,
14:40:58,1790232058,1,25,1123.31,1.44,10.73,5.95,6.23,
14:41:00,1790232060,1,25,1123.31,1.44,10.79,5.95,6.23,
14:41:01,1790232061,1,25,1123.31,1.44,10.72,5.95,6.23,
14:41:02,1790232062,1,25,1123.31,1.44,10.77,5.95,6.23,
14:41:03,1790232063,1,25,1123.31,1.44,10.72,5.95,6.23,
14:41:04,1790232064,1,25,1123.31,1.44,10.72,5.95,6.23,
14:41:05,1790232065,1,25,1123.31,1.44,10.73,5.95,6.23,
14:41:07,1790232067,1,25,1123.31,1.44,10.73,5.95,6.23,
14:41:08,1790232068,1,25,1123.31,1.44,10.72,5.95,6.23,
14:41:09,1790232069,1,25,1123.31,1.44,10.72,5.95,6.23,
14:41:10,1790232070,1,25,1123.31,1.44,10.72,5.95,6.23,
14:41:11,1790232071,1,25,1123.31,1.44,10.72,5.95,6.23,
14:41:12,1790232072,1,25,1123.31,1.44,10.72,5.95,6.23,
14:41:13,1790232073,1,25,1123.31,1.44,10.72,5.95,6.23,
14:41:15,1790232075,1,25,1123.31,1.44,10.72,5.95,6.23,
14:41:16,1790232076,1,25,1123.31,1.43,10.72,5.95,6.23,
14:41:17,1790232077,1,25,1123.31,1.43,10.72,5.95,6.23,
14:41:18,1790232078,1,25,1123.31,1.43,10.72,5.95,6.23,
14:41:19,1790232079,1,25,1123.31,1.43,10.72,5.95,6.23,
14:41:20,1790232080,1,25,1123.31,1.43,10.72,5.95,6.23,
14:41:21,1790232081,1,25,1123.31,1.43,10.72,5.95,6.23,
14:41:23,1790232083,1,25,1123.31,1.43,10.72,5.95,6.23,
14:41:24,1790232084,1,25,1123.31,1.43,10.72,5.95,6.23,
14:41:25,1790232085,1,25,1123.31,1.43,10.72,5.95,6.23,
14:41:26,1790232086,1,25,1123.31,1.43,10.72,5.95,6.23,
14:41:27,1790232087,1,25,1123.31,1.43,10.72,5.95,6.23,
14:41:28,1790232088,1,25,1123.31,1.43,10.72,5.95,6.23,
14:41:30,1790232090,1,25,1123.31,1.43,10.72,5.95,6.23,
14:41:31,1790232091,1,25,1123.31,1.43,10.72,5.95,6.23,
14:41:32,1790232092,1,25,1123.31,1.43,10.72,5.95,6.23,
14:41:33,1790232093,1,25,1123.31,1.43,10.72,5.95,6.23,
14:41:34,1790232094,1,25,1123.31,1.43,10.72,5.95,6.23,
14:41:35,1790232095,1,25,1123.31,1.43,10.72,5.95,6.23,
14:41:36,1790232096,1,25,1123.31,1.43,10.72,5.95,6.23,
14:41:38,1790232098,1,25,1123.31,1.43,10.72,5.95,6.23,
14:41:39,1790232099,1,25,1123.31,1.43,10.72,5.95,6.23,
14:41:40,1790232100,1,25,1123.31,1.43,10.72,5.95,6.23,
14:41:41,1790232101,1,25,1123.31,1.43,10.72,5.95,6.23,
14:41:42,1790232102,1,25,1123.31,1.43,10.72,5.95,6.23,
14:41:43,1790232103,1,25,1123.31,1.43,10.72,5.95,6.23,
14:41:44,1790232104,1,25,1123.31,1.43,10.72,5.95,6.23,
14:41:46,1790232106,1,25,1123.31,1.43,10.72,5.95,6.23,
14:41:47,1790232107,1,25,1123.31,1.43,10.72,5.95,6.23,
14:41:48,1790232108,1,25,1123.31,1.43,10.72,5.95,6.23,
14:41:49,1790232109,1,25,1123.31,1.43,10.72,5.95,6.23,
14:41:50,1790232110,1,25,1123.31,1.43,10.72,5.95,6.23,
14:41:51,1790232111,1,25,1123.31,1.43,10.72,5.95,6.23,
14:41:52,1790232112,1,25,1123.31,1.43,10.72,5.95,6.23,
14:41:54,1790232114,1,25,1123.31,1.43,10.72,5.95,6.23,
14:41:55,1790232115,1,25,1123.31,1.43,10.72,5.95,6.23,
14:41:56,1790232116,1,25,1123.31,1.43,10.72,5.95,6.23,
14:41:57,1790232117,1,25,1123.31,1.43,10.72,5.95,6.23,
14:41:58,1790232118,1,25,1123.31,1.43,10.72,5.95,6.23,
14:41:59,1790232119,1,26,1123.31,1.43,10.72,5.95,6.23,
14:42:00,1790232120,1,25,1123.31,1.43,10.79,5.95,6.23,
14:42:02,1790232122,1,25,1123.31,1.43,10.77,5.95,6.23,
14:42:03,1790232123,1,26,1123.31,1.43,10.72,5.95,6.23,
14:42:04,1790232124,1,25,1123.31,1.43,10.72,5.95,6.23,
14:42:05,1790232125,1,25,1123.31,1.43,10.72,5.95,6.23,
14:42:06,1790232126,1,26,1123.31,1.43,10.72,5.95,6.23,
14:42:07,1790232127,1,26,1123.31,1.42,10.72,5.95,6.23,
14:42:08,1790232128,1,26,1123.31,1.42,10.72,5.95,6.23,
14:42:10,1790232130,1,26,1123.31,1.42,10.72,5.95,6.23,
14:42:11,1790232131,1,26,1123.31,1.42,10.72,5.95,6.23,
14:42:12,1790232132,1,26,1123.31,1.42,10.72,5.95,6.23,
14:42:13,1790232133,1,26,1123.31,1.42,10.72,5.95,6.23,
14:42:14,1790232134,1,26,1123.31,1.42,10.72,5.95,6.23,
14:42:15,1790232135,1,25,1123.31,1.42,10.73,5.95,6.23,
14:42:16,1790232136,1,25,1123.31,1.42,10.73,5.95,6.23,
14:42:18,1790232138,1,26,1123.31,1.42,10.73,5.95,6.23,
14:42:19,1790232139,1,26,1123.31,1.42,10.72,5.95,6.23,
14:42:20,1790232140,1,26,1123.31,1.42,10.72,5.95,6.23,
14:42:21,1790232141,1,25,1123.31,1.42,10.72,5.95,6.23,
14:42:22,1790232142,1,26,1123.31,1.42,10.72,5.95,6.23,
14:42:23,1790232143,1,26,1123.31,1.42,10.72,5.95,6.23,
14:42:25,1790232145,1,26,1123.31,1.42,10.72,5.95,6.23,
14:42:26,1790232146,1,25,1123.31,1.42,10.72,5.95,6.23,
14:42:27,1790232147,1,25,1123.31,1.42,10.72,5.95,6.23,
14:42:28,1790232148,1,25,1123.31,1.42,10.72,5.95,6.23,
14:42:29,1790232149,1,26,1123.31,1.42,10.72,5.95,6.23,
14:42:30,1790232150,1,26,1123.31,1.42,10.72,5.95,6.23,
14:42:31,1790232151,1,25,1123.31,1.42,10.72,5.95,6.23,
14:42:33,1790232153,1,26,1123.31,1.42,10.72,5.95,6.23,
14:42:34,1790232154,1,25,1123.31,1.42,10.72,5.95,6.23,
14:42:35,1790232155,1,26,1123.31,1.42,10.72,5.95,6.23,
14:42:36,1790232156,1,25,1123.31,1.42,10.72,5.95,6.23,
14:42:37,1790232157,1,25,1123.31,1.42,10.72,5.95,6.23,
14:42:38,1790232158,1,25,1123.31,1.42,10.72,5.95,6.23,
14:42:39,1790232159,1,25,1123.31,1.42,10.72,5.95,6.23,
14:42:41,1790232161,1,25,1123.31,1.42,10.72,5.95,6.23,
14:42:42,1790232162,1,26,1123.31,1.42,10.72,5.95,6.23,
14:42:43,1790232163,1,26,1123.31,1.42,10.72,5.95,6.23,
14:42:44,1790232164,1,26,1123.31,1.42,10.72,5.95,6.23,
14:42:45,1790232165,1,26,1123.31,1.42,10.72,5.95,6.23,
14:42:46,1790232166,1,26,1123.31,1.42,10.72,5.95,6.23,
14:42:47,1790232167,1,26,1123.31,1.42,10.72,5.95,6.23,
14:42:49,1790232169,1,26,1123.31,1.42,10.72,5.95,6.23,
14:42:50,1790232170,1,26,1123.31,1.42,10.72,5.95,6.23,
14:42:51,1790232171,1,26,1123.31,1.42,10.73,5.95,6.23,
14:42:52,1790232172,1,26,1123.31,1.42,10.73,5.95,6.23,
14:42:53,1790232173,1,26,1123.31,1.42,10.72,5.95,6.23,
14:42:54,1790232174,1,26,1123.31,1.42,10.72,5.95,6.23,
14:42:55,1790232175,1,26,1123.31,1.42,10.72,5.95,6.23,
14:42:57,1790232177,1,26,1123.31,1.42,10.72,5.95,6.23,
14:42:58,1790232178,1,26,1123.31,1.42,10.72,5.95,6.23,
14:42:59,1790232179,1,26,1123.31,1.42,10.72,5.95,6.23,
14:43:00,1790232180,1,25,1123.31,1.42,10.79,5.95,6.23,
14:43:01,1790232181,1,25,1123.31,1.42,10.77,5.95,6.23,
14:43:02,1790232182,1,25,1123.31,1.42,10.82,5.95,6.23,
14:43:03,1790232183,1,26,1123.31,1.42,10.72,5.95,6.23,
14:43:05,1790232185,1,26,1123.31,1.42,10.72,5.95,6.23,
14:43:06,1790232186,1,26,1123.31,1.42,10.72,5.95,6.23,
14:43:07,1790232187,1,26,1123.31,1.42,10.72,5.95,6.23,
14:43:08,1790232188,1,26,1123.31,1.42,10.72,5.95,6.23,
14:43:09,1790232189,1,26,1123.31,1.42,10.72,5.95,6.23,
14:43:10,1790232190,1,26,1123.31,1.42,10.72,5.95,6.23,
14:43:12,1790232192,1,26,1123.31,1.42,10.72,5.95,6.23,
14:43:13,1790232193,1,26,1123.31,1.42,10.72,5.95,6.23,
14:43:14,1790232194,1,26,1123.31,1.42,10.72,5.95,6.23,
14:43:15,1790232195,1,26,1123.31,1.42,10.72,5.95,6.23,
14:43:16,1790232196,1,26,1123.31,1.42,10.72,5.95,6.23,
14:43:17,1790232197,1,26,1123.31,1.42,10.72,5.95,6.23,
14:43:18,1790232198,1,26,1123.31,1.42,10.72,5.95,6.23,
14:43:20,1790232200,1,26,1123.31,1.42,10.72,5.95,6.23,
14:43:21,1790232201,1,26,1123.31,1.42,10.72,5.95,6.23,
14:43:22,1790232202,1,26,1123.31,1.42,10.72,5.95,6.23,
14:43:23,1790232203,1,26,1123.31,1.42,10.72,5.95,6.23,
14:43:24,1790232204,1,26,1123.31,1.42,10.72,5.95,6.23,
14:43:25,1790232205,1,40,1123.31,1.41,8.29,6.08,6.33,
14:43:26,1790232206,1,30,1123.31,1.41,10.07,6.08,6.35,
14:43:28,1790232208,1,30,1123.31,1.41,10.07,6.08,6.35,
14:43:29,1790232209,1,30,1123.31,1.41,10.07,6.08,6.36,
14:43:30,1790232210,1,30,1123.31,1.41,10.07,6.09,6.36,
14:43:31,1790232211,1,30,1123.31,1.41,10.07,6.09,6.36,
14:43:32,1790232212,1,30,1123.31,1.41,10.07,6.09,6.36,
14:43:33,1790232213,1,30,1123.31,1.41,10.07,6.09,6.36,
14:43:34,1790232214,1,30,1123.31,1.41,10.07,6.09,6.36,
14:43:36,1790232216,1,30,1123.31,1.41,10.07,6.09,6.36,
14:43:37,1790232217,1,30,1123.31,1.41,10.07,6.09,6.36,
14:43:38,1790232218,1,30,1123.31,1.41,10.06,6.09,6.36,
14:43:39,1790232219,1,30,1123.31,1.41,10.07,6.09,6.36,
14:43:40,1790232220,1,30,1123.31,1.41,10.06,6.09,6.36,
14:43:41,1790232221,1,30,1123.31,1.41,10.06,6.09,6.36,
14:43:42,1790232222,1,30,1123.31,1.41,10.07,6.09,6.36,
14:43:44,1790232224,1,30,1123.31,1.41,10.06,6.09,6.36,
14:43:45,1790232225,1,30,1123.31,1.41,10.06,6.09,6.36,
14:43:46,1790232226,1,30,1123.31,1.41,10.07,6.09,6.36,
14:43:47,1790232227,1,30,1123.31,1.41,10.06,6.09,6.36,
14:43:48,1790232228,1,30,1123.31,1.41,10.06,6.09,6.36,
14:43:49,1790232229,1,30,1123.31,1.41,10.07,6.09,6.36,
14:43:50,1790232230,1,30,1123.31,1.41,10.06,6.09,6.36,
14:43:52,1790232232,1,30,1123.31,1.41,10.06,6.09,6.36,
14:43:53,1790232233,1,30,1123.31,1.41,10.07,6.09,6.36,
14:43:54,1790232234,1,30,1123.31,1.41,10.06,6.09,6.36,
14:43:55,1790232235,1,30,1123.31,1.41,10.06,6.09,6.36,
14:43:56,1790232236,1,80,1123.31,1.15,1.88,0,0,
14:43:57,1790232237,1,80,1123.31,1.15,1.88,0,0,
