ts,epoch,pressure_level,free_pct,swap_used_mb,compressed_gb,wired_gb,proc_rss_gb,proc_mem_gb,cpu_speed_limit
12:42:18,1790224938,1,82,1915.94,0.67,1.99,0.00,0.05,
12:42:19,1790224939,1,66,1907.94,0.67,4.61,1.00,1.05,
12:42:20,1790224940,1,67,1899.94,0.68,4.41,2.01,2.04,
12:42:21,1790224941,1,67,1899.94,0.67,4.46,2.79,2.76,
12:42:23,1790224943,1,43,1899.94,0.67,8.36,3.21,3.27,
12:42:24,1790224944,1,44,1899.94,0.68,8.28,4.07,4.08,
12:42:25,1790224945,1,44,1891.94,0.70,8.28,4.89,4.87,
12:42:26,1790224946,1,44,1891.94,0.70,8.28,5.77,5.77,
12:42:27,1790224947,1,28,1891.94,0.70,10.82,6.23,6.21,
12:42:28,1790224948,1,28,1891.94,0.70,10.81,6.23,6.21,
12:42:29,1790224949,1,28,1891.94,0.70,10.81,6.23,6.21,
12:42:31,1790224951,1,28,1891.94,0.70,10.81,6.23,6.21,
12:42:32,1790224952,1,29,1891.94,0.70,10.77,6.23,6.21,
12:42:33,1790224953,1,29,1891.94,0.70,10.77,6.23,6.21,
12:42:34,1790224954,1,28,1875.94,0.71,10.88,6.23,6.21,
12:42:35,1790224955,1,29,1859.94,0.71,10.77,6.23,6.21,
12:42:36,1790224956,1,29,1859.94,0.71,10.77,6.23,6.21,
12:42:37,1790224957,1,29,1859.94,0.71,10.77,6.23,6.21,
12:42:39,1790224959,1,29,1859.94,0.71,10.77,6.23,6.21,
12:42:40,1790224960,1,29,1859.94,0.71,10.77,6.23,6.21,
12:42:41,1790224961,1,29,1859.94,0.71,10.77,6.23,6.21,
12:42:42,1790224962,1,29,1859.94,0.71,10.77,6.23,6.21,
12:42:43,1790224963,1,29,1859.94,0.71,10.77,6.23,6.21,
12:42:44,1790224964,1,29,1859.94,0.70,10.77,6.23,6.21,
12:42:46,1790224966,1,29,1859.94,0.70,10.77,6.23,6.21,
12:42:47,1790224967,1,29,1859.94,0.70,10.77,6.23,6.21,
12:42:48,1790224968,1,29,1859.94,0.70,10.77,6.23,6.21,
12:42:49,1790224969,1,29,1859.94,0.70,10.77,6.23,6.21,
12:42:50,1790224970,1,29,1859.94,0.70,10.77,6.23,6.21,
12:42:51,1790224971,1,29,1859.94,0.70,10.77,6.23,6.21,
12:42:52,1790224972,1,29,1859.94,0.70,10.77,6.23,6.21,
12:42:54,1790224974,1,29,1859.94,0.70,10.77,6.23,6.21,
12:42:55,1790224975,1,29,1859.94,0.70,10.77,6.23,6.21,
12:42:56,1790224976,1,29,1859.94,0.69,10.77,6.23,6.21,
12:42:57,1790224977,1,29,1859.94,0.69,10.77,6.23,6.21,
12:42:58,1790224978,1,29,1859.94,0.69,10.77,6.23,6.21,
12:42:59,1790224979,1,29,1859.94,0.69,10.77,6.23,6.21,
12:43:00,1790224980,1,28,1859.94,0.69,10.83,6.23,6.21,
12:43:02,1790224982,1,29,1859.94,0.69,10.81,6.24,6.22,
12:43:03,1790224983,1,29,1859.94,0.69,10.76,6.24,6.22,
12:43:04,1790224984,1,29,1859.94,0.68,10.76,6.24,6.22,
12:43:05,1790224985,1,24,1843.94,0.63,11.77,6.24,6.22,
12:43:06,1790224986,1,22,1843.94,0.42,12.24,6.24,6.22,
12:43:07,1790224987,1,22,1843.94,0.41,12.24,6.24,6.22,
12:43:08,1790224988,1,22,1843.94,0.41,12.24,6.24,6.22,
12:43:10,1790224990,1,22,1835.94,0.42,12.24,6.24,6.22,
12:43:11,1790224991,1,22,1827.94,0.41,12.24,6.24,6.22,
12:43:12,1790224992,1,24,1827.94,0.41,11.97,6.24,6.22,
12:43:13,1790224993,1,24,1827.94,0.41,11.97,6.24,6.22,
12:43:14,1790224994,1,24,1827.94,0.41,11.97,6.24,6.22,
12:43:15,1790224995,1,24,1827.94,0.41,11.97,6.24,6.22,
12:43:17,1790224997,1,31,1819.94,0.41,10.82,6.24,6.22,
12:43:18,1790224998,1,31,1819.94,0.41,10.82,6.24,6.22,
12:43:19,1790224999,1,31,1819.94,0.41,10.81,6.24,6.22,
12:43:20,1790225000,1,31,1819.94,0.41,10.81,6.24,6.22,
12:43:21,1790225001,1,31,1819.94,0.41,10.81,6.24,6.22,
12:43:22,1790225002,1,31,1819.94,0.41,10.80,6.24,6.22,
12:43:23,1790225003,1,31,1819.94,0.39,10.80,6.24,6.22,
12:43:25,1790225005,1,31,1819.94,0.39,10.80,6.24,6.22,
12:43:26,1790225006,1,31,1819.94,0.39,10.80,6.24,6.22,
12:43:27,1790225007,1,31,1819.94,0.39,10.80,6.24,6.22,
12:43:28,1790225008,1,31,1819.94,0.39,10.79,6.24,6.22,
12:43:29,1790225009,1,31,1763.94,0.41,10.79,6.24,6.22,
12:43:30,1790225010,1,31,1763.94,0.42,10.79,6.24,6.22,
12:43:31,1790225011,1,31,1763.94,0.41,10.79,6.24,6.22,
12:43:33,1790225013,1,31,1763.94,0.41,10.79,6.24,6.22,
12:43:34,1790225014,1,31,1763.94,0.41,10.79,6.24,6.22,
12:43:35,1790225015,1,31,1763.94,0.41,10.79,6.24,6.22,
12:43:36,1790225016,1,31,1763.94,0.41,10.79,6.24,6.22,
12:43:37,1790225017,1,31,1763.94,0.41,10.79,6.24,6.22,
12:43:38,1790225018,1,31,1763.94,0.41,10.77,6.24,6.22,
12:43:40,1790225020,1,31,1763.94,0.41,10.77,6.24,6.22,
12:43:41,1790225021,1,31,1763.94,0.41,10.77,6.24,6.22,
12:43:42,1790225022,1,31,1763.94,0.41,10.77,6.24,6.22,
12:43:43,1790225023,1,31,1763.94,0.41,10.77,6.24,6.22,
12:43:44,1790225024,1,31,1763.94,0.41,10.77,6.24,6.22,
12:43:45,1790225025,1,31,1763.94,0.41,10.77,6.24,6.22,
12:43:46,1790225026,1,31,1763.94,0.41,10.77,6.24,6.22,
12:43:48,1790225028,1,31,1763.94,0.41,10.77,6.24,6.22,
12:43:49,1790225029,1,31,1763.94,0.41,10.77,6.24,6.22,
12:43:50,1790225030,1,31,1763.94,0.41,10.77,6.24,6.22,
12:43:51,1790225031,1,31,1763.94,0.41,10.77,6.24,6.22,
12:43:52,1790225032,1,31,1755.94,0.41,10.77,6.24,6.22,
12:43:53,1790225033,1,31,1755.94,0.41,10.77,6.24,6.22,
12:43:54,1790225034,1,31,1755.94,0.41,10.77,6.24,6.22,
12:43:56,1790225036,1,31,1755.94,0.41,10.77,6.24,6.22,
12:43:57,1790225037,1,31,1755.94,0.41,10.77,6.24,6.22,
12:43:58,1790225038,1,31,1755.94,0.41,10.77,6.24,6.22,
12:43:59,1790225039,1,31,1755.94,0.41,10.77,6.24,6.22,
12:44:00,1790225040,1,31,1755.94,0.41,10.84,6.24,6.22,
12:44:01,1790225041,1,31,1755.94,0.41,10.77,6.24,6.22,
12:44:02,1790225042,1,31,1755.94,0.41,10.82,6.24,6.22,
12:44:04,1790225044,1,31,1747.94,0.41,10.77,6.24,6.22,
12:44:05,1790225045,1,31,1747.94,0.41,10.77,6.24,6.22,
12:44:06,1790225046,1,31,1747.94,0.41,10.77,6.24,6.22,
12:44:07,1790225047,1,31,1747.94,0.41,10.77,6.24,6.22,
12:44:08,1790225048,1,31,1747.94,0.41,10.77,6.24,6.22,
12:44:09,1790225049,1,31,1747.94,0.42,10.77,6.24,6.22,
12:44:11,1790225051,1,31,1739.94,0.42,10.78,6.24,6.22,
12:44:12,1790225052,1,31,1739.94,0.42,10.78,6.24,6.22,
12:44:13,1790225053,1,31,1739.94,0.42,10.78,6.24,6.22,
12:44:14,1790225054,1,31,1739.94,0.42,10.78,6.24,6.22,
12:44:15,1790225055,1,31,1739.94,0.42,10.77,6.24,6.22,
12:44:16,1790225056,1,31,1739.94,0.42,10.77,6.24,6.22,
12:44:17,1790225057,1,31,1739.94,0.42,10.77,6.24,6.22,
12:44:19,1790225059,1,31,1739.94,0.42,10.77,6.24,6.22,
12:44:20,1790225060,1,31,1739.94,0.42,10.78,6.24,6.22,
12:44:21,1790225061,1,31,1739.94,0.42,10.78,6.24,6.22,
12:44:22,1790225062,1,31,1739.94,0.42,10.78,6.24,6.22,
12:44:23,1790225063,1,31,1739.94,0.42,10.78,6.24,6.22,
12:44:24,1790225064,1,31,1739.94,0.42,10.78,6.24,6.22,
12:44:26,1790225066,1,31,1739.94,0.42,10.78,6.24,6.22,
12:44:27,1790225067,1,31,1739.94,0.42,10.78,6.24,6.22,
12:44:28,1790225068,1,31,1739.94,0.42,10.78,6.24,6.22,
12:44:29,1790225069,1,31,1739.94,0.42,10.78,6.24,6.22,
12:44:30,1790225070,1,31,1739.94,0.42,10.89,6.24,6.22,
12:44:31,1790225071,1,31,1739.94,0.42,10.78,6.24,6.22,
12:44:32,1790225072,1,31,1739.94,0.42,10.78,6.24,6.22,
12:44:34,1790225074,1,31,1739.94,0.42,10.78,6.24,6.22,
12:44:35,1790225075,1,31,1739.94,0.42,10.78,6.24,6.22,
12:44:36,1790225076,1,31,1739.94,0.42,10.78,6.24,6.22,
12:44:37,1790225077,1,31,1739.94,0.42,10.78,6.24,6.22,
12:44:38,1790225078,1,31,1739.94,0.42,10.78,6.24,6.22,
12:44:39,1790225079,1,31,1739.94,0.42,10.78,6.24,6.22,
12:44:40,1790225080,1,31,1739.94,0.42,10.78,6.24,6.22,
12:44:42,1790225082,1,31,1739.94,0.42,10.78,6.24,6.22,
12:44:43,1790225083,1,31,1739.94,0.42,10.78,6.24,6.22,
12:44:44,1790225084,1,31,1739.94,0.42,10.78,6.24,6.22,
12:44:45,1790225085,1,31,1739.94,0.42,10.78,6.24,6.22,
12:44:46,1790225086,1,31,1739.94,0.42,10.78,6.24,6.22,
12:44:47,1790225087,1,31,1739.94,0.42,10.78,6.24,6.22,
12:44:48,1790225088,1,22,1731.94,0.44,12.25,6.21,6.22,
12:44:50,1790225090,1,20,1731.94,0.74,12.36,5.94,6.23,
12:44:51,1790225091,1,18,1619.94,0.79,12.69,5.94,6.23,
12:44:52,1790225092,1,17,1603.94,0.85,12.73,5.94,6.23,
12:44:53,1790225093,1,13,1603.94,1.02,13.13,5.92,6.23,
12:44:54,1790225094,1,13,1603.94,1.12,13.09,5.90,6.23,
12:44:55,1790225095,1,13,1603.94,1.12,13.09,5.88,6.23,
12:44:57,1790225097,1,13,1603.94,1.13,13.09,5.88,6.23,
12:44:58,1790225098,1,13,1603.94,1.15,13.09,5.88,6.23,
12:44:59,1790225099,1,16,1603.94,1.14,12.53,5.88,6.23,
12:45:00,1790225100,1,21,1595.94,1.13,11.81,5.88,6.23,
12:45:01,1790225101,1,27,1595.94,1.10,10.85,5.88,6.23,
12:45:02,1790225102,1,26,1595.94,1.07,10.90,5.88,6.23,
12:45:04,1790225104,1,27,1595.94,1.07,10.85,5.88,6.23,
12:45:05,1790225105,1,27,1595.94,1.05,10.85,5.88,6.23,
12:45:06,1790225106,1,27,1595.94,1.05,10.82,5.88,6.23,
12:45:07,1790225107,1,27,1595.94,1.04,10.82,5.88,6.23,
12:45:08,1790225108,1,27,1595.94,1.04,10.82,5.88,6.23,
12:45:09,1790225109,1,27,1595.94,1.04,10.82,5.88,6.23,
12:45:10,1790225110,1,27,1595.94,1.04,10.80,5.88,6.23,
12:45:12,1790225112,1,27,1595.94,1.04,10.80,5.88,6.23,
12:45:13,1790225113,1,27,1595.94,1.04,10.80,5.88,6.23,
12:45:14,1790225114,1,27,1595.94,1.04,10.80,5.88,6.23,
12:45:15,1790225115,1,27,1595.94,1.03,10.80,5.88,6.23,
12:45:16,1790225116,1,27,1595.94,1.03,10.80,5.88,6.23,
12:45:17,1790225117,1,27,1595.94,1.03,10.80,5.88,6.23,
12:45:18,1790225118,1,27,1595.94,1.03,10.80,5.88,6.23,
12:45:20,1790225120,1,27,1587.94,1.02,10.80,5.88,6.23,
12:45:21,1790225121,1,28,1579.94,1.03,10.80,5.88,6.23,
12:45:22,1790225122,1,27,1579.94,1.02,10.80,5.88,6.23,
12:45:23,1790225123,1,27,1579.94,1.02,10.80,5.88,6.23,
12:45:24,1790225124,1,28,1579.94,0.99,10.80,5.92,6.23,
12:45:25,1790225125,1,28,1579.94,0.99,10.80,5.92,6.23,
12:45:27,1790225127,1,28,1579.94,0.95,10.78,5.92,6.23,
12:45:28,1790225128,1,18,1571.94,1.27,12.05,5.92,6.23,
12:45:29,1790225129,1,15,1563.94,1.01,12.86,5.89,6.23,
12:45:30,1790225130,1,12,1563.94,1.19,13.16,5.89,6.23,
12:45:31,1790225131,1,11,1563.94,1.20,13.30,5.89,6.23,
12:45:32,1790225132,1,11,1563.94,1.19,13.30,5.89,6.23,
12:45:34,1790225134,1,13,1563.94,1.18,13.08,5.89,6.23,
12:45:35,1790225135,1,16,1563.94,1.17,12.61,5.89,6.23,
12:45:36,1790225136,1,16,1563.94,1.17,12.61,5.89,6.23,
12:45:37,1790225137,1,16,1563.94,1.17,12.61,5.89,6.23,
12:45:38,1790225138,1,20,1563.94,1.13,11.97,5.89,6.23,
12:45:39,1790225139,1,27,1563.94,1.10,10.85,5.89,6.23,
12:45:41,1790225141,1,27,1563.94,1.09,10.85,5.89,6.23,
12:45:42,1790225142,1,27,1563.94,1.08,10.85,5.89,6.23,
12:45:43,1790225143,1,27,1563.94,1.08,10.81,5.89,6.23,
12:45:44,1790225144,1,27,1563.94,1.08,10.81,5.89,6.23,
12:45:45,1790225145,1,27,1563.94,1.08,10.81,5.89,6.23,
12:45:46,1790225146,1,27,1563.94,1.08,10.81,5.89,6.23,
12:45:47,1790225147,1,27,1563.94,1.05,10.82,5.89,6.23,
12:45:49,1790225149,1,19,1563.94,1.02,12.24,5.89,6.23,
12:45:50,1790225150,1,21,1563.94,1.01,11.97,5.89,6.23,
12:45:51,1790225151,1,21,1563.94,1.00,11.97,5.89,6.23,
12:45:52,1790225152,1,21,1563.94,1.00,11.97,5.89,6.23,
12:45:53,1790225153,1,21,1563.94,0.99,11.97,5.89,6.23,
12:45:54,1790225154,1,21,1563.94,0.99,11.97,5.89,6.23,
12:45:56,1790225156,1,21,1563.94,1.00,11.97,5.88,6.23,
12:45:57,1790225157,1,21,1563.94,1.01,11.95,5.88,6.23,
12:45:58,1790225158,1,21,1563.94,1.01,11.95,5.88,6.23,
12:45:59,1790225159,1,21,1563.94,1.01,11.95,5.88,6.23,
12:46:00,1790225160,1,20,1563.94,1.00,12.01,5.88,6.23,
12:46:01,1790225161,1,27,1563.94,1.03,10.82,5.92,6.23,
12:46:02,1790225162,1,27,1563.94,1.03,10.87,5.92,6.23,
12:46:04,1790225164,1,27,1563.94,1.03,10.82,5.92,6.23,
12:46:05,1790225165,1,27,1563.94,1.02,10.82,5.92,6.23,
12:46:06,1790225166,1,28,1563.94,1.02,10.80,5.92,6.23,
12:46:07,1790225167,1,28,1563.94,1.02,10.80,5.92,6.23,
12:46:08,1790225168,1,28,1563.94,1.01,10.80,5.92,6.23,
12:46:09,1790225169,1,28,1563.94,1.00,10.80,5.92,6.23,
12:46:10,1790225170,1,28,1563.94,1.00,10.80,5.92,6.23,
12:46:12,1790225172,1,28,1563.94,1.00,10.80,5.92,6.23,
12:46:13,1790225173,1,28,1563.94,1.00,10.80,5.92,6.23,
12:46:14,1790225174,1,28,1563.94,1.00,10.80,5.92,6.23,
12:46:15,1790225175,1,28,1563.94,0.99,10.80,5.92,6.23,
12:46:16,1790225176,1,27,1563.94,1.13,10.80,5.92,6.23,
12:46:17,1790225177,1,27,1563.94,1.17,10.80,5.92,6.23,
12:46:19,1790225179,1,27,1563.94,1.17,10.79,5.92,6.23,
12:46:20,1790225180,1,27,1563.94,1.17,10.79,5.92,6.23,
12:46:21,1790225181,1,26,1539.88,1.24,10.80,5.92,6.23,
12:46:22,1790225182,1,26,1539.88,1.25,10.79,5.92,6.23,
12:46:23,1790225183,1,26,1539.88,1.21,10.77,5.92,6.23,
12:46:24,1790225184,1,26,1491.88,1.21,10.78,5.92,6.23,
12:46:25,1790225185,1,26,1483.88,1.21,10.78,5.92,6.23,
12:46:27,1790225187,1,26,1483.88,1.21,10.78,5.92,6.23,
12:46:28,1790225188,1,26,1483.88,1.21,10.78,5.92,6.23,
12:46:29,1790225189,1,27,1483.88,1.21,10.78,5.92,6.23,
12:46:30,1790225190,1,27,1483.88,1.21,10.78,5.92,6.23,
12:46:31,1790225191,1,26,1483.88,1.20,10.78,5.92,6.23,
12:46:32,1790225192,1,26,1483.88,1.20,10.78,5.92,6.23,
12:46:34,1790225194,1,27,1483.88,1.20,10.78,5.92,6.23,
12:46:35,1790225195,1,27,1483.88,1.20,10.78,5.92,6.23,
12:46:36,1790225196,1,27,1483.88,1.20,10.78,5.92,6.23,
12:46:37,1790225197,1,27,1483.88,1.20,10.78,5.92,6.23,
12:46:38,1790225198,1,27,1483.88,1.20,10.78,5.92,6.23,
12:46:39,1790225199,1,27,1483.88,1.20,10.78,5.92,6.23,
12:46:41,1790225201,1,27,1483.88,1.20,10.78,5.92,6.23,
12:46:42,1790225202,1,27,1483.88,1.20,10.78,5.92,6.23,
12:46:43,1790225203,1,27,1483.88,1.20,10.78,5.92,6.23,
12:46:44,1790225204,1,27,1483.88,1.20,10.78,5.92,6.23,
12:46:45,1790225205,1,27,1483.88,1.20,10.78,5.92,6.23,
12:46:46,1790225206,1,27,1483.88,1.20,10.78,5.92,6.23,
12:46:47,1790225207,1,27,1483.88,1.20,10.78,5.92,6.23,
12:46:49,1790225209,1,27,1483.88,1.20,10.78,5.92,6.23,
12:46:50,1790225210,1,27,1483.88,1.20,10.78,5.92,6.23,
12:46:51,1790225211,1,27,1483.88,1.20,10.78,5.92,6.23,
12:46:52,1790225212,1,27,1483.88,1.20,10.78,5.92,6.23,
12:46:53,1790225213,1,27,1483.88,1.20,10.78,5.92,6.23,
12:46:54,1790225214,1,27,1483.88,1.20,10.78,5.92,6.23,
12:46:55,1790225216,1,27,1483.88,1.20,10.78,5.92,6.23,
12:46:57,1790225217,1,27,1483.88,1.20,10.78,5.92,6.23,
12:46:58,1790225218,1,27,1483.88,1.20,10.78,5.92,6.23,
12:46:59,1790225219,1,27,1483.88,1.20,10.78,5.92,6.23,
12:47:00,1790225220,1,26,1483.88,1.20,10.84,5.92,6.23,
12:47:01,1790225221,1,27,1483.88,1.20,10.77,5.92,6.23,
12:47:02,1790225222,1,26,1483.88,1.20,10.82,5.92,6.23,
12:47:04,1790225224,1,27,1483.88,1.20,10.77,5.92,6.23,
12:47:05,1790225225,1,27,1483.88,1.20,10.77,5.92,6.23,
12:47:06,1790225226,1,27,1483.88,1.20,10.77,5.92,6.23,
12:47:07,1790225227,1,27,1483.88,1.20,10.77,5.92,6.23,
12:47:08,1790225228,1,27,1483.88,1.20,10.77,5.92,6.23,
12:47:09,1790225229,1,27,1483.88,1.20,10.77,5.92,6.23,
12:47:11,1790225231,1,27,1483.88,1.20,10.77,5.92,6.23,
12:47:12,1790225232,1,27,1483.88,1.20,10.77,5.92,6.23,
12:47:13,1790225233,1,27,1483.88,1.20,10.78,5.92,6.23,
12:47:14,1790225234,1,27,1483.88,1.20,10.78,5.92,6.23,
12:47:15,1790225235,1,27,1483.88,1.19,10.77,5.92,6.23,
12:47:16,1790225236,1,27,1483.88,1.19,10.77,5.92,6.23,
12:47:17,1790225237,1,27,1483.88,1.19,10.77,5.92,6.23,
12:47:19,1790225239,1,27,1483.88,1.19,10.77,5.92,6.23,
12:47:20,1790225240,1,27,1483.88,1.19,10.77,5.92,6.23,
12:47:21,1790225241,1,27,1483.88,1.19,10.77,5.92,6.23,
12:47:22,1790225242,1,27,1483.88,1.19,10.77,5.92,6.23,
12:47:23,1790225243,1,27,1483.88,1.19,10.77,5.92,6.23,
12:47:24,1790225244,1,27,1483.88,1.19,10.77,5.92,6.23,
12:47:25,1790225245,1,27,1483.88,1.19,10.77,5.92,6.23,
12:47:27,1790225247,1,27,1483.88,1.19,10.77,5.92,6.23,
12:47:28,1790225248,1,27,1483.88,1.19,10.78,5.92,6.23,
12:47:29,1790225249,1,27,1483.88,1.19,10.78,5.92,6.23,
12:47:30,1790225250,1,27,1483.88,1.19,10.78,5.92,6.23,
12:47:31,1790225251,1,27,1483.88,1.19,10.78,5.92,6.23,
12:47:32,1790225252,1,27,1483.88,1.19,10.78,5.92,6.23,
12:47:34,1790225254,1,27,1483.88,1.19,10.78,5.92,6.23,
12:47:35,1790225255,1,27,1483.88,1.19,10.78,5.92,6.23,
12:47:36,1790225256,1,27,1483.88,1.19,10.78,5.92,6.23,
12:47:37,1790225257,1,27,1483.88,1.19,10.78,5.92,6.23,
12:47:38,1790225258,1,27,1483.88,1.19,10.78,5.92,6.23,
12:47:39,1790225259,1,27,1483.88,1.18,10.78,5.92,6.23,
12:47:40,1790225260,1,27,1483.88,1.18,10.78,5.92,6.23,
12:47:42,1790225262,1,27,1483.88,1.18,10.78,5.92,6.23,
12:47:43,1790225263,1,27,1483.88,1.18,10.78,5.92,6.23,
12:47:44,1790225264,1,27,1483.88,1.18,10.78,5.92,6.23,
12:47:45,1790225265,1,27,1483.88,1.18,10.78,5.92,6.23,
12:47:46,1790225266,1,27,1483.88,1.18,10.78,5.92,6.23,
12:47:47,1790225267,1,27,1483.88,1.18,10.78,5.92,6.23,
12:47:49,1790225269,1,31,1483.88,1.17,10.12,6.06,6.36,
12:47:50,1790225270,1,31,1483.88,1.17,10.12,6.06,6.35,
12:47:51,1790225271,1,31,1483.88,1.17,10.12,6.06,6.35,
12:47:52,1790225272,1,31,1483.88,1.17,10.12,6.07,6.35,
12:47:53,1790225273,1,31,1467.88,1.17,10.09,6.07,6.35,
12:47:54,1790225274,1,24,1379.75,1.29,11.03,6.04,6.35,
12:47:56,1790225276,1,24,1379.75,1.29,11.04,6.04,6.35,
12:47:57,1790225277,1,24,1379.75,1.29,11.04,6.04,6.35,
12:47:58,1790225278,1,26,1026.31,1.32,10.82,6.04,6.35,
12:47:59,1790225279,1,26,1026.31,1.31,10.72,6.04,6.35,
12:48:00,1790225280,1,30,1026.31,1.31,10.08,6.04,6.35,
12:48:01,1790225281,1,30,1026.31,1.31,10.08,6.04,6.35,
12:48:02,1790225282,1,30,1026.31,1.31,10.08,6.04,6.35,
12:48:04,1790225284,1,30,1026.31,1.30,10.08,6.04,6.35,
12:48:05,1790225285,1,30,1026.31,1.29,10.08,6.04,6.35,
12:48:06,1790225286,1,30,1026.31,1.29,10.08,6.04,6.35,
12:48:07,1790225287,1,30,1026.31,1.29,10.08,6.04,6.35,
12:48:08,1790225288,1,30,1010.31,1.29,10.20,6.04,6.35,
12:48:09,1790225289,1,30,1010.31,1.28,10.20,6.04,6.35,
12:48:11,1790225291,1,30,1010.31,1.28,10.20,6.04,6.35,
12:48:12,1790225292,1,30,1010.31,1.28,10.20,6.04,6.35,
12:48:13,1790225293,1,30,1010.31,1.28,10.08,6.04,6.35,
12:48:14,1790225294,1,30,1010.31,1.28,10.08,6.04,6.35,
12:48:15,1790225295,1,30,1010.31,1.28,10.08,6.04,6.35,
12:48:16,1790225296,1,30,1010.31,1.28,10.08,6.04,6.35,
12:48:17,1790225297,1,30,1010.31,1.28,10.08,6.04,6.35,
12:48:19,1790225299,1,30,1010.31,1.28,10.08,6.04,6.35,
12:48:20,1790225300,1,30,1010.31,1.28,10.08,6.04,6.35,
12:48:21,1790225301,1,81,1010.31,1.01,1.89,0,0,
12:48:22,1790225302,1,81,1010.31,1.01,1.89,0,0,
