ts,epoch,pressure_level,free_pct,swap_used_mb,compressed_gb,wired_gb,proc_rss_gb,proc_mem_gb,cpu_speed_limit
14:20:03,1790230803,1,83,1123.31,0.65,1.89,0.01,0.11,
14:20:04,1790230804,1,69,1123.31,0.65,4.35,1.00,1.04,
14:20:05,1790230805,1,69,1123.31,0.65,4.32,1.96,2.00,
14:20:06,1790230806,1,69,1123.31,0.65,4.32,2.79,2.79,
14:20:07,1790230807,1,45,1123.31,0.73,8.23,3.25,3.28,
14:20:08,1790230808,1,45,1123.31,0.73,8.19,4.06,4.06,
14:20:09,1790230809,1,45,1123.31,0.73,8.19,4.89,4.87,
14:20:11,1790230811,1,45,1123.31,0.73,8.19,5.67,5.72,
14:20:12,1790230812,1,27,1123.31,1.15,10.73,5.93,6.25,
14:20:13,1790230813,1,27,1123.31,1.15,10.73,5.93,6.25,
14:20:14,1790230814,1,27,1123.31,1.15,10.73,5.93,6.25,
14:20:15,1790230815,1,27,1123.31,1.15,10.73,5.93,6.25,
14:20:16,1790230816,1,27,1123.31,1.15,10.73,5.93,6.25,
14:20:17,1790230817,1,27,1123.31,1.15,10.73,5.93,6.25,
14:20:19,1790230819,1,27,1123.31,1.15,10.73,5.93,6.25,
14:20:20,1790230820,1,27,1123.31,1.15,10.73,5.93,6.25,
14:20:21,1790230821,1,27,1123.31,1.15,10.73,5.93,6.25,
14:20:22,1790230822,1,27,1123.31,1.15,10.73,5.93,6.25,
14:20:23,1790230823,1,27,1123.31,1.15,10.73,5.93,6.25,
14:20:24,1790230824,1,27,1123.31,1.15,10.73,5.93,6.25,
14:20:25,1790230825,1,27,1123.31,1.15,10.73,5.93,6.25,
14:20:27,1790230827,1,27,1123.31,1.15,10.73,5.93,6.25,
14:20:28,1790230828,1,27,1123.31,1.15,10.73,5.93,6.25,
14:20:29,1790230829,1,27,1123.31,1.15,10.73,5.93,6.25,
14:20:30,1790230830,1,27,1123.31,1.15,10.73,5.93,6.25,
14:20:31,1790230831,1,27,1123.31,1.15,10.73,5.93,6.25,
14:20:32,1790230832,1,27,1123.31,1.15,10.73,5.93,6.25,
14:20:33,1790230833,1,27,1123.31,1.15,10.73,5.93,6.25,
14:20:35,1790230835,1,27,1123.31,1.15,10.73,5.93,6.25,
14:20:36,1790230836,1,27,1123.31,1.15,10.73,5.93,6.25,
14:20:37,1790230837,1,27,1123.31,1.15,10.73,5.93,6.25,
14:20:38,1790230838,1,27,1123.31,1.15,10.73,5.93,6.25,
14:20:39,1790230839,1,27,1123.31,1.15,10.73,5.93,6.25,
14:20:40,1790230840,1,27,1123.31,1.15,10.73,5.93,6.25,
14:20:41,1790230841,1,27,1123.31,1.15,10.73,5.93,6.25,
14:20:43,1790230843,1,27,1123.31,1.15,10.73,5.93,6.25,
14:20:44,1790230844,1,27,1123.31,1.15,10.73,5.93,6.25,
14:20:45,1790230845,1,27,1123.31,1.15,10.73,5.93,6.25,
14:20:46,1790230846,1,27,1123.31,1.14,10.73,5.93,6.25,
14:20:47,1790230847,1,27,1123.31,1.13,10.73,5.95,6.26,
14:20:48,1790230848,1,27,1123.31,1.13,10.73,5.95,6.26,
14:20:49,1790230849,1,27,1123.31,1.13,10.73,5.95,6.26,
14:20:51,1790230851,1,27,1123.31,1.13,10.73,5.95,6.26,
14:20:52,1790230852,1,27,1123.31,1.13,10.73,5.95,6.26,
14:20:53,1790230853,1,27,1123.31,1.13,10.73,5.95,6.26,
14:20:54,1790230854,1,27,1123.31,1.13,10.73,5.95,6.26,
14:20:55,1790230855,1,27,1123.31,1.13,10.73,5.95,6.26,
14:20:56,1790230856,1,27,1123.31,1.12,10.73,5.95,6.26,
14:20:57,1790230857,1,27,1123.31,1.12,10.73,5.95,6.26,
14:20:59,1790230859,1,27,1123.31,1.12,10.73,5.95,6.26,
14:21:00,1790230860,1,27,1123.31,1.12,10.73,5.95,6.26,
14:21:01,1790230861,1,27,1123.31,1.12,10.73,5.95,6.26,
14:21:02,1790230862,1,27,1123.31,1.12,10.73,5.95,6.26,
14:21:03,1790230863,1,27,1123.31,1.12,10.73,5.95,6.26,
14:21:04,1790230864,1,27,1123.31,1.12,10.73,5.95,6.26,
14:21:05,1790230865,1,27,1123.31,1.12,10.73,5.95,6.26,
14:21:07,1790230867,1,27,1123.31,1.12,10.73,5.95,6.26,
14:21:08,1790230868,1,27,1123.31,1.12,10.73,5.95,6.26,
14:21:09,1790230869,1,27,1123.31,1.12,10.73,5.95,6.26,
14:21:10,1790230870,1,27,1123.31,1.12,10.73,5.95,6.26,
14:21:11,1790230871,1,27,1123.31,1.12,10.73,5.95,6.26,
14:21:12,1790230872,1,27,1123.31,1.12,10.73,5.95,6.26,
14:21:13,1790230873,1,27,1123.31,1.12,10.73,5.95,6.26,
14:21:15,1790230875,1,27,1123.31,1.12,10.73,5.95,6.26,
14:21:16,1790230876,1,27,1123.31,1.12,10.73,5.95,6.26,
14:21:17,1790230877,1,27,1123.31,1.12,10.73,5.95,6.26,
14:21:18,1790230878,1,27,1123.31,1.12,10.73,5.95,6.26,
14:21:19,1790230879,1,27,1123.31,1.12,10.73,5.95,6.26,
14:21:20,1790230880,1,27,1123.31,1.12,10.73,5.95,6.26,
14:21:21,1790230881,1,27,1123.31,1.12,10.73,5.95,6.26,
14:21:23,1790230883,1,27,1123.31,1.12,10.73,5.96,6.26,
14:21:24,1790230884,1,27,1123.31,1.12,10.73,5.96,6.26,
14:21:25,1790230885,1,27,1123.31,1.12,10.73,5.96,6.26,
14:21:26,1790230886,1,27,1123.31,1.12,10.73,5.96,6.26,
14:21:27,1790230887,1,27,1123.31,1.12,10.73,5.96,6.26,
14:21:28,1790230888,1,27,1123.31,1.12,10.73,5.96,6.26,
14:21:29,1790230889,1,27,1123.31,1.12,10.73,5.96,6.26,
14:21:30,1790230890,1,27,1123.31,1.12,10.73,5.96,6.26,
14:21:32,1790230892,1,27,1123.31,1.12,10.73,5.96,6.26,
14:21:33,1790230893,1,27,1123.31,1.12,10.73,5.96,6.26,
14:21:34,1790230894,1,27,1123.31,1.12,10.73,5.96,6.26,
14:21:35,1790230895,1,27,1123.31,1.12,10.73,5.96,6.26,
14:21:36,1790230896,1,27,1123.31,1.12,10.73,5.96,6.26,
14:21:37,1790230897,1,27,1123.31,1.12,10.73,5.96,6.26,
14:21:38,1790230898,1,27,1123.31,1.12,10.73,5.96,6.26,
14:21:40,1790230900,1,27,1123.31,1.12,10.73,5.96,6.26,
14:21:41,1790230901,1,27,1123.31,1.12,10.73,5.96,6.26,
14:21:42,1790230902,1,27,1123.31,1.12,10.73,5.96,6.26,
14:21:43,1790230903,1,27,1123.31,1.12,10.73,5.96,6.26,
14:21:44,1790230904,1,27,1123.31,1.12,10.73,5.96,6.26,
14:21:45,1790230905,1,27,1123.31,1.12,10.73,5.96,6.26,
14:21:46,1790230906,1,27,1123.31,1.12,10.73,5.96,6.26,
14:21:48,1790230908,1,27,1123.31,1.12,10.73,5.96,6.26,
14:21:49,1790230909,1,27,1123.31,1.12,10.73,5.96,6.26,
14:21:50,1790230910,1,27,1123.31,1.12,10.73,5.96,6.26,
14:21:51,1790230911,1,27,1123.31,1.12,10.73,5.96,6.26,
14:21:52,1790230912,1,27,1123.31,1.12,10.73,5.96,6.26,
14:21:53,1790230913,1,27,1123.31,1.12,10.73,5.96,6.26,
14:21:54,1790230914,1,27,1123.31,1.12,10.73,5.96,6.26,
14:21:56,1790230916,1,27,1123.31,1.12,10.73,5.96,6.26,
14:21:57,1790230917,1,27,1123.31,1.12,10.73,5.96,6.26,
14:21:58,1790230918,1,27,1123.31,1.12,10.73,5.96,6.26,
14:21:59,1790230919,1,27,1123.31,1.12,10.73,5.96,6.26,
14:22:00,1790230920,1,27,1123.31,1.12,10.73,5.96,6.26,
14:22:01,1790230921,1,27,1123.31,1.12,10.73,5.96,6.26,
14:22:02,1790230922,1,27,1123.31,1.12,10.73,5.96,6.26,
14:22:04,1790230924,1,27,1123.31,1.12,10.73,5.96,6.26,
14:22:05,1790230925,1,27,1123.31,1.12,10.73,5.96,6.26,
14:22:06,1790230926,1,27,1123.31,1.12,10.73,5.96,6.26,
14:22:07,1790230927,1,27,1123.31,1.12,10.73,5.96,6.26,
14:22:08,1790230928,1,27,1123.31,1.12,10.73,5.96,6.26,
14:22:09,1790230929,1,27,1123.31,1.12,10.73,5.96,6.26,
14:22:10,1790230930,1,27,1123.31,1.12,10.73,5.96,6.26,
14:22:12,1790230932,1,27,1123.31,1.12,10.73,5.96,6.26,
14:22:13,1790230933,1,27,1123.31,1.12,10.73,5.96,6.26,
14:22:14,1790230934,1,27,1123.31,1.12,10.73,5.96,6.26,
14:22:15,1790230935,1,27,1123.31,1.12,10.73,5.96,6.26,
14:22:16,1790230936,1,27,1123.31,1.12,10.73,5.96,6.26,
14:22:17,1790230937,1,27,1123.31,1.12,10.73,5.96,6.26,
14:22:18,1790230938,1,27,1123.31,1.12,10.73,5.96,6.26,
14:22:20,1790230940,1,27,1123.31,1.12,10.73,5.96,6.26,
14:22:21,1790230941,1,27,1123.31,1.10,10.73,5.96,6.26,
14:22:22,1790230942,1,27,1123.31,1.10,10.73,5.96,6.26,
14:22:23,1790230943,1,27,1123.31,1.10,10.73,5.96,6.26,
14:22:24,1790230944,1,27,1123.31,1.10,10.73,5.96,6.26,
14:22:25,1790230945,1,27,1123.31,1.10,10.73,5.96,6.26,
14:22:26,1790230946,1,27,1123.31,1.10,10.73,5.96,6.26,
14:22:28,1790230948,1,27,1123.31,1.10,10.73,5.96,6.26,
14:22:29,1790230949,1,27,1123.31,1.10,10.73,5.96,6.26,
14:22:30,1790230950,1,27,1123.31,1.10,10.73,5.96,6.26,
14:22:31,1790230951,1,27,1123.31,1.10,10.73,5.96,6.26,
14:22:32,1790230952,1,27,1123.31,1.10,10.73,5.96,6.26,
14:22:33,1790230953,1,27,1123.31,1.10,10.73,5.96,6.26,
14:22:34,1790230954,1,27,1123.31,1.10,10.73,5.96,6.26,
14:22:35,1790230955,1,27,1123.31,1.10,10.73,5.96,6.26,
14:22:37,1790230957,1,27,1123.31,1.10,10.73,5.96,6.26,
14:22:38,1790230958,1,27,1123.31,1.10,10.73,5.96,6.26,
14:22:39,1790230959,1,27,1123.31,1.10,10.73,5.96,6.26,
14:22:40,1790230960,1,27,1123.31,1.10,10.73,5.96,6.26,
14:22:41,1790230961,1,27,1123.31,1.10,10.73,5.96,6.26,
14:22:42,1790230962,1,27,1123.31,1.10,10.73,5.96,6.26,
14:22:43,1790230963,1,27,1123.31,1.10,10.73,5.96,6.26,
14:22:45,1790230965,1,27,1123.31,1.10,10.73,5.96,6.26,
14:22:46,1790230966,1,27,1123.31,1.10,10.73,5.96,6.26,
14:22:47,1790230967,1,27,1123.31,1.10,10.73,5.96,6.26,
14:22:48,1790230968,1,27,1123.31,1.10,10.73,5.96,6.26,
14:22:49,1790230969,1,27,1123.31,1.10,10.73,5.96,6.26,
14:22:50,1790230970,1,27,1123.31,1.10,10.73,5.96,6.26,
14:22:51,1790230971,1,27,1123.31,1.10,10.73,5.96,6.26,
14:22:53,1790230973,1,27,1123.31,1.10,10.73,5.96,6.26,
14:22:54,1790230974,1,27,1123.31,1.10,10.73,5.96,6.26,
14:22:55,1790230975,1,27,1123.31,1.10,10.73,5.96,6.26,
14:22:56,1790230976,1,27,1123.31,1.10,10.73,5.96,6.26,
14:22:57,1790230977,1,27,1123.31,1.10,10.73,5.96,6.26,
14:22:58,1790230978,1,27,1123.31,1.10,10.73,5.96,6.26,
14:22:59,1790230979,1,27,1123.31,1.10,10.73,5.96,6.26,
14:23:01,1790230981,1,27,1123.31,1.10,10.73,5.96,6.26,
14:23:02,1790230982,1,27,1123.31,1.10,10.73,5.96,6.26,
14:23:03,1790230983,1,27,1123.31,1.10,10.73,5.96,6.26,
14:23:04,1790230984,1,27,1123.31,1.10,10.73,5.96,6.26,
14:23:05,1790230985,1,27,1123.31,1.10,10.73,5.96,6.26,
14:23:06,1790230986,1,27,1123.31,1.10,10.73,5.96,6.26,
14:23:07,1790230987,1,27,1123.31,1.10,10.73,5.96,6.26,
14:23:09,1790230989,1,27,1123.31,1.10,10.73,5.96,6.26,
14:23:10,1790230990,1,27,1123.31,1.10,10.73,5.96,6.26,
14:23:11,1790230991,1,27,1123.31,1.10,10.73,5.96,6.26,
14:23:12,1790230992,1,27,1123.31,1.10,10.73,5.96,6.26,
14:23:13,1790230993,1,27,1123.31,1.10,10.73,5.96,6.26,
14:23:14,1790230994,1,27,1123.31,1.10,10.73,5.96,6.26,
14:23:15,1790230995,1,27,1123.31,1.10,10.73,5.96,6.26,
14:23:17,1790230997,1,27,1123.31,1.10,10.73,5.96,6.26,
14:23:18,1790230998,1,27,1123.31,1.10,10.73,5.96,6.26,
14:23:19,1790230999,1,27,1123.31,1.10,10.73,5.96,6.26,
14:23:20,1790231000,1,27,1123.31,1.10,10.73,5.96,6.26,
14:23:21,1790231001,1,27,1123.31,1.10,10.73,5.96,6.26,
14:23:22,1790231002,1,27,1123.31,1.10,10.73,5.96,6.26,
14:23:23,1790231003,1,27,1123.31,1.10,10.73,5.96,6.26,
14:23:25,1790231005,1,27,1123.31,1.10,10.73,5.96,6.26,
14:23:26,1790231006,1,27,1123.31,1.10,10.73,5.96,6.26,
14:23:27,1790231007,1,27,1123.31,1.10,10.73,5.96,6.26,
14:23:28,1790231008,1,27,1123.31,1.10,10.73,5.96,6.26,
14:23:29,1790231009,1,27,1123.31,1.10,10.73,5.96,6.26,
14:23:30,1790231010,1,27,1123.31,1.10,10.73,5.96,6.26,
14:23:31,1790231011,1,27,1123.31,1.10,10.73,5.96,6.26,
14:23:33,1790231013,1,27,1123.31,1.10,10.73,5.96,6.26,
14:23:34,1790231014,1,27,1123.31,1.10,10.73,5.96,6.26,
14:23:35,1790231015,1,27,1123.31,1.10,10.73,5.96,6.26,
14:23:36,1790231016,1,27,1123.31,1.10,10.73,5.96,6.26,
14:23:37,1790231017,1,27,1123.31,1.10,10.73,5.96,6.26,
14:23:38,1790231018,1,27,1123.31,1.10,10.73,5.96,6.26,
14:23:39,1790231019,1,27,1123.31,1.10,10.73,5.96,6.26,
14:23:41,1790231021,1,27,1123.31,1.10,10.73,5.96,6.26,
14:23:42,1790231022,1,27,1123.31,1.10,10.73,5.96,6.26,
14:23:43,1790231023,1,27,1123.31,1.10,10.73,5.96,6.26,
14:23:44,1790231024,1,27,1123.31,1.10,10.73,5.96,6.26,
14:23:45,1790231025,1,27,1123.31,1.10,10.73,5.96,6.26,
14:23:46,1790231026,1,27,1123.31,1.10,10.73,5.96,6.26,
14:23:47,1790231027,1,27,1123.31,1.10,10.73,5.96,6.26,
14:23:49,1790231029,1,27,1123.31,1.10,10.73,5.96,6.26,
14:23:50,1790231030,1,27,1123.31,1.10,10.73,5.96,6.26,
14:23:51,1790231031,1,27,1123.31,1.10,10.73,5.96,6.26,
14:23:52,1790231032,1,27,1123.31,1.10,10.73,5.96,6.26,
14:23:53,1790231033,1,27,1123.31,1.10,10.73,5.96,6.26,
14:23:54,1790231034,1,27,1123.31,1.10,10.73,5.96,6.26,
14:23:55,1790231035,1,27,1123.31,1.10,10.73,5.96,6.26,
14:23:57,1790231037,1,27,1123.31,1.10,10.73,5.96,6.26,
14:23:58,1790231038,1,27,1123.31,1.10,10.73,5.96,6.26,
14:23:59,1790231039,1,27,1123.31,1.10,10.73,5.96,6.26,
14:24:00,1790231040,1,27,1123.31,1.10,10.73,5.96,6.26,
14:24:01,1790231041,1,27,1123.31,1.10,10.73,5.96,6.26,
14:24:02,1790231042,1,27,1123.31,1.10,10.73,5.96,6.26,
14:24:03,1790231043,1,27,1123.31,1.10,10.73,5.96,6.26,
14:24:05,1790231045,1,27,1123.31,1.10,10.73,5.96,6.26,
14:24:06,1790231046,1,27,1123.31,1.08,10.73,5.96,6.26,
14:24:07,1790231047,1,27,1123.31,1.08,10.73,5.96,6.26,
14:24:08,1790231048,1,27,1123.31,1.08,10.73,5.96,6.26,
14:24:09,1790231049,1,28,1123.31,1.08,10.73,5.96,6.26,
14:24:10,1790231050,1,28,1123.31,1.08,10.73,5.96,6.26,
14:24:11,1790231051,1,28,1123.31,1.08,10.73,5.96,6.26,
14:24:12,1790231052,1,28,1123.31,1.08,10.73,5.96,6.26,
14:24:14,1790231054,1,28,1123.31,1.08,10.73,5.96,6.26,
14:24:15,1790231055,1,28,1123.31,1.08,10.73,5.96,6.26,
14:24:16,1790231056,1,28,1123.31,1.08,10.73,5.96,6.26,
14:24:17,1790231057,1,27,1123.31,1.08,10.73,5.96,6.26,
14:24:18,1790231058,1,27,1123.31,1.08,10.73,5.96,6.26,
14:24:19,1790231059,1,28,1123.31,1.08,10.73,5.96,6.26,
14:24:20,1790231061,1,28,1123.31,1.08,10.73,5.96,6.26,
14:24:22,1790231062,1,28,1123.31,1.08,10.73,5.96,6.26,
14:24:23,1790231063,1,28,1123.31,1.08,10.73,5.96,6.26,
14:24:24,1790231064,1,28,1123.31,1.08,10.73,5.96,6.26,
14:24:25,1790231065,1,28,1123.31,1.08,10.73,5.96,6.26,
14:24:26,1790231066,1,28,1123.31,1.08,10.73,5.96,6.26,
14:24:27,1790231067,1,28,1123.31,1.08,10.73,5.96,6.26,
14:24:28,1790231068,1,28,1123.31,1.08,10.73,5.96,6.26,
14:24:30,1790231070,1,28,1123.31,1.08,10.73,5.96,6.26,
14:24:31,1790231071,1,28,1123.31,1.08,10.73,5.96,6.26,
14:24:32,1790231072,1,28,1123.31,1.08,10.73,5.96,6.26,
14:24:33,1790231073,1,28,1123.31,1.08,10.73,5.96,6.26,
14:24:34,1790231074,1,28,1123.31,1.08,10.73,5.96,6.26,
14:24:35,1790231075,1,28,1123.31,1.08,10.73,5.96,6.26,
14:24:37,1790231077,1,28,1123.31,1.08,10.73,5.96,6.26,
14:24:38,1790231078,1,28,1123.31,1.08,10.73,5.96,6.26,
14:24:39,1790231079,1,28,1123.31,1.08,10.73,5.96,6.26,
14:24:40,1790231080,1,28,1123.31,1.08,10.73,5.96,6.26,
14:24:41,1790231081,1,28,1123.31,1.08,10.73,5.96,6.26,
14:24:42,1790231082,1,28,1123.31,1.08,10.73,5.96,6.26,
14:24:43,1790231083,1,28,1123.31,1.08,10.73,5.96,6.26,
14:24:45,1790231085,1,28,1123.31,1.08,10.73,5.96,6.26,
14:24:46,1790231086,1,28,1123.31,1.08,10.73,5.96,6.26,
14:24:47,1790231087,1,28,1123.31,1.08,10.73,5.96,6.26,
14:24:48,1790231088,1,28,1123.31,1.08,10.73,5.96,6.26,
14:24:49,1790231089,1,28,1123.31,1.08,10.73,5.96,6.26,
14:24:50,1790231090,1,28,1123.31,1.08,10.73,5.96,6.26,
14:24:51,1790231091,1,28,1123.31,1.08,10.73,5.96,6.26,
14:24:53,1790231093,1,28,1123.31,1.08,10.73,5.96,6.26,
14:24:54,1790231094,1,28,1123.31,1.08,10.73,5.96,6.26,
14:24:55,1790231095,1,28,1123.31,1.08,10.73,5.96,6.26,
14:24:56,1790231096,1,28,1123.31,1.08,10.73,5.96,6.26,
14:24:57,1790231097,1,28,1123.31,1.08,10.73,5.96,6.26,
14:24:58,1790231098,1,28,1123.31,1.08,10.73,5.96,6.26,
14:24:59,1790231099,1,28,1123.31,1.08,10.73,5.96,6.26,
14:25:01,1790231101,1,28,1123.31,1.08,10.73,5.96,6.26,
14:25:02,1790231102,1,28,1123.31,1.08,10.73,5.96,6.26,
14:25:03,1790231103,1,28,1123.31,1.08,10.73,5.96,6.26,
14:25:04,1790231104,1,28,1123.31,1.08,10.73,5.96,6.26,
14:25:05,1790231105,1,28,1123.31,1.08,10.73,5.96,6.26,
14:25:06,1790231106,1,28,1123.31,1.08,10.73,5.96,6.26,
14:25:07,1790231107,1,28,1123.31,1.08,10.73,5.96,6.26,
14:25:09,1790231109,1,28,1123.31,1.08,10.73,5.96,6.26,
14:25:10,1790231110,1,28,1123.31,1.08,10.73,5.96,6.26,
14:25:11,1790231111,1,28,1123.31,1.08,10.73,5.96,6.26,
14:25:12,1790231112,1,28,1123.31,1.08,10.73,5.96,6.26,
14:25:13,1790231113,1,28,1123.31,1.08,10.73,5.96,6.26,
14:25:14,1790231114,1,28,1123.31,1.08,10.73,5.96,6.26,
14:25:15,1790231115,1,28,1123.31,1.08,10.73,5.96,6.26,
14:25:17,1790231117,1,28,1123.31,1.08,10.73,5.96,6.26,
14:25:18,1790231118,1,28,1123.31,1.08,10.73,5.96,6.26,
14:25:19,1790231119,1,28,1123.31,1.08,10.73,5.96,6.26,
14:25:20,1790231120,1,28,1123.31,1.08,10.73,5.96,6.26,
14:25:21,1790231121,1,28,1123.31,1.08,10.73,5.96,6.26,
14:25:22,1790231122,1,28,1123.31,1.08,10.73,5.96,6.26,
14:25:24,1790231124,1,28,1123.31,1.08,10.73,5.96,6.26,
14:25:25,1790231125,1,28,1123.31,1.08,10.73,5.96,6.26,
14:25:26,1790231126,1,28,1123.31,1.08,10.73,5.96,6.26,
14:25:27,1790231127,1,28,1123.31,1.08,10.73,5.96,6.26,
14:25:28,1790231128,1,28,1123.31,1.08,10.73,5.96,6.26,
14:25:29,1790231129,1,42,1123.31,1.07,8.30,6.03,6.34,
14:25:30,1790231130,1,32,1123.31,1.07,10.07,6.09,6.38,
14:25:32,1790231132,1,32,1123.31,1.07,10.07,6.09,6.38,
14:25:33,1790231133,1,32,1123.31,1.07,10.07,6.09,6.38,
14:25:34,1790231134,1,32,1123.31,1.07,10.07,6.10,6.39,
14:25:35,1790231135,1,32,1123.31,1.07,10.07,6.10,6.39,
14:25:36,1790231136,1,32,1123.31,1.07,10.07,6.10,6.39,
14:25:37,1790231137,1,32,1123.31,1.07,10.07,6.10,6.39,
14:25:38,1790231138,1,32,1123.31,1.07,10.07,6.10,6.39,
14:25:40,1790231140,1,32,1123.31,1.07,10.07,6.10,6.39,
14:25:41,1790231141,1,32,1123.31,1.07,10.07,6.10,6.39,
14:25:42,1790231142,1,32,1123.31,1.07,10.07,6.10,6.39,
14:25:43,1790231143,1,32,1123.31,1.07,10.07,6.10,6.39,
14:25:44,1790231144,1,32,1123.31,1.07,10.07,6.10,6.39,
14:25:45,1790231145,1,32,1123.31,1.07,10.07,6.10,6.39,
14:25:46,1790231146,1,32,1123.31,1.07,10.07,6.10,6.39,
14:25:48,1790231148,1,32,1123.31,1.07,10.07,6.10,6.39,
14:25:49,1790231149,1,32,1123.31,1.07,10.07,6.10,6.39,
14:25:50,1790231150,1,32,1123.31,1.07,10.07,6.10,6.39,
14:25:51,1790231151,1,32,1123.31,1.07,10.07,6.10,6.39,
14:25:52,1790231152,1,32,1123.31,1.07,10.07,6.10,6.39,
14:25:53,1790231153,1,32,1123.31,1.07,10.07,6.10,6.39,
14:25:54,1790231154,1,32,1123.31,1.07,10.07,6.10,6.39,
14:25:56,1790231156,1,32,1123.31,1.07,10.07,6.10,6.39,
14:25:57,1790231157,1,32,1123.31,1.07,10.07,6.10,6.39,
14:25:58,1790231158,1,32,1123.31,1.07,10.07,6.10,6.39,
14:25:59,1790231159,1,32,1123.31,1.07,10.07,6.10,6.39,
14:26:00,1790231160,1,33,1123.31,0.79,10.06,0.12,0.00,
14:26:01,1790231161,1,83,1123.31,0.78,1.88,0,0,
