ts,epoch,pressure_level,free_pct,swap_used_mb,compressed_gb,wired_gb,proc_rss_gb,proc_mem_gb,cpu_speed_limit
11:05:27,1790219127,1,81,824.50,0.69,2.31,0.01,0.13,
11:05:28,1790219128,1,63,824.50,1.23,4.77,1.00,1.03,
11:05:29,1790219129,1,65,824.50,0.92,4.75,1.90,1.99,
11:05:30,1790219130,1,63,824.50,1.13,4.75,2.72,2.79,
11:05:32,1790219132,1,36,824.50,1.79,8.65,3.39,3.56,
11:05:33,1790219133,1,36,824.50,1.79,8.61,4.23,4.34,
11:05:34,1790219134,1,36,824.50,1.85,8.61,5.01,5.17,
11:05:35,1790219135,1,36,824.50,1.86,8.60,5.87,6.00,
11:05:36,1790219136,1,34,824.50,1.86,8.85,6.51,6.61,
11:05:37,1790219137,1,34,824.50,1.85,8.89,6.52,6.60,
11:05:39,1790219139,1,33,824.50,1.85,8.98,6.52,6.60,
11:05:40,1790219140,1,34,824.50,1.85,8.89,6.52,6.60,
11:05:41,1790219141,1,34,824.50,1.84,8.89,6.53,6.61,
11:05:42,1790219142,1,34,824.50,1.84,8.89,6.53,6.61,
11:05:43,1790219143,1,34,824.50,1.84,8.89,6.53,6.61,
11:05:45,1790219145,1,34,824.50,1.84,8.89,6.53,6.61,
11:05:46,1790219146,1,34,824.50,1.84,8.89,6.53,6.61,
11:05:47,1790219147,1,34,824.50,1.84,8.89,6.53,6.61,
11:05:48,1790219148,1,34,824.50,1.84,8.89,6.53,6.61,
11:05:49,1790219149,1,34,824.50,1.84,8.89,6.53,6.61,
11:05:51,1790219151,1,34,824.50,1.82,8.89,6.53,6.61,
11:05:52,1790219152,1,34,824.50,1.81,8.89,6.53,6.61,
11:05:53,1790219153,1,34,824.50,1.81,8.89,6.53,6.61,
11:05:54,1790219154,1,34,824.50,1.79,8.92,6.53,6.61,
11:05:55,1790219155,1,34,824.50,1.79,8.89,6.53,6.61,
11:05:57,1790219157,1,34,824.50,1.79,8.89,6.53,6.61,
11:05:58,1790219158,1,34,824.50,1.79,8.88,6.53,6.61,
11:05:59,1790219159,1,34,824.50,1.79,8.89,6.53,6.61,
11:06:00,1790219160,1,34,824.50,1.79,8.89,6.53,6.61,
11:06:01,1790219161,1,34,824.50,1.79,8.89,6.53,6.61,
11:06:03,1790219163,1,34,824.50,1.79,8.89,6.53,6.61,
11:06:04,1790219164,1,34,824.50,1.79,8.89,6.53,6.61,
11:06:05,1790219165,1,34,824.50,1.78,8.88,6.53,6.61,
11:06:06,1790219166,1,34,824.50,1.78,8.89,6.53,6.61,
11:06:07,1790219167,1,34,824.50,1.78,8.89,6.53,6.61,
11:06:09,1790219169,1,34,824.50,1.78,8.88,6.53,6.61,
11:06:10,1790219170,1,34,824.50,1.78,8.89,6.53,6.61,
11:06:11,1790219171,1,34,824.50,1.78,8.88,6.53,6.61,
11:06:12,1790219172,1,34,824.50,1.78,8.89,6.53,6.61,
11:06:13,1790219173,1,34,824.50,1.78,8.89,6.53,6.61,
11:06:15,1790219175,1,34,824.50,1.77,8.88,6.53,6.61,
11:06:16,1790219176,1,36,824.50,1.77,8.72,6.62,6.71,
11:06:17,1790219177,1,25,824.50,1.77,10.47,6.64,6.71,
11:06:18,1790219178,1,25,824.50,1.77,10.47,6.64,6.71,
11:06:19,1790219179,1,75,824.50,1.72,2.29,0,0,
11:06:20,1790219180,1,75,824.50,1.72,2.29,0,0,
