QV_CHAIN_START Thu  8 Oct 2026 23:50:16 PST git=a390befbb3ea4e5becfe85c45a1be3e3a55c6c21
wall_s=20 rc=0 aborted=0 swap_end=4782.94M
EDIT_RUN_END QVGATE-512-E05 rc=0 aborted=0
wall_s=8 rc=0 aborted=0 swap_end=4734.94M
EDIT_RUN_END QV-512-R02-a rc=0 aborted=0
wall_s=8 rc=0 aborted=0 swap_end=4702.94M
EDIT_RUN_END QV-512-R02-b rc=0 aborted=0
wall_s=8 rc=0 aborted=0 swap_end=4678.94M
EDIT_RUN_END QV-512-R12-a rc=0 aborted=0
wall_s=8 rc=0 aborted=0 swap_end=4638.94M
EDIT_RUN_END QV-512-R12-b rc=0 aborted=0
wall_s=8 rc=0 aborted=0 swap_end=4630.94M
EDIT_RUN_END QV-512-R15-a rc=0 aborted=0
wall_s=8 rc=0 aborted=0 swap_end=4598.94M
EDIT_RUN_END QV-512-R15-b rc=0 aborted=0
wall_s=27 rc=0 aborted=0 swap_end=6286.44M
EDIT_RUN_END QV-1024-R02-a rc=0 aborted=0
wall_s=32 rc=0 aborted=0 swap_end=6738.00M
EDIT_RUN_END QV-1024-R02-b rc=0 aborted=0
wall_s=36 rc=0 aborted=0 swap_end=6639.75M
EDIT_RUN_END QV-1024-R12-a rc=0 aborted=0
wall_s=34 rc=0 aborted=0 swap_end=5879.94M
EDIT_RUN_END QV-1024-R12-b rc=0 aborted=0
wall_s=34 rc=0 aborted=0 swap_end=5809.31M
EDIT_RUN_END QV-1024-R15-a rc=0 aborted=0
wall_s=30 rc=0 aborted=0 swap_end=6040.81M
EDIT_RUN_END QV-1024-R15-b rc=0 aborted=0
QV_CHAIN_DONE Thu  8 Oct 2026 23:55:48 PST
