[21:53:27] PROBE start
Now drawing from 'AC Power'
[21:53:27] idle 600 s before cold job 0
22:03:27 A-p01-s42                          rc=0 wall=53.78 denoise=48.5 vae=1.951 fp=5.837 pix=7b45cfbe2e
RUNNER_DONE
[22:04:22] idle 600 s before cold job 1
22:14:23 B-p01-s42                          rc=0 wall=29.86 denoise=24.48 vae=1.96 fp=5.837 pix=711890527b
RUNNER_DONE
[22:14:54] idle 600 s before cold job 2
22:24:54 C-p01-s42                          rc=0 wall=32.28 denoise=26.342 vae=1.968 fp=6.676 pix=9c433033bb
RUNNER_DONE
[22:25:28] sustained benchmark
22:25:28 A-p01-s4242                        rc=0 wall=54.71 denoise=49.43 vae=1.949 fp=5.838 pix=d4cb00c71d
22:26:24 B-p01-s4242                        rc=0 wall=30.91 denoise=25.544 vae=1.957 fp=5.836 pix=b193bbb6bd
22:26:57 C-p01-s4242                        rc=0 wall=34.19 denoise=28.022 vae=1.972 fp=6.674 pix=e7e89d9fda
22:27:32 A-p02-s4242                        rc=0 wall=60.63 denoise=55.221 vae=2.015 fp=5.836 pix=71d9000d82
22:28:35 C-p02-s4242                        rc=0 wall=39.42 denoise=33.148 vae=2.108 fp=6.67 pix=96942d36c5
22:29:16 B-p02-s4242                        rc=0 wall=38.07 denoise=32.506 vae=2.179 fp=5.835 pix=3c27b04480
22:29:55 B-p03-s4242                        rc=0 wall=38.59 denoise=33.004 vae=2.181 fp=5.85 pix=fe98e76c32
22:30:35 A-p03-s4242                        rc=0 wall=72.31 denoise=66.679 vae=2.236 fp=5.849 pix=7dac133b98
22:31:49 C-p03-s4242                        rc=0 wall=43.49 denoise=37.057 vae=2.301 fp=6.689 pix=26a2a608e8
22:32:34 B-p04-s4242                        rc=0 wall=40.89 denoise=35.13 vae=2.344 fp=5.85 pix=bbe7a8792c
22:33:17 C-p04-s4242                        rc=0 wall=44.59 denoise=38.09 vae=2.343 fp=6.688 pix=48e44aa10c
22:34:03 A-p04-s4242                        rc=0 wall=76.55 denoise=70.772 vae=2.339 fp=5.852 pix=d0faf44ea4
22:35:21 C-p05-s4242                        rc=0 wall=45.03 denoise=38.43 vae=2.444 fp=6.671 pix=9661860ce6
22:36:07 A-p05-s4242                        rc=0 wall=77.78 denoise=71.949 vae=2.396 fp=5.837 pix=05c2078aca
22:37:27 B-p05-s4242                        rc=0 wall=41.98 denoise=36.17 vae=2.373 fp=5.835 pix=438f4e820f
22:38:10 C-p06-s4242                        rc=0 wall=45.89 denoise=39.233 vae=2.462 fp=6.687 pix=710e4c5d6f
22:38:58 B-p06-s4242                        rc=0 wall=42.95 denoise=37.08 vae=2.469 fp=5.853 pix=8c2389bc3c
22:39:42 A-p06-s4242                        rc=0 wall=85.46 denoise=79.55 vae=2.456 fp=5.853 pix=c50c746afd
22:41:09 A-p07-s4242                        rc=0 wall=85.03 denoise=78.771 vae=2.698 fp=5.851 pix=b1e2e7384a
22:42:36 B-p07-s4242                        rc=0 wall=45.85 denoise=39.71 vae=2.687 fp=5.851 pix=5f5cecc06c
22:43:23 C-p07-s4242                        rc=0 wall=52.95 denoise=45.924 vae=2.821 fp=6.685 pix=45bb569547
22:44:18 A-p08-s4242                        rc=0 wall=87.72 denoise=81.541 vae=2.724 fp=5.853 pix=9051e06457
22:45:47 C-p08-s4242                        rc=0 wall=52.88 denoise=45.839 vae=2.775 fp=6.688 pix=530ff62ea3
22:46:41 B-p08-s4242                        rc=0 wall=49.79 denoise=43.475 vae=2.762 fp=5.855 pix=1892fcbda3
22:47:33 B-p09-s4242                        rc=0 wall=46.91 denoise=40.794 vae=2.702 fp=5.85 pix=3ebe562acb
22:48:21 A-p09-s4242                        rc=0 wall=84.97 denoise=78.957 vae=2.627 fp=5.852 pix=46a808f7b9
22:49:48 C-p09-s4242                        rc=0 wall=49.59 denoise=42.732 vae=2.73 fp=6.69 pix=87098d82f2
22:50:39 B-p10-s4242                        rc=0 wall=46.48 denoise=40.356 vae=2.707 fp=5.852 pix=b759dc22c4
22:51:27 C-p10-s4242                        rc=0 wall=50.47 denoise=43.576 vae=2.725 fp=6.688 pix=9561d39951
[22:52:46] --- PAUSED by user request (laptop needed); resume by rerunning run-benchmark.sh (done tags are skipped) ---
[2026-09-29 08:55:29] --- RESUMED sustained stage only (43 remaining; done tags skipped by prod_runner) ---
08:55:29 A-p10-s4242                        rc=0 wall=55.18 denoise=49.3 vae=1.996 fp=5.849 pix=db2c247c1a
08:56:26 C-p11-s4242                        rc=0 wall=33.79 denoise=27.602 vae=1.973 fp=6.687 pix=36ea6585a7
08:57:01 A-p11-s4242                        rc=0 wall=60.69 denoise=55.147 vae=2.136 fp=5.852 pix=506f5121bf
08:58:03 B-p11-s4242                        rc=0 wall=42.27 denoise=36.12 vae=2.668 fp=5.818 pix=0efbb40ff5
08:58:47 C-p12-s4242                        rc=0 wall=51.01 denoise=44.092 vae=2.728 fp=6.688 pix=cee313c49d
08:59:39 B-p12-s4242                        rc=0 wall=49.24 denoise=43.071 vae=2.666 fp=5.852 pix=d23b38c613
09:00:30 A-p12-s4242                        rc=0 wall=99.63 denoise=91.92 vae=3.88 fp=5.85 pix=ea721e7866
09:02:11 A-p01-s6174                        rc=0 wall=98.12 denoise=91.355 vae=3.028 fp=5.804 pix=5431f6d062
09:03:51 B-p01-s6174                        rc=0 wall=52.55 denoise=45.942 vae=3.08 fp=5.804 pix=02f0336027
09:04:45 C-p01-s6174                        rc=0 wall=56.86 denoise=49.372 vae=3.189 fp=6.676 pix=d02f224e00
09:05:44 A-p02-s6174                        rc=0 wall=98.15 denoise=91.675 vae=2.991 fp=5.835 pix=95d716785a
09:07:23 C-p02-s6174                        rc=0 wall=55.74 denoise=48.5 vae=2.995 fp=6.671 pix=160776a03d
09:08:21 B-p02-s6174                        rc=0 wall=52.33 denoise=45.765 vae=3.061 fp=5.837 pix=a5aeecb444
09:09:14 B-p03-s6174                        rc=0 wall=52.27 denoise=45.718 vae=2.987 fp=5.851 pix=09372afc3b
09:10:08 A-p03-s6174                        rc=0 wall=99.31 denoise=92.724 vae=3.033 fp=5.85 pix=6bebb95562
09:11:49 C-p03-s6174                        rc=0 wall=60.3 denoise=53.006 vae=2.981 fp=6.686 pix=f61cf93e5a
09:12:51 B-p04-s6174                        rc=0 wall=51.06 denoise=44.66 vae=2.94 fp=5.818 pix=7c3953ed03
09:13:44 C-p04-s6174                        rc=0 wall=53.73 denoise=46.652 vae=2.902 fp=6.689 pix=667257f821
09:14:39 A-p04-s6174                        rc=0 wall=94.38 denoise=87.927 vae=2.964 fp=5.819 pix=138bfeb814
09:16:15 C-p05-s6174                        rc=0 wall=53.86 denoise=46.725 vae=2.944 fp=6.673 pix=648b66833d
09:17:10 A-p05-s6174                        rc=0 wall=94.05 denoise=87.701 vae=2.934 fp=5.835 pix=9a3d83e103
09:18:46 B-p05-s6174                        rc=0 wall=50.32 denoise=43.849 vae=2.953 fp=5.836 pix=34779f20b4
09:19:38 C-p06-s6174                        rc=0 wall=55.28 denoise=47.795 vae=3.123 fp=6.688 pix=a35219bea0
09:20:35 B-p06-s6174                        rc=0 wall=51.42 denoise=45.025 vae=2.989 fp=5.849 pix=825e2cc065
09:21:27 A-p06-s6174                        rc=0 wall=94.7 denoise=88.278 vae=2.977 fp=5.852 pix=5f8468ec29
09:23:04 A-p07-s6174                        rc=0 wall=94.7 denoise=88.207 vae=2.988 fp=5.82 pix=09ca07bc19
09:24:40 B-p07-s6174                        rc=0 wall=50.78 denoise=44.313 vae=2.992 fp=5.852 pix=3f86ff72e1
09:25:32 C-p07-s6174                        rc=0 wall=55.93 denoise=48.743 vae=2.957 fp=6.687 pix=0e9b87d87d
09:26:30 A-p08-s6174                        rc=0 wall=95.36 denoise=88.906 vae=3.048 fp=5.852 pix=a63dbf4a33
09:28:07 C-p08-s6174                        rc=0 wall=55.32 denoise=48.127 vae=2.984 fp=6.687 pix=b2b32e9b59
09:29:04 B-p08-s6174                        rc=0 wall=51.91 denoise=45.388 vae=3.026 fp=5.853 pix=b12cdc9c60
09:29:57 B-p09-s6174                        rc=0 wall=52.11 denoise=45.662 vae=3.041 fp=5.851 pix=ff1984f55b
09:30:51 A-p09-s6174                        rc=0 wall=95.84 denoise=89.467 vae=2.971 fp=5.852 pix=522a4fafa1
09:32:28 C-p09-s6174                        rc=0 wall=55.84 denoise=48.626 vae=3.015 fp=6.689 pix=c44447e3fa
09:33:25 B-p10-s6174                        rc=0 wall=51.84 denoise=45.317 vae=3.058 fp=5.851 pix=c07dbd016c
09:34:19 C-p10-s6174                        rc=0 wall=56.33 denoise=49.082 vae=3.027 fp=6.689 pix=fc34bdf80a
09:35:17 A-p10-s6174                        rc=0 wall=96.82 denoise=90.362 vae=3.01 fp=5.819 pix=a78842a7a1
09:36:55 C-p11-s6174                        rc=0 wall=56.15 denoise=48.908 vae=3.024 fp=6.69 pix=fcc1a70ea2
09:37:53 A-p11-s6174                        rc=0 wall=97.63 denoise=91.111 vae=3.028 fp=5.819 pix=9d538ff38d
09:39:32 B-p11-s6174                        rc=0 wall=52.55 denoise=45.974 vae=3.087 fp=5.85 pix=c1ae6e9467
09:40:26 C-p12-s6174                        rc=0 wall=57.53 denoise=50.329 vae=2.94 fp=6.689 pix=237bc003ce
09:41:25 B-p12-s6174                        rc=0 wall=54.17 denoise=47.651 vae=2.978 fp=5.819 pix=926ab6ffb3
09:42:21 A-p12-s6174                        rc=0 wall=98.84 denoise=92.317 vae=2.819 fp=5.819 pix=df232d7411
RUNNER_DONE
