There are modules in AutoencoderKLQwenImage21 that should be kept in float32: []. Casting directly with `to()` can lead to inconsistent results; set `torch_dtype` in `from_pretrained()` instead to keep these modules in float32.
{
 "torch_threads": 4,
 "seconds": {
  "load": 5.199,
  "encode": 1.175,
  "decode_tiled": 8.635,
  "decode_tiled_x12": 7.882,
  "total": 22.973
 },
 "preprocessing_gate": {
  "pass": true,
  "size": [
   576,
   448
  ]
 },
 "diffusers_preprocessing_variable": {
  "error": "ModuleNotFoundError(\"No module named 'transformers'\")"
 },
 "cast_gate": {
  "pass": true,
  "elements_differing": 0
 },
 "finite": {
  "moments": true,
  "z_norm": true,
  "z_dec_in": true,
  "dec": true,
  "dec_x12": true
 },
 "peak_footprint_gb": 11.207
}
