QQ_CHAIN_START Thu  8 Oct 2026 08:51:44 PST git=924bc963399b8559cfbcc730c39a78b7e7592c74
wall_s=84 rc=0 aborted=0 swap_end=2139.50M
EDIT_RUN_END QQ-512-R02-q4 rc=0 aborted=0
wall_s=127 rc=0 aborted=0 swap_end=1785.19M
EDIT_RUN_END QQ-512-R02-q8 rc=0 aborted=0
wall_s=134 rc=0 aborted=0 swap_end=1953.31M
EDIT_RUN_END QQ-512-R12-q8 rc=0 aborted=0
wall_s=104 rc=0 aborted=0 swap_end=1881.31M
EDIT_RUN_END QQ-512-R12-q4 rc=0 aborted=0
wall_s=106 rc=0 aborted=0 swap_end=1849.31M
EDIT_RUN_END QQ-512-R15-q4 rc=0 aborted=0
wall_s=136 rc=0 aborted=0 swap_end=2410.38M
EDIT_RUN_END QQ-512-R15-q8 rc=0 aborted=0
wall_s=133 rc=0 aborted=0 swap_end=2380.38M
EDIT_RUN_END QQ-512-R12-s2-q8 rc=0 aborted=0
wall_s=110 rc=0 aborted=0 swap_end=1896.06M
EDIT_RUN_END QQ-512-R12-s2-q4 rc=0 aborted=0
wall_s=138 rc=0 aborted=0 swap_end=2398.19M
EDIT_RUN_END QQ-512-R12-q8-rep rc=0 aborted=0
COOLDOWN 09:12:36
wall_s=573 rc=0 aborted=0 swap_end=1840.19M
EDIT_RUN_END QQ-1024-R02-q4 rc=0 aborted=0
wall_s=863 rc=0 aborted=0 swap_end=2066.25M
EDIT_RUN_END QQ-1024-R02-q8 rc=0 aborted=0
wall_s=864 rc=0 aborted=0 swap_end=1914.81M
EDIT_RUN_END QQ-1024-R12-q8 rc=0 aborted=0
wall_s=560 rc=0 aborted=0 swap_end=1745.69M
EDIT_RUN_END QQ-1024-R12-q4 rc=0 aborted=0
wall_s=568 rc=0 aborted=0 swap_end=1201.06M
EDIT_RUN_END QQ-1024-R15-q4 rc=0 aborted=0
wall_s=810 rc=0 aborted=0 swap_end=2097.00M
EDIT_RUN_END QQ-1024-R15-q8 rc=0 aborted=0
wall_s=767 rc=0 aborted=0 swap_end=2285.38M
EDIT_RUN_END QQ-1024-R12-s2-q8 rc=0 aborted=0
wall_s=586 rc=0 aborted=0 swap_end=1721.12M
EDIT_RUN_END QQ-1024-R12-s2-q4 rc=0 aborted=0
wall_s=809 rc=0 aborted=0 swap_end=2238.06M
EDIT_RUN_END QQ-1024-R12-q8-rep rc=0 aborted=0
QQ_CHAIN_DONE Thu  8 Oct 2026 11:04:18 PST
