[2026-09-29 19:49:59] CONFIRM768 start
Now drawing from 'Battery Power'
19:49:59 K768-c01-s3141-st8                 rc=0 wall=30.42 denoise=26.242 vae=1.069 fp=5.95 pix=479ed46b94
19:50:31 K768-c01-s3141-st5                 rc=0 wall=21.24 denoise=16.684 vae=1.067 fp=5.949 pix=3f94f812c6
19:50:53 K768-c02-s3141-st5                 rc=0 wall=21.59 denoise=17.127 vae=1.071 fp=5.95 pix=01ac94a74a
19:51:17 K768-c02-s3141-st8                 rc=0 wall=32.44 denoise=27.965 vae=1.076 fp=5.951 pix=5ade87400b
19:51:50 K768-c03-s3141-st8                 rc=0 wall=33.76 denoise=29.188 vae=1.086 fp=5.949 pix=d5042787f5
19:52:26 K768-c03-s3141-st5                 rc=0 wall=24.47 denoise=20.194 vae=1.121 fp=5.95 pix=3c3b1f339c
19:52:52 K768-c04-s3141-st5                 rc=0 wall=27.82 denoise=23.184 vae=1.191 fp=5.95 pix=49b95340fd
19:53:21 K768-c04-s3141-st8                 rc=0 wall=43.96 denoise=39.361 vae=1.206 fp=5.951 pix=fd0ea9311a
19:54:07 K768-c05-s3141-st8                 rc=0 wall=43.58 denoise=38.962 vae=1.213 fp=5.925 pix=cf6a49dcab
19:54:52 K768-c05-s3141-st5                 rc=0 wall=30.03 denoise=25.341 vae=1.251 fp=5.925 pix=a2a6f0c520
19:55:23 K768-c06-s3141-st5                 rc=0 wall=31.15 denoise=26.488 vae=1.209 fp=5.949 pix=182a19a4e0
19:55:56 K768-c06-s3141-st8                 rc=0 wall=47.12 denoise=42.402 vae=1.287 fp=5.949 pix=a8ef4ebbb0
19:56:45 K768-c07-s3141-st8                 rc=0 wall=47.48 denoise=42.735 vae=1.284 fp=5.95 pix=cb94a68be1
19:57:34 K768-c07-s3141-st5                 rc=0 wall=31.94 denoise=27.149 vae=1.327 fp=5.949 pix=e889c1ccce
19:58:07 K768-c08-s3141-st5                 rc=0 wall=32.53 denoise=27.75 vae=1.352 fp=5.941 pix=5c46ac543a
19:58:41 K768-c08-s3141-st8                 rc=0 wall=49.95 denoise=45.138 vae=1.371 fp=5.941 pix=5e98aeb639
19:59:33 K768-c09-s3141-st8                 rc=0 wall=49.1 denoise=44.359 vae=1.322 fp=5.959 pix=4c81fa9347
20:00:23 K768-c09-s3141-st5                 rc=0 wall=33.03 denoise=28.198 vae=1.375 fp=5.941 pix=de628461c8
20:00:58 K768-c10-s3141-st5                 rc=0 wall=33.81 denoise=28.94 vae=1.421 fp=5.951 pix=57d56855f5
20:01:33 K768-c10-s3141-st8                 rc=0 wall=51.77 denoise=46.888 vae=1.424 fp=5.951 pix=36aaf71659
20:02:27 K768-c11-s3141-st8                 rc=0 wall=51.93 denoise=46.586 vae=1.722 fp=5.925 pix=05de875321
20:03:20 K768-c11-s3141-st5                 rc=0 wall=43.63 denoise=37.941 vae=1.909 fp=5.927 pix=5dc36e8587
20:04:05 K768-c12-s3141-st5                 rc=0 wall=45.71 denoise=39.829 vae=2.013 fp=5.926 pix=103bbd5892
20:04:52 K768-c12-s3141-st8                 rc=0 wall=70.18 denoise=64.259 vae=2.034 fp=5.924 pix=38d2f85a55
20:06:04 K768-c13-s3141-st8                 rc=0 wall=71.21 denoise=65.126 vae=1.677 fp=5.951 pix=9f36f9114e
20:07:17 K768-c13-s3141-st5                 rc=0 wall=35.99 denoise=30.453 vae=1.373 fp=5.95 pix=1e4d81955d
20:07:54 K768-c14-s3141-st5                 rc=0 wall=33.57 denoise=28.7 vae=1.438 fp=5.941 pix=23ea46d0fe
20:08:29 K768-c14-s3141-st8                 rc=0 wall=51.93 denoise=47.029 vae=1.421 fp=5.941 pix=1b854d6c64
20:09:23 K768-c15-s3141-st8                 rc=0 wall=51.63 denoise=46.649 vae=1.409 fp=5.941 pix=8c5740418e
20:10:16 K768-c15-s3141-st5                 rc=0 wall=34.16 denoise=29.244 vae=1.447 fp=5.941 pix=e65e338c3b
20:10:52 K768-c16-s3141-st5                 rc=0 wall=34.15 denoise=29.26 vae=1.444 fp=5.943 pix=754de74055
20:11:27 K768-c16-s3141-st8                 rc=0 wall=51.35 denoise=46.518 vae=1.351 fp=5.942 pix=94b554ace5
20:12:20 K768-c01-s9091-st8                 rc=0 wall=50.39 denoise=45.477 vae=1.384 fp=5.951 pix=650dd89567
20:13:12 K768-c01-s9091-st5                 rc=0 wall=33.47 denoise=28.528 vae=1.417 fp=5.95 pix=bd26bf4cb6
20:13:47 K768-c02-s9091-st5                 rc=0 wall=34.92 denoise=30.026 vae=1.341 fp=5.95 pix=022dc3e8d4
20:14:24 K768-c02-s9091-st8                 rc=0 wall=53.92 denoise=48.024 vae=1.374 fp=5.953 pix=1062505854
20:15:19 K768-c03-s9091-st8                 rc=0 wall=52.9 denoise=47.747 vae=1.514 fp=5.95 pix=8ffbf4f4ce
20:16:14 K768-c03-s9091-st5                 rc=0 wall=34.63 denoise=29.704 vae=1.438 fp=5.951 pix=a26e582ec0
20:16:50 K768-c04-s9091-st5                 rc=0 wall=38.75 denoise=33.834 vae=1.352 fp=5.951 pix=c21e32ab9a
20:17:30 K768-c04-s9091-st8                 rc=0 wall=55.33 denoise=50.304 vae=1.406 fp=5.952 pix=d85b309f76
20:18:27 K768-c05-s9091-st8                 rc=0 wall=50.56 denoise=45.463 vae=1.224 fp=5.925 pix=4557181bbe
20:19:19 K768-c05-s9091-st5                 rc=0 wall=33.14 denoise=28.15 vae=1.311 fp=5.925 pix=f422bc9f2e
20:19:54 K768-c06-s9091-st5                 rc=0 wall=32.93 denoise=28.174 vae=1.179 fp=5.948 pix=d9e5fad13f
20:20:28 K768-c06-s9091-st8                 rc=0 wall=47.74 denoise=43.036 vae=1.291 fp=5.949 pix=2909edc8d9
20:21:17 K768-c07-s9091-st8                 rc=0 wall=47.59 denoise=42.893 vae=1.3 fp=5.949 pix=2b3b36d482
20:22:07 K768-c07-s9091-st5                 rc=0 wall=31.23 denoise=26.554 vae=1.269 fp=5.951 pix=5b0ddc56f7
20:22:39 K768-c08-s9091-st5                 rc=0 wall=30.8 denoise=26.133 vae=1.264 fp=5.942 pix=65726cc2b3
20:23:12 K768-c08-s9091-st8                 rc=0 wall=45.71 denoise=41.125 vae=1.223 fp=5.941 pix=2100104eef
20:23:59 K768-c09-s9091-st8                 rc=0 wall=45.48 denoise=40.809 vae=1.227 fp=5.941 pix=78bd18847a
20:24:46 K768-c09-s9091-st5                 rc=0 wall=30.03 denoise=25.377 vae=1.245 fp=5.942 pix=06eda3b11d
20:25:17 K768-c10-s9091-st5                 rc=0 wall=30.28 denoise=25.64 vae=1.237 fp=5.951 pix=cb2c78091c
20:25:49 K768-c10-s9091-st8                 rc=0 wall=45.43 denoise=40.785 vae=1.24 fp=5.949 pix=c34e6d44aa
20:26:36 K768-c11-s9091-st8                 rc=0 wall=46.13 denoise=41.241 vae=1.376 fp=5.926 pix=cb148adccd
20:27:24 K768-c11-s9091-st5                 rc=0 wall=31.17 denoise=26.462 vae=1.214 fp=5.923 pix=21cd701d84
20:27:57 K768-c12-s9091-st5                 rc=0 wall=31.04 denoise=26.296 vae=1.272 fp=5.925 pix=27db4e2bed
20:28:29 K768-c12-s9091-st8                 rc=0 wall=46.65 denoise=42.038 vae=1.242 fp=5.923 pix=03ebbcc85b
20:29:17 K768-c13-s9091-st8                 rc=0 wall=47.15 denoise=42.487 vae=1.219 fp=5.952 pix=9778637101
20:30:06 K768-c13-s9091-st5                 rc=0 wall=31.5 denoise=26.771 vae=1.251 fp=5.951 pix=f43dfc8ae1
20:30:39 K768-c14-s9091-st5                 rc=0 wall=31.31 denoise=26.634 vae=1.305 fp=5.941 pix=90b46c3465
20:31:12 K768-c14-s9091-st8                 rc=0 wall=46.75 denoise=42.115 vae=1.278 fp=5.943 pix=6a6da7de0a
20:32:00 K768-c15-s9091-st8                 rc=0 wall=46.17 denoise=41.555 vae=1.27 fp=5.941 pix=2bab4c4f19
20:32:48 K768-c15-s9091-st5                 rc=0 wall=30.8 denoise=26.168 vae=1.248 fp=5.941 pix=9241d6f2b1
20:33:20 K768-c16-s9091-st5                 rc=0 wall=30.58 denoise=25.948 vae=1.258 fp=5.942 pix=555ed68801
20:33:52 K768-c16-s9091-st8                 rc=0 wall=45.94 denoise=41.293 vae=1.27 fp=5.943 pix=304abcdfd0
RUNNER_DONE
[2026-09-29 20:34:40] CONFIRM768_GEN_DONE
