ggml_metal_library_init: using embedded metal library
ggml_metal_library_init: loaded in 0.015 sec
ggml_metal_rsets_init: creating a residency set collection (keep_alive = 180 s)
ggml_metal_device_init: GPU name:   MTL0 (Apple M5)
ggml_metal_device_init: GPU family: MTLGPUFamilyApple10  (1010)
ggml_metal_device_init: GPU family: MTLGPUFamilyCommon3 (3003)
ggml_metal_device_init: GPU family: MTLGPUFamilyMetal4  (5002)
ggml_metal_device_init: simdgroup reduction   = true
ggml_metal_device_init: simdgroup matrix mul. = true
ggml_metal_device_init: has unified memory    = true
ggml_metal_device_init: has bfloat            = true
ggml_metal_device_init: has tensor            = false
ggml_metal_device_init: use residency sets    = true
ggml_metal_device_init: use shared buffers    = true
ggml_metal_device_init: recommendedMaxWorkingSetSize  = 12713.12 MB
[ERROR  ] ggml_runner.cpp:884  - vae segment 1/1 (graph) failed during weight preparation
[ERROR  ] vae.hpp:312  - vae decode compute failed
      362.04 real         1.13 user         4.41 sys
          6698090496  maximum resident set size
                   0  average shared memory size
                   0  average unshared data size
                   0  average unshared stack size
              458573  page reclaims
                1875  page faults
                   0  swaps
                   0  block input operations
                   0  block output operations
                   0  messages sent
                   0  messages received
                   0  signals received
              394959  voluntary context switches
               58133  involuntary context switches
         46012431404  instructions retired
         21557228497  cycles elapsed
          6827529760  peak memory footprint
