[22:31:43] align inv_freq
{"sha256": "c13dc3e0fd09814caf8b1248bfcb8b3822719882461d3dd340c8b53eb7931bc6", "differing_tensors": 180, "differing_non_weight": []}
[22:31:46] TE image A/B
22:31:46 p01-512-stock                    rc=0 wall=23.93 denoise=19.956 fp=7.266
22:32:12 p01-512-hv2                      rc=0 wall=23.22 denoise=19.519 fp=7.277
22:32:37 p02-512-hv2                      rc=0 wall=24.97 denoise=21.227 fp=7.261
22:33:03 p02-512-stock                    rc=0 wall=25.78 denoise=22.051 fp=7.277
22:33:30 p03-512-stock                    rc=0 wall=26.7 denoise=22.757 fp=7.281
22:33:59 p03-512-hv2                      rc=0 wall=25.63 denoise=21.943 fp=7.238
22:34:26 p04-512-hv2                      rc=0 wall=25.36 denoise=21.682 fp=7.278
22:34:53 p04-512-stock                    rc=0 wall=25.27 denoise=21.604 fp=7.228
22:35:19 p05-512-stock                    rc=0 wall=24.83 denoise=21.204 fp=7.263
22:35:46 p05-512-hv2                      rc=0 wall=24.55 denoise=20.878 fp=7.274
22:36:12 p06-512-hv2                      rc=0 wall=24.91 denoise=21.233 fp=7.263
22:36:38 p06-512-stock                    rc=0 wall=25.11 denoise=21.453 fp=7.279
22:37:05 p07-512-stock                    rc=0 wall=25.37 denoise=21.659 fp=7.278
22:37:32 p07-512-hv2                      rc=0 wall=25.15 denoise=21.491 fp=7.274
22:37:58 p08-512-hv2                      rc=0 wall=25.05 denoise=21.387 fp=7.276
22:38:25 p08-512-stock                    rc=0 wall=24.93 denoise=21.273 fp=7.277
22:38:51 p09-512-stock                    rc=0 wall=25.04 denoise=21.384 fp=7.278
22:39:18 p09-512-hv2                      rc=0 wall=25.14 denoise=21.468 fp=7.275
22:39:45 p10-512-hv2                      rc=0 wall=25.03 denoise=21.395 fp=7.276
22:40:11 p10-512-stock                    rc=0 wall=24.97 denoise=21.344 fp=7.263
22:40:38 p11-512-stock                    rc=0 wall=24.91 denoise=21.267 fp=7.263
22:41:04 p11-512-hv2                      rc=0 wall=24.93 denoise=21.268 fp=7.264
22:41:31 p12-512-hv2                      rc=0 wall=25.11 denoise=21.454 fp=7.278
22:41:57 p12-512-stock                    rc=0 wall=24.74 denoise=21.068 fp=7.279
22:42:23 b01-512-stock                    rc=0 wall=25.83 denoise=21.963 fp=7.13
22:42:51 b01-512-hv2                      rc=0 wall=25.17 denoise=21.479 fp=7.263
22:43:17 b02-512-hv2                      rc=0 wall=24.61 denoise=20.931 fp=7.275
22:43:44 b02-512-stock                    rc=0 wall=24.48 denoise=20.845 fp=7.277
22:44:10 b03-512-stock                    rc=0 wall=24.6 denoise=20.997 fp=7.203
22:44:36 b03-512-hv2                      rc=0 wall=25.24 denoise=21.577 fp=7.276
22:45:02 b04-512-hv2                      rc=0 wall=24.86 denoise=21.151 fp=7.276
22:45:29 b04-512-stock                    rc=0 wall=24.87 denoise=21.2 fp=7.215
22:45:55 b05-512-stock                    rc=0 wall=25.35 denoise=21.691 fp=7.221
22:46:22 b05-512-hv2                      rc=0 wall=24.82 denoise=21.136 fp=7.278
22:46:48 b06-512-hv2                      rc=0 wall=24.45 denoise=20.775 fp=7.276
22:47:14 b06-512-stock                    rc=0 wall=24.89 denoise=21.215 fp=7.277
22:47:41 b07-512-stock                    rc=0 wall=26.31 denoise=22.584 fp=7.154
22:48:09 b07-512-hv2                      rc=0 wall=25.02 denoise=21.335 fp=7.262
22:48:35 b08-512-hv2                      rc=0 wall=24.84 denoise=21.173 fp=7.256
22:49:01 b08-512-stock                    rc=0 wall=24.56 denoise=20.891 fp=7.256
22:49:28 b09-512-stock                    rc=0 wall=24.37 denoise=20.722 fp=7.28
22:49:53 b09-512-hv2                      rc=0 wall=24.75 denoise=21.117 fp=7.277
22:50:20 b10-512-hv2                      rc=0 wall=24.79 denoise=21.139 fp=7.276
22:50:46 b10-512-stock                    rc=0 wall=24.72 denoise=21.08 fp=7.278
22:51:12 b11-512-stock                    rc=0 wall=25.12 denoise=21.457 fp=7.22
22:51:39 b11-512-hv2                      rc=0 wall=24.8 denoise=21.101 fp=7.274
22:52:05 b12-512-hv2                      rc=0 wall=24.67 denoise=20.967 fp=7.259
22:52:31 b12-512-stock                    rc=0 wall=24.76 denoise=21.155 fp=7.267
22:52:58 p01-1024-stock                   rc=0 wall=97.74 denoise=91.547 fp=7.352
22:54:37 p01-1024-hv2                     rc=0 wall=98.23 denoise=91.883 fp=7.365
22:56:17 p02-1024-hv2                     rc=0 wall=99.53 denoise=93.231 fp=7.362
22:57:58 p02-1024-stock                   rc=0 wall=105.18 denoise=98.616 fp=7.352
22:59:44 p03-1024-stock                   rc=0 wall=101.61 denoise=94.89 fp=7.35
23:01:28 p03-1024-hv2                     rc=0 wall=100.16 denoise=93.376 fp=7.276
23:03:09 p04-1024-hv2                     rc=0 wall=98.08 denoise=91.831 fp=7.349
23:04:49 p04-1024-stock                   rc=0 wall=99.47 denoise=93.196 fp=7.363
23:06:30 p05-1024-stock                   rc=0 wall=100.0 denoise=93.519 fp=7.311
23:08:11 p05-1024-hv2                     rc=0 wall=99.26 denoise=92.891 fp=7.362
23:09:52 p06-1024-hv2                     rc=0 wall=99.6 denoise=93.272 fp=7.274
23:11:33 p06-1024-stock                   rc=0 wall=100.3 denoise=93.804 fp=7.232
23:13:15 p07-1024-stock                   rc=0 wall=99.67 denoise=93.18 fp=7.364
23:14:56 p07-1024-hv2                     rc=0 wall=98.97 denoise=92.617 fp=7.365
23:16:37 p08-1024-hv2                     rc=0 wall=98.27 denoise=91.916 fp=7.349
23:18:16 p08-1024-stock                   rc=0 wall=98.36 denoise=92.094 fp=7.35
23:19:56 p09-1024-stock                   rc=0 wall=98.64 denoise=92.325 fp=7.365
23:21:36 p09-1024-hv2                     rc=0 wall=97.27 denoise=91.103 fp=7.362
23:23:15 p10-1024-hv2                     rc=0 wall=98.07 denoise=91.788 fp=7.361
23:24:55 p10-1024-stock                   rc=0 wall=98.28 denoise=92.028 fp=7.365
23:26:35 p11-1024-stock                   rc=0 wall=98.01 denoise=91.713 fp=7.365
23:28:14 p11-1024-hv2                     rc=0 wall=99.32 denoise=92.967 fp=7.35
23:29:55 p12-1024-hv2                     rc=0 wall=102.29 denoise=95.803 fp=7.361
23:31:39 p12-1024-stock                   rc=0 wall=98.08 denoise=91.715 fp=7.362
23:33:18 b01-1024-stock                   rc=0 wall=97.92 denoise=91.794 fp=7.35
23:34:58 b01-1024-hv2                     rc=0 wall=98.29 denoise=92.091 fp=7.362
23:36:38 b02-1024-hv2                     rc=0 wall=98.61 denoise=92.386 fp=7.363
23:38:18 b02-1024-stock                   rc=0 wall=98.2 denoise=91.985 fp=7.352
23:39:57 b03-1024-stock                   rc=0 wall=98.54 denoise=92.324 fp=7.333
23:41:38 b03-1024-hv2                     rc=0 wall=100.76 denoise=94.32 fp=7.35
23:43:20 b04-1024-hv2                     rc=0 wall=101.49 denoise=94.779 fp=7.276
23:45:03 b04-1024-stock                   rc=0 wall=100.57 denoise=94.048 fp=7.347
23:46:45 b05-1024-stock                   rc=0 wall=99.63 denoise=93.184 fp=7.364
23:48:26 b05-1024-hv2                     rc=0 wall=101.3 denoise=94.232 fp=7.228
23:50:09 b06-1024-hv2                     rc=0 wall=100.11 denoise=93.635 fp=7.333
23:51:50 b06-1024-stock                   rc=0 wall=98.6 denoise=92.275 fp=7.365
23:53:31 b07-1024-stock                   rc=0 wall=98.44 denoise=92.159 fp=7.365
23:55:11 b07-1024-hv2                     rc=0 wall=98.74 denoise=92.493 fp=7.36
23:56:51 b08-1024-hv2                     rc=0 wall=98.8 denoise=92.438 fp=7.362
23:58:31 b08-1024-stock                   rc=0 wall=98.21 denoise=91.823 fp=7.353
00:00:11 b09-1024-stock                   rc=0 wall=99.11 denoise=92.706 fp=7.353
00:01:51 b09-1024-hv2                     rc=0 wall=97.89 denoise=91.6 fp=7.36
00:03:31 b10-1024-hv2                     rc=0 wall=97.36 denoise=91.043 fp=7.359
00:05:10 b10-1024-stock                   rc=0 wall=98.36 denoise=92.059 fp=7.36
00:06:50 b11-1024-stock                   rc=0 wall=97.52 denoise=91.213 fp=7.365
00:08:29 b11-1024-hv2                     rc=0 wall=97.51 denoise=91.423 fp=7.275
00:10:08 b12-1024-hv2                     rc=0 wall=98.09 denoise=91.882 fp=7.349
00:11:47 b12-1024-stock                   rc=0 wall=98.0 denoise=91.713 fp=7.347
RUNNER_DONE
CHAIN4_DONE
