idle cooldown start 01:23:34
cold balanced done 01:34:11
G0 start 01:34:41 head=a7cc451
wall_s=84 rc=0 aborted=0 swap_end=928.31M
EDIT_RUN_END G0-512-E01 rc=0 aborted=0
wall_s=98 rc=0 aborted=0 swap_end=928.31M
EDIT_RUN_END G0-512-E02 rc=0 aborted=0
wall_s=99 rc=0 aborted=0 swap_end=800.31M
EDIT_RUN_END G0-512-E03 rc=0 aborted=0
wall_s=102 rc=0 aborted=0 swap_end=1133.31M
EDIT_RUN_END G0-512-E04 rc=0 aborted=0
wall_s=102 rc=0 aborted=0 swap_end=1125.31M
EDIT_RUN_END G0-512-E05 rc=0 aborted=0
wall_s=104 rc=0 aborted=0 swap_end=1125.31M
EDIT_RUN_END G0-512-E06 rc=0 aborted=0
wall_s=105 rc=0 aborted=0 swap_end=1101.31M
EDIT_RUN_END G0-512-E07 rc=0 aborted=0
wall_s=110 rc=0 aborted=0 swap_end=1239.38M
EDIT_RUN_END G0-512-E08 rc=0 aborted=0
wall_s=105 rc=0 aborted=0 swap_end=1223.38M
EDIT_RUN_END G0-512-E09 rc=0 aborted=0
wall_s=110 rc=0 aborted=0 swap_end=1191.38M
EDIT_RUN_END G0-512-E10 rc=0 aborted=0
wall_s=109 rc=0 aborted=0 swap_end=1183.38M
EDIT_RUN_END G0-512-E11 rc=0 aborted=0
wall_s=112 rc=0 aborted=0 swap_end=1175.38M
EDIT_RUN_END G0-512-E05-repeat rc=0 aborted=0
cooldown start 01:59:21
wall_s=497 rc=0 aborted=0 swap_end=1450.94M
EDIT_RUN_END G0-1024-E05-cold rc=0 aborted=0
wall_s=573 rc=0 aborted=0 swap_end=1474.50M
EDIT_RUN_END G0-1024-E01 rc=0 aborted=0
wall_s=588 rc=0 aborted=0 swap_end=1257.69M
EDIT_RUN_END G0-1024-E02 rc=0 aborted=0
wall_s=558 rc=0 aborted=0 swap_end=1842.69M
EDIT_RUN_END G0-1024-E03 rc=0 aborted=0
wall_s=595 rc=0 aborted=0 swap_end=1192.06M
EDIT_RUN_END G0-1024-E04 rc=0 aborted=0
wall_s=602 rc=0 aborted=0 swap_end=1503.81M
EDIT_RUN_END G0-1024-E06 rc=0 aborted=0
wall_s=578 rc=0 aborted=0 swap_end=1266.12M
EDIT_RUN_END G0-1024-E07 rc=0 aborted=0
wall_s=492 rc=0 aborted=0 swap_end=1288.12M
EDIT_RUN_END G0-1024-E08 rc=0 aborted=0
wall_s=479 rc=0 aborted=0 swap_end=1521.50M
EDIT_RUN_END G0-1024-E09 rc=0 aborted=0
wall_s=482 rc=0 aborted=0 swap_end=1649.50M
EDIT_RUN_END G0-1024-E10 rc=0 aborted=0
wall_s=484 rc=0 aborted=0 swap_end=1720.62M
EDIT_RUN_END G0-1024-E11 rc=0 aborted=0
wall_s=487 rc=0 aborted=0 swap_end=1780.50M
EDIT_RUN_END G0-1024-E05-repeat rc=0 aborted=0
G0_CHAIN_DONE 04:00:19
