{'loads': [3.06, 4.89, 0.42], 'te': 3.32, 'dit': 322.13, 'vae': 32.01, 'gen': 357.47, 'wall': '357.82', 'peak_fp': '6.87', 'swap_delta_gb': 0.0, 'pressure': '1.0', 'min_free': '25.0', 'env': 'ENV: GGML_METAL_TENSOR_DISABLE=1 (process-scoped; sd.cpp #1990 workaround) | Metal tensor API = disabled', 'power': 'AC'}
{'loads': [5.63, 0.04, 0.33, 0.2, 0.21, 0.21, 0.21, 0.21, 0.21, 0.2, 0.21, 0.2, 0.21, 0.21, 0.21, 0.21, 0.2, 0.21, 0.21, 0.2, 0.2, 0.2, 0.2, 0.2, 0.2, 0.2, 0.2, 0.2, 0.2, 0.21, 0.23, 0.61, 0.2, 0.2, 0.03, 0.83], 'te': 6.18, 'dit': 780.14, 'vae': 41.26, 'gen': 827.58, 'wall': '828.03', 'peak_fp': '9.92', 'swap_delta_gb': 0.44, 'pressure': '2.0', 'min_free': '3.0', 'env': 'ENV: none | Metal tensor API = enabled (PRIMARY CONTROL)', 'power': 'AC'}
[WARN   ] backend_fit.cpp:506  - VAE decode ran out of memory; retrying with spatial tiling
[WARN   ] backend_fit.cpp:506  - VAE decode ran out of memory; retrying with spatial tiling
/Users/nckandrw/Dev/photo-gen/outputs/zi-q-desk.png: 1024x1024 mean=[179.6, 145.4, 123.6] std=[55.5, 46.8, 49.4] non-uniform
/Users/nckandrw/Dev/photo-gen/outputs/qw-q-desk.png: 1024x1024 mean=[144.1, 120.5, 100.6] std=[56.0, 57.5, 64.6] non-uniform
{'loads': [3.07, 4.94, 0.41], 'te': 3.43, 'dit': 326.22, 'vae': 32.02, 'gen': 361.68, 'wall': '362.04', 'peak_fp': '6.83', 'swap_delta_gb': 0.0, 'pressure': '1.0', 'min_free': '11.0', 'env': 'ENV: GGML_METAL_TENSOR_DISABLE=1 (process-scoped; sd.cpp #1990 workaround) | Metal tensor API = disabled', 'power': 'AC'}
{'loads': [5.73, 0.04, 0.31, 0.2, 0.2, 0.21, 0.2, 0.2, 0.21, 0.21, 0.2, 0.2, 0.21, 0.2, 0.21, 0.2, 0.2, 0.2, 0.2, 0.2, 0.2, 0.2, 0.21, 0.2, 0.21, 0.21, 0.2, 0.2, 0.2, 0.2, 0.21, 0.2, 0.2, 0.2, 0.02, 0.81], 'te': 6.05, 'dit': 751.39, 'vae': 42.2, 'gen': 799.65, 'wall': '800.09', 'peak_fp': '9.92', 'swap_delta_gb': 0.86, 'pressure': '2.0', 'min_free': '3.0', 'env': 'ENV: none | Metal tensor API = enabled (PRIMARY CONTROL)', 'power': 'AC'}
[WARN   ] backend_fit.cpp:506  - VAE decode ran out of memory; retrying with spatial tiling
[WARN   ] backend_fit.cpp:506  - VAE decode ran out of memory; retrying with spatial tiling
/Users/nckandrw/Dev/photo-gen/outputs/zi-q-neon.png: 1024x1024 mean=[47.0, 40.4, 47.6] std=[64.1, 50.0, 51.1] non-uniform
/Users/nckandrw/Dev/photo-gen/outputs/qw-q-neon.png: 1024x1024 mean=[17.3, 11.0, 45.1] std=[31.9, 26.9, 45.0] non-uniform
{'loads': [3.05, 4.9, 0.41], 'te': 3.31, 'dit': 333.95, 'vae': 31.88, 'gen': 369.14, 'wall': '369.49', 'peak_fp': '6.82', 'swap_delta_gb': 0.0, 'pressure': '1.0', 'min_free': '21.0', 'env': 'ENV: GGML_METAL_TENSOR_DISABLE=1 (process-scoped; sd.cpp #1990 workaround) | Metal tensor API = disabled', 'power': 'AC'}
{'loads': [5.68, 0.04, 0.3, 0.2, 0.21, 0.21, 0.21, 0.21, 0.21, 0.2, 0.21, 0.21, 0.21, 0.21, 0.2, 0.21, 0.21, 0.21, 0.21, 0.21, 0.21, 0.21, 0.21, 0.21, 0.21, 0.21, 0.21, 0.2, 0.21, 0.21, 0.2, 0.21, 0.2, 0.21, 0.02, 0.82], 'te': 5.99, 'dit': 770.08, 'vae': 41.23, 'gen': 817.31, 'wall': '817.66', 'peak_fp': '10.02', 'swap_delta_gb': 0.14, 'pressure': '2.0', 'min_free': '6.0', 'env': 'ENV: none | Metal tensor API = enabled (PRIMARY CONTROL)', 'power': 'AC'}
[WARN   ] backend_fit.cpp:506  - VAE decode ran out of memory; retrying with spatial tiling
[WARN   ] backend_fit.cpp:506  - VAE decode ran out of memory; retrying with spatial tiling
/Users/nckandrw/Dev/photo-gen/outputs/zi-q-cebu.png: 1024x1024 mean=[113.8, 112.8, 100.7] std=[67.6, 67.7, 72.5] non-uniform
/Users/nckandrw/Dev/photo-gen/outputs/qw-q-cebu.png: 1024x1024 mean=[64.4, 59.7, 59.1] std=[57.3, 51.2, 53.4] non-uniform
{'loads': [3.07, 4.95, 0.41], 'te': 3.23, 'dit': 327.52, 'vae': 32.07, 'gen': 362.83, 'wall': '363.17', 'peak_fp': '6.87', 'swap_delta_gb': 0.0, 'pressure': '1.0', 'min_free': '22.0', 'env': 'ENV: GGML_METAL_TENSOR_DISABLE=1 (process-scoped; sd.cpp #1990 workaround) | Metal tensor API = disabled', 'power': 'AC'}
{'loads': [5.68, 0.04, 0.31, 0.2, 0.2, 0.2, 0.2, 0.21, 0.2, 0.21, 0.2, 0.2, 0.2, 0.21, 0.2, 0.2, 0.2, 0.2, 0.2, 0.2, 0.2, 0.2, 0.2, 0.2, 0.21, 0.2, 0.2, 0.21, 0.21, 0.2, 0.2, 0.21, 0.2, 0.21, 0.02, 0.82], 'te': 6.0, 'dit': 766.27, 'vae': 40.87, 'gen': 813.14, 'wall': '813.5', 'peak_fp': '9.97', 'swap_delta_gb': 0.0, 'pressure': '2.0', 'min_free': '6.0', 'env': 'ENV: none | Metal tensor API = enabled (PRIMARY CONTROL)', 'power': 'AC'}
[WARN   ] backend_fit.cpp:506  - VAE decode ran out of memory; retrying with spatial tiling
[WARN   ] backend_fit.cpp:506  - VAE decode ran out of memory; retrying with spatial tiling
/Users/nckandrw/Dev/photo-gen/outputs/zi-q-portrait.png: 1024x1024 mean=[100.5, 96.8, 91.1] std=[71.6, 68.6, 65.8] non-uniform
/Users/nckandrw/Dev/photo-gen/outputs/qw-q-portrait.png: 1024x1024 mean=[73.7, 69.5, 64.8] std=[53.2, 45.3, 40.4] non-uniform
{'loads': [3.07, 4.94, 0.42], 'te': 3.32, 'dit': 326.84, 'vae': 31.43, 'gen': 361.6, 'wall': '361.94', 'peak_fp': '6.82', 'swap_delta_gb': 0.0, 'pressure': '1.0', 'min_free': '27.0', 'env': 'ENV: GGML_METAL_TENSOR_DISABLE=1 (process-scoped; sd.cpp #1990 workaround) | Metal tensor API = disabled', 'power': 'AC'}
{'loads': [5.63, 0.05, 0.34, 0.21, 0.2, 0.21, 0.21, 0.21, 0.21, 0.21, 0.2, 0.21, 0.2, 0.21, 0.2, 0.2, 0.21, 0.21, 0.21, 0.21, 0.21, 0.21, 0.21, 0.21, 0.2, 0.21, 0.21, 0.21, 0.21, 0.21, 0.2, 0.21, 0.21, 0.21, 0.02, 0.82], 'te': 5.94, 'dit': 747.44, 'vae': 41.04, 'gen': 794.43, 'wall': '794.77', 'peak_fp': '10.01', 'swap_delta_gb': 0.0, 'pressure': '2.0', 'min_free': '9.0', 'env': 'ENV: none | Metal tensor API = enabled (PRIMARY CONTROL)', 'power': 'AC'}
[WARN   ] backend_fit.cpp:506  - VAE decode ran out of memory; retrying with spatial tiling
[WARN   ] backend_fit.cpp:506  - VAE decode ran out of memory; retrying with spatial tiling
/Users/nckandrw/Dev/photo-gen/outputs/zi-q-glass.png: 1024x1024 mean=[171.3, 160.5, 153.8] std=[35.9, 43.2, 49.0] non-uniform
/Users/nckandrw/Dev/photo-gen/outputs/qw-q-glass.png: 1024x1024 mean=[126.5, 109.5, 96.8] std=[43.5, 33.9, 32.2] non-uniform
QUALITY_DONE
